
 Fujitsu Fortran Version 4.6.1  Wed Feb  1 14:30:30 2023

 Compilation information
   Current directory : /IFS/nwpr/gfs/xb157/Git/tco639l72/src_new
   Source file       : cuasc.f90

 Option information
   Command line options : -Kident_mpi -f2004 -c -X9 -Free -CcdRR8 -Cpp -Kfast,parallel,openmp,ocl,autoobjstack -x- -fw -Knofp_relaxed -SSL2BLAMP -Kopenmp,parallel -DTIMING -DUSE_FFTW -DRSM -Ec -Nlst=a,lst=d,lst=i,lst=p,lst=t,lst=x -Koptmsg=2 -I. -I/users/xa09/pkg/fx1000/fftw-3.3.10/include -I/package/fx1000/netcdf-4.1.3/include -I/nwpr/gfs/xb157/CWBSUMc2/components/coupler -I/nwpr/gfs/xb124/package/fx1000/MCT/include -DTIMCOMCPL -I/opt/FJSVxtclanga/.common/MELI025/include/mpi/fujitsu -I/opt/FJSVxtclanga/.common/MELI025/lib64 -Knointentopt
   Cpp options          : -DTIMING -DUSE_FFTW -DRSM -I. -I/users/xa09/pkg/fx1000/fftw-3.3.10/include -I/package/fx1000/netcdf-4.1.3/include -I/nwpr/gfs/xb157/CWBSUMc2/components/coupler -I/nwpr/gfs/xb124/package/fx1000/MCT/include -DTIMCOMCPL -I/opt/FJSVxtclanga/.common/MELI025/include/mpi/fujitsu -I/opt/FJSVxtclanga/.common/MELI025/lib64 -Dunix -Dlinux -D__FUJITSU -D__FRT_major__=4 -D__FRT_minor__=6 -D__FRT_patchlevel__=1 -D__FRT_version__="4.6.1" -D__aarch64__ -D__unix -D_OPENMP=201511 -D__frt_version=800 -D__ARM_ARCH=8 -D__ARM_FEATURE_SVE -D__ELF__ -D__unix__ -D__linux__ -D__linux -Asystem(unix) -otmp
   Effective options    : -fw -g0 -AE -Ec -Free -O3 -X9
                          -CcdRR8 -x- -xaccept=nomodule_allocatable
                          -KA64FX -KARMV8_3_A -KSVE -Kalign_commons
                          -Kalign_loops -Knoarray_declaration_opt
                          -Kassume=noshortloop -Kassume=nomemory_bandwidth
                          -Kassume=notime_saving_compilation -Kauto
                          -Kautoobjstack -Knocalleralloc -Kcmodel=small
                          -Keval -Keval_noconcurrent -Knoextract_stride_store
                          -Knofenv_access -Kfp_contract -Knofp_relaxed
                          -Kfsimple -Kfz -Khpctag -Kilfunc=procedure
                          -Knointentopt -Klargepage -Kloop_blocking
                          -Kloop_fission -Kloop_nofission_stripmining
                          -Kloop_fission_threshold=50 -Kloop_fusion
                          -Kloop_interchange -Kloop_part_parallel
                          -Kloop_part_simd -Kloop_perfect_nest
                          -Kloop_noversioning -Knolto -Kmfunc=1 -Kocl
                          -Komitfp -Knooptlib_string -Koptmsg=2
                          -Knopc_relative_literal_loads -Kplt -Knopreex
                          -Kprefetch_noconditional -Kprefetch_noindirect
                          -Kprefetch_sequential=auto -Kprefetch_nostride
                          -Kprefetch_cache_level=all -Kprefetch_noinfer
                          -Kprefetch_strong -Kprefetch_strong_L2 -Knopreload
                          -Ksch_post_ra -Ksch_pre_ra -Ksibling_calls
                          -Ksimd=auto -Ksimd_packed_promotion
                          -Ksimd_reduction_product -Ksimd_reg_size=512
                          -Ksimd_nouncounted_loop
                          -Ksimd_use_multiple_structures -Knostriping
                          -Knosubscript_opt -Kswp -Kswp_freg_rate=100
                          -Kswp_ireg_rate=100 -Kswp_preg_rate=100
                          -Kswp_policy=auto -Ktemparraystack -Kunroll
                          -Knounroll_and_jam -Knozfill
                          -Kopenmp -Kopenmp_noassume_norecurrence
                          -Kopenmp_nocollapse_except_innermost
                          -Kopenmp_noordered_reduction -Knoopenmp_simd
                          -Kthreadsafe -Kparallel -Kparallel_nofp_precision
                          -Knoarray_private -Knodynamic_iteration -Kreduction
                          -Kregion_extension
                          -Nallextput -Nnoalloc_assign
                          -Ncancel_overtime_compilation -Nnocheck_global
                          -Nnocoarray -Nnocompdisp -Nnocopyarg -Nnocoverage
                          -Nfjprof -Nfreealloc -Nf90move -Nnohook_func
                          -Nnohook_time -Nlibomp -Nline -Nlst -Nlst=a -Nlst=d
                          -Nlst=i -Nlst=p -Nlst=t -Nlst=x -Nnomallocfree
                          -Nnoobsfun -Nnoprivatealloc -Nquickdbg=noargchk
                          -Nquickdbg=nosubchk -Nquickdbg=noundef -NRnotrap
                          -Nnorecursive -Nnoreordered_variable_stack
                          -Nrt_notune -Nnosave -Nsetvalue=noheap
                          -Nsetvalue=nostack -Nsetvalue=noscalar
                          -Nsetvalue=noarray -Nsetvalue=nostruct -Nuse_rodata

 External subroutine subprogram "cuasc"
  (inc)(line-no.)(nest)(optimize)
               1                     !+ does the calculations for cloud ascents for cumulus parameterization
               2                     
               3                     !SUBROUTINE cuasc(klon,klev,klevp1,klevm1,ptenh,pqenh,pxenh,puen,                  &
               4                     SUBROUTINE cuasc(nxj,klon,klev,klevp1,klevm1,ptenh,pqenh,pxenh,puen,                  &
               5                                      pven,pten,pqen,pqsen,pgeo,pgeoh,papp1,       &
               6                                      paphp1,pverv,klwmin,ldcum,ldland,ktype,klab,ptu,pqu,plu,puu,pvu,pmfu,pmfub, &
               7                                      pentr,pmfus,pmfuq,pmful,plude,pdmfup,khmin,phhatt,phcbase,pqsenh,kcbot,     &
               8                                      kctop,kctop0,kcum,ztodt,eu,du)
               9                     
              10                       ! ---------------> ldland included for AMIP2 !!
              11                     
              12                       ! Description:
              13                       !
              14                       ! Does the calculations for cloud ascents for cumulus parameterization.
              15                       !
              16                       ! Method:
              17                       !
              18                       ! Produce cloud ascents for cu-parametrization
              19                       ! (vertical profiles of t,q,l,u and v and corresponding
              20                       ! fluxes as well as precipitation rates)
              21                       !
              22                       ! This routine is called from *cumastr*.
              23                       !
              24                       ! Lift surface air dry-adiabatically to cloud base and then calculate
              25                       ! moist ascent for entraining/detraining plume.
              26                       ! Entrainment and detrainment rates differ for shallow and deep cumulus
              27                       ! convection.
              28                       ! In case there is no penetrative or shallow convection check for
              29                       ! possibility of mid level convection (cloud base values calculated in
              30                       ! *cubasmc*)
              31                       !
              32                       ! Externals:
              33                       !    *cuadjtq*  adjust t and q due to condensation in ascent
              34                       !    *cuentr*   calculate entrainment/detrainment rates
              35                       !    *cubasmc*  calculate cloud base values for midlevel convection
              36                       !
              37                       ! Authors:
              38                       !
              39                       ! M. Tiedtke, ECMWF, in July 1986 and December 1989, original source
              40                       ! L. Kornblueh, MPI, May 1998, f90 rewrite
              41                       ! U. Schulzweida, MPI, May 1998, f90 rewrite
              42                       !
              43                       ! for more details see file AUTHORS
              44                       !
              45                       USE shr_kind_mod, only: r8 => shr_kind_r8
              46                     ! USE time_manager,     ONLY: is_first_step,         &! initial run
              47                     !                             is_first_restart_step, &! restart run
              48                     !                             get_step_size           ! step size
              49                       USE mo_constants,     ONLY: g,       & ! gravity acceleration
              50                                                   cpd,     & ! specific heat at constant pressure
              51                                                   rd,      & ! gas constant for dry air
              52                                                   rv,      & !   idem      for water vapour
              53                                                   alv,     & ! latent heat for vaporisation
              54                                                   vtmpc1,  & ! vtmpc1=rv/rd-1
              55                                                   rcpd       ! rcpd=1./cpd
              56                       USE mo_cumulus_flux,  ONLY: lmfdudv, & !
              57                                                   lmfmid,  & !
              58                                                   cmfcmin, & !
              59                                                   cprcon,  & !
              60                                                   cmfctop
              61                     ! USE mo_machine,       ONLY: prec
              62                     
              63                       IMPLICIT NONE
              64                     
              65                       !  Scalar arguments with intent(In):
              66                     !  INTEGER, INTENT (IN) :: klon, klev, klevm1, klevp1
              67                       INTEGER, INTENT (IN) :: klon, nxj, klev, klevm1, klevp1
              68                     
              69                       !  Array arguments with intent(In):
              70                       REAL(r8), INTENT (IN) :: paphp1(klon,klevp1), papp1(klon,klev), pgeo(klon,klev), &
              71                                            pgeoh(klon,klev), phcbase(klon), phhatt(klon,klev),     &
              72                                            pqen(klon,klev), pqenh(klon,klev), pqsen(klon,klev),    &
              73                                            pqsenh(klon,klev), pten(klon,klev), ptenh(klon,klev),   &
              74                                            puen(klon,klev), pven(klon,klev), pverv(klon,klev),   &
              75                                            pxenh(klon,klev),&
              76                                           ztodt
              77                       INTEGER, INTENT (IN) :: khmin(klon), klwmin(klon)
              78                       LOGICAL, INTENT (IN) :: ldland(klon)  ! Included for AMIP2
              79                     
              80                       !  Scalar arguments with intent(InOut):
              81                       INTEGER, INTENT (INOUT) :: kcum
              82                     
              83                       !  Array arguments with intent(InOut):
              84                       REAL(r8), INTENT (INOUT) :: pdmfup(klon,klev), pentr(klon), plu(klon,klev),       &
              85                                               plude(klon,klev), pmfu(klon,klev), pmfub(klon),       &
              86                                               pmful(klon,klev), pmfuq(klon,klev), pmfus(klon,klev), &
              87                               pqu(klon,klev), eu(klon,klev),du(klon,klev),             &
              88                                               ptu(klon,klev), puu(klon,klev), pvu(klon,klev)
              89                       INTEGER, INTENT (INOUT) :: kcbot(klon), kctop(klon), kctop0(klon), &
              90                                                  klab(klon,klev), ktype(klon)
              91                       LOGICAL, INTENT (INOUT) :: ldcum(klon)
              92                     
              93                       !  Local scalars:
              94                       REAL(r8) :: prec
              95                       REAL(r8) :: zbuo, zbuoyz, zcons2, zdmfdu, zdmfeu, zdnoprc, zdprho, zdrodz, zdt, &
              96                               zdz, zfac, zga, zlnew, zmfmax, zmftest, zmfulk, zmfuqk, zmfusk,     &
              97                               zmfuxtk, zmse, znevn, zodmax, zprcon, zqcod, zqeen, zqude, zscde,   &
              98                               zscod, zseen, ztmst, zxteen, zxtude, zz, zzdmf
              99                       INTEGER :: icall, ik, ikb, ikt, is, jk, jl, jt
             100                     
             101                       !  Local arrays:
             102                       REAL(r8) :: zbuoy(klon), zdmfde(klon), zdmfen(klon), zmfuu(klon), zmfuv(klon), &
             103                               zodetr(klon,klev), zoentr(klon,klev), zpbase(klon), zph(klon),     &
             104                               zqold(klon)
             105                       LOGICAL :: loflag(klon)
             106                     
             107                       !  External subroutines
             108                       EXTERNAL cuadjtq, cubasmc, cuentr
             109                     
             110                       !  Intrinsic functions
             111                       INTRINSIC LOG, MAX, MERGE, MIN
             112                     
             113                     
             114                       !  Executable statements
             115                     
             116                     !-- 1. Specify parameters
             117                     
             118                       prec  = EPSILON(0.0d0)
             119                       ztmst = ztodt*0.5
             120                     ! IF (is_first_step()) ztmst = 0.5*ztodt
             121                       zcons2 = 1./(g*ztmst)
             122                     
             123                     !-- 2. Set default values
             124                     
             125                     !  DO jl = 1, klon
                                   <<< Loop-information Start >>>
                                   <<<  [PARALLELIZATION]
                                   <<<    Standard iteration count: 843
                                   <<<  [OPTIMIZATION]
                                   <<<    SIMD(VL: 8)
                                   <<<    SOFTWARE PIPELINING(IPC: 2.00, ITR: 80, MVE: 2, POL: S)
                                   <<<    PREFETCH(HARD) Expected by compiler :
                                   <<<      ktype, ldcum, zmfuu, zmfuv
                                   <<< Loop-information  End >>>
             126     1  pp   2v        DO jl = 1, nxj
             127     1   p   2v          zmfuu(jl) = 0.
             128     1   p   2v          zmfuv(jl) = 0.
             129     1   p   2v          IF ( .NOT. ldcum(jl)) ktype(jl) = 0
             130     1   p   2v        END DO
                                   <<< Loop-information Start >>>
                                   <<<  [OPTIMIZATION]
                                   <<<    FUSED(lines: 131,146)
                                   <<<    PREFETCH(HARD) Expected by compiler :
                                   <<<      ldcum, ktype, paphp1, zodetr, zoentr
                                   <<<      pdmfup, plude, pmful, pmfuq, klab, pmfus
                                   <<<      plu, pmfu, kctop0
                                   <<< Loop-information  End >>>
             131     1                 DO jk = 1, klev
             132     1               !    DO jl = 1, klon
                                   <<< Loop-information Start >>>
                                   <<<  [PARALLELIZATION]
                                   <<<    Standard iteration count: 281
                                   <<<  [OPTIMIZATION]
                                   <<<    FUSED(lines: 133,148)
                                   <<<    SIMD(VL: 8)
                                   <<<    SOFTWARE PIPELINING(IPC: 1.32, ITR: 32, MVE: 2, POL: S)
                                   <<<    PREFETCH(HARD) Expected by compiler :
                                   <<<      paphp1, ktype, zodetr, zoentr, ldcum
                                   <<<      klab, kctop0, pdmfup, plude, pmful
                                   <<<      pmfuq, pmfus, pmfu, plu
                                   <<< Loop-information  End >>>
             133     2  pp    v          DO jl = 1, nxj
             134     2   p    v            plu(jl,jk) = 0.
             135     2   p    v            pmfu(jl,jk) = 0.
             136     2   p    v            pmfus(jl,jk) = 0.
             137     2   p    v            pmfuq(jl,jk) = 0.
             138     2   p    v            pmful(jl,jk) = 0.
             139     2   p    v            plude(jl,jk) = 0.
             140     2   p    v            pdmfup(jl,jk) = 0.
             141     2   p    v            IF ( .NOT. ldcum(jl) .OR. ktype(jl)==3) klab(jl,jk) = 0
             142     2   p    v            IF ( .NOT. ldcum(jl) .AND. paphp1(jl,jk)<4.E4) kctop0(jl) = jk
             143     2   p    v          END DO
             144     1                 END DO
             145                     
                                   <<< Loop-information Start >>>
                                   <<<  [OPTIMIZATION]
                                   <<<    FUSED
                                   <<< Loop-information  End >>>
             146     1                 DO jk = 1, klev
             147     1               !    DO jl = 1, klon
                                   <<< Loop-information Start >>>
                                   <<<  [OPTIMIZATION]
                                   <<<    FUSED
                                   <<< Loop-information  End >>>
             148     2                   DO jl = 1, nxj
             149     2                     zoentr(jl,jk) = 0.
             150     2                     zodetr(jl,jk) = 0.
             151     2                   END DO
             152     1                 END DO
             153                     
             154                     !-- 3. Initialize values at lifting level
             155                     
             156                     !  DO jl = 1, klon
                                   <<< Loop-information Start >>>
                                   <<<  [PARALLELIZATION]
                                   <<<    Standard iteration count: 243
                                   <<<  [OPTIMIZATION]
                                   <<<    FUSED(lines: 157,174)
                                   <<<    SIMD(VL: 8)
                                   <<<    SOFTWARE PIPELINING(IPC: 1.48, ITR: 24, MVE: 2, POL: S)
                                   <<<    UNSWITCHING
                                   <<<    PREFETCH(HARD) Expected by compiler :
                                   <<<      pmfub, pvu, pqu, puu, ldcum, zmfuv
                                   <<<      zmfuu, ptu, pgeoh, pmfus, pmfu, kcbot
                                   <<<      pmfuq, kctop
                                   <<< Loop-information  End >>>
             157     1  pp    v        DO jl = 1, nxj
             158     1   p    v          kctop(jl) = klevm1
             159     2   p    v          IF ( .NOT. ldcum(jl)) THEN
             160     2   p    v            kcbot(jl) = klevm1
             161     2   p    v            pmfub(jl) = 0.
             162     2   p    v            pqu(jl,klev) = 0.
             163     2   p    v          END IF
             164     1   p    v          pmfu(jl,klev) = pmfub(jl)
             165     1   p    v          pmfus(jl,klev) = pmfub(jl)*(cpd*ptu(jl,klev)+pgeoh(jl,klev))
             166     1   p    v          pmfuq(jl,klev) = pmfub(jl)*pqu(jl,klev)
             167     2   p    v          IF (lmfdudv) THEN
             168     2   p    v            zmfuu(jl) = pmfub(jl)*puu(jl,klev)
             169     2   p    v            zmfuv(jl) = pmfub(jl)*pvu(jl,klev)
             170     2   p    v          END IF
             171     1   p    v        END DO
             172                     
             173                     !  DO jl = 1, klon
                                   <<< Loop-information Start >>>
                                   <<<  [OPTIMIZATION]
                                   <<<    FUSED
                                   <<< Loop-information  End >>>
             174     1                 DO jl = 1, nxj
             175     1                   ldcum(jl) = .FALSE.
             176     1                 END DO
             177                     
             178                     !-- 3.1 Find organized entrainment at cloud base
             179                     
             180                     !  DO jl = 1, klon
                                   <<< Loop-information Start >>>
                                   <<<  [PARALLELIZATION]
                                   <<<    Standard iteration count: 36
                                   <<<  [OPTIMIZATION]
                                   <<<    SIMD(VL: 8)
                                   <<<    SOFTWARE PIPELINING(IPC: 0.45, ITR: 32, MVE: 2, POL: L)
                                   <<<    PREFETCH(HARD) Expected by compiler :
                                   <<<      kcbot, zbuoy, ktype
                                   <<< Loop-information  End >>>
             181     1  pp    v        DO jl = 1, nxj
             182     2   p    v          IF (ktype(jl)==1) THEN
             183     2   p    v            ikb = kcbot(jl)
             184     2   p    v            zbuoy(jl) = g*(ptu(jl,ikb)-ptenh(jl,ikb))/ptenh(jl,ikb) + &
             185     2                                 g*0.608*(pqu(jl,ikb)-pqenh(jl,ikb))
             186     3   p    v            IF (zbuoy(jl)>0.) THEN
             187     3   p    v              zdz = (pgeo(jl,ikb-1)-pgeo(jl,ikb))/g
             188     3   p    v              zdrodz = -LOG(pten(jl,ikb-1)/pten(jl,ikb))/zdz - g/(rd*ptenh(jl,ikb))
             189     3                       ! nb zoentr is here a fractional value
             190     3   p    v              zoentr(jl,ikb-1) = zbuoy(jl)*0.5/(1.+zbuoy(jl)*zdz) + zdrodz
             191     3   p    v              zoentr(jl,ikb-1) = MIN(zoentr(jl,ikb-1),3.d-4)
             192     3   p    v              zoentr(jl,ikb-1) = MAX(zoentr(jl,ikb-1),0.d0)
             193     3   p    v            END IF
             194     2   p    v          END IF
             195     1   p    v        END DO
             196                     
             197                     !-- 4.  Do ascent: Subcloud layer (klab=1) ,clouds (klab=2)
             198                     !       by doing first dry-adiabatic ascent and then
             199                     !       by adjusting t,q and l accordingly in *cuadjtq*,
             200                     !       then check for buoyancy and set flags accordingly
             201                     
                                   <<< Loop-information Start >>>
                                   <<<  [OPTIMIZATION]
                                   <<<    PREFETCH(HARD) Expected by compiler :
                                   <<<      loflag, ktype, zdmfen, zoentr, pmfu
                                   <<<      zodetr, zdmfde, zmfuv, pven, puen, zmfuu
                                   <<<      pvu, puu
                                   <<< Loop-information  End >>>
             202     1                 DO jk = klevm1, 2, -1
             203     1               
             204     1                   ! Specify cloud base values for midlevel convection
             205     1                   ! in *cubasmc* in case there is not already convection
             206     1               
             207     1                   ik = jk
             208     2                   IF (lmfmid .AND. ik<klevm1 .AND. ik>klev-10) THEN
             209     2               !      CALL cubasmc(klon,klev,ik,pten,pqen,pqsen,puen,pven, &
             210     2                     CALL cubasmc(nxj,klon,klev,ik,pten,pqen,pqsen,puen,pven, &
             211     2                   pverv,pgeo,pgeoh,ldcum,ktype,klab,pmfu,pmfub, &
             212     2                                  pentr,kcbot,ptu,pqu,plu,puu,pvu,pmfus,pmfuq,pmful,pdmfup,zmfuu, &
             213     2                                  zmfuv)
             214     2                   END IF
             215     1               
             216     1                   is = 0
             217     1               !    DO jl = 1, klon
                                   <<< Loop-information Start >>>
                                   <<<  [PARALLELIZATION]
                                   <<<    Standard iteration count: 147
                                   <<< Loop-information  End >>>
             218     2  pp    s          DO jl = 1, nxj
             219     2   p    v            is = is + klab(jl,jk+1)
             220     2   p    v            IF (klab(jl,jk+1) == 0) klab(jl,jk) = 0
             221     2   p    v            loflag(jl) = klab(jl,jk+1) > 0
             222     2   p    v            zph(jl) = paphp1(jl,jk)
             223     3   p    v            IF (ktype(jl)==3 .AND. jk==kcbot(jl)) THEN
             224     3   p    m              zmfmax = (paphp1(jl,jk)-paphp1(jl,jk-1))*zcons2
             225     4   p    m              IF (pmfub(jl)>zmfmax) THEN
             226     4   p    m                zfac = pmfub(jl)/zmfmax
             227     4   p    v                pmfu(jl,jk+1) = pmfu(jl,jk+1)*zfac
             228     4   p    v                pmfus(jl,jk+1) = pmfus(jl,jk+1)*zfac
             229     4   p    v                pmfuq(jl,jk+1) = pmfuq(jl,jk+1)*zfac
             230     4   p    v                zmfuu(jl) = zmfuu(jl)*zfac
             231     4   p    v                zmfuv(jl) = zmfuv(jl)*zfac
             232     4   p                   END IF
             233     3   p    v            END IF
             234     2   p    v          END DO
             235     1               
             236     1                   ! Reset pmfub if necessary
             237     1               
             238     1               !    DO jl = 1, klon
                                   <<< Loop-information Start >>>
                                   <<<  [PARALLELIZATION]
                                   <<<    Standard iteration count: 411
                                   <<<  [OPTIMIZATION]
                                   <<<    SIMD(VL: 8)
                                   <<<    SOFTWARE PIPELINING(IPC: 0.85, ITR: 40, MVE: 2, POL: S)
                                   <<<    PREFETCH(HARD) Expected by compiler :
                                   <<<      pmfub, paphp1, kcbot, ktype
                                   <<< Loop-information  End >>>
             239     2  pp    v          DO jl = 1, nxj
             240     3   p    v            IF (ktype(jl)==3 .AND. jk==kcbot(jl)) THEN
             241     3   p    v              zmfmax = (paphp1(jl,jk)-paphp1(jl,jk-1))*zcons2
             242     3   p    v              pmfub(jl) = MIN(pmfub(jl),zmfmax)
             243     3   p    v            END IF
             244     2   p    v          END DO
             245     1               
             246     1                   IF (is==0) CYCLE
             247     1               
             248     1               !   Specify turbulent entrainment and detrainments
             249     1               !   rates plus organized detrainment rates in *cuentr*
             250     1               
             251     1                   ik = jk
             252     1               !    CALL cuentr(klon,klev,klevp1,ik,ptenh,paphp1,papp1,klwmin,ldcum,       &
             253     1                   CALL cuentr(nxj,klon,klev,klevp1,ik,ptenh,paphp1,papp1,klwmin,ldcum,       &
             254     1                               ktype,kcbot,kctop0,zpbase,pmfu,pentr,zodetr,khmin,pgeoh,zdmfen, &
             255     1                               zdmfde)
             256     1               
             257     1                   ! Do adiabatic ascent for entraining/detraining plume
             258     1                   ! the cloud ensemble entrains environmental values
             259     1                   ! in turbulent detrainment cloud ensemble values are detrained
             260     1                   ! in organized detrainment the dry static energy and
             261     1                   ! moisture that are neutral compared to the
             262     1                   ! environmental air are detrained
             263     1               
             264     1               !    DO jl = 1, klon
                                   <<< Loop-information Start >>>
                                   <<<  [PARALLELIZATION]
                                   <<<    Standard iteration count: 41
                                   <<<  [OPTIMIZATION]
                                   <<<    PREFETCH(HARD) Expected by compiler :
                                   <<<      loflag
                                   <<< Loop-information  End >>>
             265     2  pp    s          DO jl = 1, nxj
             266     3   p    m            IF (loflag(jl)) THEN
             267     4   p    s              IF (jk<kcbot(jl)) THEN
             268     4   p    s                zmftest = pmfu(jl,jk+1) + zdmfen(jl) - zdmfde(jl)
             269     4   p    s                zmfmax = MIN(zmftest,(paphp1(jl,jk)-paphp1(jl,jk-1))*zcons2)
             270     4   p    s                zdmfen(jl) = MAX(zdmfen(jl)-MAX(zmftest-zmfmax,0.),0.)
             271     4   p    s              END IF
             272     3   p    s              zdmfde(jl) = MIN(zdmfde(jl),0.75*pmfu(jl,jk+1))
             273     3   p    s              pmfu(jl,jk) = pmfu(jl,jk+1) + zdmfen(jl) - zdmfde(jl)
             274     4   p    s              IF (jk<kcbot(jl)) THEN
             275     4   p    s                zdprho = (pgeoh(jl,jk)-pgeoh(jl,jk+1))/g
             276     4   p    s                zoentr(jl,jk) = zoentr(jl,jk)*zdprho*pmfu(jl,jk+1)
             277     4   p    s                zmftest = pmfu(jl,jk) + zoentr(jl,jk) - zodetr(jl,jk)
             278     4   p    s                zmfmax = MIN(zmftest,(paphp1(jl,jk)-paphp1(jl,jk-1))*zcons2)
             279     4   p    s                zoentr(jl,jk) = MAX(zoentr(jl,jk)-MAX(zmftest-zmfmax,0.),0.)
             280     4   p    s              END IF
             281     4   p    s              IF (ktype(jl)==1 .AND. jk<kcbot(jl) .AND. jk<=khmin(jl)) THEN
             282     4                         ! limit organized detrainment to not allowing for too
             283     4                         ! deep clouds
             284     4   p    s                zmse = cpd*ptu(jl,jk+1) + alv*pqu(jl,jk+1) + pgeoh(jl,jk+1)
             285     4   p    s                ikt = kctop0(jl)
             286     4   p    s                znevn = (pgeoh(jl,ikt)-pgeoh(jl,jk+1))*(zmse-phhatt(jl,jk+1))/g
             287     4   p    s                IF (znevn<=0.) znevn = 1.
             288     4   p    s                zdprho = (pgeoh(jl,jk)-pgeoh(jl,jk+1))/g
             289     4   p    s                zodmax = ((phcbase(jl)-zmse)/znevn)*zdprho*pmfu(jl,jk+1)
             290     4   p    s                zodmax = MAX(zodmax,0.)
             291     4   p    s                zodetr(jl,jk) = MIN(zodetr(jl,jk),zodmax)
             292     4   p    s              END IF
             293     3   p    s              zodetr(jl,jk) = MIN(zodetr(jl,jk),0.75*pmfu(jl,jk))
             294     3   p    s              pmfu(jl,jk) = pmfu(jl,jk) + zoentr(jl,jk) - zodetr(jl,jk)
             295     3   p    s              zqeen = pqenh(jl,jk+1)*zdmfen(jl)
             296     3   p    s              zqeen = zqeen + pqenh(jl,jk+1)*zoentr(jl,jk)
             297     3   p    s              zseen = (cpd*ptenh(jl,jk+1)+pgeoh(jl,jk+1))*zdmfen(jl)
             298     3   p    s              zseen = zseen + (cpd*ptenh(jl,jk+1)+pgeoh(jl,jk+1))*zoentr(jl,jk)
             299     3   p    s              zscde = (cpd*ptu(jl,jk+1)+pgeoh(jl,jk+1))*zdmfde(jl)
             300     3                       ! find moist static energy that give nonbuoyant air
             301     3   p    s              zga = alv*pqsenh(jl,jk+1)/(rv*(ptenh(jl,jk+1)**2))
             302     3   p    s              zdt = (plu(jl,jk+1)-0.608*(pqsenh(jl,jk+1)-pqenh(jl,jk+1))) &
             303     3                           /(1./ptenh(jl,jk+1)+0.608*zga)
             304     3   p    s              zscod = cpd*ptenh(jl,jk+1) + pgeoh(jl,jk+1) + cpd*zdt
             305     3   p    s              zscde = zscde + zodetr(jl,jk)*zscod
             306     3   p    s              zqude = pqu(jl,jk+1)*zdmfde(jl)
             307     3   p    s              zqcod = pqsenh(jl,jk+1) + zga*zdt
             308     3   p    s              zqude = zqude + zodetr(jl,jk)*zqcod
             309     3   p    s              plude(jl,jk) = plu(jl,jk+1)*zdmfde(jl)
             310     3   p    s              plude(jl,jk) = plude(jl,jk) + plu(jl,jk+1)*zodetr(jl,jk)
             311     3   p    s              zmfusk = pmfus(jl,jk+1) + zseen - zscde
             312     3   p    s              zmfuqk = pmfuq(jl,jk+1) + zqeen - zqude
             313     3   p    s              zmfulk = pmful(jl,jk+1) - plude(jl,jk)
             314     3   p    s              plu(jl,jk) = zmfulk*(1./MAX(cmfcmin,pmfu(jl,jk)))
             315     3   p    s              pqu(jl,jk) = zmfuqk*(1./MAX(cmfcmin,pmfu(jl,jk)))
             316     3   p    s              ptu(jl,jk) = (zmfusk*(1./MAX(cmfcmin,pmfu(jl,jk)))-pgeoh(jl,jk))*rcpd
             317     3   p    s              ptu(jl,jk) = MAX(100.,ptu(jl,jk))
             318     3   p    s              ptu(jl,jk) = MIN(400.,ptu(jl,jk))
             319     3   p    s              zqold(jl) = pqu(jl,jk)
             320     3   p    v            END IF
             321     2   p    v          END DO
             322     1               
             323     1                   ! Do corrections for moist ascent
             324     1                   ! by adjusting t,q and l in *cuadjtq*
             325     1               
             326     1                   ik = jk
             327     1                   icall = 1
             328     1               !    CALL cuadjtq(klon,klev,ik,zph,ptu,pqu,loflag,icall)
             329     1                   CALL cuadjtq(nxj,klon,klev,ik,zph,ptu,pqu,loflag,icall)
             330     1               
             331     1               !   IF (lamip2) THEN
             332     1               !DIR$ IVDEP
             333     1               !OCL NOVREC
             334     1               !      DO jl = 1, klon
                                   <<< Loop-information Start >>>
                                   <<<  [PARALLELIZATION]
                                   <<<    Standard iteration count: 118
                                   <<<  [OPTIMIZATION]
                                   <<<    SIMD(VL: 8)
                                   <<<    PREFETCH(HARD) Expected by compiler :
                                   <<<      loflag, pqu, zqold, klab, plu, pqenh
                                   <<<      pxenh, ptenh, ptu, pmfub, pmfu, kctop0
                                   <<<      ldcum, kctop, pgeoh
                                   <<<    PREFETCH(SOFT) : 10
                                   <<<     SEQUENTIAL : 10
                                   <<<      klab: 2, zpbase: 2, paphp1: 2, ldland: 2
                                   <<<      pdmfup: 2
                                   <<<    SPILLS :
                                   <<<      GENERAL   : SPILL 0  FILL 1
                                   <<<      SIMD&FP   : SPILL 0  FILL 0
                                   <<<      SCALABLE  : SPILL 0  FILL 0
                                   <<<      PREDICATE : SPILL 0  FILL 0
                                   <<< Loop-information  End >>>
             335     2  pp    v            DO jl = 1, nxj
             336     3   p    v              IF (loflag(jl)) THEN
             337     4   p    v                IF (ABS(pqu(jl,jk)-zqold(jl))>0.) THEN
             338     4   p    v                  klab(jl,jk) = 2
             339     4   p    v                  plu(jl,jk) = plu(jl,jk) + zqold(jl) - pqu(jl,jk)
             340     4   p    v                  zbuo = ptu(jl,jk)*(1.+vtmpc1*pqu(jl,jk)-plu(jl,jk)) - &
             341     4                                  ptenh(jl,jk)*(1.+vtmpc1*pqenh(jl,jk)-pxenh(jl,jk))
             342     4   p    v                  IF (klab(jl,jk+1)==1) zbuo = zbuo + 0.5
             343     5   p    v                  IF (zbuo>0. .AND. pmfu(jl,jk)>=0.01*pmfub(jl) &
             344     5                                       .AND. jk>=kctop0(jl)) THEN
             345     5   p    v                    kctop(jl) = jk
             346     5   p    v                    ldcum(jl) = .TRUE.
             347     5               
             348     5               !             zdnoprc = MERGE(1.E4,1.5E4,ldland(jl))  ! <--- Hier eine Ursache fuer
             349     5   p    v                   zdnoprc = MERGE(3.E4,1.5E4,ldland(jl))  ! <--- Hier eine Ursache fuer
             350     5               !             zdnoprc = MERGE(2.5E4,2E4,ldland(jl))  ! <--- Hier eine Ursache fuer
             351     5               !             zdnoprc = MERGE(1.5E4,1.5E4,ldland(jl))  ! <--- Hier eine Ursache fuer
             352     5                                                                     !      den deutlich besseren
             353     5                                                                     !      Monsun !!!!!
             354     5               
             355     5   p    v                    zprcon = MERGE(0.d0,cprcon,zpbase(jl)-paphp1(jl,jk)<zdnoprc)
             356     5               !             zprcon = MERGE(5.e-4,cprcon,ktype(jl)==1)
             357     5               !cprcon: conversion coefficient from cloud water to rain,6e-4
             358     5               !zdnoprc: depth limit for no precipitation
             359     5   p    v                    zlnew = plu(jl,jk)/(1.+zprcon*(pgeoh(jl,jk)-pgeoh(jl,jk+1)))
             360     5   p    v                    pdmfup(jl,jk) = MAX(0.,(plu(jl,jk)-zlnew)*pmfu(jl,jk))
             361     5   p    v                    plu(jl,jk) = zlnew
             362     5   p    v                  ELSE
             363     5   p    v                    klab(jl,jk) = 0
             364     5   p    v                    pmfu(jl,jk) = 0.
             365     5   p    v                  END IF
             366     4   p    v                END IF
             367     3   p    v              END IF
             368     2   p    v            END DO
             369     1               
             370     1               !    DO jl = 1, klon
                                   <<< Loop-information Start >>>
                                   <<<  [PARALLELIZATION]
                                   <<<    Standard iteration count: 391
                                   <<<  [OPTIMIZATION]
                                   <<<    SIMD(VL: 8)
                                   <<<    SOFTWARE PIPELINING(IPC: 3.42, ITR: 96, MVE: 6, POL: S)
                                   <<<    PREFETCH(HARD) Expected by compiler :
                                   <<<      pqu, loflag, plu, pmfu, pmful, pgeoh
                                   <<<      ptu, pmfus, pmfuq
                                   <<< Loop-information  End >>>
             371     2  pp    v          DO jl = 1, nxj
             372     3   p    v            IF (loflag(jl)) THEN
             373     3   p    v              pmful(jl,jk) = plu(jl,jk)*pmfu(jl,jk)
             374     3   p    v              pmfus(jl,jk) = (cpd*ptu(jl,jk)+pgeoh(jl,jk))*pmfu(jl,jk)
             375     3   p    v              pmfuq(jl,jk) = pqu(jl,jk)*pmfu(jl,jk)
             376     3   p    v            END IF
             377     2   p    v          END DO
             378     1               
             379     2                   IF (lmfdudv) THEN
             380     2               !      DO jl = 1, klon
                                   <<< Loop-information Start >>>
                                   <<<  [PARALLELIZATION]
                                   <<<    Standard iteration count: 134
                                   <<<  [OPTIMIZATION]
                                   <<<    FUSED(lines: 381,386)
                                   <<<    SIMD(VL: 8)
                                   <<<    SOFTWARE PIPELINING(IPC: 1.00, ITR: 24, MVE: 2, POL: S)
                                   <<<    PREFETCH(HARD) Expected by compiler :
                                   <<<      pmfu, zodetr, zdmfde, loflag, pven
                                   <<<      zmfuv, puen, zmfuu, pvu, puu, ktype
                                   <<<      zoentr, zdmfen
                                   <<< Loop-information  End >>>
             381     3  pp    v            DO jl = 1, nxj
             382     3   p    v              zdmfen(jl) = zdmfen(jl) + zoentr(jl,jk)
             383     3   p    v              zdmfde(jl) = zdmfde(jl) + zodetr(jl,jk)
             384     3   p    v            END DO
             385     2               !      DO jl = 1, klon
                                   <<< Loop-information Start >>>
                                   <<<  [OPTIMIZATION]
                                   <<<    FUSED
                                   <<< Loop-information  End >>>
             386     3                     DO jl = 1, nxj
             387     4                       IF (loflag(jl)) THEN
             388     5                         IF (ktype(jl)==1 .OR. ktype(jl)==3) THEN
             389     5                           zz = MERGE(3.,2.,ABS(zdmfen(jl))<prec)
             390     5                         ELSE
             391     5                           zz = MERGE(1.,0.,ABS(zdmfen(jl))<prec)
             392     5                         END IF
             393     4                         zdmfeu = zdmfen(jl) + zz*zdmfde(jl)
             394     4                         zdmfdu = zdmfde(jl) + zz*zdmfde(jl)
             395     4                         zdmfdu = MIN(zdmfdu,0.75*pmfu(jl,jk+1))
             396     4                         zmfuu(jl) = zmfuu(jl) + zdmfeu*puen(jl,jk) - zdmfdu*puu(jl,jk+1)
             397     4                         zmfuv(jl) = zmfuv(jl) + zdmfeu*pven(jl,jk) - zdmfdu*pvu(jl,jk+1)
             398     5                         IF (pmfu(jl,jk)>0.) THEN
             399     5                           puu(jl,jk) = zmfuu(jl)*(1./pmfu(jl,jk))
             400     5                           pvu(jl,jk) = zmfuv(jl)*(1./pmfu(jl,jk))
             401     5                         END IF
             402     4                       END IF
             403     3                     END DO
             404     2                   END IF
             405     1               
             406     1                   ! Compute organized entrainment
             407     1                   ! for use at next level
             408     1               
             409     1               !    DO jl = 1, klon
                                   <<< Loop-information Start >>>
                                   <<<  [PARALLELIZATION]
                                   <<<    Standard iteration count: 35
                                   <<<  [OPTIMIZATION]
                                   <<<    SIMD(VL: 8)
                                   <<<    PREFETCH(HARD) Expected by compiler :
                                   <<<      loflag, ktype, pgeo, pqenh, pqu, ptenh
                                   <<<      ptu, plu, zbuoy, pten, zoentr
                                   <<< Loop-information  End >>>
             410     2  pp    v          DO jl = 1, nxj
             411     3   p    v            IF (loflag(jl) .AND. ktype(jl)==1) THEN
             412     3   p    v              zbuoyz = g*(ptu(jl,jk)-ptenh(jl,jk))/ptenh(jl,jk) + &
             413     3                                g*0.608*(pqu(jl,jk)-pqenh(jl,jk)) - g*plu(jl,jk)
             414     3   p    v              zbuoyz = MAX(zbuoyz,0.0)
             415     3   p    v              zdz = (pgeo(jl,jk-1)-pgeo(jl,jk))/g
             416     3   p    v              zdrodz = -LOG(pten(jl,jk-1)/pten(jl,jk))/zdz - g/(rd*ptenh(jl,jk))
             417     3   p    v              zbuoy(jl) = zbuoy(jl) + zbuoyz*zdz
             418     3   p    v              zoentr(jl,jk-1) = zbuoyz*0.5/(1.+zbuoy(jl)) + zdrodz
             419     3   p    v              zoentr(jl,jk-1) = MIN(zoentr(jl,jk-1),3.d-4)
             420     3   p    v              zoentr(jl,jk-1) = MAX(zoentr(jl,jk-1),0.d0)
             421     3               
             422     3   p    v            END IF
             423     2   p    v          END DO
             424     1               
             425     1                 END DO
             426                     
             427                     !-- 5.  Determine convective fluxes above non-buoyancy level
             428                     !       (Note: Cloud variables like t,q and l are not
             429                     !              affected by detrainment and are already known
             430                     !              from previous calculations above)
             431                     
             432                     !  DO jl = 1, klon
                                   <<< Loop-information Start >>>
                                   <<<  [PARALLELIZATION]
                                   <<<    Standard iteration count: 593
                                   <<<  [OPTIMIZATION]
                                   <<<    SIMD(VL: 16)
                                   <<<    SOFTWARE PIPELINING(IPC: 2.83, ITR: 224, MVE: 4, POL: S)
                                   <<<    PREFETCH(HARD) Expected by compiler :
                                   <<<      kcbot, kctop, ldcum
                                   <<< Loop-information  End >>>
             433     1  pp   2v        DO jl = 1, nxj
             434     1   p   2v          IF (kctop(jl)==klevm1) ldcum(jl) = .FALSE.
             435     1   p   2v          kcbot(jl) = MAX(kcbot(jl),kctop(jl))
             436     1   p   2v        END DO
             437                       is = 0
             438                     !  DO jl = 1, klon
                                   <<< Loop-information Start >>>
                                   <<<  [PARALLELIZATION]
                                   <<<    Standard iteration count: 1231
                                   <<<  [OPTIMIZATION]
                                   <<<    SIMD(VL: 16)
                                   <<< Loop-information  End >>>
             439     1  pp    v        DO jl = 1, nxj
             440     1   p    v          is = is + MERGE(1,0,ldcum(jl))
             441     1   p    v        END DO
             442                       kcum = is
             443                     
             444                       IF (is==0) RETURN
             445                     
             446                     !DIR$ IVDEP
             447                     !OCL NOVREC
             448                     !  DO jl = 1, klon
                                   <<< Loop-information Start >>>
                                   <<<  [PARALLELIZATION]
                                   <<<    Standard iteration count: 229
                                   <<<  [OPTIMIZATION]
                                   <<<    PREFETCH(HARD) Expected by compiler :
                                   <<<      ldcum
                                   <<< Loop-information  End >>>
             449     1  pp    s        DO jl = 1, nxj
             450     2   p    m          IF (ldcum(jl)) THEN
             451     2   p    s            jk = kctop(jl) - 1
             452     2   p    s            zzdmf = cmfctop
             453     2   p    s            zdmfde(jl) = (1.-zzdmf)*pmfu(jl,jk+1)
             454     2   p    s            plude(jl,jk) = zdmfde(jl)*plu(jl,jk+1)
             455     2   p    s            pmfu(jl,jk) = pmfu(jl,jk+1) - zdmfde(jl)
             456     2   p    s            pdmfup(jl,jk) = 0.
             457     2   p    s            pmfus(jl,jk) = (cpd*ptu(jl,jk)+pgeoh(jl,jk))*pmfu(jl,jk)
             458     2   p    s            pmfuq(jl,jk) = pqu(jl,jk)*pmfu(jl,jk)
             459     2   p    s            pmful(jl,jk) = plu(jl,jk)*pmfu(jl,jk)
             460     2   p    s            plude(jl,jk-1) = pmful(jl,jk)
             461     2   p    v          END IF
             462     1   p    v        END DO
             463                     
             464     1                 IF (lmfdudv) THEN
             465     1               !DIR$ IVDEP
             466     1               !OCL NOVREC
             467     1               !    DO jl = 1, klon
                                   <<< Loop-information Start >>>
                                   <<<  [PARALLELIZATION]
                                   <<<    Standard iteration count: 500
                                   <<<  [OPTIMIZATION]
                                   <<<    PREFETCH(HARD) Expected by compiler :
                                   <<<      ldcum
                                   <<< Loop-information  End >>>
             468     2  pp   2s          DO jl = 1, nxj
             469     3   p   2m            IF (ldcum(jl)) THEN
             470     3   p   2s              jk = kctop(jl) - 1
             471     3   p   2s              puu(jl,jk) = puu(jl,jk+1)
             472     3   p   2s              pvu(jl,jk) = pvu(jl,jk+1)
             473     3   p   2v            END IF
             474     2   p   2v          END DO
             475     1                 END IF
                                   <<< Loop-information Start >>>
                                   <<<  [PARALLELIZATION]
                                   <<<    Standard iteration count: 5
                                   <<<  [OPTIMIZATION]
                                   <<<    SIMD(VL: 8)
                                   <<<    SOFTWARE PIPELINING(IPC: 2.33, ITR: 80, MVE: 3, POL: S)
                                   <<<    PREFETCH(HARD) Expected by compiler :
                                   <<<      zodetr, zoentr, du, eu
                                   <<< Loop-information  End >>>
             476        pp   2v        eu(:,:)=zoentr(:,:)
             477         p   2v        du(:,:)=zodetr(:,:)
             478                       RETURN
             479                     END SUBROUTINE cuasc

 Procedure information
   Lines      : 479
   Statements : 269
   Stack(byte): 33536
   Prefetch num: 10

 Scoping unit of external sub-program : cuasc
   Attribute and Cross reference of name
     ABS
      |(Class and Type) : intrinsic function name, REAL(8)
      |(Attributes)     : PURE, ELEMENTAL
      |(Declaration)    : 
      |(Definition)     : 
      |(Reference)      : 337  389  391
     alv
      |(Class and Type) : variable name, REAL(8)
      |(Attributes)     : use-associated
      |(Declaration)    : 
      |(Definition)     : 
      |(Reference)      : 49  284  301
     cmfcmin
      |(Class and Type) : variable name, REAL(8)
      |(Attributes)     : use-associated
      |(Declaration)    : 
      |(Definition)     : 
      |(Reference)      : 56  314  315  316
     cmfctop
      |(Class and Type) : variable name, REAL(8)
      |(Attributes)     : use-associated
      |(Declaration)    : 
      |(Definition)     : 
      |(Reference)      : 56  452
     cpd
      |(Class and Type) : variable name, REAL(8)
      |(Attributes)     : use-associated
      |(Declaration)    : 
      |(Definition)     : 
      |(Reference)      : 49  165  284  297  298  299  304  304  374  457
     cprcon
      |(Class and Type) : variable name, REAL(8)
      |(Attributes)     : use-associated
      |(Declaration)    : 
      |(Definition)     : 
      |(Reference)      : 56  355
     cuadjtq
      |(Class and Type) : external subroutine name
      |(Attributes)     : EXTERNAL
      |(Declaration)    : 108
      |(Definition)     : 
      |(Reference)      : 329
     cuasc
      |(Class and Type) : external subroutine name
      |(Attributes)     : 
      |(Declaration)    : 
      |(Definition)     : 4
      |(Reference)      : 479
     cubasmc
      |(Class and Type) : external subroutine name
      |(Attributes)     : EXTERNAL
      |(Declaration)    : 108
      |(Definition)     : 
      |(Reference)      : 210
     cuentr
      |(Class and Type) : external subroutine name
      |(Attributes)     : EXTERNAL
      |(Declaration)    : 108
      |(Definition)     : 
      |(Reference)      : 253
     du
      |(Class and Type) : variable name, REAL(8)
      |(Attributes)     : DIMENSION, INTENT(INOUT), dummy-argument
      |(Declaration)    : 4  84
      |(Definition)     : 477
      |(Reference)      : 
     EPSILON
      |(Class and Type) : intrinsic function name, REAL(8)
      |(Attributes)     : PURE
      |(Declaration)    : 
      |(Definition)     : 
      |(Reference)      : 118
     eu
      |(Class and Type) : variable name, REAL(8)
      |(Attributes)     : DIMENSION, INTENT(INOUT), dummy-argument
      |(Declaration)    : 4  84
      |(Definition)     : 476
      |(Reference)      : 
     g
      |(Class and Type) : variable name, REAL(8)
      |(Attributes)     : use-associated
      |(Declaration)    : 
      |(Definition)     : 
      |(Reference)      : 49  121  184  184  187  188  275  286  288  412  412  412  415  416
     icall
      |(Class and Type) : variable name, INTEGER(4)
      |(Attributes)     : 
      |(Declaration)    : 99
      |(Definition)     : 327  329
      |(Reference)      : 
     ik
      |(Class and Type) : variable name, INTEGER(4)
      |(Attributes)     : 
      |(Declaration)    : 99
      |(Definition)     : 207  210  251  253  326  329
      |(Reference)      : 208  208
     ikb
      |(Class and Type) : variable name, INTEGER(4)
      |(Attributes)     : 
      |(Declaration)    : 99
      |(Definition)     : 183
      |(Reference)      : 184  184  184  184  184  187  187  188  188  188  190  191  191  192  192
     ikt
      |(Class and Type) : variable name, INTEGER(4)
      |(Attributes)     : 
      |(Declaration)    : 99
      |(Definition)     : 285
      |(Reference)      : 286
     is
      |(Class and Type) : variable name, INTEGER(4)
      |(Attributes)     : 
      |(Declaration)    : 99
      |(Definition)     : 216  219  437  440
      |(Reference)      : 219  246  440  442  444
     jk
      |(Class and Type) : variable name, INTEGER(4)
      |(Attributes)     : 
      |(Declaration)    : 99
      |(Definition)     : 131  146  202  451  470
      |(Reference)      : 134  135  136  137  138  139  140  141  142  142  149  150  207  219  220  220  221  222  223  224  224  227  227  228  228  229  229  240  241  241  251  267  268  269  269  272  273  273  274  275  275  276  276  276  277  277  277  278  278  279  279  281  281  284  284  284  286  286  288  288  289  291  291  293  293  293  294  294  294  294  295  296  296  297  297  298  298  298  299  299  301  301  302  302  302  302  304  304  305  306  307  308  309  309  310  310  310  310  311  312  313  313  314  314  315  315  316  316  316  317  317  318  318  319  326  337  338  339  339  339  340  340  340  340  340  340  342  343  343  345  355  359  359  359  360  360  360  361  363  364  373  373  373  374  374  374  374  375  375  375  382  383  395  396  396  397  397  398  399  399  400  400  412  412  412  412  412  412  415  415  416  416  416  418  419  419  420  420  453  454  454  455  455  456  457  457  457  457  458  458  458  459  459  459  460  460  471  471  472  472
     jl
      |(Class and Type) : variable name, INTEGER(4)
      |(Attributes)     : 
      |(Declaration)    : 99
      |(Definition)     : 126  133  148  157  174  181  218  239  265  335  371  381  386  410  433  439  449  468
      |(Reference)      : 127  128  129  129  134  135  136  137  138  139  140  141  141  141  142  142  142  149  150  158  159  160  161  162  164  164  165  165  165  165  166  166  166  168  168  168  169  169  169  175  182  183  184  184  184  184  184  184  186  187  187  188  188  188  190  190  190  191  191  192  192  219  220  220  221  221  222  222  223  223  224  224  225  226  227  227  228  228  229  229  230  230  231  231  240  240  241  241  242  242  266  267  268  268  268  269  269  270  270  272  272  272  273  273  273  273  274  275  275  276  276  276  277  277  277  278  278  279  279  281  281  281  284  284  284  285  286  286  286  288  288  289  289  291  291  293  293  293  294  294  294  294  295  295  296  296  297  297  297  298  298  298  299  299  299  301  301  302  302  302  302  304  304  305  306  306  307  308  309  309  309  310  310  310  310  311  312  313  313  314  314  315  315  316  316  316  317  317  318  318  319  319  336  337  337  338  339  339  339  339  340  340  340  340  340  340  342  343  343  343  345  346  349  355  355  359  359  359  360  360  360  361  363  364  372  373  373  373  374  374  374  374  375  375  375  382  382  382  383  383  383  387  388  388  389  391  393  393  394  394  395  396  396  396  396  397  397  397  397  398  399  399  399  400  400  400  411  411  412  412  412  412  412  412  415  415  416  416  416  417  417  418  418  419  419  420  420  434  434  435  435  435  440  450  451  453  453  454  454  454  455  455  455  456  457  457  457  457  458  458  458  459  459  459  460  460  469  470  471  471  472  472
     jt
      |(Class and Type) : variable name, INTEGER(4)
      |(Attributes)     : 
      |(Declaration)    : 99
      |(Definition)     : 
      |(Reference)      : 
     kcbot
      |(Class and Type) : variable name, INTEGER(4)
      |(Attributes)     : DIMENSION, INTENT(INOUT), dummy-argument
      |(Declaration)    : 4  89
      |(Definition)     : 160  210  253  435
      |(Reference)      : 183  223  240  267  274  281  435
     kctop
      |(Class and Type) : variable name, INTEGER(4)
      |(Attributes)     : DIMENSION, INTENT(INOUT), dummy-argument
      |(Declaration)    : 4  89
      |(Definition)     : 158  345
      |(Reference)      : 434  435  451  470
     kctop0
      |(Class and Type) : variable name, INTEGER(4)
      |(Attributes)     : DIMENSION, INTENT(INOUT), dummy-argument
      |(Declaration)    : 4  89
      |(Definition)     : 142  253
      |(Reference)      : 285  343
     kcum
      |(Class and Type) : variable name, INTEGER(4)
      |(Attributes)     : INTENT(INOUT), dummy-argument
      |(Declaration)    : 4  81
      |(Definition)     : 442
      |(Reference)      : 
     khmin
      |(Class and Type) : variable name, INTEGER(4)
      |(Attributes)     : DIMENSION, INTENT(IN), dummy-argument
      |(Declaration)    : 4  77
      |(Definition)     : 
      |(Reference)      : 253  281
     klab
      |(Class and Type) : variable name, INTEGER(4)
      |(Attributes)     : DIMENSION, INTENT(INOUT), dummy-argument
      |(Declaration)    : 4  89
      |(Definition)     : 141  210  220  338  363
      |(Reference)      : 219  220  221  342
     klev
      |(Class and Type) : variable name, INTEGER(4)
      |(Attributes)     : INTENT(IN), dummy-argument
      |(Declaration)    : 4  67
      |(Definition)     : 
      |(Reference)      : 70  70  70  70  70  70  70  70  70  70  70  70  70  70  84  84  84  84  84  84  84  84  84  84  84  84  84  89  102  102  131  146  162  164  165  165  165  166  166  168  169  208  210  253  329
     klevm1
      |(Class and Type) : variable name, INTEGER(4)
      |(Attributes)     : INTENT(IN), dummy-argument
      |(Declaration)    : 4  67
      |(Definition)     : 
      |(Reference)      : 158  160  202  208  434
     klevp1
      |(Class and Type) : variable name, INTEGER(4)
      |(Attributes)     : INTENT(IN), dummy-argument
      |(Declaration)    : 4  67
      |(Definition)     : 
      |(Reference)      : 70  253
     klon
      |(Class and Type) : variable name, INTEGER(4)
      |(Attributes)     : INTENT(IN), dummy-argument
      |(Declaration)    : 4  67
      |(Definition)     : 
      |(Reference)      : 70  70  70  70  70  70  70  70  70  70  70  70  70  70  70  70  77  77  78  84  84  84  84  84  84  84  84  84  84  84  84  84  84  84  89  89  89  89  89  91  102  102  102  102  102  102  102  102  102  102  105  210  253  329
     klwmin
      |(Class and Type) : variable name, INTEGER(4)
      |(Attributes)     : DIMENSION, INTENT(IN), dummy-argument
      |(Declaration)    : 4  77
      |(Definition)     : 
      |(Reference)      : 253
     ktype
      |(Class and Type) : variable name, INTEGER(4)
      |(Attributes)     : DIMENSION, INTENT(INOUT), dummy-argument
      |(Declaration)    : 4  89
      |(Definition)     : 129  210  253
      |(Reference)      : 141  182  223  240  281  388  388  411
     LOG
      |(Class and Type) : intrinsic function name, REAL(8)
      |(Attributes)     : INTRINSIC, PURE, ELEMENTAL
      |(Declaration)    : 111
      |(Definition)     : 
      |(Reference)      : 188  416
     ldcum
      |(Class and Type) : variable name, LOGICAL(4)
      |(Attributes)     : DIMENSION, INTENT(INOUT), dummy-argument
      |(Declaration)    : 4  91
      |(Definition)     : 175  210  253  346  434
      |(Reference)      : 129  141  142  159  440  450  469
     ldland
      |(Class and Type) : variable name, LOGICAL(4)
      |(Attributes)     : DIMENSION, INTENT(IN), dummy-argument
      |(Declaration)    : 4  78
      |(Definition)     : 
      |(Reference)      : 349
     lmfdudv
      |(Class and Type) : variable name, LOGICAL(4)
      |(Attributes)     : use-associated
      |(Declaration)    : 
      |(Definition)     : 
      |(Reference)      : 56  167  379  464
     lmfmid
      |(Class and Type) : variable name, LOGICAL(4)
      |(Attributes)     : use-associated
      |(Declaration)    : 
      |(Definition)     : 
      |(Reference)      : 56  208
     loflag
      |(Class and Type) : variable name, LOGICAL(4)
      |(Attributes)     : DIMENSION
      |(Declaration)    : 105
      |(Definition)     : 221  329
      |(Reference)      : 266  336  372  387  411
     MAX
      |(Class and Type) : intrinsic function name, INTEGER(4)
      |(Attributes)     : INTRINSIC, PURE, ELEMENTAL
      |(Declaration)    : 111
      |(Definition)     : 
      |(Reference)      : 192  270  270  279  279  290  314  315  316  317  360  414  420  435
     MERGE
      |(Class and Type) : intrinsic function name, INTEGER(4)
      |(Attributes)     : INTRINSIC, PURE, ELEMENTAL
      |(Declaration)    : 111
      |(Definition)     : 
      |(Reference)      : 349  355  389  391  440
     MIN
      |(Class and Type) : intrinsic function name, REAL(8)
      |(Attributes)     : INTRINSIC, PURE, ELEMENTAL
      |(Declaration)    : 111
      |(Definition)     : 
      |(Reference)      : 191  242  269  272  278  291  293  318  395  419
     mo_constants
      |(Class and Type) : module name
      |(Attributes)     : 
      |(Declaration)    : 
      |(Definition)     : 
      |(Reference)      : 49
     mo_cumulus_flux
      |(Class and Type) : module name
      |(Attributes)     : 
      |(Declaration)    : 
      |(Definition)     : 
      |(Reference)      : 56
     nxj
      |(Class and Type) : variable name, INTEGER(4)
      |(Attributes)     : INTENT(IN), dummy-argument
      |(Declaration)    : 4  67
      |(Definition)     : 
      |(Reference)      : 126  133  148  157  174  181  210  218  239  253  265  329  335  371  381  386  410  433  439  449  468
     paphp1
      |(Class and Type) : variable name, REAL(8)
      |(Attributes)     : DIMENSION, INTENT(IN), dummy-argument
      |(Declaration)    : 4  70
      |(Definition)     : 
      |(Reference)      : 142  222  224  224  241  241  253  269  269  278  278  355
     papp1
      |(Class and Type) : variable name, REAL(8)
      |(Attributes)     : DIMENSION, INTENT(IN), dummy-argument
      |(Declaration)    : 4  70
      |(Definition)     : 
      |(Reference)      : 253
     pdmfup
      |(Class and Type) : variable name, REAL(8)
      |(Attributes)     : DIMENSION, INTENT(INOUT), dummy-argument
      |(Declaration)    : 4  84
      |(Definition)     : 140  210  360  456
      |(Reference)      : 
     pentr
      |(Class and Type) : variable name, REAL(8)
      |(Attributes)     : DIMENSION, INTENT(INOUT), dummy-argument
      |(Declaration)    : 4  84
      |(Definition)     : 210  253
      |(Reference)      : 
     pgeo
      |(Class and Type) : variable name, REAL(8)
      |(Attributes)     : DIMENSION, INTENT(IN), dummy-argument
      |(Declaration)    : 4  70
      |(Definition)     : 
      |(Reference)      : 187  187  210  415  415
     pgeoh
      |(Class and Type) : variable name, REAL(8)
      |(Attributes)     : DIMENSION, INTENT(IN), dummy-argument
      |(Declaration)    : 4  70
      |(Definition)     : 
      |(Reference)      : 165  210  253  275  275  284  286  286  288  288  297  298  299  304  316  359  359  374  457
     phcbase
      |(Class and Type) : variable name, REAL(8)
      |(Attributes)     : DIMENSION, INTENT(IN), dummy-argument
      |(Declaration)    : 4  70
      |(Definition)     : 
      |(Reference)      : 289
     phhatt
      |(Class and Type) : variable name, REAL(8)
      |(Attributes)     : DIMENSION, INTENT(IN), dummy-argument
      |(Declaration)    : 4  70
      |(Definition)     : 
      |(Reference)      : 286
     plu
      |(Class and Type) : variable name, REAL(8)
      |(Attributes)     : DIMENSION, INTENT(INOUT), dummy-argument
      |(Declaration)    : 4  84
      |(Definition)     : 134  210  314  339  361
      |(Reference)      : 302  309  310  339  340  359  360  373  412  454  459
     plude
      |(Class and Type) : variable name, REAL(8)
      |(Attributes)     : DIMENSION, INTENT(INOUT), dummy-argument
      |(Declaration)    : 4  84
      |(Definition)     : 139  309  310  454  460
      |(Reference)      : 310  313
     pmfu
      |(Class and Type) : variable name, REAL(8)
      |(Attributes)     : DIMENSION, INTENT(INOUT), dummy-argument
      |(Declaration)    : 4  84
      |(Definition)     : 135  164  210  227  253  273  294  364  455
      |(Reference)      : 227  268  272  273  276  277  289  293  294  314  315  316  343  360  373  374  375  395  398  399  400  453  455  457  458  459
     pmfub
      |(Class and Type) : variable name, REAL(8)
      |(Attributes)     : DIMENSION, INTENT(INOUT), dummy-argument
      |(Declaration)    : 4  84
      |(Definition)     : 161  210  242
      |(Reference)      : 164  165  166  168  169  225  226  242  343
     pmful
      |(Class and Type) : variable name, REAL(8)
      |(Attributes)     : DIMENSION, INTENT(INOUT), dummy-argument
      |(Declaration)    : 4  84
      |(Definition)     : 138  210  373  459
      |(Reference)      : 313  460
     pmfuq
      |(Class and Type) : variable name, REAL(8)
      |(Attributes)     : DIMENSION, INTENT(INOUT), dummy-argument
      |(Declaration)    : 4  84
      |(Definition)     : 137  166  210  229  375  458
      |(Reference)      : 229  312
     pmfus
      |(Class and Type) : variable name, REAL(8)
      |(Attributes)     : DIMENSION, INTENT(INOUT), dummy-argument
      |(Declaration)    : 4  84
      |(Definition)     : 136  165  210  228  374  457
      |(Reference)      : 228  311
     pqen
      |(Class and Type) : variable name, REAL(8)
      |(Attributes)     : DIMENSION, INTENT(IN), dummy-argument
      |(Declaration)    : 4  70
      |(Definition)     : 
      |(Reference)      : 210
     pqenh
      |(Class and Type) : variable name, REAL(8)
      |(Attributes)     : DIMENSION, INTENT(IN), dummy-argument
      |(Declaration)    : 4  70
      |(Definition)     : 
      |(Reference)      : 184  295  296  302  340  412
     pqsen
      |(Class and Type) : variable name, REAL(8)
      |(Attributes)     : DIMENSION, INTENT(IN), dummy-argument
      |(Declaration)    : 4  70
      |(Definition)     : 
      |(Reference)      : 210
     pqsenh
      |(Class and Type) : variable name, REAL(8)
      |(Attributes)     : DIMENSION, INTENT(IN), dummy-argument
      |(Declaration)    : 4  70
      |(Definition)     : 
      |(Reference)      : 301  302  307
     pqu
      |(Class and Type) : variable name, REAL(8)
      |(Attributes)     : DIMENSION, INTENT(INOUT), dummy-argument
      |(Declaration)    : 4  84
      |(Definition)     : 162  210  315  329
      |(Reference)      : 166  184  284  306  319  337  339  340  375  412  458
     prec
      |(Class and Type) : variable name, REAL(8)
      |(Attributes)     : 
      |(Declaration)    : 94
      |(Definition)     : 118
      |(Reference)      : 389  391
     pten
      |(Class and Type) : variable name, REAL(8)
      |(Attributes)     : DIMENSION, INTENT(IN), dummy-argument
      |(Declaration)    : 4  70
      |(Definition)     : 
      |(Reference)      : 188  188  210  416  416
     ptenh
      |(Class and Type) : variable name, REAL(8)
      |(Attributes)     : DIMENSION, INTENT(IN), dummy-argument
      |(Declaration)    : 4  70
      |(Definition)     : 
      |(Reference)      : 184  184  188  253  297  298  301  302  304  340  412  412  416
     ptu
      |(Class and Type) : variable name, REAL(8)
      |(Attributes)     : DIMENSION, INTENT(INOUT), dummy-argument
      |(Declaration)    : 4  84
      |(Definition)     : 210  316  317  318  329
      |(Reference)      : 165  184  284  299  317  318  340  374  412  457
     puen
      |(Class and Type) : variable name, REAL(8)
      |(Attributes)     : DIMENSION, INTENT(IN), dummy-argument
      |(Declaration)    : 4  70
      |(Definition)     : 
      |(Reference)      : 210  396
     puu
      |(Class and Type) : variable name, REAL(8)
      |(Attributes)     : DIMENSION, INTENT(INOUT), dummy-argument
      |(Declaration)    : 4  84
      |(Definition)     : 210  399  471
      |(Reference)      : 168  396  471
     pven
      |(Class and Type) : variable name, REAL(8)
      |(Attributes)     : DIMENSION, INTENT(IN), dummy-argument
      |(Declaration)    : 4  70
      |(Definition)     : 
      |(Reference)      : 210  397
     pverv
      |(Class and Type) : variable name, REAL(8)
      |(Attributes)     : DIMENSION, INTENT(IN), dummy-argument
      |(Declaration)    : 4  70
      |(Definition)     : 
      |(Reference)      : 210
     pvu
      |(Class and Type) : variable name, REAL(8)
      |(Attributes)     : DIMENSION, INTENT(INOUT), dummy-argument
      |(Declaration)    : 4  84
      |(Definition)     : 210  400  472
      |(Reference)      : 169  397  472
     pxenh
      |(Class and Type) : variable name, REAL(8)
      |(Attributes)     : DIMENSION, INTENT(IN), dummy-argument
      |(Declaration)    : 4  70
      |(Definition)     : 
      |(Reference)      : 340
     r8
      |(Class and Type) : named constant, INTEGER(4)
      |(Attributes)     : use-associated
      |(Declaration)    : 
      |(Definition)     : 
      |(Reference)      : 45  70  84  94  95  102
     rcpd
      |(Class and Type) : variable name, REAL(8)
      |(Attributes)     : use-associated
      |(Declaration)    : 
      |(Definition)     : 
      |(Reference)      : 49  316
     rd
      |(Class and Type) : variable name, REAL(8)
      |(Attributes)     : use-associated
      |(Declaration)    : 
      |(Definition)     : 
      |(Reference)      : 49  188  416
     rv
      |(Class and Type) : variable name, REAL(8)
      |(Attributes)     : use-associated
      |(Declaration)    : 
      |(Definition)     : 
      |(Reference)      : 49  301
     shr_kind_mod
      |(Class and Type) : module name
      |(Attributes)     : 
      |(Declaration)    : 
      |(Definition)     : 
      |(Reference)      : 45
     shr_kind_r8
      |(Class and Type) : use name
      |(Attributes)     : 
      |(Declaration)    : 
      |(Definition)     : 
      |(Reference)      : 45
     vtmpc1
      |(Class and Type) : variable name, REAL(8)
      |(Attributes)     : use-associated
      |(Declaration)    : 
      |(Definition)     : 
      |(Reference)      : 49  340  340
     zbuo
      |(Class and Type) : variable name, REAL(8)
      |(Attributes)     : 
      |(Declaration)    : 95
      |(Definition)     : 340  342
      |(Reference)      : 342  343
     zbuoy
      |(Class and Type) : variable name, REAL(8)
      |(Attributes)     : DIMENSION
      |(Declaration)    : 102
      |(Definition)     : 184  417
      |(Reference)      : 186  190  190  417  418
     zbuoyz
      |(Class and Type) : variable name, REAL(8)
      |(Attributes)     : 
      |(Declaration)    : 95
      |(Definition)     : 412  414
      |(Reference)      : 414  417  418
     zcons2
      |(Class and Type) : variable name, REAL(8)
      |(Attributes)     : 
      |(Declaration)    : 95
      |(Definition)     : 121
      |(Reference)      : 224  241  269  278
     zdmfde
      |(Class and Type) : variable name, REAL(8)
      |(Attributes)     : DIMENSION
      |(Declaration)    : 102
      |(Definition)     : 253  272  383  453
      |(Reference)      : 268  272  273  299  306  309  383  393  394  394  454  455
     zdmfdu
      |(Class and Type) : variable name, REAL(8)
      |(Attributes)     : 
      |(Declaration)    : 95
      |(Definition)     : 394  395
      |(Reference)      : 395  396  397
     zdmfen
      |(Class and Type) : variable name, REAL(8)
      |(Attributes)     : DIMENSION
      |(Declaration)    : 102
      |(Definition)     : 253  270  382
      |(Reference)      : 268  270  273  295  297  382  389  391  393
     zdmfeu
      |(Class and Type) : variable name, REAL(8)
      |(Attributes)     : 
      |(Declaration)    : 95
      |(Definition)     : 393
      |(Reference)      : 396  397
     zdnoprc
      |(Class and Type) : variable name, REAL(8)
      |(Attributes)     : 
      |(Declaration)    : 95
      |(Definition)     : 349
      |(Reference)      : 355
     zdprho
      |(Class and Type) : variable name, REAL(8)
      |(Attributes)     : 
      |(Declaration)    : 95
      |(Definition)     : 275  288
      |(Reference)      : 276  289
     zdrodz
      |(Class and Type) : variable name, REAL(8)
      |(Attributes)     : 
      |(Declaration)    : 95
      |(Definition)     : 188  416
      |(Reference)      : 190  418
     zdt
      |(Class and Type) : variable name, REAL(8)
      |(Attributes)     : 
      |(Declaration)    : 95
      |(Definition)     : 302
      |(Reference)      : 304  307
     zdz
      |(Class and Type) : variable name, REAL(8)
      |(Attributes)     : 
      |(Declaration)    : 95
      |(Definition)     : 187  415
      |(Reference)      : 188  190  416  417
     zfac
      |(Class and Type) : variable name, REAL(8)
      |(Attributes)     : 
      |(Declaration)    : 95
      |(Definition)     : 226
      |(Reference)      : 227  228  229  230  231
     zga
      |(Class and Type) : variable name, REAL(8)
      |(Attributes)     : 
      |(Declaration)    : 95
      |(Definition)     : 301
      |(Reference)      : 302  307
     zlnew
      |(Class and Type) : variable name, REAL(8)
      |(Attributes)     : 
      |(Declaration)    : 95
      |(Definition)     : 359
      |(Reference)      : 360  361
     zmfmax
      |(Class and Type) : variable name, REAL(8)
      |(Attributes)     : 
      |(Declaration)    : 95
      |(Definition)     : 224  241  269  278
      |(Reference)      : 225  226  242  270  279
     zmftest
      |(Class and Type) : variable name, REAL(8)
      |(Attributes)     : 
      |(Declaration)    : 95
      |(Definition)     : 268  277
      |(Reference)      : 269  270  278  279
     zmfulk
      |(Class and Type) : variable name, REAL(8)
      |(Attributes)     : 
      |(Declaration)    : 95
      |(Definition)     : 313
      |(Reference)      : 314
     zmfuqk
      |(Class and Type) : variable name, REAL(8)
      |(Attributes)     : 
      |(Declaration)    : 95
      |(Definition)     : 312
      |(Reference)      : 315
     zmfusk
      |(Class and Type) : variable name, REAL(8)
      |(Attributes)     : 
      |(Declaration)    : 95
      |(Definition)     : 311
      |(Reference)      : 316
     zmfuu
      |(Class and Type) : variable name, REAL(8)
      |(Attributes)     : DIMENSION
      |(Declaration)    : 102
      |(Definition)     : 127  168  210  230  396
      |(Reference)      : 230  396  399
     zmfuv
      |(Class and Type) : variable name, REAL(8)
      |(Attributes)     : DIMENSION
      |(Declaration)    : 102
      |(Definition)     : 128  169  210  231  397
      |(Reference)      : 231  397  400
     zmfuxtk
      |(Class and Type) : variable name, REAL(8)
      |(Attributes)     : 
      |(Declaration)    : 95
      |(Definition)     : 
      |(Reference)      : 
     zmse
      |(Class and Type) : variable name, REAL(8)
      |(Attributes)     : 
      |(Declaration)    : 95
      |(Definition)     : 284
      |(Reference)      : 286  289
     znevn
      |(Class and Type) : variable name, REAL(8)
      |(Attributes)     : 
      |(Declaration)    : 95
      |(Definition)     : 286  287
      |(Reference)      : 287  289
     zodetr
      |(Class and Type) : variable name, REAL(8)
      |(Attributes)     : DIMENSION
      |(Declaration)    : 102
      |(Definition)     : 150  253  291  293
      |(Reference)      : 277  291  293  294  305  308  310  383  477
     zodmax
      |(Class and Type) : variable name, REAL(8)
      |(Attributes)     : 
      |(Declaration)    : 95
      |(Definition)     : 289  290
      |(Reference)      : 290  291
     zoentr
      |(Class and Type) : variable name, REAL(8)
      |(Attributes)     : DIMENSION
      |(Declaration)    : 102
      |(Definition)     : 149  190  191  192  276  279  418  419  420
      |(Reference)      : 191  192  276  277  279  294  296  298  382  419  420  476
     zpbase
      |(Class and Type) : variable name, REAL(8)
      |(Attributes)     : DIMENSION
      |(Declaration)    : 102
      |(Definition)     : 253
      |(Reference)      : 355
     zph
      |(Class and Type) : variable name, REAL(8)
      |(Attributes)     : DIMENSION
      |(Declaration)    : 102
      |(Definition)     : 222  329
      |(Reference)      : 
     zprcon
      |(Class and Type) : variable name, REAL(8)
      |(Attributes)     : 
      |(Declaration)    : 95
      |(Definition)     : 355
      |(Reference)      : 359
     zqcod
      |(Class and Type) : variable name, REAL(8)
      |(Attributes)     : 
      |(Declaration)    : 95
      |(Definition)     : 307
      |(Reference)      : 308
     zqeen
      |(Class and Type) : variable name, REAL(8)
      |(Attributes)     : 
      |(Declaration)    : 95
      |(Definition)     : 295  296
      |(Reference)      : 296  312
     zqold
      |(Class and Type) : variable name, REAL(8)
      |(Attributes)     : DIMENSION
      |(Declaration)    : 102
      |(Definition)     : 319
      |(Reference)      : 337  339
     zqude
      |(Class and Type) : variable name, REAL(8)
      |(Attributes)     : 
      |(Declaration)    : 95
      |(Definition)     : 306  308
      |(Reference)      : 308  312
     zscde
      |(Class and Type) : variable name, REAL(8)
      |(Attributes)     : 
      |(Declaration)    : 95
      |(Definition)     : 299  305
      |(Reference)      : 305  311
     zscod
      |(Class and Type) : variable name, REAL(8)
      |(Attributes)     : 
      |(Declaration)    : 95
      |(Definition)     : 304
      |(Reference)      : 305
     zseen
      |(Class and Type) : variable name, REAL(8)
      |(Attributes)     : 
      |(Declaration)    : 95
      |(Definition)     : 297  298
      |(Reference)      : 298  311
     ztmst
      |(Class and Type) : variable name, REAL(8)
      |(Attributes)     : 
      |(Declaration)    : 95
      |(Definition)     : 119
      |(Reference)      : 121
     ztodt
      |(Class and Type) : variable name, REAL(8)
      |(Attributes)     : INTENT(IN), dummy-argument
      |(Declaration)    : 4  70
      |(Definition)     : 
      |(Reference)      : 119
     zxteen
      |(Class and Type) : variable name, REAL(8)
      |(Attributes)     : 
      |(Declaration)    : 95
      |(Definition)     : 
      |(Reference)      : 
     zxtude
      |(Class and Type) : variable name, REAL(8)
      |(Attributes)     : 
      |(Declaration)    : 95
      |(Definition)     : 
      |(Reference)      : 
     zz
      |(Class and Type) : variable name, REAL(8)
      |(Attributes)     : 
      |(Declaration)    : 95
      |(Definition)     : 389  391
      |(Reference)      : 393  394
     zzdmf
      |(Class and Type) : variable name, REAL(8)
      |(Attributes)     : 
      |(Declaration)    : 95
      |(Definition)     : 452
      |(Reference)      : 453

 Total information
   Procedures       : 1
   Total lines      : 479
   Total statements : 269
   Total stack(byte): 33536
   Total prefetch num: 10

