
 Fujitsu Fortran Version 4.6.1  Wed Feb  1 14:31:11 2023

 Compilation information
   Current directory : /IFS/nwpr/gfs/xb157/Git/tco639l72/src_new
   Source file       : dmswrit.f90

 Option information
   Command line options : -Kident_mpi -f2004 -c -X9 -Free -CcdRR8 -Cpp -Kfast,parallel,openmp,ocl,autoobjstack -x- -fw -Knofp_relaxed -SSL2BLAMP -Kopenmp,parallel -DTIMING -DUSE_FFTW -DRSM -Ec -Nlst=a,lst=d,lst=i,lst=p,lst=t,lst=x -Koptmsg=2 -I. -I/users/xa09/pkg/fx1000/fftw-3.3.10/include -I/package/fx1000/netcdf-4.1.3/include -I/nwpr/gfs/xb157/CWBSUMc2/components/coupler -I/nwpr/gfs/xb124/package/fx1000/MCT/include -DTIMCOMCPL -I/opt/FJSVxtclanga/.common/MELI025/include/mpi/fujitsu -I/opt/FJSVxtclanga/.common/MELI025/lib64 -Knointentopt
   Cpp options          : -DTIMING -DUSE_FFTW -DRSM -I. -I/users/xa09/pkg/fx1000/fftw-3.3.10/include -I/package/fx1000/netcdf-4.1.3/include -I/nwpr/gfs/xb157/CWBSUMc2/components/coupler -I/nwpr/gfs/xb124/package/fx1000/MCT/include -DTIMCOMCPL -I/opt/FJSVxtclanga/.common/MELI025/include/mpi/fujitsu -I/opt/FJSVxtclanga/.common/MELI025/lib64 -Dunix -Dlinux -D__FUJITSU -D__FRT_major__=4 -D__FRT_minor__=6 -D__FRT_patchlevel__=1 -D__FRT_version__="4.6.1" -D__aarch64__ -D__unix -D_OPENMP=201511 -D__frt_version=800 -D__ARM_ARCH=8 -D__ARM_FEATURE_SVE -D__ELF__ -D__unix__ -D__linux__ -D__linux -Asystem(unix) -otmp
   Effective options    : -fw -g0 -AE -Ec -Free -O3 -X9
                          -CcdRR8 -x- -xaccept=nomodule_allocatable
                          -KA64FX -KARMV8_3_A -KSVE -Kalign_commons
                          -Kalign_loops -Knoarray_declaration_opt
                          -Kassume=noshortloop -Kassume=nomemory_bandwidth
                          -Kassume=notime_saving_compilation -Kauto
                          -Kautoobjstack -Knocalleralloc -Kcmodel=small
                          -Keval -Keval_noconcurrent -Knoextract_stride_store
                          -Knofenv_access -Kfp_contract -Knofp_relaxed
                          -Kfsimple -Kfz -Khpctag -Kilfunc=procedure
                          -Knointentopt -Klargepage -Kloop_blocking
                          -Kloop_fission -Kloop_nofission_stripmining
                          -Kloop_fission_threshold=50 -Kloop_fusion
                          -Kloop_interchange -Kloop_part_parallel
                          -Kloop_part_simd -Kloop_perfect_nest
                          -Kloop_noversioning -Knolto -Kmfunc=1 -Kocl
                          -Komitfp -Knooptlib_string -Koptmsg=2
                          -Knopc_relative_literal_loads -Kplt -Knopreex
                          -Kprefetch_noconditional -Kprefetch_noindirect
                          -Kprefetch_sequential=auto -Kprefetch_nostride
                          -Kprefetch_cache_level=all -Kprefetch_noinfer
                          -Kprefetch_strong -Kprefetch_strong_L2 -Knopreload
                          -Ksch_post_ra -Ksch_pre_ra -Ksibling_calls
                          -Ksimd=auto -Ksimd_packed_promotion
                          -Ksimd_reduction_product -Ksimd_reg_size=512
                          -Ksimd_nouncounted_loop
                          -Ksimd_use_multiple_structures -Knostriping
                          -Knosubscript_opt -Kswp -Kswp_freg_rate=100
                          -Kswp_ireg_rate=100 -Kswp_preg_rate=100
                          -Kswp_policy=auto -Ktemparraystack -Kunroll
                          -Knounroll_and_jam -Knozfill
                          -Kopenmp -Kopenmp_noassume_norecurrence
                          -Kopenmp_nocollapse_except_innermost
                          -Kopenmp_noordered_reduction -Knoopenmp_simd
                          -Kthreadsafe -Kparallel -Kparallel_nofp_precision
                          -Knoarray_private -Knodynamic_iteration -Kreduction
                          -Kregion_extension
                          -Nallextput -Nnoalloc_assign
                          -Ncancel_overtime_compilation -Nnocheck_global
                          -Nnocoarray -Nnocompdisp -Nnocopyarg -Nnocoverage
                          -Nfjprof -Nfreealloc -Nf90move -Nnohook_func
                          -Nnohook_time -Nlibomp -Nline -Nlst -Nlst=a -Nlst=d
                          -Nlst=i -Nlst=p -Nlst=t -Nlst=x -Nnomallocfree
                          -Nnoobsfun -Nnoprivatealloc -Nquickdbg=noargchk
                          -Nquickdbg=nosubchk -Nquickdbg=noundef -NRnotrap
                          -Nnorecursive -Nnoreordered_variable_stack
                          -Nrt_notune -Nnosave -Nsetvalue=noheap
                          -Nsetvalue=nostack -Nsetvalue=noscalar
                          -Nsetvalue=noarray -Nsetvalue=nostruct -Nuse_rodata

 External subroutine subprogram "dmswrit"
  (inc)(line-no.)(nest)(optimize)
               1                           subroutine dmswrit(nx,my,lrec,lenc,kflag,ifile,z,istat)
               2                     
               3                     !CWB2021 single precision test, writing dms output in 32 bits float format
               4                     
               5                     !
               6                     !  subroutine to read data in pressure level fields
               7                     !
               8                     ! **** input ****
               9                     !
              10                     !  lrec: field identifaction label
              11                     !  lenc: no. of data values in a 2-d lrec field
              12                     !  ifile: path/file name containing initial fields
              13                     !
              14                     ! **** output ****
              15                     !
              16                     !  z: array containing gaussian grid 2-d field
              17                     !  istat: status code. .ne. zero means bad read
              18                     !
              19                           use param, only : io_quilting
              20                           use mpe
              21                           use rank
              22                           use const, only : RTYPE
              23                     !     use index
              24                     
              25                           implicit  none
              26                     
              27                           integer   nx,my,lenc,istat
              28                           logical   t_flg
              29                     !CWB2021
              30                           real(kind=RTYPE) z(nx,my)
              31                           character lrec*26,ifile*80,kflag*1
              32                     !
              33                     ! working array
              34                     !
              35                           character key*34
              36                     !
              37                           write(key,1000)lrec,kflag,lenc
              38                      1000 format(a26,a1,i7.7)
              39                     !
              40                           t_flg=.false.
              41                     
              42     1                     if(io_quilting)then
              43     1               
              44     2                       if(myrank .eq. 0) then
              45     2                         ntag=ntag+1
              46     2                         call mpe_send_key(key,ntag,istat)
              47     2                         ntag=ntag+1
              48     2                         call mpe_send_data(z,nx*my,ntag,istat)
              49     2               #ifdef VERBOSE
              50     2                         print *,'dmsput key=',key,' ok'
              51     2               #endif
              52     2                       endif
              53     1               
              54     1                     else
              55     1               
              56     2                      if(myrank .eq. 0) then
              57     2               !CWB2021
              58     2               !       if(key(27:27).eq.'R')then
              59     2               !          z4=z
              60     2               !          call dmsput(ifile,key//char(0),z4,istat)
              61     2               !       endif
              62     2               !       if(key(27:27).eq.'H')then
              63     2                         call dmsput(ifile,key//char(0),z,istat)
              64     2               !       endif
              65     2                      t_flg=.true.
              66     2                      endif
              67     1               
              68     1                      call mpe_bcast(istat,1,0,mpe_integer)
              69     1               !
              70     2                      if(istat.ne.0)then
              71     2                        if(myrank .eq. 0)print *,'dmsput key=',key,' error'
              72     2                        call mpe_finalize
              73     2                        call dmsexit(-1)
              74     2                      else
              75     2               #ifdef VERBOSE
              76     2                        if(myrank .eq. 0) print *,'dmsput key=',key,' ok'
              77     2               #endif
              78     2                      endif
              79     1               
              80     1                      endif
              81                     !
              82                           return
              83                           end

 Procedure information
   Lines      : 83
   Statements : 36
   Stack(byte): 736
   Prefetch num: 0

 Scoping unit of external sub-program : dmswrit
   Attribute and Cross reference of name
     char
      |(Class and Type) : intrinsic function name, CHARACTER((unknown),1)
      |(Attributes)     : PURE, ELEMENTAL
      |(Declaration)    : 
      |(Definition)     : 
      |(Reference)      : 63
     const
      |(Class and Type) : module name
      |(Attributes)     : 
      |(Declaration)    : 
      |(Definition)     : 
      |(Reference)      : 22
     dmsexit
      |(Class and Type) : external subroutine name
      |(Attributes)     : 
      |(Declaration)    : 
      |(Definition)     : 
      |(Reference)      : 73
     dmsput
      |(Class and Type) : external subroutine name
      |(Attributes)     : 
      |(Declaration)    : 
      |(Definition)     : 
      |(Reference)      : 63
     dmswrit
      |(Class and Type) : external subroutine name
      |(Attributes)     : 
      |(Declaration)    : 
      |(Definition)     : 1
      |(Reference)      : 
     ifile
      |(Class and Type) : variable name, CHARACTER(80,1)
      |(Attributes)     : dummy-argument
      |(Declaration)    : 1  31
      |(Definition)     : 63
      |(Reference)      : 
     io_quilting
      |(Class and Type) : variable name, LOGICAL(4)
      |(Attributes)     : common-block-object, use-associated
      |(Declaration)    : 
      |(Definition)     : 
      |(Reference)      : 19  42
     istat
      |(Class and Type) : variable name, INTEGER(4)
      |(Attributes)     : dummy-argument
      |(Declaration)    : 1  27
      |(Definition)     : 46  48  63  68
      |(Reference)      : 70
     key
      |(Class and Type) : variable name, CHARACTER(34,1)
      |(Attributes)     : 
      |(Declaration)    : 35
      |(Definition)     : 37  46
      |(Reference)      : 63  71
     kflag
      |(Class and Type) : variable name, CHARACTER(1,1)
      |(Attributes)     : dummy-argument
      |(Declaration)    : 1  31
      |(Definition)     : 
      |(Reference)      : 37
     lenc
      |(Class and Type) : variable name, INTEGER(4)
      |(Attributes)     : dummy-argument
      |(Declaration)    : 1  27
      |(Definition)     : 
      |(Reference)      : 37
     lrec
      |(Class and Type) : variable name, CHARACTER(26,1)
      |(Attributes)     : dummy-argument
      |(Declaration)    : 1  31
      |(Definition)     : 
      |(Reference)      : 37
     mpe
      |(Class and Type) : module name
      |(Attributes)     : 
      |(Declaration)    : 
      |(Definition)     : 
      |(Reference)      : 20
     mpe_bcast
      |(Class and Type) : generic name
      |(Attributes)     : use-associated
      |(Declaration)    : 
      |(Definition)     : 
      |(Reference)      : 68
     mpe_finalize
      |(Class and Type) : external subroutine name
      |(Attributes)     : 
      |(Declaration)    : 
      |(Definition)     : 
      |(Reference)      : 72
     mpe_integer
      |(Class and Type) : named constant, INTEGER(4)
      |(Attributes)     : use-associated
      |(Declaration)    : 
      |(Definition)     : 
      |(Reference)      : 68
     mpe_send_data
      |(Class and Type) : external subroutine name
      |(Attributes)     : 
      |(Declaration)    : 
      |(Definition)     : 
      |(Reference)      : 48
     mpe_send_key
      |(Class and Type) : external subroutine name
      |(Attributes)     : 
      |(Declaration)    : 
      |(Definition)     : 
      |(Reference)      : 46
     my
      |(Class and Type) : variable name, INTEGER(4)
      |(Attributes)     : dummy-argument
      |(Declaration)    : 1  27
      |(Definition)     : 
      |(Reference)      : 30  48
     myrank
      |(Class and Type) : variable name, INTEGER(4)
      |(Attributes)     : common-block-object, use-associated
      |(Declaration)    : 
      |(Definition)     : 
      |(Reference)      : 44  56  71
     ntag
      |(Class and Type) : variable name, INTEGER(4)
      |(Attributes)     : common-block-object, use-associated
      |(Declaration)    : 
      |(Definition)     : 45  46  47  48
      |(Reference)      : 45  47
     nx
      |(Class and Type) : variable name, INTEGER(4)
      |(Attributes)     : dummy-argument
      |(Declaration)    : 1  27
      |(Definition)     : 
      |(Reference)      : 30  48
     param
      |(Class and Type) : module name
      |(Attributes)     : 
      |(Declaration)    : 
      |(Definition)     : 
      |(Reference)      : 19
     RTYPE
      |(Class and Type) : named constant, INTEGER(4)
      |(Attributes)     : use-associated
      |(Declaration)    : 
      |(Definition)     : 
      |(Reference)      : 22  30
     rank
      |(Class and Type) : module name
      |(Attributes)     : 
      |(Declaration)    : 
      |(Definition)     : 
      |(Reference)      : 21
     t_flg
      |(Class and Type) : variable name, LOGICAL(4)
      |(Attributes)     : 
      |(Declaration)    : 28
      |(Definition)     : 40  65
      |(Reference)      : 
     z
      |(Class and Type) : variable name, REAL(8)
      |(Attributes)     : DIMENSION, dummy-argument
      |(Declaration)    : 1  30
      |(Definition)     : 48  63
      |(Reference)      : 
   Cross reference of label
     (Label) (label-kind)               (line-no.)
     ------- ------------- ------------ ----------
       1000  format        (Definition) 38  
                           (Reference)  37

 External subroutine subprogram "dmswrit_mfc"
  (inc)(line-no.)(nest)(optimize)
              84                     
              85                     !---------------------------------------------------------
              86                     !CWB2016
              87                     ! write dmsdata by rank 0, bypassing io_quilting server
              88                     
              89                           subroutine dmswrit_mfc(nx,my,lrec,lenc,kflag,ifile,z,istat)
              90                     !
              91                     !  subroutine to read data in pressure level fields
              92                     !
              93                     ! **** input ****
              94                     !
              95                     !  lrec: field identifaction label
              96                     !  lenc: no. of data values in a 2-d lrec field
              97                     !  ifile: path/file name containing initial fields
              98                     !
              99                     ! **** output ****
             100                     !
             101                     !  z: array containing gaussian grid 2-d field
             102                     !  istat: status code. .ne. zero means bad read
             103                     !
             104                           use param, only : io_quilting
             105                           use mpe
             106                           use rank
             107                           use const, only : RTYPE
             108                     !     use index
             109                     
             110                           implicit  none
             111                     
             112                           integer   nx,my,lenc,istat
             113                           logical   t_flg
             114                           real(kind=RTYPE) z(nx,my)
             115                     !CWB2021
             116                           character lrec*26,ifile*80,kflag*1
             117                     !
             118                     ! working array
             119                     !
             120                           character key*34
             121                     !
             122                           write(key,1000)lrec,kflag,lenc
             123                      1000 format(a26,a1,i7.7)
             124                     !
             125                           t_flg=.false.
             126                     
             127     1                      if(myrank .eq. 0) then
             128     1               !CWB2021
             129     1               !       if(key(27:27).eq.'R')then
             130     1               !          z4=z
             131     1               !          call dmsput(ifile,key//char(0),z4,istat)
             132     1               !       endif
             133     1               !       if(key(27:27).eq.'H')then
             134     1                         call dmsput(ifile,key//char(0),z,istat)
             135     1               !       endif
             136     1                      t_flg=.true.
             137     1                      endif
             138                     
             139                            call mpe_bcast(istat,1,0,mpe_integer)
             140                     !
             141     1                      if(istat.ne.0)then
             142     1                        if(myrank .eq. 0)print *,'dmsput key=',key,' error'
             143     1                        call mpe_finalize
             144     1                        call dmsexit(-1)
             145     1                      else
             146     1               
             147     1               #ifdef VERBOSE
             148     1                        if(myrank .eq. 0) print *,'dmsput key=',key,' ok'
             149     1               #endif
             150     1                      endif
             151                     
             152                     !
             153                           return
             154                           end

 Procedure information
   Lines      : 71
   Statements : 27
   Stack(byte): 736
   Prefetch num: 0

 Scoping unit of external sub-program : dmswrit_mfc
   Attribute and Cross reference of name
     char
      |(Class and Type) : intrinsic function name, CHARACTER((unknown),1)
      |(Attributes)     : PURE, ELEMENTAL
      |(Declaration)    : 
      |(Definition)     : 
      |(Reference)      : 134
     const
      |(Class and Type) : module name
      |(Attributes)     : 
      |(Declaration)    : 
      |(Definition)     : 
      |(Reference)      : 107
     dmsexit
      |(Class and Type) : external subroutine name
      |(Attributes)     : 
      |(Declaration)    : 
      |(Definition)     : 
      |(Reference)      : 144
     dmsput
      |(Class and Type) : external subroutine name
      |(Attributes)     : 
      |(Declaration)    : 
      |(Definition)     : 
      |(Reference)      : 134
     dmswrit_mfc
      |(Class and Type) : external subroutine name
      |(Attributes)     : 
      |(Declaration)    : 
      |(Definition)     : 89
      |(Reference)      : 
     ifile
      |(Class and Type) : variable name, CHARACTER(80,1)
      |(Attributes)     : dummy-argument
      |(Declaration)    : 89  116
      |(Definition)     : 134
      |(Reference)      : 
     io_quilting
      |(Class and Type) : variable name, LOGICAL(4)
      |(Attributes)     : common-block-object, use-associated
      |(Declaration)    : 
      |(Definition)     : 
      |(Reference)      : 104
     istat
      |(Class and Type) : variable name, INTEGER(4)
      |(Attributes)     : dummy-argument
      |(Declaration)    : 89  112
      |(Definition)     : 134  139
      |(Reference)      : 141
     key
      |(Class and Type) : variable name, CHARACTER(34,1)
      |(Attributes)     : 
      |(Declaration)    : 120
      |(Definition)     : 122
      |(Reference)      : 134  142
     kflag
      |(Class and Type) : variable name, CHARACTER(1,1)
      |(Attributes)     : dummy-argument
      |(Declaration)    : 89  116
      |(Definition)     : 
      |(Reference)      : 122
     lenc
      |(Class and Type) : variable name, INTEGER(4)
      |(Attributes)     : dummy-argument
      |(Declaration)    : 89  112
      |(Definition)     : 
      |(Reference)      : 122
     lrec
      |(Class and Type) : variable name, CHARACTER(26,1)
      |(Attributes)     : dummy-argument
      |(Declaration)    : 89  116
      |(Definition)     : 
      |(Reference)      : 122
     mpe
      |(Class and Type) : module name
      |(Attributes)     : 
      |(Declaration)    : 
      |(Definition)     : 
      |(Reference)      : 105
     mpe_bcast
      |(Class and Type) : generic name
      |(Attributes)     : use-associated
      |(Declaration)    : 
      |(Definition)     : 
      |(Reference)      : 139
     mpe_finalize
      |(Class and Type) : external subroutine name
      |(Attributes)     : 
      |(Declaration)    : 
      |(Definition)     : 
      |(Reference)      : 143
     mpe_integer
      |(Class and Type) : named constant, INTEGER(4)
      |(Attributes)     : use-associated
      |(Declaration)    : 
      |(Definition)     : 
      |(Reference)      : 139
     my
      |(Class and Type) : variable name, INTEGER(4)
      |(Attributes)     : dummy-argument
      |(Declaration)    : 89  112
      |(Definition)     : 
      |(Reference)      : 114
     myrank
      |(Class and Type) : variable name, INTEGER(4)
      |(Attributes)     : common-block-object, use-associated
      |(Declaration)    : 
      |(Definition)     : 
      |(Reference)      : 127  142
     nx
      |(Class and Type) : variable name, INTEGER(4)
      |(Attributes)     : dummy-argument
      |(Declaration)    : 89  112
      |(Definition)     : 
      |(Reference)      : 114
     param
      |(Class and Type) : module name
      |(Attributes)     : 
      |(Declaration)    : 
      |(Definition)     : 
      |(Reference)      : 104
     RTYPE
      |(Class and Type) : named constant, INTEGER(4)
      |(Attributes)     : use-associated
      |(Declaration)    : 
      |(Definition)     : 
      |(Reference)      : 107  114
     rank
      |(Class and Type) : module name
      |(Attributes)     : 
      |(Declaration)    : 
      |(Definition)     : 
      |(Reference)      : 106
     t_flg
      |(Class and Type) : variable name, LOGICAL(4)
      |(Attributes)     : 
      |(Declaration)    : 113
      |(Definition)     : 125  136
      |(Reference)      : 
     z
      |(Class and Type) : variable name, REAL(8)
      |(Attributes)     : DIMENSION, dummy-argument
      |(Declaration)    : 89  114
      |(Definition)     : 134
      |(Reference)      : 
   Cross reference of label
     (Label) (label-kind)               (line-no.)
     ------- ------------- ------------ ----------
       1000  format        (Definition) 123  
                           (Reference)  122

 External subroutine subprogram "dmswrit_split"
  (inc)(line-no.)(nest)(optimize)
             155                     !---------------------------------------------------------
             156                     !CWB2016
             157                     ! write dmsdata by rank 0, bypassing io_quilting server
             158                     
             159                           subroutine dmswrit_split(nx,my,lrec,lenc,kflag,ifile,z,istat)
             160                     !
             161                     !  subroutine to read data in pressure level fields
             162                     !
             163                     ! **** input ****
             164                     !
             165                     !  lrec: field identifaction label
             166                     !  lenc: no. of data values in a 2-d lrec field
             167                     !  ifile: path/file name containing initial fields
             168                     !
             169                     ! **** output ****
             170                     !
             171                     !  z: array containing gaussian grid 2-d field
             172                     !  istat: status code. .ne. zero means bad read
             173                     !
             174                           use param, only : io_quilting
             175                           use mpe
             176                           use rank
             177                           use index, only : col_rank
             178                           use const, only : RTYPE
             179                     
             180                           implicit  none
             181                     
             182                           integer   nx,my,lenc,istat
             183                           logical   t_flg
             184                           real(kind=RTYPE) z(nx,my)
             185                     !CWB2021
             186                           character lrec*26,ifile*80,kflag*1
             187                     !
             188                     ! working array
             189                     !
             190                           character key*34
             191                     !
             192                           write(key,1000)lrec,kflag,lenc
             193                      1000 format(a26,a1,i7.7)
             194                     !
             195                           t_flg=.false.
             196                     
             197                     !       if(myrank .eq. iroot) then
             198                     !CWB2021
             199                     !       if(key(27:27).eq.'R')then
             200                     !          z4=z
             201                     !          call dmsput(ifile,key//char(0),z4,istat)
             202                     !       endif
             203                     !       if(key(27:27).eq.'H')then
             204                               call dmsput(ifile,key//char(0),z,istat)
             205                     !       endif
             206                            t_flg=.true.
             207                     !       endif
             208                     
             209                     !       call mpe_bcast_col(istat,1,0,mpe_integer)
             210                     !
             211     1                      if(istat.ne.0)then
             212     1               !!         if(col_rank .eq. 0)print *,'dmsput key=',key,' error'
             213     1                        print *,'dmsput key=',key,' error'
             214     1               !!         call mpe_finalize
             215     1                        call dmsexit(-1)
             216     1                      else
             217     1               !!         if(col_rank .eq. 0) print *,'dmsput key=',key,' ok'
             218     1               #ifdef VERBOSE
             219     1                        print *,'dmsput key=',key,' ok'
             220     1               #endif
             221     1                      endif
             222                     
             223                     !
             224                           return
             225                           end
             226                     

 Procedure information
   Lines      : 72
   Statements : 24
   Stack(byte): 736
   Prefetch num: 0

 Scoping unit of external sub-program : dmswrit_split
   Attribute and Cross reference of name
     char
      |(Class and Type) : intrinsic function name, CHARACTER((unknown),1)
      |(Attributes)     : PURE, ELEMENTAL
      |(Declaration)    : 
      |(Definition)     : 
      |(Reference)      : 204
     col_rank
      |(Class and Type) : variable name, INTEGER(4)
      |(Attributes)     : common-block-object, use-associated
      |(Declaration)    : 
      |(Definition)     : 
      |(Reference)      : 177
     const
      |(Class and Type) : module name
      |(Attributes)     : 
      |(Declaration)    : 
      |(Definition)     : 
      |(Reference)      : 178
     dmsexit
      |(Class and Type) : external subroutine name
      |(Attributes)     : 
      |(Declaration)    : 
      |(Definition)     : 
      |(Reference)      : 215
     dmsput
      |(Class and Type) : external subroutine name
      |(Attributes)     : 
      |(Declaration)    : 
      |(Definition)     : 
      |(Reference)      : 204
     dmswrit_split
      |(Class and Type) : external subroutine name
      |(Attributes)     : 
      |(Declaration)    : 
      |(Definition)     : 159
      |(Reference)      : 
     ifile
      |(Class and Type) : variable name, CHARACTER(80,1)
      |(Attributes)     : dummy-argument
      |(Declaration)    : 159  186
      |(Definition)     : 204
      |(Reference)      : 
     index
      |(Class and Type) : module name
      |(Attributes)     : 
      |(Declaration)    : 
      |(Definition)     : 
      |(Reference)      : 177
     io_quilting
      |(Class and Type) : variable name, LOGICAL(4)
      |(Attributes)     : common-block-object, use-associated
      |(Declaration)    : 
      |(Definition)     : 
      |(Reference)      : 174
     istat
      |(Class and Type) : variable name, INTEGER(4)
      |(Attributes)     : dummy-argument
      |(Declaration)    : 159  182
      |(Definition)     : 204
      |(Reference)      : 211
     key
      |(Class and Type) : variable name, CHARACTER(34,1)
      |(Attributes)     : 
      |(Declaration)    : 190
      |(Definition)     : 192
      |(Reference)      : 204  213
     kflag
      |(Class and Type) : variable name, CHARACTER(1,1)
      |(Attributes)     : dummy-argument
      |(Declaration)    : 159  186
      |(Definition)     : 
      |(Reference)      : 192
     lenc
      |(Class and Type) : variable name, INTEGER(4)
      |(Attributes)     : dummy-argument
      |(Declaration)    : 159  182
      |(Definition)     : 
      |(Reference)      : 192
     lrec
      |(Class and Type) : variable name, CHARACTER(26,1)
      |(Attributes)     : dummy-argument
      |(Declaration)    : 159  186
      |(Definition)     : 
      |(Reference)      : 192
     mpe
      |(Class and Type) : module name
      |(Attributes)     : 
      |(Declaration)    : 
      |(Definition)     : 
      |(Reference)      : 175
     my
      |(Class and Type) : variable name, INTEGER(4)
      |(Attributes)     : dummy-argument
      |(Declaration)    : 159  182
      |(Definition)     : 
      |(Reference)      : 184
     nx
      |(Class and Type) : variable name, INTEGER(4)
      |(Attributes)     : dummy-argument
      |(Declaration)    : 159  182
      |(Definition)     : 
      |(Reference)      : 184
     param
      |(Class and Type) : module name
      |(Attributes)     : 
      |(Declaration)    : 
      |(Definition)     : 
      |(Reference)      : 174
     RTYPE
      |(Class and Type) : named constant, INTEGER(4)
      |(Attributes)     : use-associated
      |(Declaration)    : 
      |(Definition)     : 
      |(Reference)      : 178  184
     rank
      |(Class and Type) : module name
      |(Attributes)     : 
      |(Declaration)    : 
      |(Definition)     : 
      |(Reference)      : 176
     t_flg
      |(Class and Type) : variable name, LOGICAL(4)
      |(Attributes)     : 
      |(Declaration)    : 183
      |(Definition)     : 195  206
      |(Reference)      : 
     z
      |(Class and Type) : variable name, REAL(8)
      |(Attributes)     : DIMENSION, dummy-argument
      |(Declaration)    : 159  184
      |(Definition)     : 204
      |(Reference)      : 
   Cross reference of label
     (Label) (label-kind)               (line-no.)
     ------- ------------- ------------ ----------
       1000  format        (Definition) 193  
                           (Reference)  192

 Total information
   Procedures       : 3
   Total lines      : 226
   Total statements : 87
   Total stack(byte): 2208
   Total prefetch num: 0

