
 Fujitsu Fortran Version 4.6.1  Wed Jan 11 10:52:14 2023

 Compilation information
   Current directory : /IFS/nwpr/gfs/xb157/tco639l72/src
   Source file       : machine.f90

 Option information
   Command line options : -Kident_mpi -f2004 -c -X9 -Free -CcdRR8 -Cpp -Kfast,parallel,openmp,ocl,autoobjstack -x- -fw -Knofp_relaxed -SSL2BLAMP -Kopenmp,parallel -DTIMING -DUSE_FFTW -DW3TAG -DRSM -Ec -Nlst=a,lst=d,lst=i,lst=p,lst=t,lst=x -Koptmsg=2 -I. -I/users/xa09/pkg/fx1000/fftw-3.3.10/include -I/package/fx1000/netcdf-3.6.3/include -I/opt/FJSVxtclanga/.common/MELI025/include/mpi/fujitsu -I/opt/FJSVxtclanga/.common/MELI025/lib64 -Knointentopt
   Cpp options          : -DTIMING -DUSE_FFTW -DW3TAG -DRSM -I. -I/users/xa09/pkg/fx1000/fftw-3.3.10/include -I/package/fx1000/netcdf-3.6.3/include -I/opt/FJSVxtclanga/.common/MELI025/include/mpi/fujitsu -I/opt/FJSVxtclanga/.common/MELI025/lib64 -Dunix -Dlinux -D__FUJITSU -D__FRT_major__=4 -D__FRT_minor__=6 -D__FRT_patchlevel__=1 -D__FRT_version__="4.6.1" -D__aarch64__ -D__unix -D_OPENMP=201511 -D__frt_version=800 -D__ARM_ARCH=8 -D__ARM_FEATURE_SVE -D__ELF__ -D__unix__ -D__linux__ -D__linux -Asystem(unix) -otmp
   Effective options    : -fw -g0 -AE -Ec -Free -O3 -X9
                          -CcdRR8 -x- -xaccept=nomodule_allocatable
                          -KA64FX -KARMV8_3_A -KSVE -Kalign_commons
                          -Kalign_loops -Knoarray_declaration_opt
                          -Kassume=noshortloop -Kassume=nomemory_bandwidth
                          -Kassume=notime_saving_compilation -Kauto
                          -Kautoobjstack -Knocalleralloc -Kcmodel=small
                          -Keval -Keval_noconcurrent -Knoextract_stride_store
                          -Knofenv_access -Kfp_contract -Knofp_relaxed
                          -Kfsimple -Kfz -Khpctag -Kilfunc=procedure
                          -Knointentopt -Klargepage -Kloop_blocking
                          -Kloop_fission -Kloop_nofission_stripmining
                          -Kloop_fission_threshold=50 -Kloop_fusion
                          -Kloop_interchange -Kloop_part_parallel
                          -Kloop_part_simd -Kloop_perfect_nest
                          -Kloop_noversioning -Knolto -Kmfunc=1 -Kocl
                          -Komitfp -Knooptlib_string -Koptmsg=2
                          -Knopc_relative_literal_loads -Kplt -Knopreex
                          -Kprefetch_noconditional -Kprefetch_noindirect
                          -Kprefetch_sequential=auto -Kprefetch_nostride
                          -Kprefetch_cache_level=all -Kprefetch_noinfer
                          -Kprefetch_strong -Kprefetch_strong_L2 -Knopreload
                          -Ksch_post_ra -Ksch_pre_ra -Ksibling_calls
                          -Ksimd=auto -Ksimd_packed_promotion
                          -Ksimd_reduction_product -Ksimd_reg_size=512
                          -Ksimd_nouncounted_loop
                          -Ksimd_use_multiple_structures -Knostriping
                          -Knosubscript_opt -Kswp -Kswp_freg_rate=100
                          -Kswp_ireg_rate=100 -Kswp_preg_rate=100
                          -Kswp_policy=auto -Ktemparraystack -Kunroll
                          -Knounroll_and_jam -Knozfill
                          -Kopenmp -Kopenmp_noassume_norecurrence
                          -Kopenmp_nocollapse_except_innermost
                          -Kopenmp_noordered_reduction -Knoopenmp_simd
                          -Kthreadsafe -Kparallel -Kparallel_nofp_precision
                          -Knoarray_private -Knodynamic_iteration -Kreduction
                          -Kregion_extension
                          -Nallextput -Nnoalloc_assign
                          -Ncancel_overtime_compilation -Nnocheck_global
                          -Nnocoarray -Nnocompdisp -Nnocopyarg -Nnocoverage
                          -Nfjprof -Nfreealloc -Nf90move -Nnohook_func
                          -Nnohook_time -Nlibomp -Nline -Nlst -Nlst=a -Nlst=d
                          -Nlst=i -Nlst=p -Nlst=t -Nlst=x -Nnomallocfree
                          -Nnoobsfun -Nnoprivatealloc -Nquickdbg=noargchk
                          -Nquickdbg=nosubchk -Nquickdbg=noundef -NRnotrap
                          -Nnorecursive -Nnoreordered_variable_stack
                          -Nrt_notune -Nnosave -Nsetvalue=noheap
                          -Nsetvalue=nostack -Nsetvalue=noscalar
                          -Nsetvalue=noarray -Nsetvalue=nostruct -Nuse_rodata

 Module "MACHINE"
  (inc)(line-no.)(nest)(optimize)
               1                         MODULE MACHINE
               2                     
               3                           IMPLICIT NONE
               4                           SAVE
               5                     !  Machine dependant constants
               6                           integer, parameter :: kind_io4  = 4, kind_io8  = 8 , kind_ior = 8 &
               7                          &,                     kind_evod = 8, kind_dbl_prec = 8 &
               8                          &,                     kind_rad  = selected_real_kind(13,60) & ! the '60' maps to 64-bit real
               9                          &,                     kind_phys = selected_real_kind(13,60) & ! the '60' maps to 64-bit real
              10                          &,                     kind_REAL = 8                         & ! used in cmp_comm
              11                          &,                     kind_INTEGER = 4                      ! -,,-
              12                     !
              13                           real(kind=kind_evod), parameter :: mprec = 1.e-12           ! machine precision to restrict dep
              14                     
              15                         END MODULE MACHINE

 Procedure information
   Lines      : 15
   Statements : 6
   Stack(byte): 352
   Prefetch num: 0

 Scoping unit of module : MACHINE
   Attribute and Cross reference of name
     kind_INTEGER
      |(Class and Type) : named constant, INTEGER(4)
      |(Attributes)     : PUBLIC
      |(Declaration)    : 6
      |(Definition)     : 
      |(Reference)      : 
     kind_REAL
      |(Class and Type) : named constant, INTEGER(4)
      |(Attributes)     : PUBLIC
      |(Declaration)    : 6
      |(Definition)     : 
      |(Reference)      : 
     kind_dbl_prec
      |(Class and Type) : named constant, INTEGER(4)
      |(Attributes)     : PUBLIC
      |(Declaration)    : 6
      |(Definition)     : 
      |(Reference)      : 
     kind_evod
      |(Class and Type) : named constant, INTEGER(4)
      |(Attributes)     : PUBLIC
      |(Declaration)    : 6
      |(Definition)     : 
      |(Reference)      : 13
     kind_io4
      |(Class and Type) : named constant, INTEGER(4)
      |(Attributes)     : PUBLIC
      |(Declaration)    : 6
      |(Definition)     : 
      |(Reference)      : 
     kind_io8
      |(Class and Type) : named constant, INTEGER(4)
      |(Attributes)     : PUBLIC
      |(Declaration)    : 6
      |(Definition)     : 
      |(Reference)      : 
     kind_ior
      |(Class and Type) : named constant, INTEGER(4)
      |(Attributes)     : PUBLIC
      |(Declaration)    : 6
      |(Definition)     : 
      |(Reference)      : 
     kind_phys
      |(Class and Type) : named constant, INTEGER(4)
      |(Attributes)     : PUBLIC
      |(Declaration)    : 6
      |(Definition)     : 
      |(Reference)      : 
     kind_rad
      |(Class and Type) : named constant, INTEGER(4)
      |(Attributes)     : PUBLIC
      |(Declaration)    : 6
      |(Definition)     : 
      |(Reference)      : 
     MACHINE
      |(Class and Type) : module name
      |(Attributes)     : 
      |(Declaration)    : 1
      |(Definition)     : 
      |(Reference)      : 15
     mprec
      |(Class and Type) : named constant, REAL(8)
      |(Attributes)     : PUBLIC
      |(Declaration)    : 13
      |(Definition)     : 
      |(Reference)      : 
     selected_real_kind
      |(Class and Type) : intrinsic function name, none
      |(Attributes)     : PURE
      |(Declaration)    : 
      |(Definition)     : 
      |(Reference)      : 6  6

 Total information
   Procedures       : 1
   Total lines      : 15
   Total statements : 6
   Total stack(byte): 352
   Total prefetch num: 0

