
 Fujitsu Fortran Version 4.6.1  Thu Jun 29 14:23:21 2023

 Compilation information
   Current directory : /IFS/nwpr/gfs/xb157/Git/tco639l72/src_rsm
   Source file       : mod_phygrid.f90

 Option information
   Command line options : -Kident_mpi -f2004 -c -X9 -Free -CcdRR8 -Cpp -Kfast,parallel,openmp,ocl,autoobjstack -x- -fw -Knofp_relaxed -SSL2BLAMP -Kopenmp,parallel -DTIMING -DUSE_FFTW -DW3TAG -DGFDLMP_v2 -Ec -Nlst=a,lst=d,lst=i,lst=p,lst=t,lst=x -Koptmsg=2 -I. -I/users/xa09/pkg/fx1000/fftw-3.3.10/include -I/package/fx1000/netcdf-4.7.4/include -I/package/fx1000/g2lib-1.4.0_cwb/include -I/opt/FJSVxtclanga/.common/MELI025/include/mpi/fujitsu -I/opt/FJSVxtclanga/.common/MELI025/lib64 -Knointentopt
   Cpp options          : -DTIMING -DUSE_FFTW -DW3TAG -DGFDLMP_v2 -I. -I/users/xa09/pkg/fx1000/fftw-3.3.10/include -I/package/fx1000/netcdf-4.7.4/include -I/package/fx1000/g2lib-1.4.0_cwb/include -I/opt/FJSVxtclanga/.common/MELI025/include/mpi/fujitsu -I/opt/FJSVxtclanga/.common/MELI025/lib64 -Dunix -Dlinux -D__FUJITSU -D__FRT_major__=4 -D__FRT_minor__=6 -D__FRT_patchlevel__=1 -D__FRT_version__="4.6.1" -D__aarch64__ -D__unix -D_OPENMP=201511 -D__frt_version=800 -D__ARM_ARCH=8 -D__ARM_FEATURE_SVE -D__ELF__ -D__unix__ -D__linux__ -D__linux -Asystem(unix) -otmp
   Effective options    : -fw -g0 -AE -Ec -Free -O3 -X9
                          -CcdRR8 -x- -xaccept=nomodule_allocatable
                          -KA64FX -KARMV8_3_A -KSVE -Kalign_commons
                          -Kalign_loops -Knoarray_declaration_opt
                          -Kassume=noshortloop -Kassume=nomemory_bandwidth
                          -Kassume=notime_saving_compilation -Kauto
                          -Kautoobjstack -Knocalleralloc -Kcmodel=small
                          -Keval -Keval_noconcurrent -Knoextract_stride_store
                          -Knofenv_access -Kfp_contract -Knofp_relaxed
                          -Kfsimple -Kfz -Khpctag -Kilfunc=procedure
                          -Knointentopt -Klargepage -Kloop_blocking
                          -Kloop_fission -Kloop_nofission_stripmining
                          -Kloop_fission_threshold=50 -Kloop_fusion
                          -Kloop_interchange -Kloop_part_parallel
                          -Kloop_part_simd -Kloop_perfect_nest
                          -Kloop_noversioning -Knolto -Kmfunc=1 -Kocl
                          -Komitfp -Knooptlib_string -Koptmsg=2
                          -Knopc_relative_literal_loads -Kplt -Knopreex
                          -Kprefetch_noconditional -Kprefetch_noindirect
                          -Kprefetch_sequential=auto -Kprefetch_nostride
                          -Kprefetch_cache_level=all -Kprefetch_noinfer
                          -Kprefetch_strong -Kprefetch_strong_L2 -Knopreload
                          -Ksch_post_ra -Ksch_pre_ra -Ksibling_calls
                          -Ksimd=auto -Ksimd_packed_promotion
                          -Ksimd_reduction_product -Ksimd_reg_size=512
                          -Ksimd_nouncounted_loop
                          -Ksimd_use_multiple_structures -Knostriping
                          -Knosubscript_opt -Kswp -Kswp_freg_rate=100
                          -Kswp_ireg_rate=100 -Kswp_preg_rate=100
                          -Kswp_policy=auto -Ktemparraystack -Kunroll
                          -Knounroll_and_jam -Knozfill
                          -Kopenmp -Kopenmp_noassume_norecurrence
                          -Kopenmp_nocollapse_except_innermost
                          -Kopenmp_noordered_reduction -Knoopenmp_simd
                          -Kthreadsafe -Kparallel -Kparallel_nofp_precision
                          -Knoarray_private -Knodynamic_iteration -Kreduction
                          -Kregion_extension
                          -Nallextput -Nnoalloc_assign
                          -Ncancel_overtime_compilation -Nnocheck_global
                          -Nnocoarray -Nnocompdisp -Nnocopyarg -Nnocoverage
                          -Nfjprof -Nfreealloc -Nf90move -Nnohook_func
                          -Nnohook_time -Nlibomp -Nline -Nlst -Nlst=a -Nlst=d
                          -Nlst=i -Nlst=p -Nlst=t -Nlst=x -Nnomallocfree
                          -Nnoobsfun -Nnoprivatealloc -Nquickdbg=noargchk
                          -Nquickdbg=nosubchk -Nquickdbg=noundef -NRnotrap
                          -Nnorecursive -Nnoreordered_variable_stack
                          -Nrt_notune -Nnosave -Nsetvalue=noheap
                          -Nsetvalue=nostack -Nsetvalue=noscalar
                          -Nsetvalue=noarray -Nsetvalue=nostruct -Nuse_rodata

 Module "phygrid"
  (inc)(line-no.)(nest)(optimize)
               1                           module phygrid
               2                     !
               3                     ! modify to f90 by C-H Lee and sort by River Chen in 2015
               4                     !
               5                           use param
               6                           use index
               7                           use const, only: RTYPE
               8                     
               9                           implicit none
              10                     
              11                           public
              12                     
              13                           real, dimension(:,:),allocatable,save ::        &
              14                                  snr       ,   gwr       ,     tg       , &
              15                                                 ss       ,     rs       , &
              16                                ustar       , tstar       ,  qstar       , &
              17                                hflux       , qflux       ,raintot       , &
              18                               raincu       ,rainlp       , totalp       , &
              19                               curate       ,  plcl       , cumtop       , &
              20                               tgclim       ,  gwet       ,     z0       , &
              21                                  alb       ,gwclim       ,   acld       , &
              22                                 ctot       ,  chig       ,   cmid       , &
              23                                 clow       ,  hpbl       ,   cosz       , &
              24                              rainlp6       ,raincu6      ,                &
              25                              rainlp3       ,raincu3      ,                &
              26                              rainlp1       ,raincu1      ,tsflw
              27                     
              28                           logical, allocatable,save :: land(:,:),ice(:,:),ocean(:,:)
              29                     
              30                           integer, allocatable,save :: il(:,:),ib(:,:)
              31                     
              32                     !helio>
              33                           integer, dimension(:,:),allocatable,save :: ls_full(:,:)
              34                           integer, dimension(:,:),allocatable,save :: ls_redu(:,:)
              35                           real, dimension(:,:,:),allocatable,save :: outp(:,:,:)
              36                     !helio<
              37                     
              38                           real, dimension(:,:),allocatable,save :: cof
              39                           real, dimension(:,:),allocatable,save :: xlon
              40                           real, dimension(:)  ,allocatable,save :: xlat
              41                     
              42                           real, dimension(:,:),allocatable,save :: u10,v10,t2,rh2,rh10,q2  &
              43                                                                   ,fm,fm10,fh,fh2,srflag
              44                     
              45                           real, dimension(:,:),allocatable,save :: fpsp,fpsp1
              46                     
              47                           real, dimension(:,:,:),allocatable,save :: e,eps,dtrad,asl,atl
              48                           real, dimension(:,:,:),allocatable,save :: ftp,fqp,ftp1,fqp1
              49                           real, dimension(:,:,:),allocatable,save :: deltaq,cnvwr,cnvcr
              50                           real, dimension(:,:,:),allocatable,save :: dtcup,ducup,dvcup,    &
              51                                                                      dtshl,dushl,dvshl,    &
              52                                                                      dtlsp,dulsp,dvlsp
              53                           real(kind=RTYPE), dimension(:,:,:),allocatable,save :: o3l
              54                     
              55                           contains
              56                     
              57                              subroutine allocate_phygrid_array
              58                     
              59                                integer  ierr
              60                     
              61                                allocate (  e(nxp,lev,my_max),  eps(nxp,lev,my_max),  &
              62                                          o3l(nxp,lev,my_max),dtrad(nxp,lev,my_max),  &
              63                                          asl(nxp,lev,my_max),  atl(nxp,lev,my_max),  &
              64                                          ftp(nxp,lev,my_max),  fqp(nxp,lev,my_max),  &
              65                                         ftp1(nxp,lev,my_max), fqp1(nxp,lev,my_max),  &
              66                                         deltaq(nxp,lev,my_max),cnvwr(nxp,lev,my_max),&
              67                                         cnvcr(nxp,lev,my_max),  stat=ierr)
              68                     
              69     1                          if (ierr/= 0) then
              70     1                              write(6,*) 'mod_phygrid : allocate fail 1 '
              71     1                              stop
              72     1                          end if
                                   <<< Loop-information Start >>>
                                   <<<  [PARALLELIZATION]
                                   <<<    Standard iteration count: 2
                                   <<<  [OPTIMIZATION]
                                   <<<    SIMD(VL: 8)
                                   <<<    PREFETCH(HARD) Expected by compiler :
                                   <<<      deltaq
                                   <<< Loop-information  End >>>
              73        pp   4v                 deltaq = 0.
                                   <<< Loop-information Start >>>
                                   <<<  [PARALLELIZATION]
                                   <<<    Standard iteration count: 2
                                   <<<  [OPTIMIZATION]
                                   <<<    SIMD(VL: 8)
                                   <<<    PREFETCH(HARD) Expected by compiler :
                                   <<<      cnvcr
                                   <<< Loop-information  End >>>
              74        pp   4v                 cnvcr  = 0.
                                   <<< Loop-information Start >>>
                                   <<<  [PARALLELIZATION]
                                   <<<    Standard iteration count: 2
                                   <<<  [OPTIMIZATION]
                                   <<<    SIMD(VL: 8)
                                   <<<    PREFETCH(HARD) Expected by compiler :
                                   <<<      cnvwr
                                   <<< Loop-information  End >>>
              75        pp   4v                 cnvwr  = 0.
              76                     
              77                                allocate (                                 &
              78                                  snr(nxp,my_max),   gwr(nxp,my_max),     tg(nxp,my_max), &
              79                                                 ss(nxp,my_max),     rs(nxp,my_max), &
              80                                ustar(nxp,my_max), tstar(nxp,my_max),  qstar(nxp,my_max), &
              81                                hflux(nxp,my_max), qflux(nxp,my_max),raintot(nxp,my_max), &
              82                               raincu(nxp,my_max),rainlp(nxp,my_max), totalp(nxp,my_max), &
              83                               curate(nxp,my_max),  plcl(nxp,my_max), cumtop(nxp,my_max), &
              84                               tgclim(nxp,my_max),  gwet(nxp,my_max),     z0(nxp,my_max), &
              85                                  alb(nxp,my_max),gwclim(nxp,my_max),  acld(lev,my), &
              86                                 ctot(nxp,my_max),  chig(nxp,my_max),   cmid(nxp,my_max), &
              87                                 clow(nxp,my_max),  hpbl(nxp,my_max),   cosz(nxp,my_max), &
              88                              rainlp6(nxp,my_max),raincu6(nxp,my_max),                    &
              89                              rainlp3(nxp,my_max),raincu3(nxp,my_max),                    &
              90                              rainlp1(nxp,my_max),raincu1(nxp,my_max), tsflw(nxp,my_max), &
              91                                                               stat=ierr)
              92                     
              93     1                          if (ierr/= 0) then
              94     1                              write(6,*) 'mod_phygrid : allocate fail 2 '
              95     1                              stop
              96     1                          end if
              97                     
              98                     !CWB2015
                                   <<< Loop-information Start >>>
                                   <<<  [PARALLELIZATION]
                                   <<<    Standard iteration count: 9
                                   <<<  [OPTIMIZATION]
                                   <<<    SIMD(VL: 8)
                                   <<<    PREFETCH(HARD) Expected by compiler :
                                   <<<      ss
                                   <<< Loop-information  End >>>
              99        pp   4v                 ss=0.
                                   <<< Loop-information Start >>>
                                   <<<  [PARALLELIZATION]
                                   <<<    Standard iteration count: 9
                                   <<<  [OPTIMIZATION]
                                   <<<    SIMD(VL: 8)
                                   <<<    PREFETCH(HARD) Expected by compiler :
                                   <<<      rs
                                   <<< Loop-information  End >>>
             100        pp   4v                 rs=0.
             101                     
             102                     !CWB2015
                                   <<< Loop-information Start >>>
                                   <<<  [PARALLELIZATION]
                                   <<<    Standard iteration count: 9
                                   <<<  [OPTIMIZATION]
                                   <<<    SIMD(VL: 8)
                                   <<<    PREFETCH(HARD) Expected by compiler :
                                   <<<      ctot
                                   <<< Loop-information  End >>>
             103        pp   4v                 ctot=0.
                                   <<< Loop-information Start >>>
                                   <<<  [PARALLELIZATION]
                                   <<<    Standard iteration count: 9
                                   <<<  [OPTIMIZATION]
                                   <<<    SIMD(VL: 8)
                                   <<<    PREFETCH(HARD) Expected by compiler :
                                   <<<      chig
                                   <<< Loop-information  End >>>
             104        pp   4v                 chig=0.
                                   <<< Loop-information Start >>>
                                   <<<  [PARALLELIZATION]
                                   <<<    Standard iteration count: 9
                                   <<<  [OPTIMIZATION]
                                   <<<    SIMD(VL: 8)
                                   <<<    PREFETCH(HARD) Expected by compiler :
                                   <<<      cmid
                                   <<< Loop-information  End >>>
             105        pp   4v                 cmid=0.
                                   <<< Loop-information Start >>>
                                   <<<  [PARALLELIZATION]
                                   <<<    Standard iteration count: 9
                                   <<<  [OPTIMIZATION]
                                   <<<    SIMD(VL: 8)
                                   <<<    PREFETCH(HARD) Expected by compiler :
                                   <<<      clow
                                   <<< Loop-information  End >>>
             106        pp   4v                 clow=0.
                                   <<< Loop-information Start >>>
                                   <<<  [PARALLELIZATION]
                                   <<<    Standard iteration count: 9
                                   <<<  [OPTIMIZATION]
                                   <<<    SIMD(VL: 8)
                                   <<<    PREFETCH(HARD) Expected by compiler :
                                   <<<      hpbl
                                   <<< Loop-information  End >>>
             107        pp   4v                 hpbl=0.
             108                     
             109                     !CWB2016
                                   <<< Loop-information Start >>>
                                   <<<  [PARALLELIZATION]
                                   <<<    Standard iteration count: 9
                                   <<<  [OPTIMIZATION]
                                   <<<    SIMD(VL: 8)
                                   <<<    PREFETCH(HARD) Expected by compiler :
                                   <<<      curate
                                   <<< Loop-information  End >>>
             110        pp   4v                 curate=0.
                                   <<< Loop-information Start >>>
                                   <<<  [PARALLELIZATION]
                                   <<<    Standard iteration count: 9
                                   <<<  [OPTIMIZATION]
                                   <<<    SIMD(VL: 8)
                                   <<<    PREFETCH(HARD) Expected by compiler :
                                   <<<      tsflw
                                   <<< Loop-information  End >>>
             111        pp   4v                 tsflw=0.
             112                     
             113                                allocate (land(nxp,my_max),ice(nxp,my_max), &
             114                                          ocean(nxp,my_max), stat=ierr)
             115     1                          if (ierr/= 0) then
             116     1                              write(6,*) 'mod_phygrid : allocate fail 3 '
             117     1                              stop
             118     1                          end if
             119                     
             120                                allocate (il(nxp,4),ib(nxp,4), stat=ierr)
             121                     
             122     1                          if (ierr/= 0) then
             123     1                              write(6,*) 'mod_phygrid : allocate fail 4 '
             124     1                              stop
             125     1                          end if
             126                     
             127                     
             128                                allocate (cof(nxp*3,4),xlon(nx,my_max),xlat(my), stat=ierr)
             129                     
             130     1                          if (ierr/= 0) then
             131     1                              write(6,*) 'mod_phygrid : allocate fail 5 '
             132     1                              stop
             133     1                          end if
             134                     
             135                     !CWB2015
                                   <<< Loop-information Start >>>
                                   <<<  [PARALLELIZATION]
                                   <<<    Standard iteration count: 9
                                   <<<  [OPTIMIZATION]
                                   <<<    SIMD(VL: 16)
                                   <<<    PREFETCH(HARD) Expected by compiler :
                                   <<<      il
                                   <<< Loop-information  End >>>
             136        pp   4v                 il=0
                                   <<< Loop-information Start >>>
                                   <<<  [PARALLELIZATION]
                                   <<<    Standard iteration count: 9
                                   <<<  [OPTIMIZATION]
                                   <<<    SIMD(VL: 16)
                                   <<<    PREFETCH(HARD) Expected by compiler :
                                   <<<      ib
                                   <<< Loop-information  End >>>
             137        pp   4v                 ib=0
                                   <<< Loop-information Start >>>
                                   <<<  [PARALLELIZATION]
                                   <<<    Standard iteration count: 9
                                   <<<  [OPTIMIZATION]
                                   <<<    SIMD(VL: 8)
                                   <<<    PREFETCH(HARD) Expected by compiler :
                                   <<<      cof
                                   <<< Loop-information  End >>>
             138        pp   4v                 cof=0.
             139                     
             140                                allocate (u10(nxp,my_max),v10(nxp,my_max),srflag(nxp,my_max) &
             141                                          ,t2(nxp,my_max),rh2(nxp,my_max),rh10(nxp,my_max)   &
             142                                          ,q2(nxp,my_max),fm(nxp,my_max),fm10(nxp,my_max)    &
             143                                          ,fh(nxp,my_max),fh2(nxp,my_max), stat=ierr)
             144                     
             145     1                          if (ierr/= 0) then
             146     1                              write(6,*) 'mod_phygrid : allocate fail 6 '
             147     1                              stop
             148     1                          end if
             149                     !
                                   <<< Loop-information Start >>>
                                   <<<  [PARALLELIZATION]
                                   <<<    Standard iteration count: 9
                                   <<<  [OPTIMIZATION]
                                   <<<    SIMD(VL: 8)
                                   <<<    PREFETCH(HARD) Expected by compiler :
                                   <<<      rh2
                                   <<< Loop-information  End >>>
             150        pp   4v                 rh2=0.
                                   <<< Loop-information Start >>>
                                   <<<  [PARALLELIZATION]
                                   <<<    Standard iteration count: 9
                                   <<<  [OPTIMIZATION]
                                   <<<    SIMD(VL: 8)
                                   <<<    PREFETCH(HARD) Expected by compiler :
                                   <<<      rh10
                                   <<< Loop-information  End >>>
             151        pp   4v                 rh10=0.
                                   <<< Loop-information Start >>>
                                   <<<  [PARALLELIZATION]
                                   <<<    Standard iteration count: 9
                                   <<<  [OPTIMIZATION]
                                   <<<    SIMD(VL: 8)
                                   <<<    PREFETCH(HARD) Expected by compiler :
                                   <<<      gwr
                                   <<< Loop-information  End >>>
             152        pp   4v                 gwr=0.
             153                     !
             154                                allocate (fpsp(nxp,my_max),fpsp1(nxp,my_max),stat=ierr)
             155                     
             156     1                          if (ierr/= 0) then
             157     1                              write(6,*) 'mod_phygrid : allocate fail 7 '
             158     1                              stop
             159     1                          end if
             160                     !
             161                                allocate (dtcup(nxp,lev,my_max),ducup(nxp,lev,my_max),    &
             162                                          dvcup(nxp,lev,my_max),dtshl(nxp,lev,my_max),    &
             163                                          dushl(nxp,lev,my_max),dvshl(nxp,lev,my_max),    &
             164                                          dtlsp(nxp,lev,my_max),dulsp(nxp,lev,my_max),    &
             165                                          dvlsp(nxp,lev,my_max),  stat=ierr)
             166                     
             167     1                          if (ierr/= 0) then
             168     1                              write(6,*) 'mod_phygrid : allocate fail 8 '
             169     1                              stop
             170     1                          end if
             171                     !
                                   <<< Loop-information Start >>>
                                   <<<  [PARALLELIZATION]
                                   <<<    Standard iteration count: 2
                                   <<<  [OPTIMIZATION]
                                   <<<    SIMD(VL: 8)
                                   <<<    PREFETCH(HARD) Expected by compiler :
                                   <<<      dtcup
                                   <<< Loop-information  End >>>
             172        pp   4v                 dtcup = 0.
                                   <<< Loop-information Start >>>
                                   <<<  [PARALLELIZATION]
                                   <<<    Standard iteration count: 2
                                   <<<  [OPTIMIZATION]
                                   <<<    SIMD(VL: 8)
                                   <<<    PREFETCH(HARD) Expected by compiler :
                                   <<<      ducup
                                   <<< Loop-information  End >>>
             173        pp   4v                 ducup = 0.
                                   <<< Loop-information Start >>>
                                   <<<  [PARALLELIZATION]
                                   <<<    Standard iteration count: 2
                                   <<<  [OPTIMIZATION]
                                   <<<    SIMD(VL: 8)
                                   <<<    PREFETCH(HARD) Expected by compiler :
                                   <<<      dvcup
                                   <<< Loop-information  End >>>
             174        pp   4v                 dvcup = 0.
                                   <<< Loop-information Start >>>
                                   <<<  [PARALLELIZATION]
                                   <<<    Standard iteration count: 2
                                   <<<  [OPTIMIZATION]
                                   <<<    SIMD(VL: 8)
                                   <<<    PREFETCH(HARD) Expected by compiler :
                                   <<<      dtshl
                                   <<< Loop-information  End >>>
             175        pp   4v                 dtshl = 0.
                                   <<< Loop-information Start >>>
                                   <<<  [PARALLELIZATION]
                                   <<<    Standard iteration count: 2
                                   <<<  [OPTIMIZATION]
                                   <<<    SIMD(VL: 8)
                                   <<<    PREFETCH(HARD) Expected by compiler :
                                   <<<      dushl
                                   <<< Loop-information  End >>>
             176        pp   4v                 dushl = 0.
                                   <<< Loop-information Start >>>
                                   <<<  [PARALLELIZATION]
                                   <<<    Standard iteration count: 2
                                   <<<  [OPTIMIZATION]
                                   <<<    SIMD(VL: 8)
                                   <<<    PREFETCH(HARD) Expected by compiler :
                                   <<<      dvshl
                                   <<< Loop-information  End >>>
             177        pp   4v                 dvshl = 0.
                                   <<< Loop-information Start >>>
                                   <<<  [PARALLELIZATION]
                                   <<<    Standard iteration count: 2
                                   <<<  [OPTIMIZATION]
                                   <<<    SIMD(VL: 8)
                                   <<<    PREFETCH(HARD) Expected by compiler :
                                   <<<      dtlsp
                                   <<< Loop-information  End >>>
             178        pp   4v                 dtlsp = 0.
                                   <<< Loop-information Start >>>
                                   <<<  [PARALLELIZATION]
                                   <<<    Standard iteration count: 2
                                   <<<  [OPTIMIZATION]
                                   <<<    SIMD(VL: 8)
                                   <<<    PREFETCH(HARD) Expected by compiler :
                                   <<<      dulsp
                                   <<< Loop-information  End >>>
             179        pp   4v                 dulsp = 0.
                                   <<< Loop-information Start >>>
                                   <<<  [PARALLELIZATION]
                                   <<<    Standard iteration count: 2
                                   <<<  [OPTIMIZATION]
                                   <<<    SIMD(VL: 8)
                                   <<<    PREFETCH(HARD) Expected by compiler :
                                   <<<      dvlsp
                                   <<< Loop-information  End >>>
             180        pp   4v                 dvlsp = 0.
             181                     !
             182                     
             183                     !helio>
             184                                allocate (ls_full(nx,my),ls_redu(nx,my), stat=ierr)
             185                                allocate (outp(nx,my,8), stat=ierr)
             186     1                          if (ierr/= 0) then
             187     1                              write(6,*) 'mod_phygrid : allocate fail 9 '
             188     1                              stop
             189     1                          end if
                                   <<< Loop-information Start >>>
                                   <<<  [PARALLELIZATION]
                                   <<<    Standard iteration count: 9
                                   <<<  [OPTIMIZATION]
                                   <<<    SIMD(VL: 16)
                                   <<<    PREFETCH(HARD) Expected by compiler :
                                   <<<      ls_full
                                   <<< Loop-information  End >>>
             190        pp   4v                 ls_full = 0.
                                   <<< Loop-information Start >>>
                                   <<<  [PARALLELIZATION]
                                   <<<    Standard iteration count: 9
                                   <<<  [OPTIMIZATION]
                                   <<<    SIMD(VL: 16)
                                   <<<    PREFETCH(HARD) Expected by compiler :
                                   <<<      ls_redu
                                   <<< Loop-information  End >>>
             191        pp   4v                 ls_redu = 0.
                                   <<< Loop-information Start >>>
                                   <<<  [PARALLELIZATION]
                                   <<<    Standard iteration count: 2
                                   <<<  [OPTIMIZATION]
                                   <<<    SIMD(VL: 8)
                                   <<<    PREFETCH(HARD) Expected by compiler :
                                   <<<      outp
                                   <<< Loop-information  End >>>
             192        pp   4v                 outp = 0.
             193                     !helio<
             194                     
             195                                return
             196                     
             197                              end subroutine
             198                     
             199                              subroutine deallocate_phygrid_array
             200                     
             201                                deallocate (e,eps,o3l,dtrad,asl,atl,ftp,fqp,ftp1,fqp1)
             202                                deallocate (deltaq,cnvwr,cnvcr)
             203                                deallocate (                                           &
             204                                            snr,gwr,tg,   ss,rs,                       &
             205                                  ustar,tstar,qstar,hflux,qflux,raintot,raincu,rainlp, &
             206                                  totalp,curate,plcl,cumtop,tgclim,gwet,z0,alb,        &
             207                                  gwclim,acld,ctot,chig,cmid,clow,hpbl,cosz)
             208                     
             209                                deallocate (land,ice,ocean)
             210                                deallocate (il,ib)
             211                                deallocate (cof,xlon,xlat)
             212                                deallocate (u10,v10,t2,rh2,rh10,srflag,q2,fm,fm10,fh,fh2)
             213                                deallocate (fpsp,fpsp1)
             214                                deallocate (rainlp6,raincu6,rainlp3,raincu3,rainlp1,raincu1)
             215                                deallocate (tsflw)
             216                                deallocate (dtcup,ducup,dvcup,dtshl,dushl,dvshl,dtlsp,dulsp,dvlsp)
             217                     !helio>
             218                                deallocate (ls_full,ls_redu)
             219                                deallocate (outp)
             220                     !helio<
             221                     
             222                                return
             223                     
             224                              end subroutine
             225                     
             226                           end module phygrid

 Procedure information
   Lines      : 226
   Statements : 120
   Stack(byte): 9888
   Prefetch num: 0

 Scoping unit of module : phygrid
   Attribute and Cross reference of name
     acld
      |(Class and Type) : variable name, REAL(8)
      |(Attributes)     : PUBLIC, ALLOCATABLE, DIMENSION, SAVE
      |(Declaration)    : 13
      |(Definition)     : 
      |(Reference)      : 
     alb
      |(Class and Type) : variable name, REAL(8)
      |(Attributes)     : PUBLIC, ALLOCATABLE, DIMENSION, SAVE
      |(Declaration)    : 13
      |(Definition)     : 
      |(Reference)      : 
     asl
      |(Class and Type) : variable name, REAL(8)
      |(Attributes)     : PUBLIC, ALLOCATABLE, DIMENSION, SAVE
      |(Declaration)    : 47
      |(Definition)     : 
      |(Reference)      : 
     atl
      |(Class and Type) : variable name, REAL(8)
      |(Attributes)     : PUBLIC, ALLOCATABLE, DIMENSION, SAVE
      |(Declaration)    : 47
      |(Definition)     : 
      |(Reference)      : 
     chig
      |(Class and Type) : variable name, REAL(8)
      |(Attributes)     : PUBLIC, ALLOCATABLE, DIMENSION, SAVE
      |(Declaration)    : 13
      |(Definition)     : 
      |(Reference)      : 
     clow
      |(Class and Type) : variable name, REAL(8)
      |(Attributes)     : PUBLIC, ALLOCATABLE, DIMENSION, SAVE
      |(Declaration)    : 13
      |(Definition)     : 
      |(Reference)      : 
     cmid
      |(Class and Type) : variable name, REAL(8)
      |(Attributes)     : PUBLIC, ALLOCATABLE, DIMENSION, SAVE
      |(Declaration)    : 13
      |(Definition)     : 
      |(Reference)      : 
     cnvcr
      |(Class and Type) : variable name, REAL(8)
      |(Attributes)     : PUBLIC, ALLOCATABLE, DIMENSION, SAVE
      |(Declaration)    : 49
      |(Definition)     : 
      |(Reference)      : 
     cnvwr
      |(Class and Type) : variable name, REAL(8)
      |(Attributes)     : PUBLIC, ALLOCATABLE, DIMENSION, SAVE
      |(Declaration)    : 49
      |(Definition)     : 
      |(Reference)      : 
     cof
      |(Class and Type) : variable name, REAL(8)
      |(Attributes)     : PUBLIC, ALLOCATABLE, DIMENSION, SAVE
      |(Declaration)    : 38
      |(Definition)     : 
      |(Reference)      : 
     const
      |(Class and Type) : module name
      |(Attributes)     : PUBLIC
      |(Declaration)    : 
      |(Definition)     : 
      |(Reference)      : 7
     cosz
      |(Class and Type) : variable name, REAL(8)
      |(Attributes)     : PUBLIC, ALLOCATABLE, DIMENSION, SAVE
      |(Declaration)    : 13
      |(Definition)     : 
      |(Reference)      : 
     ctot
      |(Class and Type) : variable name, REAL(8)
      |(Attributes)     : PUBLIC, ALLOCATABLE, DIMENSION, SAVE
      |(Declaration)    : 13
      |(Definition)     : 
      |(Reference)      : 
     cumtop
      |(Class and Type) : variable name, REAL(8)
      |(Attributes)     : PUBLIC, ALLOCATABLE, DIMENSION, SAVE
      |(Declaration)    : 13
      |(Definition)     : 
      |(Reference)      : 
     curate
      |(Class and Type) : variable name, REAL(8)
      |(Attributes)     : PUBLIC, ALLOCATABLE, DIMENSION, SAVE
      |(Declaration)    : 13
      |(Definition)     : 
      |(Reference)      : 
     deltaq
      |(Class and Type) : variable name, REAL(8)
      |(Attributes)     : PUBLIC, ALLOCATABLE, DIMENSION, SAVE
      |(Declaration)    : 49
      |(Definition)     : 
      |(Reference)      : 
     dtcup
      |(Class and Type) : variable name, REAL(8)
      |(Attributes)     : PUBLIC, ALLOCATABLE, DIMENSION, SAVE
      |(Declaration)    : 50
      |(Definition)     : 
      |(Reference)      : 
     dtlsp
      |(Class and Type) : variable name, REAL(8)
      |(Attributes)     : PUBLIC, ALLOCATABLE, DIMENSION, SAVE
      |(Declaration)    : 50
      |(Definition)     : 
      |(Reference)      : 
     dtrad
      |(Class and Type) : variable name, REAL(8)
      |(Attributes)     : PUBLIC, ALLOCATABLE, DIMENSION, SAVE
      |(Declaration)    : 47
      |(Definition)     : 
      |(Reference)      : 
     dtshl
      |(Class and Type) : variable name, REAL(8)
      |(Attributes)     : PUBLIC, ALLOCATABLE, DIMENSION, SAVE
      |(Declaration)    : 50
      |(Definition)     : 
      |(Reference)      : 
     ducup
      |(Class and Type) : variable name, REAL(8)
      |(Attributes)     : PUBLIC, ALLOCATABLE, DIMENSION, SAVE
      |(Declaration)    : 50
      |(Definition)     : 
      |(Reference)      : 
     dulsp
      |(Class and Type) : variable name, REAL(8)
      |(Attributes)     : PUBLIC, ALLOCATABLE, DIMENSION, SAVE
      |(Declaration)    : 50
      |(Definition)     : 
      |(Reference)      : 
     dushl
      |(Class and Type) : variable name, REAL(8)
      |(Attributes)     : PUBLIC, ALLOCATABLE, DIMENSION, SAVE
      |(Declaration)    : 50
      |(Definition)     : 
      |(Reference)      : 
     dvcup
      |(Class and Type) : variable name, REAL(8)
      |(Attributes)     : PUBLIC, ALLOCATABLE, DIMENSION, SAVE
      |(Declaration)    : 50
      |(Definition)     : 
      |(Reference)      : 
     dvlsp
      |(Class and Type) : variable name, REAL(8)
      |(Attributes)     : PUBLIC, ALLOCATABLE, DIMENSION, SAVE
      |(Declaration)    : 50
      |(Definition)     : 
      |(Reference)      : 
     dvshl
      |(Class and Type) : variable name, REAL(8)
      |(Attributes)     : PUBLIC, ALLOCATABLE, DIMENSION, SAVE
      |(Declaration)    : 50
      |(Definition)     : 
      |(Reference)      : 
     e
      |(Class and Type) : variable name, REAL(8)
      |(Attributes)     : PUBLIC, ALLOCATABLE, DIMENSION, SAVE
      |(Declaration)    : 47
      |(Definition)     : 
      |(Reference)      : 
     eps
      |(Class and Type) : variable name, REAL(8)
      |(Attributes)     : PUBLIC, ALLOCATABLE, DIMENSION, SAVE
      |(Declaration)    : 47
      |(Definition)     : 
      |(Reference)      : 
     fh
      |(Class and Type) : variable name, REAL(8)
      |(Attributes)     : PUBLIC, ALLOCATABLE, DIMENSION, SAVE
      |(Declaration)    : 42
      |(Definition)     : 
      |(Reference)      : 
     fh2
      |(Class and Type) : variable name, REAL(8)
      |(Attributes)     : PUBLIC, ALLOCATABLE, DIMENSION, SAVE
      |(Declaration)    : 42
      |(Definition)     : 
      |(Reference)      : 
     fm
      |(Class and Type) : variable name, REAL(8)
      |(Attributes)     : PUBLIC, ALLOCATABLE, DIMENSION, SAVE
      |(Declaration)    : 42
      |(Definition)     : 
      |(Reference)      : 
     fm10
      |(Class and Type) : variable name, REAL(8)
      |(Attributes)     : PUBLIC, ALLOCATABLE, DIMENSION, SAVE
      |(Declaration)    : 42
      |(Definition)     : 
      |(Reference)      : 
     fpsp
      |(Class and Type) : variable name, REAL(8)
      |(Attributes)     : PUBLIC, ALLOCATABLE, DIMENSION, SAVE
      |(Declaration)    : 45
      |(Definition)     : 
      |(Reference)      : 
     fpsp1
      |(Class and Type) : variable name, REAL(8)
      |(Attributes)     : PUBLIC, ALLOCATABLE, DIMENSION, SAVE
      |(Declaration)    : 45
      |(Definition)     : 
      |(Reference)      : 
     fqp
      |(Class and Type) : variable name, REAL(8)
      |(Attributes)     : PUBLIC, ALLOCATABLE, DIMENSION, SAVE
      |(Declaration)    : 48
      |(Definition)     : 
      |(Reference)      : 
     fqp1
      |(Class and Type) : variable name, REAL(8)
      |(Attributes)     : PUBLIC, ALLOCATABLE, DIMENSION, SAVE
      |(Declaration)    : 48
      |(Definition)     : 
      |(Reference)      : 
     ftp
      |(Class and Type) : variable name, REAL(8)
      |(Attributes)     : PUBLIC, ALLOCATABLE, DIMENSION, SAVE
      |(Declaration)    : 48
      |(Definition)     : 
      |(Reference)      : 
     ftp1
      |(Class and Type) : variable name, REAL(8)
      |(Attributes)     : PUBLIC, ALLOCATABLE, DIMENSION, SAVE
      |(Declaration)    : 48
      |(Definition)     : 
      |(Reference)      : 
     gwclim
      |(Class and Type) : variable name, REAL(8)
      |(Attributes)     : PUBLIC, ALLOCATABLE, DIMENSION, SAVE
      |(Declaration)    : 13
      |(Definition)     : 
      |(Reference)      : 
     gwet
      |(Class and Type) : variable name, REAL(8)
      |(Attributes)     : PUBLIC, ALLOCATABLE, DIMENSION, SAVE
      |(Declaration)    : 13
      |(Definition)     : 
      |(Reference)      : 
     gwr
      |(Class and Type) : variable name, REAL(8)
      |(Attributes)     : PUBLIC, ALLOCATABLE, DIMENSION, SAVE
      |(Declaration)    : 13
      |(Definition)     : 
      |(Reference)      : 
     hflux
      |(Class and Type) : variable name, REAL(8)
      |(Attributes)     : PUBLIC, ALLOCATABLE, DIMENSION, SAVE
      |(Declaration)    : 13
      |(Definition)     : 
      |(Reference)      : 
     hpbl
      |(Class and Type) : variable name, REAL(8)
      |(Attributes)     : PUBLIC, ALLOCATABLE, DIMENSION, SAVE
      |(Declaration)    : 13
      |(Definition)     : 
      |(Reference)      : 
     ib
      |(Class and Type) : variable name, INTEGER(4)
      |(Attributes)     : PUBLIC, ALLOCATABLE, DIMENSION, SAVE
      |(Declaration)    : 30
      |(Definition)     : 
      |(Reference)      : 
     ice
      |(Class and Type) : variable name, LOGICAL(4)
      |(Attributes)     : PUBLIC, ALLOCATABLE, DIMENSION, SAVE
      |(Declaration)    : 28
      |(Definition)     : 
      |(Reference)      : 
     il
      |(Class and Type) : variable name, INTEGER(4)
      |(Attributes)     : PUBLIC, ALLOCATABLE, DIMENSION, SAVE
      |(Declaration)    : 30
      |(Definition)     : 
      |(Reference)      : 
     index
      |(Class and Type) : module name
      |(Attributes)     : PUBLIC
      |(Declaration)    : 
      |(Definition)     : 
      |(Reference)      : 6
     land
      |(Class and Type) : variable name, LOGICAL(4)
      |(Attributes)     : PUBLIC, ALLOCATABLE, DIMENSION, SAVE
      |(Declaration)    : 28
      |(Definition)     : 
      |(Reference)      : 
     ls_full
      |(Class and Type) : variable name, INTEGER(4)
      |(Attributes)     : PUBLIC, ALLOCATABLE, DIMENSION, SAVE
      |(Declaration)    : 33
      |(Definition)     : 
      |(Reference)      : 
     ls_redu
      |(Class and Type) : variable name, INTEGER(4)
      |(Attributes)     : PUBLIC, ALLOCATABLE, DIMENSION, SAVE
      |(Declaration)    : 34
      |(Definition)     : 
      |(Reference)      : 
     o3l
      |(Class and Type) : variable name, REAL(8)
      |(Attributes)     : PUBLIC, ALLOCATABLE, DIMENSION, SAVE
      |(Declaration)    : 53
      |(Definition)     : 
      |(Reference)      : 
     ocean
      |(Class and Type) : variable name, LOGICAL(4)
      |(Attributes)     : PUBLIC, ALLOCATABLE, DIMENSION, SAVE
      |(Declaration)    : 28
      |(Definition)     : 
      |(Reference)      : 
     outp
      |(Class and Type) : variable name, REAL(8)
      |(Attributes)     : PUBLIC, ALLOCATABLE, DIMENSION, SAVE
      |(Declaration)    : 35
      |(Definition)     : 
      |(Reference)      : 
     param
      |(Class and Type) : module name
      |(Attributes)     : PUBLIC
      |(Declaration)    : 
      |(Definition)     : 
      |(Reference)      : 5
     phygrid
      |(Class and Type) : module name
      |(Attributes)     : 
      |(Declaration)    : 1
      |(Definition)     : 
      |(Reference)      : 226
     plcl
      |(Class and Type) : variable name, REAL(8)
      |(Attributes)     : PUBLIC, ALLOCATABLE, DIMENSION, SAVE
      |(Declaration)    : 13
      |(Definition)     : 
      |(Reference)      : 
     q2
      |(Class and Type) : variable name, REAL(8)
      |(Attributes)     : PUBLIC, ALLOCATABLE, DIMENSION, SAVE
      |(Declaration)    : 42
      |(Definition)     : 
      |(Reference)      : 
     qflux
      |(Class and Type) : variable name, REAL(8)
      |(Attributes)     : PUBLIC, ALLOCATABLE, DIMENSION, SAVE
      |(Declaration)    : 13
      |(Definition)     : 
      |(Reference)      : 
     qstar
      |(Class and Type) : variable name, REAL(8)
      |(Attributes)     : PUBLIC, ALLOCATABLE, DIMENSION, SAVE
      |(Declaration)    : 13
      |(Definition)     : 
      |(Reference)      : 
     RTYPE
      |(Class and Type) : named constant, INTEGER(4)
      |(Attributes)     : PUBLIC, use-associated
      |(Declaration)    : 
      |(Definition)     : 
      |(Reference)      : 7  53
     raincu
      |(Class and Type) : variable name, REAL(8)
      |(Attributes)     : PUBLIC, ALLOCATABLE, DIMENSION, SAVE
      |(Declaration)    : 13
      |(Definition)     : 
      |(Reference)      : 
     raincu1
      |(Class and Type) : variable name, REAL(8)
      |(Attributes)     : PUBLIC, ALLOCATABLE, DIMENSION, SAVE
      |(Declaration)    : 13
      |(Definition)     : 
      |(Reference)      : 
     raincu3
      |(Class and Type) : variable name, REAL(8)
      |(Attributes)     : PUBLIC, ALLOCATABLE, DIMENSION, SAVE
      |(Declaration)    : 13
      |(Definition)     : 
      |(Reference)      : 
     raincu6
      |(Class and Type) : variable name, REAL(8)
      |(Attributes)     : PUBLIC, ALLOCATABLE, DIMENSION, SAVE
      |(Declaration)    : 13
      |(Definition)     : 
      |(Reference)      : 
     rainlp
      |(Class and Type) : variable name, REAL(8)
      |(Attributes)     : PUBLIC, ALLOCATABLE, DIMENSION, SAVE
      |(Declaration)    : 13
      |(Definition)     : 
      |(Reference)      : 
     rainlp1
      |(Class and Type) : variable name, REAL(8)
      |(Attributes)     : PUBLIC, ALLOCATABLE, DIMENSION, SAVE
      |(Declaration)    : 13
      |(Definition)     : 
      |(Reference)      : 
     rainlp3
      |(Class and Type) : variable name, REAL(8)
      |(Attributes)     : PUBLIC, ALLOCATABLE, DIMENSION, SAVE
      |(Declaration)    : 13
      |(Definition)     : 
      |(Reference)      : 
     rainlp6
      |(Class and Type) : variable name, REAL(8)
      |(Attributes)     : PUBLIC, ALLOCATABLE, DIMENSION, SAVE
      |(Declaration)    : 13
      |(Definition)     : 
      |(Reference)      : 
     raintot
      |(Class and Type) : variable name, REAL(8)
      |(Attributes)     : PUBLIC, ALLOCATABLE, DIMENSION, SAVE
      |(Declaration)    : 13
      |(Definition)     : 
      |(Reference)      : 
     rh10
      |(Class and Type) : variable name, REAL(8)
      |(Attributes)     : PUBLIC, ALLOCATABLE, DIMENSION, SAVE
      |(Declaration)    : 42
      |(Definition)     : 
      |(Reference)      : 
     rh2
      |(Class and Type) : variable name, REAL(8)
      |(Attributes)     : PUBLIC, ALLOCATABLE, DIMENSION, SAVE
      |(Declaration)    : 42
      |(Definition)     : 
      |(Reference)      : 
     rs
      |(Class and Type) : variable name, REAL(8)
      |(Attributes)     : PUBLIC, ALLOCATABLE, DIMENSION, SAVE
      |(Declaration)    : 13
      |(Definition)     : 
      |(Reference)      : 
     snr
      |(Class and Type) : variable name, REAL(8)
      |(Attributes)     : PUBLIC, ALLOCATABLE, DIMENSION, SAVE
      |(Declaration)    : 13
      |(Definition)     : 
      |(Reference)      : 
     srflag
      |(Class and Type) : variable name, REAL(8)
      |(Attributes)     : PUBLIC, ALLOCATABLE, DIMENSION, SAVE
      |(Declaration)    : 42
      |(Definition)     : 
      |(Reference)      : 
     ss
      |(Class and Type) : variable name, REAL(8)
      |(Attributes)     : PUBLIC, ALLOCATABLE, DIMENSION, SAVE
      |(Declaration)    : 13
      |(Definition)     : 
      |(Reference)      : 
     t2
      |(Class and Type) : variable name, REAL(8)
      |(Attributes)     : PUBLIC, ALLOCATABLE, DIMENSION, SAVE
      |(Declaration)    : 42
      |(Definition)     : 
      |(Reference)      : 
     tg
      |(Class and Type) : variable name, REAL(8)
      |(Attributes)     : PUBLIC, ALLOCATABLE, DIMENSION, SAVE
      |(Declaration)    : 13
      |(Definition)     : 
      |(Reference)      : 
     tgclim
      |(Class and Type) : variable name, REAL(8)
      |(Attributes)     : PUBLIC, ALLOCATABLE, DIMENSION, SAVE
      |(Declaration)    : 13
      |(Definition)     : 
      |(Reference)      : 
     totalp
      |(Class and Type) : variable name, REAL(8)
      |(Attributes)     : PUBLIC, ALLOCATABLE, DIMENSION, SAVE
      |(Declaration)    : 13
      |(Definition)     : 
      |(Reference)      : 
     tsflw
      |(Class and Type) : variable name, REAL(8)
      |(Attributes)     : PUBLIC, ALLOCATABLE, DIMENSION, SAVE
      |(Declaration)    : 13
      |(Definition)     : 
      |(Reference)      : 
     tstar
      |(Class and Type) : variable name, REAL(8)
      |(Attributes)     : PUBLIC, ALLOCATABLE, DIMENSION, SAVE
      |(Declaration)    : 13
      |(Definition)     : 
      |(Reference)      : 
     u10
      |(Class and Type) : variable name, REAL(8)
      |(Attributes)     : PUBLIC, ALLOCATABLE, DIMENSION, SAVE
      |(Declaration)    : 42
      |(Definition)     : 
      |(Reference)      : 
     ustar
      |(Class and Type) : variable name, REAL(8)
      |(Attributes)     : PUBLIC, ALLOCATABLE, DIMENSION, SAVE
      |(Declaration)    : 13
      |(Definition)     : 
      |(Reference)      : 
     v10
      |(Class and Type) : variable name, REAL(8)
      |(Attributes)     : PUBLIC, ALLOCATABLE, DIMENSION, SAVE
      |(Declaration)    : 42
      |(Definition)     : 
      |(Reference)      : 
     xlat
      |(Class and Type) : variable name, REAL(8)
      |(Attributes)     : PUBLIC, ALLOCATABLE, DIMENSION, SAVE
      |(Declaration)    : 40
      |(Definition)     : 
      |(Reference)      : 
     xlon
      |(Class and Type) : variable name, REAL(8)
      |(Attributes)     : PUBLIC, ALLOCATABLE, DIMENSION, SAVE
      |(Declaration)    : 39
      |(Definition)     : 
      |(Reference)      : 
     z0
      |(Class and Type) : variable name, REAL(8)
      |(Attributes)     : PUBLIC, ALLOCATABLE, DIMENSION, SAVE
      |(Declaration)    : 13
      |(Definition)     : 
      |(Reference)      : 

 Scoping unit of module sub-program : allocate_phygrid_array
   Attribute and Cross reference of name
     acld
      |(Class and Type) : variable name, REAL(8)
      |(Attributes)     : ALLOCATABLE, DIMENSION, SAVE, host-associated
      |(Declaration)    : 
      |(Definition)     : 77
      |(Reference)      : 
     alb
      |(Class and Type) : variable name, REAL(8)
      |(Attributes)     : ALLOCATABLE, DIMENSION, SAVE, host-associated
      |(Declaration)    : 
      |(Definition)     : 77
      |(Reference)      : 
     allocate_phygrid_array
      |(Class and Type) : module subroutine name
      |(Attributes)     : 
      |(Declaration)    : 
      |(Definition)     : 57
      |(Reference)      : 
     asl
      |(Class and Type) : variable name, REAL(8)
      |(Attributes)     : ALLOCATABLE, DIMENSION, SAVE, host-associated
      |(Declaration)    : 
      |(Definition)     : 61
      |(Reference)      : 
     atl
      |(Class and Type) : variable name, REAL(8)
      |(Attributes)     : ALLOCATABLE, DIMENSION, SAVE, host-associated
      |(Declaration)    : 
      |(Definition)     : 61
      |(Reference)      : 
     chig
      |(Class and Type) : variable name, REAL(8)
      |(Attributes)     : ALLOCATABLE, DIMENSION, SAVE, host-associated
      |(Declaration)    : 
      |(Definition)     : 77  104
      |(Reference)      : 
     clow
      |(Class and Type) : variable name, REAL(8)
      |(Attributes)     : ALLOCATABLE, DIMENSION, SAVE, host-associated
      |(Declaration)    : 
      |(Definition)     : 77  106
      |(Reference)      : 
     cmid
      |(Class and Type) : variable name, REAL(8)
      |(Attributes)     : ALLOCATABLE, DIMENSION, SAVE, host-associated
      |(Declaration)    : 
      |(Definition)     : 77  105
      |(Reference)      : 
     cnvcr
      |(Class and Type) : variable name, REAL(8)
      |(Attributes)     : ALLOCATABLE, DIMENSION, SAVE, host-associated
      |(Declaration)    : 
      |(Definition)     : 61  74
      |(Reference)      : 
     cnvwr
      |(Class and Type) : variable name, REAL(8)
      |(Attributes)     : ALLOCATABLE, DIMENSION, SAVE, host-associated
      |(Declaration)    : 
      |(Definition)     : 61  75
      |(Reference)      : 
     cof
      |(Class and Type) : variable name, REAL(8)
      |(Attributes)     : ALLOCATABLE, DIMENSION, SAVE, host-associated
      |(Declaration)    : 
      |(Definition)     : 128  138
      |(Reference)      : 
     cosz
      |(Class and Type) : variable name, REAL(8)
      |(Attributes)     : ALLOCATABLE, DIMENSION, SAVE, host-associated
      |(Declaration)    : 
      |(Definition)     : 77
      |(Reference)      : 
     ctot
      |(Class and Type) : variable name, REAL(8)
      |(Attributes)     : ALLOCATABLE, DIMENSION, SAVE, host-associated
      |(Declaration)    : 
      |(Definition)     : 77  103
      |(Reference)      : 
     cumtop
      |(Class and Type) : variable name, REAL(8)
      |(Attributes)     : ALLOCATABLE, DIMENSION, SAVE, host-associated
      |(Declaration)    : 
      |(Definition)     : 77
      |(Reference)      : 
     curate
      |(Class and Type) : variable name, REAL(8)
      |(Attributes)     : ALLOCATABLE, DIMENSION, SAVE, host-associated
      |(Declaration)    : 
      |(Definition)     : 77  110
      |(Reference)      : 
     deltaq
      |(Class and Type) : variable name, REAL(8)
      |(Attributes)     : ALLOCATABLE, DIMENSION, SAVE, host-associated
      |(Declaration)    : 
      |(Definition)     : 61  73
      |(Reference)      : 
     dtcup
      |(Class and Type) : variable name, REAL(8)
      |(Attributes)     : ALLOCATABLE, DIMENSION, SAVE, host-associated
      |(Declaration)    : 
      |(Definition)     : 161  172
      |(Reference)      : 
     dtlsp
      |(Class and Type) : variable name, REAL(8)
      |(Attributes)     : ALLOCATABLE, DIMENSION, SAVE, host-associated
      |(Declaration)    : 
      |(Definition)     : 161  178
      |(Reference)      : 
     dtrad
      |(Class and Type) : variable name, REAL(8)
      |(Attributes)     : ALLOCATABLE, DIMENSION, SAVE, host-associated
      |(Declaration)    : 
      |(Definition)     : 61
      |(Reference)      : 
     dtshl
      |(Class and Type) : variable name, REAL(8)
      |(Attributes)     : ALLOCATABLE, DIMENSION, SAVE, host-associated
      |(Declaration)    : 
      |(Definition)     : 161  175
      |(Reference)      : 
     ducup
      |(Class and Type) : variable name, REAL(8)
      |(Attributes)     : ALLOCATABLE, DIMENSION, SAVE, host-associated
      |(Declaration)    : 
      |(Definition)     : 161  173
      |(Reference)      : 
     dulsp
      |(Class and Type) : variable name, REAL(8)
      |(Attributes)     : ALLOCATABLE, DIMENSION, SAVE, host-associated
      |(Declaration)    : 
      |(Definition)     : 161  179
      |(Reference)      : 
     dushl
      |(Class and Type) : variable name, REAL(8)
      |(Attributes)     : ALLOCATABLE, DIMENSION, SAVE, host-associated
      |(Declaration)    : 
      |(Definition)     : 161  176
      |(Reference)      : 
     dvcup
      |(Class and Type) : variable name, REAL(8)
      |(Attributes)     : ALLOCATABLE, DIMENSION, SAVE, host-associated
      |(Declaration)    : 
      |(Definition)     : 161  174
      |(Reference)      : 
     dvlsp
      |(Class and Type) : variable name, REAL(8)
      |(Attributes)     : ALLOCATABLE, DIMENSION, SAVE, host-associated
      |(Declaration)    : 
      |(Definition)     : 161  180
      |(Reference)      : 
     dvshl
      |(Class and Type) : variable name, REAL(8)
      |(Attributes)     : ALLOCATABLE, DIMENSION, SAVE, host-associated
      |(Declaration)    : 
      |(Definition)     : 161  177
      |(Reference)      : 
     e
      |(Class and Type) : variable name, REAL(8)
      |(Attributes)     : ALLOCATABLE, DIMENSION, SAVE, host-associated
      |(Declaration)    : 
      |(Definition)     : 61
      |(Reference)      : 
     eps
      |(Class and Type) : variable name, REAL(8)
      |(Attributes)     : ALLOCATABLE, DIMENSION, SAVE, host-associated
      |(Declaration)    : 
      |(Definition)     : 61
      |(Reference)      : 
     fh
      |(Class and Type) : variable name, REAL(8)
      |(Attributes)     : ALLOCATABLE, DIMENSION, SAVE, host-associated
      |(Declaration)    : 
      |(Definition)     : 140
      |(Reference)      : 
     fh2
      |(Class and Type) : variable name, REAL(8)
      |(Attributes)     : ALLOCATABLE, DIMENSION, SAVE, host-associated
      |(Declaration)    : 
      |(Definition)     : 140
      |(Reference)      : 
     fm
      |(Class and Type) : variable name, REAL(8)
      |(Attributes)     : ALLOCATABLE, DIMENSION, SAVE, host-associated
      |(Declaration)    : 
      |(Definition)     : 140
      |(Reference)      : 
     fm10
      |(Class and Type) : variable name, REAL(8)
      |(Attributes)     : ALLOCATABLE, DIMENSION, SAVE, host-associated
      |(Declaration)    : 
      |(Definition)     : 140
      |(Reference)      : 
     fpsp
      |(Class and Type) : variable name, REAL(8)
      |(Attributes)     : ALLOCATABLE, DIMENSION, SAVE, host-associated
      |(Declaration)    : 
      |(Definition)     : 154
      |(Reference)      : 
     fpsp1
      |(Class and Type) : variable name, REAL(8)
      |(Attributes)     : ALLOCATABLE, DIMENSION, SAVE, host-associated
      |(Declaration)    : 
      |(Definition)     : 154
      |(Reference)      : 
     fqp
      |(Class and Type) : variable name, REAL(8)
      |(Attributes)     : ALLOCATABLE, DIMENSION, SAVE, host-associated
      |(Declaration)    : 
      |(Definition)     : 61
      |(Reference)      : 
     fqp1
      |(Class and Type) : variable name, REAL(8)
      |(Attributes)     : ALLOCATABLE, DIMENSION, SAVE, host-associated
      |(Declaration)    : 
      |(Definition)     : 61
      |(Reference)      : 
     ftp
      |(Class and Type) : variable name, REAL(8)
      |(Attributes)     : ALLOCATABLE, DIMENSION, SAVE, host-associated
      |(Declaration)    : 
      |(Definition)     : 61
      |(Reference)      : 
     ftp1
      |(Class and Type) : variable name, REAL(8)
      |(Attributes)     : ALLOCATABLE, DIMENSION, SAVE, host-associated
      |(Declaration)    : 
      |(Definition)     : 61
      |(Reference)      : 
     gwclim
      |(Class and Type) : variable name, REAL(8)
      |(Attributes)     : ALLOCATABLE, DIMENSION, SAVE, host-associated
      |(Declaration)    : 
      |(Definition)     : 77
      |(Reference)      : 
     gwet
      |(Class and Type) : variable name, REAL(8)
      |(Attributes)     : ALLOCATABLE, DIMENSION, SAVE, host-associated
      |(Declaration)    : 
      |(Definition)     : 77
      |(Reference)      : 
     gwr
      |(Class and Type) : variable name, REAL(8)
      |(Attributes)     : ALLOCATABLE, DIMENSION, SAVE, host-associated
      |(Declaration)    : 
      |(Definition)     : 77  152
      |(Reference)      : 
     hflux
      |(Class and Type) : variable name, REAL(8)
      |(Attributes)     : ALLOCATABLE, DIMENSION, SAVE, host-associated
      |(Declaration)    : 
      |(Definition)     : 77
      |(Reference)      : 
     hpbl
      |(Class and Type) : variable name, REAL(8)
      |(Attributes)     : ALLOCATABLE, DIMENSION, SAVE, host-associated
      |(Declaration)    : 
      |(Definition)     : 77  107
      |(Reference)      : 
     ib
      |(Class and Type) : variable name, INTEGER(4)
      |(Attributes)     : ALLOCATABLE, DIMENSION, SAVE, host-associated
      |(Declaration)    : 
      |(Definition)     : 120  137
      |(Reference)      : 
     ice
      |(Class and Type) : variable name, LOGICAL(4)
      |(Attributes)     : ALLOCATABLE, DIMENSION, SAVE, host-associated
      |(Declaration)    : 
      |(Definition)     : 113
      |(Reference)      : 
     ierr
      |(Class and Type) : variable name, INTEGER(4)
      |(Attributes)     : 
      |(Declaration)    : 59
      |(Definition)     : 61  77  113  120  128  140  154  161  184  185
      |(Reference)      : 69  93  115  122  130  145  156  167  186
     il
      |(Class and Type) : variable name, INTEGER(4)
      |(Attributes)     : ALLOCATABLE, DIMENSION, SAVE, host-associated
      |(Declaration)    : 
      |(Definition)     : 120  136
      |(Reference)      : 
     land
      |(Class and Type) : variable name, LOGICAL(4)
      |(Attributes)     : ALLOCATABLE, DIMENSION, SAVE, host-associated
      |(Declaration)    : 
      |(Definition)     : 113
      |(Reference)      : 
     lev
      |(Class and Type) : variable name, INTEGER(4)
      |(Attributes)     : common-block-object, host-associated
      |(Declaration)    : 
      |(Definition)     : 
      |(Reference)      : 61  61  61  61  61  61  61  61  61  61  61  61  61  77  161  161  161  161  161  161  161  161  161
     ls_full
      |(Class and Type) : variable name, INTEGER(4)
      |(Attributes)     : ALLOCATABLE, DIMENSION, SAVE, host-associated
      |(Declaration)    : 
      |(Definition)     : 184  190
      |(Reference)      : 
     ls_redu
      |(Class and Type) : variable name, INTEGER(4)
      |(Attributes)     : ALLOCATABLE, DIMENSION, SAVE, host-associated
      |(Declaration)    : 
      |(Definition)     : 184  191
      |(Reference)      : 
     my
      |(Class and Type) : variable name, INTEGER(4)
      |(Attributes)     : common-block-object, host-associated
      |(Declaration)    : 
      |(Definition)     : 
      |(Reference)      : 77  128  184  184  185
     my_max
      |(Class and Type) : variable name, INTEGER(4)
      |(Attributes)     : common-block-object, host-associated
      |(Declaration)    : 
      |(Definition)     : 
      |(Reference)      : 61  61  61  61  61  61  61  61  61  61  61  61  61  77  77  77  77  77  77  77  77  77  77  77  77  77  77  77  77  77  77  77  77  77  77  77  77  77  77  77  77  77  77  77  77  77  77  77  113  113  113  128  140  140  140  140  140  140  140  140  140  140  140  154  154  161  161  161  161  161  161  161  161  161
     nx
      |(Class and Type) : variable name, INTEGER(4)
      |(Attributes)     : common-block-object, host-associated
      |(Declaration)    : 
      |(Definition)     : 
      |(Reference)      : 128  184  184  185
     nxp
      |(Class and Type) : variable name, INTEGER(4)
      |(Attributes)     : common-block-object, host-associated
      |(Declaration)    : 
      |(Definition)     : 
      |(Reference)      : 61  61  61  61  61  61  61  61  61  61  61  61  61  77  77  77  77  77  77  77  77  77  77  77  77  77  77  77  77  77  77  77  77  77  77  77  77  77  77  77  77  77  77  77  77  77  77  77  113  113  113  120  120  128  140  140  140  140  140  140  140  140  140  140  140  154  154  161  161  161  161  161  161  161  161  161
     o3l
      |(Class and Type) : variable name, REAL(8)
      |(Attributes)     : ALLOCATABLE, DIMENSION, SAVE, host-associated
      |(Declaration)    : 
      |(Definition)     : 61
      |(Reference)      : 
     ocean
      |(Class and Type) : variable name, LOGICAL(4)
      |(Attributes)     : ALLOCATABLE, DIMENSION, SAVE, host-associated
      |(Declaration)    : 
      |(Definition)     : 113
      |(Reference)      : 
     outp
      |(Class and Type) : variable name, REAL(8)
      |(Attributes)     : ALLOCATABLE, DIMENSION, SAVE, host-associated
      |(Declaration)    : 
      |(Definition)     : 185  192
      |(Reference)      : 
     plcl
      |(Class and Type) : variable name, REAL(8)
      |(Attributes)     : ALLOCATABLE, DIMENSION, SAVE, host-associated
      |(Declaration)    : 
      |(Definition)     : 77
      |(Reference)      : 
     q2
      |(Class and Type) : variable name, REAL(8)
      |(Attributes)     : ALLOCATABLE, DIMENSION, SAVE, host-associated
      |(Declaration)    : 
      |(Definition)     : 140
      |(Reference)      : 
     qflux
      |(Class and Type) : variable name, REAL(8)
      |(Attributes)     : ALLOCATABLE, DIMENSION, SAVE, host-associated
      |(Declaration)    : 
      |(Definition)     : 77
      |(Reference)      : 
     qstar
      |(Class and Type) : variable name, REAL(8)
      |(Attributes)     : ALLOCATABLE, DIMENSION, SAVE, host-associated
      |(Declaration)    : 
      |(Definition)     : 77
      |(Reference)      : 
     raincu
      |(Class and Type) : variable name, REAL(8)
      |(Attributes)     : ALLOCATABLE, DIMENSION, SAVE, host-associated
      |(Declaration)    : 
      |(Definition)     : 77
      |(Reference)      : 
     raincu1
      |(Class and Type) : variable name, REAL(8)
      |(Attributes)     : ALLOCATABLE, DIMENSION, SAVE, host-associated
      |(Declaration)    : 
      |(Definition)     : 77
      |(Reference)      : 
     raincu3
      |(Class and Type) : variable name, REAL(8)
      |(Attributes)     : ALLOCATABLE, DIMENSION, SAVE, host-associated
      |(Declaration)    : 
      |(Definition)     : 77
      |(Reference)      : 
     raincu6
      |(Class and Type) : variable name, REAL(8)
      |(Attributes)     : ALLOCATABLE, DIMENSION, SAVE, host-associated
      |(Declaration)    : 
      |(Definition)     : 77
      |(Reference)      : 
     rainlp
      |(Class and Type) : variable name, REAL(8)
      |(Attributes)     : ALLOCATABLE, DIMENSION, SAVE, host-associated
      |(Declaration)    : 
      |(Definition)     : 77
      |(Reference)      : 
     rainlp1
      |(Class and Type) : variable name, REAL(8)
      |(Attributes)     : ALLOCATABLE, DIMENSION, SAVE, host-associated
      |(Declaration)    : 
      |(Definition)     : 77
      |(Reference)      : 
     rainlp3
      |(Class and Type) : variable name, REAL(8)
      |(Attributes)     : ALLOCATABLE, DIMENSION, SAVE, host-associated
      |(Declaration)    : 
      |(Definition)     : 77
      |(Reference)      : 
     rainlp6
      |(Class and Type) : variable name, REAL(8)
      |(Attributes)     : ALLOCATABLE, DIMENSION, SAVE, host-associated
      |(Declaration)    : 
      |(Definition)     : 77
      |(Reference)      : 
     raintot
      |(Class and Type) : variable name, REAL(8)
      |(Attributes)     : ALLOCATABLE, DIMENSION, SAVE, host-associated
      |(Declaration)    : 
      |(Definition)     : 77
      |(Reference)      : 
     rh10
      |(Class and Type) : variable name, REAL(8)
      |(Attributes)     : ALLOCATABLE, DIMENSION, SAVE, host-associated
      |(Declaration)    : 
      |(Definition)     : 140  151
      |(Reference)      : 
     rh2
      |(Class and Type) : variable name, REAL(8)
      |(Attributes)     : ALLOCATABLE, DIMENSION, SAVE, host-associated
      |(Declaration)    : 
      |(Definition)     : 140  150
      |(Reference)      : 
     rs
      |(Class and Type) : variable name, REAL(8)
      |(Attributes)     : ALLOCATABLE, DIMENSION, SAVE, host-associated
      |(Declaration)    : 
      |(Definition)     : 77  100
      |(Reference)      : 
     snr
      |(Class and Type) : variable name, REAL(8)
      |(Attributes)     : ALLOCATABLE, DIMENSION, SAVE, host-associated
      |(Declaration)    : 
      |(Definition)     : 77
      |(Reference)      : 
     srflag
      |(Class and Type) : variable name, REAL(8)
      |(Attributes)     : ALLOCATABLE, DIMENSION, SAVE, host-associated
      |(Declaration)    : 
      |(Definition)     : 140
      |(Reference)      : 
     ss
      |(Class and Type) : variable name, REAL(8)
      |(Attributes)     : ALLOCATABLE, DIMENSION, SAVE, host-associated
      |(Declaration)    : 
      |(Definition)     : 77  99
      |(Reference)      : 
     t2
      |(Class and Type) : variable name, REAL(8)
      |(Attributes)     : ALLOCATABLE, DIMENSION, SAVE, host-associated
      |(Declaration)    : 
      |(Definition)     : 140
      |(Reference)      : 
     tg
      |(Class and Type) : variable name, REAL(8)
      |(Attributes)     : ALLOCATABLE, DIMENSION, SAVE, host-associated
      |(Declaration)    : 
      |(Definition)     : 77
      |(Reference)      : 
     tgclim
      |(Class and Type) : variable name, REAL(8)
      |(Attributes)     : ALLOCATABLE, DIMENSION, SAVE, host-associated
      |(Declaration)    : 
      |(Definition)     : 77
      |(Reference)      : 
     totalp
      |(Class and Type) : variable name, REAL(8)
      |(Attributes)     : ALLOCATABLE, DIMENSION, SAVE, host-associated
      |(Declaration)    : 
      |(Definition)     : 77
      |(Reference)      : 
     tsflw
      |(Class and Type) : variable name, REAL(8)
      |(Attributes)     : ALLOCATABLE, DIMENSION, SAVE, host-associated
      |(Declaration)    : 
      |(Definition)     : 77  111
      |(Reference)      : 
     tstar
      |(Class and Type) : variable name, REAL(8)
      |(Attributes)     : ALLOCATABLE, DIMENSION, SAVE, host-associated
      |(Declaration)    : 
      |(Definition)     : 77
      |(Reference)      : 
     u10
      |(Class and Type) : variable name, REAL(8)
      |(Attributes)     : ALLOCATABLE, DIMENSION, SAVE, host-associated
      |(Declaration)    : 
      |(Definition)     : 140
      |(Reference)      : 
     ustar
      |(Class and Type) : variable name, REAL(8)
      |(Attributes)     : ALLOCATABLE, DIMENSION, SAVE, host-associated
      |(Declaration)    : 
      |(Definition)     : 77
      |(Reference)      : 
     v10
      |(Class and Type) : variable name, REAL(8)
      |(Attributes)     : ALLOCATABLE, DIMENSION, SAVE, host-associated
      |(Declaration)    : 
      |(Definition)     : 140
      |(Reference)      : 
     xlat
      |(Class and Type) : variable name, REAL(8)
      |(Attributes)     : ALLOCATABLE, DIMENSION, SAVE, host-associated
      |(Declaration)    : 
      |(Definition)     : 128
      |(Reference)      : 
     xlon
      |(Class and Type) : variable name, REAL(8)
      |(Attributes)     : ALLOCATABLE, DIMENSION, SAVE, host-associated
      |(Declaration)    : 
      |(Definition)     : 128
      |(Reference)      : 
     z0
      |(Class and Type) : variable name, REAL(8)
      |(Attributes)     : ALLOCATABLE, DIMENSION, SAVE, host-associated
      |(Declaration)    : 
      |(Definition)     : 77
      |(Reference)      : 

 Scoping unit of module sub-program : deallocate_phygrid_array
   Attribute and Cross reference of name
     acld
      |(Class and Type) : variable name, REAL(8)
      |(Attributes)     : ALLOCATABLE, DIMENSION, SAVE, host-associated
      |(Declaration)    : 
      |(Definition)     : 203
      |(Reference)      : 
     alb
      |(Class and Type) : variable name, REAL(8)
      |(Attributes)     : ALLOCATABLE, DIMENSION, SAVE, host-associated
      |(Declaration)    : 
      |(Definition)     : 203
      |(Reference)      : 
     asl
      |(Class and Type) : variable name, REAL(8)
      |(Attributes)     : ALLOCATABLE, DIMENSION, SAVE, host-associated
      |(Declaration)    : 
      |(Definition)     : 201
      |(Reference)      : 
     atl
      |(Class and Type) : variable name, REAL(8)
      |(Attributes)     : ALLOCATABLE, DIMENSION, SAVE, host-associated
      |(Declaration)    : 
      |(Definition)     : 201
      |(Reference)      : 
     chig
      |(Class and Type) : variable name, REAL(8)
      |(Attributes)     : ALLOCATABLE, DIMENSION, SAVE, host-associated
      |(Declaration)    : 
      |(Definition)     : 203
      |(Reference)      : 
     clow
      |(Class and Type) : variable name, REAL(8)
      |(Attributes)     : ALLOCATABLE, DIMENSION, SAVE, host-associated
      |(Declaration)    : 
      |(Definition)     : 203
      |(Reference)      : 
     cmid
      |(Class and Type) : variable name, REAL(8)
      |(Attributes)     : ALLOCATABLE, DIMENSION, SAVE, host-associated
      |(Declaration)    : 
      |(Definition)     : 203
      |(Reference)      : 
     cnvcr
      |(Class and Type) : variable name, REAL(8)
      |(Attributes)     : ALLOCATABLE, DIMENSION, SAVE, host-associated
      |(Declaration)    : 
      |(Definition)     : 202
      |(Reference)      : 
     cnvwr
      |(Class and Type) : variable name, REAL(8)
      |(Attributes)     : ALLOCATABLE, DIMENSION, SAVE, host-associated
      |(Declaration)    : 
      |(Definition)     : 202
      |(Reference)      : 
     cof
      |(Class and Type) : variable name, REAL(8)
      |(Attributes)     : ALLOCATABLE, DIMENSION, SAVE, host-associated
      |(Declaration)    : 
      |(Definition)     : 211
      |(Reference)      : 
     cosz
      |(Class and Type) : variable name, REAL(8)
      |(Attributes)     : ALLOCATABLE, DIMENSION, SAVE, host-associated
      |(Declaration)    : 
      |(Definition)     : 203
      |(Reference)      : 
     ctot
      |(Class and Type) : variable name, REAL(8)
      |(Attributes)     : ALLOCATABLE, DIMENSION, SAVE, host-associated
      |(Declaration)    : 
      |(Definition)     : 203
      |(Reference)      : 
     cumtop
      |(Class and Type) : variable name, REAL(8)
      |(Attributes)     : ALLOCATABLE, DIMENSION, SAVE, host-associated
      |(Declaration)    : 
      |(Definition)     : 203
      |(Reference)      : 
     curate
      |(Class and Type) : variable name, REAL(8)
      |(Attributes)     : ALLOCATABLE, DIMENSION, SAVE, host-associated
      |(Declaration)    : 
      |(Definition)     : 203
      |(Reference)      : 
     deallocate_phygrid_array
      |(Class and Type) : module subroutine name
      |(Attributes)     : 
      |(Declaration)    : 
      |(Definition)     : 199
      |(Reference)      : 
     deltaq
      |(Class and Type) : variable name, REAL(8)
      |(Attributes)     : ALLOCATABLE, DIMENSION, SAVE, host-associated
      |(Declaration)    : 
      |(Definition)     : 202
      |(Reference)      : 
     dtcup
      |(Class and Type) : variable name, REAL(8)
      |(Attributes)     : ALLOCATABLE, DIMENSION, SAVE, host-associated
      |(Declaration)    : 
      |(Definition)     : 216
      |(Reference)      : 
     dtlsp
      |(Class and Type) : variable name, REAL(8)
      |(Attributes)     : ALLOCATABLE, DIMENSION, SAVE, host-associated
      |(Declaration)    : 
      |(Definition)     : 216
      |(Reference)      : 
     dtrad
      |(Class and Type) : variable name, REAL(8)
      |(Attributes)     : ALLOCATABLE, DIMENSION, SAVE, host-associated
      |(Declaration)    : 
      |(Definition)     : 201
      |(Reference)      : 
     dtshl
      |(Class and Type) : variable name, REAL(8)
      |(Attributes)     : ALLOCATABLE, DIMENSION, SAVE, host-associated
      |(Declaration)    : 
      |(Definition)     : 216
      |(Reference)      : 
     ducup
      |(Class and Type) : variable name, REAL(8)
      |(Attributes)     : ALLOCATABLE, DIMENSION, SAVE, host-associated
      |(Declaration)    : 
      |(Definition)     : 216
      |(Reference)      : 
     dulsp
      |(Class and Type) : variable name, REAL(8)
      |(Attributes)     : ALLOCATABLE, DIMENSION, SAVE, host-associated
      |(Declaration)    : 
      |(Definition)     : 216
      |(Reference)      : 
     dushl
      |(Class and Type) : variable name, REAL(8)
      |(Attributes)     : ALLOCATABLE, DIMENSION, SAVE, host-associated
      |(Declaration)    : 
      |(Definition)     : 216
      |(Reference)      : 
     dvcup
      |(Class and Type) : variable name, REAL(8)
      |(Attributes)     : ALLOCATABLE, DIMENSION, SAVE, host-associated
      |(Declaration)    : 
      |(Definition)     : 216
      |(Reference)      : 
     dvlsp
      |(Class and Type) : variable name, REAL(8)
      |(Attributes)     : ALLOCATABLE, DIMENSION, SAVE, host-associated
      |(Declaration)    : 
      |(Definition)     : 216
      |(Reference)      : 
     dvshl
      |(Class and Type) : variable name, REAL(8)
      |(Attributes)     : ALLOCATABLE, DIMENSION, SAVE, host-associated
      |(Declaration)    : 
      |(Definition)     : 216
      |(Reference)      : 
     e
      |(Class and Type) : variable name, REAL(8)
      |(Attributes)     : ALLOCATABLE, DIMENSION, SAVE, host-associated
      |(Declaration)    : 
      |(Definition)     : 201
      |(Reference)      : 
     eps
      |(Class and Type) : variable name, REAL(8)
      |(Attributes)     : ALLOCATABLE, DIMENSION, SAVE, host-associated
      |(Declaration)    : 
      |(Definition)     : 201
      |(Reference)      : 
     fh
      |(Class and Type) : variable name, REAL(8)
      |(Attributes)     : ALLOCATABLE, DIMENSION, SAVE, host-associated
      |(Declaration)    : 
      |(Definition)     : 212
      |(Reference)      : 
     fh2
      |(Class and Type) : variable name, REAL(8)
      |(Attributes)     : ALLOCATABLE, DIMENSION, SAVE, host-associated
      |(Declaration)    : 
      |(Definition)     : 212
      |(Reference)      : 
     fm
      |(Class and Type) : variable name, REAL(8)
      |(Attributes)     : ALLOCATABLE, DIMENSION, SAVE, host-associated
      |(Declaration)    : 
      |(Definition)     : 212
      |(Reference)      : 
     fm10
      |(Class and Type) : variable name, REAL(8)
      |(Attributes)     : ALLOCATABLE, DIMENSION, SAVE, host-associated
      |(Declaration)    : 
      |(Definition)     : 212
      |(Reference)      : 
     fpsp
      |(Class and Type) : variable name, REAL(8)
      |(Attributes)     : ALLOCATABLE, DIMENSION, SAVE, host-associated
      |(Declaration)    : 
      |(Definition)     : 213
      |(Reference)      : 
     fpsp1
      |(Class and Type) : variable name, REAL(8)
      |(Attributes)     : ALLOCATABLE, DIMENSION, SAVE, host-associated
      |(Declaration)    : 
      |(Definition)     : 213
      |(Reference)      : 
     fqp
      |(Class and Type) : variable name, REAL(8)
      |(Attributes)     : ALLOCATABLE, DIMENSION, SAVE, host-associated
      |(Declaration)    : 
      |(Definition)     : 201
      |(Reference)      : 
     fqp1
      |(Class and Type) : variable name, REAL(8)
      |(Attributes)     : ALLOCATABLE, DIMENSION, SAVE, host-associated
      |(Declaration)    : 
      |(Definition)     : 201
      |(Reference)      : 
     ftp
      |(Class and Type) : variable name, REAL(8)
      |(Attributes)     : ALLOCATABLE, DIMENSION, SAVE, host-associated
      |(Declaration)    : 
      |(Definition)     : 201
      |(Reference)      : 
     ftp1
      |(Class and Type) : variable name, REAL(8)
      |(Attributes)     : ALLOCATABLE, DIMENSION, SAVE, host-associated
      |(Declaration)    : 
      |(Definition)     : 201
      |(Reference)      : 
     gwclim
      |(Class and Type) : variable name, REAL(8)
      |(Attributes)     : ALLOCATABLE, DIMENSION, SAVE, host-associated
      |(Declaration)    : 
      |(Definition)     : 203
      |(Reference)      : 
     gwet
      |(Class and Type) : variable name, REAL(8)
      |(Attributes)     : ALLOCATABLE, DIMENSION, SAVE, host-associated
      |(Declaration)    : 
      |(Definition)     : 203
      |(Reference)      : 
     gwr
      |(Class and Type) : variable name, REAL(8)
      |(Attributes)     : ALLOCATABLE, DIMENSION, SAVE, host-associated
      |(Declaration)    : 
      |(Definition)     : 203
      |(Reference)      : 
     hflux
      |(Class and Type) : variable name, REAL(8)
      |(Attributes)     : ALLOCATABLE, DIMENSION, SAVE, host-associated
      |(Declaration)    : 
      |(Definition)     : 203
      |(Reference)      : 
     hpbl
      |(Class and Type) : variable name, REAL(8)
      |(Attributes)     : ALLOCATABLE, DIMENSION, SAVE, host-associated
      |(Declaration)    : 
      |(Definition)     : 203
      |(Reference)      : 
     ib
      |(Class and Type) : variable name, INTEGER(4)
      |(Attributes)     : ALLOCATABLE, DIMENSION, SAVE, host-associated
      |(Declaration)    : 
      |(Definition)     : 210
      |(Reference)      : 
     ice
      |(Class and Type) : variable name, LOGICAL(4)
      |(Attributes)     : ALLOCATABLE, DIMENSION, SAVE, host-associated
      |(Declaration)    : 
      |(Definition)     : 209
      |(Reference)      : 
     il
      |(Class and Type) : variable name, INTEGER(4)
      |(Attributes)     : ALLOCATABLE, DIMENSION, SAVE, host-associated
      |(Declaration)    : 
      |(Definition)     : 210
      |(Reference)      : 
     land
      |(Class and Type) : variable name, LOGICAL(4)
      |(Attributes)     : ALLOCATABLE, DIMENSION, SAVE, host-associated
      |(Declaration)    : 
      |(Definition)     : 209
      |(Reference)      : 
     ls_full
      |(Class and Type) : variable name, INTEGER(4)
      |(Attributes)     : ALLOCATABLE, DIMENSION, SAVE, host-associated
      |(Declaration)    : 
      |(Definition)     : 218
      |(Reference)      : 
     ls_redu
      |(Class and Type) : variable name, INTEGER(4)
      |(Attributes)     : ALLOCATABLE, DIMENSION, SAVE, host-associated
      |(Declaration)    : 
      |(Definition)     : 218
      |(Reference)      : 
     o3l
      |(Class and Type) : variable name, REAL(8)
      |(Attributes)     : ALLOCATABLE, DIMENSION, SAVE, host-associated
      |(Declaration)    : 
      |(Definition)     : 201
      |(Reference)      : 
     ocean
      |(Class and Type) : variable name, LOGICAL(4)
      |(Attributes)     : ALLOCATABLE, DIMENSION, SAVE, host-associated
      |(Declaration)    : 
      |(Definition)     : 209
      |(Reference)      : 
     outp
      |(Class and Type) : variable name, REAL(8)
      |(Attributes)     : ALLOCATABLE, DIMENSION, SAVE, host-associated
      |(Declaration)    : 
      |(Definition)     : 219
      |(Reference)      : 
     plcl
      |(Class and Type) : variable name, REAL(8)
      |(Attributes)     : ALLOCATABLE, DIMENSION, SAVE, host-associated
      |(Declaration)    : 
      |(Definition)     : 203
      |(Reference)      : 
     q2
      |(Class and Type) : variable name, REAL(8)
      |(Attributes)     : ALLOCATABLE, DIMENSION, SAVE, host-associated
      |(Declaration)    : 
      |(Definition)     : 212
      |(Reference)      : 
     qflux
      |(Class and Type) : variable name, REAL(8)
      |(Attributes)     : ALLOCATABLE, DIMENSION, SAVE, host-associated
      |(Declaration)    : 
      |(Definition)     : 203
      |(Reference)      : 
     qstar
      |(Class and Type) : variable name, REAL(8)
      |(Attributes)     : ALLOCATABLE, DIMENSION, SAVE, host-associated
      |(Declaration)    : 
      |(Definition)     : 203
      |(Reference)      : 
     raincu
      |(Class and Type) : variable name, REAL(8)
      |(Attributes)     : ALLOCATABLE, DIMENSION, SAVE, host-associated
      |(Declaration)    : 
      |(Definition)     : 203
      |(Reference)      : 
     raincu1
      |(Class and Type) : variable name, REAL(8)
      |(Attributes)     : ALLOCATABLE, DIMENSION, SAVE, host-associated
      |(Declaration)    : 
      |(Definition)     : 214
      |(Reference)      : 
     raincu3
      |(Class and Type) : variable name, REAL(8)
      |(Attributes)     : ALLOCATABLE, DIMENSION, SAVE, host-associated
      |(Declaration)    : 
      |(Definition)     : 214
      |(Reference)      : 
     raincu6
      |(Class and Type) : variable name, REAL(8)
      |(Attributes)     : ALLOCATABLE, DIMENSION, SAVE, host-associated
      |(Declaration)    : 
      |(Definition)     : 214
      |(Reference)      : 
     rainlp
      |(Class and Type) : variable name, REAL(8)
      |(Attributes)     : ALLOCATABLE, DIMENSION, SAVE, host-associated
      |(Declaration)    : 
      |(Definition)     : 203
      |(Reference)      : 
     rainlp1
      |(Class and Type) : variable name, REAL(8)
      |(Attributes)     : ALLOCATABLE, DIMENSION, SAVE, host-associated
      |(Declaration)    : 
      |(Definition)     : 214
      |(Reference)      : 
     rainlp3
      |(Class and Type) : variable name, REAL(8)
      |(Attributes)     : ALLOCATABLE, DIMENSION, SAVE, host-associated
      |(Declaration)    : 
      |(Definition)     : 214
      |(Reference)      : 
     rainlp6
      |(Class and Type) : variable name, REAL(8)
      |(Attributes)     : ALLOCATABLE, DIMENSION, SAVE, host-associated
      |(Declaration)    : 
      |(Definition)     : 214
      |(Reference)      : 
     raintot
      |(Class and Type) : variable name, REAL(8)
      |(Attributes)     : ALLOCATABLE, DIMENSION, SAVE, host-associated
      |(Declaration)    : 
      |(Definition)     : 203
      |(Reference)      : 
     rh10
      |(Class and Type) : variable name, REAL(8)
      |(Attributes)     : ALLOCATABLE, DIMENSION, SAVE, host-associated
      |(Declaration)    : 
      |(Definition)     : 212
      |(Reference)      : 
     rh2
      |(Class and Type) : variable name, REAL(8)
      |(Attributes)     : ALLOCATABLE, DIMENSION, SAVE, host-associated
      |(Declaration)    : 
      |(Definition)     : 212
      |(Reference)      : 
     rs
      |(Class and Type) : variable name, REAL(8)
      |(Attributes)     : ALLOCATABLE, DIMENSION, SAVE, host-associated
      |(Declaration)    : 
      |(Definition)     : 203
      |(Reference)      : 
     snr
      |(Class and Type) : variable name, REAL(8)
      |(Attributes)     : ALLOCATABLE, DIMENSION, SAVE, host-associated
      |(Declaration)    : 
      |(Definition)     : 203
      |(Reference)      : 
     srflag
      |(Class and Type) : variable name, REAL(8)
      |(Attributes)     : ALLOCATABLE, DIMENSION, SAVE, host-associated
      |(Declaration)    : 
      |(Definition)     : 212
      |(Reference)      : 
     ss
      |(Class and Type) : variable name, REAL(8)
      |(Attributes)     : ALLOCATABLE, DIMENSION, SAVE, host-associated
      |(Declaration)    : 
      |(Definition)     : 203
      |(Reference)      : 
     t2
      |(Class and Type) : variable name, REAL(8)
      |(Attributes)     : ALLOCATABLE, DIMENSION, SAVE, host-associated
      |(Declaration)    : 
      |(Definition)     : 212
      |(Reference)      : 
     tg
      |(Class and Type) : variable name, REAL(8)
      |(Attributes)     : ALLOCATABLE, DIMENSION, SAVE, host-associated
      |(Declaration)    : 
      |(Definition)     : 203
      |(Reference)      : 
     tgclim
      |(Class and Type) : variable name, REAL(8)
      |(Attributes)     : ALLOCATABLE, DIMENSION, SAVE, host-associated
      |(Declaration)    : 
      |(Definition)     : 203
      |(Reference)      : 
     totalp
      |(Class and Type) : variable name, REAL(8)
      |(Attributes)     : ALLOCATABLE, DIMENSION, SAVE, host-associated
      |(Declaration)    : 
      |(Definition)     : 203
      |(Reference)      : 
     tsflw
      |(Class and Type) : variable name, REAL(8)
      |(Attributes)     : ALLOCATABLE, DIMENSION, SAVE, host-associated
      |(Declaration)    : 
      |(Definition)     : 215
      |(Reference)      : 
     tstar
      |(Class and Type) : variable name, REAL(8)
      |(Attributes)     : ALLOCATABLE, DIMENSION, SAVE, host-associated
      |(Declaration)    : 
      |(Definition)     : 203
      |(Reference)      : 
     u10
      |(Class and Type) : variable name, REAL(8)
      |(Attributes)     : ALLOCATABLE, DIMENSION, SAVE, host-associated
      |(Declaration)    : 
      |(Definition)     : 212
      |(Reference)      : 
     ustar
      |(Class and Type) : variable name, REAL(8)
      |(Attributes)     : ALLOCATABLE, DIMENSION, SAVE, host-associated
      |(Declaration)    : 
      |(Definition)     : 203
      |(Reference)      : 
     v10
      |(Class and Type) : variable name, REAL(8)
      |(Attributes)     : ALLOCATABLE, DIMENSION, SAVE, host-associated
      |(Declaration)    : 
      |(Definition)     : 212
      |(Reference)      : 
     xlat
      |(Class and Type) : variable name, REAL(8)
      |(Attributes)     : ALLOCATABLE, DIMENSION, SAVE, host-associated
      |(Declaration)    : 
      |(Definition)     : 211
      |(Reference)      : 
     xlon
      |(Class and Type) : variable name, REAL(8)
      |(Attributes)     : ALLOCATABLE, DIMENSION, SAVE, host-associated
      |(Declaration)    : 
      |(Definition)     : 211
      |(Reference)      : 
     z0
      |(Class and Type) : variable name, REAL(8)
      |(Attributes)     : ALLOCATABLE, DIMENSION, SAVE, host-associated
      |(Declaration)    : 
      |(Definition)     : 203
      |(Reference)      : 

 Total information
   Procedures       : 1
   Total lines      : 226
   Total statements : 120
   Total stack(byte): 9888
   Total prefetch num: 0

