
 Fujitsu Fortran Version 4.6.1  Thu Dec 28 15:29:01 2023

 Compilation information
   Current directory : /IFS/nwpr/gfs/xb169/code_update/tco639l72_sp/src_rsm
   Source file       : mod_stochastic.f90

 Option information
   Command line options : -Kident_mpi -f2004 -c -X9 -Free -CcdRR8 -Cpp -Kfast,parallel,openmp,ocl,autoobjstack -x- -fw -Knofp_relaxed -SSL2BLAMP -Kopenmp,parallel -DTIMING -DUSE_FFTW -DW3TAG -DGFDLMP_v2 -DSP -Ec -Nlst=a,lst=d,lst=i,lst=p,lst=t,lst=x -Koptmsg=2 -I. -I/users/xa09/pkg/fx1000/fftw-3.3.10/include -I/package/fx1000/netcdf-4.7.4/include -I/package/fx1000/g2lib-1.4.0_cwb/include -L/package/fx1000/netcdf-4.7.4/lib -lnetcdff -lnetcdf -L/package/fx1000/hdf5-1.10.7/lib -lhdf5_hl -lhdf5 -L/package/fx1000/dms/lib -lrdms -lgdbm -L/package/fx1000/operlib/lib -lnwp -L/users/xa09/pkg/fx1000/fftw-3.3.10/lib -lfftw3f_threads -lfftw3f -lfftw3_threads -lfftw3 -SSL2BLAMP -L/package/fx1000/g2lib-1.4.0_cwb/lib -lg2 -L/package/fx1000/libpng-1.6.37/lib -lpng -L/package/fx1000/jasper-1.900.1/lib -ljasper -I/opt/FJSVxtclanga/.common/MELI025/include/mpi/fujitsu -I/opt/FJSVxtclanga/.common/MELI025/lib64 -Knointentopt
   Cpp options          : -DTIMING -DUSE_FFTW -DW3TAG -DGFDLMP_v2 -DSP -I. -I/users/xa09/pkg/fx1000/fftw-3.3.10/include -I/package/fx1000/netcdf-4.7.4/include -I/package/fx1000/g2lib-1.4.0_cwb/include -I/opt/FJSVxtclanga/.common/MELI025/include/mpi/fujitsu -I/opt/FJSVxtclanga/.common/MELI025/lib64 -Dunix -Dlinux -D__FUJITSU -D__FRT_major__=4 -D__FRT_minor__=6 -D__FRT_patchlevel__=1 -D__FRT_version__="4.6.1" -D__aarch64__ -D__unix -D_OPENMP=201511 -D__frt_version=800 -D__ARM_ARCH=8 -D__ARM_FEATURE_SVE -D__ELF__ -D__unix__ -D__linux__ -D__linux -Asystem(unix) -otmp
   Effective options    : -fw -g0 -AE -Ec -Free -O3 -X9
                          -CcdRR8 -x- -xaccept=nomodule_allocatable
                          -KA64FX -KARMV8_3_A -KSVE -Kalign_commons
                          -Kalign_loops -Knoarray_declaration_opt
                          -Kassume=noshortloop -Kassume=nomemory_bandwidth
                          -Kassume=notime_saving_compilation -Kauto
                          -Kautoobjstack -Knocalleralloc -Kcmodel=small
                          -Keval -Keval_noconcurrent -Knoextract_stride_store
                          -Knofenv_access -Kfp_contract -Knofp_relaxed
                          -Kfsimple -Kfz -Khpctag -Kilfunc=procedure
                          -Knointentopt -Klargepage -Kloop_blocking
                          -Kloop_fission -Kloop_nofission_stripmining
                          -Kloop_fission_threshold=50 -Kloop_fusion
                          -Kloop_interchange -Kloop_part_parallel
                          -Kloop_part_simd -Kloop_perfect_nest
                          -Kloop_noversioning -Knolto -Kmfunc=1 -Kocl
                          -Komitfp -Knooptlib_string -Koptmsg=2
                          -Knopc_relative_literal_loads -Kplt -Knopreex
                          -Kprefetch_noconditional -Kprefetch_noindirect
                          -Kprefetch_sequential=auto -Kprefetch_nostride
                          -Kprefetch_cache_level=all -Kprefetch_noinfer
                          -Kprefetch_strong -Kprefetch_strong_L2 -Knopreload
                          -Ksch_post_ra -Ksch_pre_ra -Ksibling_calls
                          -Ksimd=auto -Ksimd_packed_promotion
                          -Ksimd_reduction_product -Ksimd_reg_size=512
                          -Ksimd_nouncounted_loop
                          -Ksimd_use_multiple_structures -Knostriping
                          -Knosubscript_opt -Kswp -Kswp_freg_rate=100
                          -Kswp_ireg_rate=100 -Kswp_preg_rate=100
                          -Kswp_policy=auto -Ktemparraystack -Kunroll
                          -Knounroll_and_jam -Knozfill
                          -Kopenmp -Kopenmp_noassume_norecurrence
                          -Kopenmp_nocollapse_except_innermost
                          -Kopenmp_noordered_reduction -Knoopenmp_simd
                          -Kthreadsafe -Kparallel -Kparallel_nofp_precision
                          -Knoarray_private -Knodynamic_iteration -Kreduction
                          -Kregion_extension
                          -Nallextput -Nnoalloc_assign
                          -Ncancel_overtime_compilation -Nnocheck_global
                          -Nnocoarray -Nnocompdisp -Nnocopyarg -Nnocoverage
                          -Nfjprof -Nfreealloc -Nf90move -Nnohook_func
                          -Nnohook_time -Nlibomp -Nline -Nlst -Nlst=a -Nlst=d
                          -Nlst=i -Nlst=p -Nlst=t -Nlst=x -Nnomallocfree
                          -Nnoobsfun -Nnoprivatealloc -Nquickdbg=noargchk
                          -Nquickdbg=nosubchk -Nquickdbg=noundef -NRnotrap
                          -Nnorecursive -Nnoreordered_variable_stack
                          -Nrt_notune -Nnosave -Nsetvalue=noheap
                          -Nsetvalue=nostack -Nsetvalue=noscalar
                          -Nsetvalue=noarray -Nsetvalue=nostruct -Nuse_rodata

 Module "stochastic"
  (inc)(line-no.)(nest)(optimize)
               1                           module stochastic
               2                     
               3                           implicit none
               4                     
               5                           public
               6                     
               7                           integer, parameter :: num_domn=20,n_area=15
               8                     
               9                           integer n_domn,nx_st,my_st,ix_st(2,num_domn),jy_st(2,num_domn)
              10                           common/stochasI/n_domn,nx_st,my_st,ix_st,jy_st
              11                     
              12                           real    fstoc,taurepst,size_st,position(2,num_domn), &
              13                                   area_lon(n_area),area_lat(n_area)
              14                           common/stochasR/fstoc,taurepst,size_st,position,area_lon,area_lat
              15                     
              16                           logical dostoc
              17                           common/stochasL/dostoc
              18                     
              19                           end module stochastic

 Procedure information
   Lines      : 19
   Statements : 11
   Stack(byte): 352
   Prefetch num: 0

 Scoping unit of module : stochastic
   Attribute and Cross reference of name
     area_lat
      |(Class and Type) : variable name, REAL(8)
      |(Attributes)     : PUBLIC, DIMENSION, common-block-object
      |(Declaration)    : 12  14
      |(Definition)     : 
      |(Reference)      : 
     area_lon
      |(Class and Type) : variable name, REAL(8)
      |(Attributes)     : PUBLIC, DIMENSION, common-block-object
      |(Declaration)    : 12  14
      |(Definition)     : 
      |(Reference)      : 
     dostoc
      |(Class and Type) : variable name, LOGICAL(4)
      |(Attributes)     : PUBLIC, common-block-object
      |(Declaration)    : 16  17
      |(Definition)     : 
      |(Reference)      : 
     fstoc
      |(Class and Type) : variable name, REAL(8)
      |(Attributes)     : PUBLIC, common-block-object
      |(Declaration)    : 12  14
      |(Definition)     : 
      |(Reference)      : 
     ix_st
      |(Class and Type) : variable name, INTEGER(4)
      |(Attributes)     : PUBLIC, DIMENSION, common-block-object
      |(Declaration)    : 9  10
      |(Definition)     : 
      |(Reference)      : 
     jy_st
      |(Class and Type) : variable name, INTEGER(4)
      |(Attributes)     : PUBLIC, DIMENSION, common-block-object
      |(Declaration)    : 9  10
      |(Definition)     : 
      |(Reference)      : 
     my_st
      |(Class and Type) : variable name, INTEGER(4)
      |(Attributes)     : PUBLIC, common-block-object
      |(Declaration)    : 9  10
      |(Definition)     : 
      |(Reference)      : 
     n_area
      |(Class and Type) : named constant, INTEGER(4)
      |(Attributes)     : PUBLIC
      |(Declaration)    : 7
      |(Definition)     : 
      |(Reference)      : 12  12
     n_domn
      |(Class and Type) : variable name, INTEGER(4)
      |(Attributes)     : PUBLIC, common-block-object
      |(Declaration)    : 9  10
      |(Definition)     : 
      |(Reference)      : 
     num_domn
      |(Class and Type) : named constant, INTEGER(4)
      |(Attributes)     : PUBLIC
      |(Declaration)    : 7
      |(Definition)     : 
      |(Reference)      : 9  9  12
     nx_st
      |(Class and Type) : variable name, INTEGER(4)
      |(Attributes)     : PUBLIC, common-block-object
      |(Declaration)    : 9  10
      |(Definition)     : 
      |(Reference)      : 
     position
      |(Class and Type) : variable name, REAL(8)
      |(Attributes)     : PUBLIC, DIMENSION, common-block-object
      |(Declaration)    : 12  14
      |(Definition)     : 
      |(Reference)      : 
     size_st
      |(Class and Type) : variable name, REAL(8)
      |(Attributes)     : PUBLIC, common-block-object
      |(Declaration)    : 12  14
      |(Definition)     : 
      |(Reference)      : 
     stochasI
      |(Class and Type) : common name
      |(Attributes)     : 
      |(Declaration)    : 10
      |(Definition)     : 
      |(Reference)      : 
     stochasL
      |(Class and Type) : common name
      |(Attributes)     : 
      |(Declaration)    : 17
      |(Definition)     : 
      |(Reference)      : 
     stochasR
      |(Class and Type) : common name
      |(Attributes)     : 
      |(Declaration)    : 14
      |(Definition)     : 
      |(Reference)      : 
     stochastic
      |(Class and Type) : module name
      |(Attributes)     : 
      |(Declaration)    : 1
      |(Definition)     : 
      |(Reference)      : 19
     taurepst
      |(Class and Type) : variable name, REAL(8)
      |(Attributes)     : PUBLIC, common-block-object
      |(Declaration)    : 12  14
      |(Definition)     : 
      |(Reference)      : 

 Total information
   Procedures       : 1
   Total lines      : 19
   Total statements : 11
   Total stack(byte): 352
   Total prefetch num: 0

