
 Fujitsu Fortran Version 4.6.1  Thu Jun 29 14:23:58 2023

 Compilation information
   Current directory : /IFS/nwpr/gfs/xb157/Git/tco639l72/src_rsm
   Source file       : out24.f90

 Option information
   Command line options : -Kident_mpi -f2004 -c -X9 -Free -CcdRR8 -Cpp -Kfast,parallel,openmp,ocl,autoobjstack -x- -fw -Knofp_relaxed -SSL2BLAMP -Kopenmp,parallel -DTIMING -DUSE_FFTW -DW3TAG -DGFDLMP_v2 -Ec -Nlst=a,lst=d,lst=i,lst=p,lst=t,lst=x -Koptmsg=2 -I. -I/users/xa09/pkg/fx1000/fftw-3.3.10/include -I/package/fx1000/netcdf-4.7.4/include -I/package/fx1000/g2lib-1.4.0_cwb/include -I/opt/FJSVxtclanga/.common/MELI025/include/mpi/fujitsu -I/opt/FJSVxtclanga/.common/MELI025/lib64 -Knointentopt
   Cpp options          : -DTIMING -DUSE_FFTW -DW3TAG -DGFDLMP_v2 -I. -I/users/xa09/pkg/fx1000/fftw-3.3.10/include -I/package/fx1000/netcdf-4.7.4/include -I/package/fx1000/g2lib-1.4.0_cwb/include -I/opt/FJSVxtclanga/.common/MELI025/include/mpi/fujitsu -I/opt/FJSVxtclanga/.common/MELI025/lib64 -Dunix -Dlinux -D__FUJITSU -D__FRT_major__=4 -D__FRT_minor__=6 -D__FRT_patchlevel__=1 -D__FRT_version__="4.6.1" -D__aarch64__ -D__unix -D_OPENMP=201511 -D__frt_version=800 -D__ARM_ARCH=8 -D__ARM_FEATURE_SVE -D__ELF__ -D__unix__ -D__linux__ -D__linux -Asystem(unix) -otmp
   Effective options    : -fw -g0 -AE -Ec -Free -O3 -X9
                          -CcdRR8 -x- -xaccept=nomodule_allocatable
                          -KA64FX -KARMV8_3_A -KSVE -Kalign_commons
                          -Kalign_loops -Knoarray_declaration_opt
                          -Kassume=noshortloop -Kassume=nomemory_bandwidth
                          -Kassume=notime_saving_compilation -Kauto
                          -Kautoobjstack -Knocalleralloc -Kcmodel=small
                          -Keval -Keval_noconcurrent -Knoextract_stride_store
                          -Knofenv_access -Kfp_contract -Knofp_relaxed
                          -Kfsimple -Kfz -Khpctag -Kilfunc=procedure
                          -Knointentopt -Klargepage -Kloop_blocking
                          -Kloop_fission -Kloop_nofission_stripmining
                          -Kloop_fission_threshold=50 -Kloop_fusion
                          -Kloop_interchange -Kloop_part_parallel
                          -Kloop_part_simd -Kloop_perfect_nest
                          -Kloop_noversioning -Knolto -Kmfunc=1 -Kocl
                          -Komitfp -Knooptlib_string -Koptmsg=2
                          -Knopc_relative_literal_loads -Kplt -Knopreex
                          -Kprefetch_noconditional -Kprefetch_noindirect
                          -Kprefetch_sequential=auto -Kprefetch_nostride
                          -Kprefetch_cache_level=all -Kprefetch_noinfer
                          -Kprefetch_strong -Kprefetch_strong_L2 -Knopreload
                          -Ksch_post_ra -Ksch_pre_ra -Ksibling_calls
                          -Ksimd=auto -Ksimd_packed_promotion
                          -Ksimd_reduction_product -Ksimd_reg_size=512
                          -Ksimd_nouncounted_loop
                          -Ksimd_use_multiple_structures -Knostriping
                          -Knosubscript_opt -Kswp -Kswp_freg_rate=100
                          -Kswp_ireg_rate=100 -Kswp_preg_rate=100
                          -Kswp_policy=auto -Ktemparraystack -Kunroll
                          -Knounroll_and_jam -Knozfill
                          -Kopenmp -Kopenmp_noassume_norecurrence
                          -Kopenmp_nocollapse_except_innermost
                          -Kopenmp_noordered_reduction -Knoopenmp_simd
                          -Kthreadsafe -Kparallel -Kparallel_nofp_precision
                          -Knoarray_private -Knodynamic_iteration -Kreduction
                          -Kregion_extension
                          -Nallextput -Nnoalloc_assign
                          -Ncancel_overtime_compilation -Nnocheck_global
                          -Nnocoarray -Nnocompdisp -Nnocopyarg -Nnocoverage
                          -Nfjprof -Nfreealloc -Nf90move -Nnohook_func
                          -Nnohook_time -Nlibomp -Nline -Nlst -Nlst=a -Nlst=d
                          -Nlst=i -Nlst=p -Nlst=t -Nlst=x -Nnomallocfree
                          -Nnoobsfun -Nnoprivatealloc -Nquickdbg=noargchk
                          -Nquickdbg=nosubchk -Nquickdbg=noundef -NRnotrap
                          -Nnorecursive -Nnoreordered_variable_stack
                          -Nrt_notune -Nnosave -Nsetvalue=noheap
                          -Nsetvalue=nostack -Nsetvalue=noscalar
                          -Nsetvalue=noarray -Nsetvalue=nostruct -Nuse_rodata

 External subroutine subprogram "out24"
  (inc)(line-no.)(nest)(optimize)
               1                           subroutine out24 (nx,my,my_max,hf24,qf24,ss24,rs24,asol24,olr24  &
               2                                           ,rain24,rainlp24,dt24,ifilout,glob,itau,idtg,ggdef,flash24)
               3                     !
               4                           use index
               5                           use mpe
               6                           use mod_grb2_param  !for write grib2 data
               7                           use const ,only:outdms ,outgrb2 ,ifilout_grb, RTYPE,kflag
               8                     
               9                           implicit  none
              10                     
              11                           integer   nx,my,my_max,itau
              12                           real      dt24
              13                     
              14                           real      hf24(nxp,my_max),qf24(nxp,my_max),ss24(nxp,my_max),rs24(nxp,my_max), &
              15                                     asol24(nxp,my_max),olr24(nxp,my_max),rain24(nxp,my_max)              &
              16                                    ,flash24(nxp,my_max),rainlp24(nxp,my_max)
              17                     
              18                           real(kind=RTYPE) glob(nx,my),wrk(nxp,my_max)
              19                     !
              20                           integer*8 idtg
              21                           character*80 ifilout
              22                           character*26 ihdg
              23                           character*4  ggdef
              24                     
              25                           integer   imax,jmax,lenc,j,nxj,i,istat,jj
              26                     !
              27                           imax=nx
              28                           jmax=my
              29                           lenc= imax*jmax
              30                     !
              31                     !===
              32                     !  Latent heat flux at the surface (W/m**2)
                                   <<< Loop-information Start >>>
                                   <<<  [PARALLELIZATION]
                                   <<<    Standard iteration count: 3
                                   <<<  [OPTIMIZATION]
                                   <<<    PREFETCH(HARD) Expected by compiler :
                                   <<<      qf24, wrk
                                   <<< Loop-information  End >>>
              33     1  pp                 do jj = 1,jlistnum
              34     1   p                   j=jlist1(jj)
              35     1   p                   nxj=nxdef_2d(j)
                                   <<< Loop-information Start >>>
                                   <<<  [OPTIMIZATION]
                                   <<<    SIMD(VL: 8)
                                   <<<    SOFTWARE PIPELINING(IPC: 3.33, ITR: 192, MVE: 5, POL: S)
                                   <<<    PREFETCH(HARD) Expected by compiler :
                                   <<<      qf24, wrk
                                   <<< Loop-information  End >>>
              36     2   p   2v              do i=1,nxj
              37     2   p   2v               wrk(i,jj)=qf24(i,jj)/dt24
              38     2   p   2v              enddo
              39     1   p                 enddo
              40                           call unify_reduceintp(nx,my,my_max,wrk,glob)
              41                           call syslbl ('s0043f',idtg,itau,ggdef,ihdg)
              42                           if(outdms.gt.0) call dmswrit(imax,jmax,ihdg,lenc,kflag,ifilout,glob,istat)
              43                           if(outgrb2==1.and.myrank==0) call wrt_grb2_accu(itau,0,0,10,2,1,0,0.,0,24,glob)
              44                     ! Sensible heat flux at the surface (W/m**2)
                                   <<< Loop-information Start >>>
                                   <<<  [PARALLELIZATION]
                                   <<<    Standard iteration count: 3
                                   <<<  [OPTIMIZATION]
                                   <<<    PREFETCH(HARD) Expected by compiler :
                                   <<<      hf24, wrk
                                   <<< Loop-information  End >>>
              45     1  pp                 do jj=1,jlistnum
              46     1   p                    j=jlist1(jj)
              47     1   p                    nxj=nxdef_2d(j)
                                   <<< Loop-information Start >>>
                                   <<<  [OPTIMIZATION]
                                   <<<    SIMD(VL: 8)
                                   <<<    SOFTWARE PIPELINING(IPC: 3.33, ITR: 192, MVE: 5, POL: S)
                                   <<<    PREFETCH(HARD) Expected by compiler :
                                   <<<      hf24, wrk
                                   <<< Loop-information  End >>>
              48     2   p   2v               do i=1,nxj
              49     2   p   2v                wrk(i,jj)=hf24(i,jj)/dt24
              50     2   p   2v               enddo
              51     1   p                 enddo
              52                           call unify_reduceintp(nx,my,my_max,wrk,glob)
              53                           call syslbl ('s0042f',idtg,itau,ggdef,ihdg)
              54                           if(outdms.gt.0) call dmswrit(imax,jmax,ihdg,lenc,kflag,ifilout,glob,istat)
              55                           if(outgrb2==1.and.myrank==0) call wrt_grb2_accu(itau,0,0,11,2,1,0,0.,0,24,glob)
              56                     ! Net shortwave (solar) flux at the surface (W/m**2) (positive : downward flux)
                                   <<< Loop-information Start >>>
                                   <<<  [PARALLELIZATION]
                                   <<<    Standard iteration count: 3
                                   <<<  [OPTIMIZATION]
                                   <<<    PREFETCH(HARD) Expected by compiler :
                                   <<<      ss24, wrk
                                   <<< Loop-information  End >>>
              57     1  pp                 do jj=1,jlistnum
              58     1   p                    j=jlist1(jj)
              59     1   p                    nxj=nxdef_2d(j)
                                   <<< Loop-information Start >>>
                                   <<<  [OPTIMIZATION]
                                   <<<    SIMD(VL: 8)
                                   <<<    SOFTWARE PIPELINING(IPC: 3.33, ITR: 192, MVE: 5, POL: S)
                                   <<<    PREFETCH(HARD) Expected by compiler :
                                   <<<      ss24, wrk
                                   <<< Loop-information  End >>>
              60     2   p   2v               do i=1,nxj
              61     2   p   2v                wrk(i,jj)=ss24(i,jj)/dt24
              62     2   p   2v               enddo
              63     1   p                 enddo
              64                           call unify_reduceintp(nx,my,my_max,wrk,glob)
              65                           call syslbl ('s0031f',idtg,itau,ggdef,ihdg)
              66                           if(outdms.gt.0) call dmswrit(imax,jmax,ihdg,lenc,kflag,ifilout,glob,istat)
              67                           if(outgrb2==1.and.myrank==0) call wrt_grb2_accu(itau,0,4,9,2,1,0,0.,0,24,glob)
              68                     ! net surface longwave radiation
                                   <<< Loop-information Start >>>
                                   <<<  [PARALLELIZATION]
                                   <<<    Standard iteration count: 3
                                   <<<  [OPTIMIZATION]
                                   <<<    PREFETCH(HARD) Expected by compiler :
                                   <<<      rs24, wrk
                                   <<< Loop-information  End >>>
              69     1  pp                 do jj=1,jlistnum
              70     1   p                    j=jlist1(jj)
              71     1   p                    nxj=nxdef_2d(j)
                                   <<< Loop-information Start >>>
                                   <<<  [OPTIMIZATION]
                                   <<<    SIMD(VL: 8)
                                   <<<    SOFTWARE PIPELINING(IPC: 3.33, ITR: 192, MVE: 5, POL: S)
                                   <<<    PREFETCH(HARD) Expected by compiler :
                                   <<<      rs24, wrk
                                   <<< Loop-information  End >>>
              72     2   p   2v               do i=1,nxj
              73     2   p   2v                wrk(i,jj)=rs24(i,jj)/dt24
              74     2   p   2v               enddo
              75     1   p                 enddo
              76                           call unify_reduceintp(nx,my,my_max,wrk,glob)
              77                           call syslbl ('s0032f',idtg,itau,ggdef,ihdg)
              78                           if(outdms.gt.0) call dmswrit(imax,jmax,ihdg,lenc,kflag,ifilout,glob,istat)
              79                           if(outgrb2==1.and.myrank==0) call wrt_grb2_accu(itau,0,5,5,2,1,0,0.,0,24,glob)
              80                     !
              81                     !  Total precipitation  24-hours
                                   <<< Loop-information Start >>>
                                   <<<  [PARALLELIZATION]
                                   <<<    Standard iteration count: 4
                                   <<<  [OPTIMIZATION]
                                   <<<    PREFETCH(HARD) Expected by compiler :
                                   <<<      rain24, wrk
                                   <<< Loop-information  End >>>
              82     1  pp                 do jj=1,jlistnum
              83     1   p                    j=jlist1(jj)
              84     1   p                    nxj=nxdef_2d(j)
                                   <<< Loop-information Start >>>
                                   <<<  [OPTIMIZATION]
                                   <<<    SIMD(VL: 8)
                                   <<<    SOFTWARE PIPELINING(IPC: 2.00, ITR: 160, MVE: 3, POL: S)
                                   <<<    PREFETCH(HARD) Expected by compiler :
                                   <<<      rain24, wrk
                                   <<< Loop-information  End >>>
              85     2   p   4v               do i=1,nxj
              86     2   p   4v                wrk(i,jj)=rain24(i,jj)
              87     2   p   4v               enddo
              88     1   p                 enddo
              89                           call unify_reduceintp(nx,my,my_max,wrk,glob)
              90                           call syslbl ('b00626',idtg,itau,ggdef,ihdg)
              91                           if(outdms.gt.0) call dmswrit(imax,jmax,ihdg,lenc,kflag,ifilout,glob,istat)
              92                           if(outgrb2==1.and.myrank==0) call wrt_grb2_accu(itau,0,1,8,2,103,0,0.,1,24,glob)
              93                     !
              94                     !  Total precipitation  24-hours
                                   <<< Loop-information Start >>>
                                   <<<  [PARALLELIZATION]
                                   <<<    Standard iteration count: 4
                                   <<<  [OPTIMIZATION]
                                   <<<    PREFETCH(HARD) Expected by compiler :
                                   <<<      rainlp24, wrk
                                   <<< Loop-information  End >>>
              95     1  pp                 do jj=1,jlistnum
              96     1   p                    j=jlist1(jj)
              97     1   p                    nxj=nxdef_2d(j)
                                   <<< Loop-information Start >>>
                                   <<<  [OPTIMIZATION]
                                   <<<    SIMD(VL: 8)
                                   <<<    SOFTWARE PIPELINING(IPC: 2.00, ITR: 160, MVE: 3, POL: S)
                                   <<<    PREFETCH(HARD) Expected by compiler :
                                   <<<      rainlp24, wrk
                                   <<< Loop-information  End >>>
              98     2   p   4v               do i=1,nxj
              99     2   p   4v                wrk(i,jj)=rainlp24(i,jj)
             100     2   p   4v               enddo
             101     1   p                 enddo
             102                           call unify_reduceintp(nx,my,my_max,wrk,glob)
             103                           call syslbl ('b00646',idtg,itau,ggdef,ihdg)
             104                           if(outdms.gt.0) call dmswrit(imax,jmax,ihdg,lenc,kflag,ifilout,glob,istat)
             105                     
             106                     !  The average of latent heat flux release for total precipitation within 24-hours
                                   <<< Loop-information Start >>>
                                   <<<  [PARALLELIZATION]
                                   <<<    Standard iteration count: 3
                                   <<<  [OPTIMIZATION]
                                   <<<    PREFETCH(HARD) Expected by compiler :
                                   <<<      rain24, wrk
                                   <<< Loop-information  End >>>
             107     1  pp                 do jj=1,jlistnum
             108     1   p                    j=jlist1(jj)
             109     1   p                    nxj=nxdef_2d(j)
                                   <<< Loop-information Start >>>
                                   <<<  [OPTIMIZATION]
                                   <<<    SIMD(VL: 8)
                                   <<<    SOFTWARE PIPELINING(IPC: 3.00, ITR: 192, MVE: 4, POL: S)
                                   <<<    PREFETCH(HARD) Expected by compiler :
                                   <<<      wrk, rain24
                                   <<< Loop-information  End >>>
             110     2   p   2v               do i=1,nxj
             111     2   p   2v                wrk(i,jj)=rain24(i,jj)/dt24*2.5e+6
             112     2   p   2v               enddo
             113     1   p                 enddo
             114                           call unify_reduceintp(nx,my,my_max,wrk,glob)
             115                           call syslbl ('b0062f',idtg,itau,ggdef,ihdg)
             116                           if(outdms.gt.0) call dmswrit(imax,jmax,ihdg,lenc,kflag,ifilout,glob,istat)
             117                     
             118                     ! model top of net solor shortwave radiation
                                   <<< Loop-information Start >>>
                                   <<<  [PARALLELIZATION]
                                   <<<    Standard iteration count: 3
                                   <<<  [OPTIMIZATION]
                                   <<<    PREFETCH(HARD) Expected by compiler :
                                   <<<      asol24, wrk
                                   <<< Loop-information  End >>>
             119     1  pp                 do jj=1,jlistnum
             120     1   p                    j=jlist1(jj)
             121     1   p                    nxj=nxdef_2d(j)
                                   <<< Loop-information Start >>>
                                   <<<  [OPTIMIZATION]
                                   <<<    SIMD(VL: 8)
                                   <<<    SOFTWARE PIPELINING(IPC: 3.33, ITR: 192, MVE: 5, POL: S)
                                   <<<    PREFETCH(HARD) Expected by compiler :
                                   <<<      asol24, wrk
                                   <<< Loop-information  End >>>
             122     2   p   2v               do i=1,nxj
             123     2   p   2v                wrk(i,jj)=asol24(i,jj)/dt24
             124     2   p   2v               enddo
             125     1   p                 enddo
             126                           call unify_reduceintp(nx,my,my_max,wrk,glob)
             127                           call syslbl ('x0033f',idtg,itau,ggdef,ihdg)
             128                           if(outdms.gt.0) call dmswrit(imax,jmax,ihdg,lenc,kflag,ifilout,glob,istat)
             129                           if(outgrb2==1.and.myrank==0) call wrt_grb2_accu(itau,0,4,1,2,8,0,0.,0,24,glob)
             130                     
             131                     ! model top of Outgoing longwave radiation (OLR)
                                   <<< Loop-information Start >>>
                                   <<<  [PARALLELIZATION]
                                   <<<    Standard iteration count: 3
                                   <<<  [OPTIMIZATION]
                                   <<<    PREFETCH(HARD) Expected by compiler :
                                   <<<      olr24, wrk
                                   <<< Loop-information  End >>>
             132     1  pp                 do jj=1,jlistnum
             133     1   p                    j=jlist1(jj)
             134     1   p                    nxj=nxdef_2d(j)
                                   <<< Loop-information Start >>>
                                   <<<  [OPTIMIZATION]
                                   <<<    SIMD(VL: 8)
                                   <<<    SOFTWARE PIPELINING(IPC: 3.33, ITR: 192, MVE: 5, POL: S)
                                   <<<    PREFETCH(HARD) Expected by compiler :
                                   <<<      olr24, wrk
                                   <<< Loop-information  End >>>
             135     2   p   2v               do i=1,nxj
             136     2   p   2v                wrk(i,jj)=olr24(i,jj)/dt24
             137     2   p   2v               enddo
             138     1   p                 enddo
             139                           call unify_reduceintp(nx,my,my_max,wrk,glob)
             140                           call syslbl ('x0034f',idtg,itau,ggdef,ihdg)
             141                           if(outdms.gt.0)  call dmswrit(imax,jmax,ihdg,lenc,kflag,ifilout,glob,istat)
             142                           if(outgrb2==1.and.myrank==0)call wrt_grb2_accu(itau,0,5,5,2,8,0,0.,0,24,glob)
             143                     !
             144                     !xb110>>
                                   <<< Loop-information Start >>>
                                   <<<  [PARALLELIZATION]
                                   <<<    Standard iteration count: 3
                                   <<<  [OPTIMIZATION]
                                   <<<    PREFETCH(HARD) Expected by compiler :
                                   <<<      flash24, wrk
                                   <<< Loop-information  End >>>
             145     1  pp                 do jj = 1,jlistnum
             146     1   p                   j=jlist1(jj)
             147     1   p                   nxj=nxdef_2d(j)
                                   <<< Loop-information Start >>>
                                   <<<  [OPTIMIZATION]
                                   <<<    SIMD(VL: 8)
                                   <<<    SOFTWARE PIPELINING(IPC: 3.33, ITR: 192, MVE: 5, POL: S)
                                   <<<    PREFETCH(HARD) Expected by compiler :
                                   <<<      flash24, wrk
                                   <<< Loop-information  End >>>
             148     2   p   2v              do i=1,nxj
             149     2   p   2v               wrk(i,jj)=flash24(i,jj)/dt24 !xb110, 24hr average flash density (km-2day-1)
             150     2   p   2v              enddo
             151     1   p                 enddo
             152                           call unify_reduceintp(nx,my,my_max,wrk,glob)
             153                           call syslbl ('x00999',idtg,itau,ggdef,ihdg)
             154                           if(outdms.gt.0) call dmswrit(imax,jmax,ihdg,lenc,kflag,ifilout,glob,istat)
             155                           if(outgrb2==1.and.myrank==0) call wrt_grb2_accu(itau,0,17,4,6,7,0,0.,0,24,glob)
             156                     !xb110<<
             157                     
             158                     
             159                           return
             160                           end

 Procedure information
   Lines      : 160
   Statements : 128
   Stack(byte): 4112
   Prefetch num: 0

 Scoping unit of external sub-program : out24
   Attribute and Cross reference of name
     asol24
      |(Class and Type) : variable name, REAL(8)
      |(Attributes)     : DIMENSION, dummy-argument
      |(Declaration)    : 1  14
      |(Definition)     : 
      |(Reference)      : 123
     const
      |(Class and Type) : module name
      |(Attributes)     : 
      |(Declaration)    : 
      |(Definition)     : 
      |(Reference)      : 7
     dmswrit
      |(Class and Type) : external subroutine name
      |(Attributes)     : 
      |(Declaration)    : 
      |(Definition)     : 
      |(Reference)      : 42  54  66  78  91  104  116  128  141  154
     dt24
      |(Class and Type) : variable name, REAL(8)
      |(Attributes)     : dummy-argument
      |(Declaration)    : 1  12
      |(Definition)     : 
      |(Reference)      : 37  49  61  73  111  123  136  149
     flash24
      |(Class and Type) : variable name, REAL(8)
      |(Attributes)     : DIMENSION, dummy-argument
      |(Declaration)    : 1  14
      |(Definition)     : 
      |(Reference)      : 149
     ggdef
      |(Class and Type) : variable name, CHARACTER(4,1)
      |(Attributes)     : dummy-argument
      |(Declaration)    : 1  23
      |(Definition)     : 41  53  65  77  90  103  115  127  140  153
      |(Reference)      : 
     glob
      |(Class and Type) : variable name, REAL(8)
      |(Attributes)     : DIMENSION, dummy-argument
      |(Declaration)    : 1  18
      |(Definition)     : 40  42  43  52  54  55  64  66  67  76  78  79  89  91  92  102  104  114  116  126  128  129  139  141  142  152  154  155
      |(Reference)      : 
     hf24
      |(Class and Type) : variable name, REAL(8)
      |(Attributes)     : DIMENSION, dummy-argument
      |(Declaration)    : 1  14
      |(Definition)     : 
      |(Reference)      : 49
     i
      |(Class and Type) : variable name, INTEGER(4)
      |(Attributes)     : 
      |(Declaration)    : 25
      |(Definition)     : 36  48  60  72  85  98  110  122  135  148
      |(Reference)      : 37  37  49  49  61  61  73  73  86  86  99  99  111  111  123  123  136  136  149  149
     idtg
      |(Class and Type) : variable name, INTEGER(8)
      |(Attributes)     : dummy-argument
      |(Declaration)    : 1  20
      |(Definition)     : 41  53  65  77  90  103  115  127  140  153
      |(Reference)      : 
     ifilout
      |(Class and Type) : variable name, CHARACTER(80,1)
      |(Attributes)     : dummy-argument
      |(Declaration)    : 1  21
      |(Definition)     : 42  54  66  78  91  104  116  128  141  154
      |(Reference)      : 
     ifilout_grb
      |(Class and Type) : variable name, CHARACTER(80,1)
      |(Attributes)     : use-associated
      |(Declaration)    : 
      |(Definition)     : 
      |(Reference)      : 7
     ihdg
      |(Class and Type) : variable name, CHARACTER(26,1)
      |(Attributes)     : 
      |(Declaration)    : 22
      |(Definition)     : 41  42  53  54  65  66  77  78  90  91  103  104  115  116  127  128  140  141  153  154
      |(Reference)      : 
     imax
      |(Class and Type) : variable name, INTEGER(4)
      |(Attributes)     : 
      |(Declaration)    : 25
      |(Definition)     : 27  42  54  66  78  91  104  116  128  141  154
      |(Reference)      : 29
     index
      |(Class and Type) : module name
      |(Attributes)     : 
      |(Declaration)    : 
      |(Definition)     : 
      |(Reference)      : 4
     istat
      |(Class and Type) : variable name, INTEGER(4)
      |(Attributes)     : 
      |(Declaration)    : 25
      |(Definition)     : 42  54  66  78  91  104  116  128  141  154
      |(Reference)      : 
     itau
      |(Class and Type) : variable name, INTEGER(4)
      |(Attributes)     : dummy-argument
      |(Declaration)    : 1  11
      |(Definition)     : 41  43  53  55  65  67  77  79  90  92  103  115  127  129  140  142  153  155
      |(Reference)      : 
     j
      |(Class and Type) : variable name, INTEGER(4)
      |(Attributes)     : 
      |(Declaration)    : 25
      |(Definition)     : 34  46  58  70  83  96  108  120  133  146
      |(Reference)      : 35  47  59  71  84  97  109  121  134  147
     jj
      |(Class and Type) : variable name, INTEGER(4)
      |(Attributes)     : 
      |(Declaration)    : 25
      |(Definition)     : 33  45  57  69  82  95  107  119  132  145
      |(Reference)      : 34  37  37  46  49  49  58  61  61  70  73  73  83  86  86  96  99  99  108  111  111  120  123  123  133  136  136  146  149  149
     jlist1
      |(Class and Type) : variable name, INTEGER(4)
      |(Attributes)     : ALLOCATABLE, DIMENSION, SAVE, use-associated
      |(Declaration)    : 
      |(Definition)     : 
      |(Reference)      : 34  46  58  70  83  96  108  120  133  146
     jlistnum
      |(Class and Type) : variable name, INTEGER(4)
      |(Attributes)     : common-block-object, use-associated
      |(Declaration)    : 
      |(Definition)     : 
      |(Reference)      : 33  45  57  69  82  95  107  119  132  145
     jmax
      |(Class and Type) : variable name, INTEGER(4)
      |(Attributes)     : 
      |(Declaration)    : 25
      |(Definition)     : 28  42  54  66  78  91  104  116  128  141  154
      |(Reference)      : 29
     kflag
      |(Class and Type) : named constant, CHARACTER(1,1)
      |(Attributes)     : use-associated
      |(Declaration)    : 
      |(Definition)     : 
      |(Reference)      : 7  42  54  66  78  91  104  116  128  141  154
     lenc
      |(Class and Type) : variable name, INTEGER(4)
      |(Attributes)     : 
      |(Declaration)    : 25
      |(Definition)     : 29  42  54  66  78  91  104  116  128  141  154
      |(Reference)      : 
     mod_grb2_param
      |(Class and Type) : module name
      |(Attributes)     : 
      |(Declaration)    : 
      |(Definition)     : 
      |(Reference)      : 6
     mpe
      |(Class and Type) : module name
      |(Attributes)     : 
      |(Declaration)    : 
      |(Definition)     : 
      |(Reference)      : 5
     my
      |(Class and Type) : variable name, INTEGER(4)
      |(Attributes)     : dummy-argument
      |(Declaration)    : 1  11
      |(Definition)     : 40  52  64  76  89  102  114  126  139  152
      |(Reference)      : 18  28
     my_max
      |(Class and Type) : variable name, INTEGER(4)
      |(Attributes)     : dummy-argument
      |(Declaration)    : 1  11
      |(Definition)     : 40  52  64  76  89  102  114  126  139  152
      |(Reference)      : 14  14  14  14  14  14  14  14  14  18
     myrank
      |(Class and Type) : variable name, INTEGER(4)
      |(Attributes)     : common-block-object, use-associated
      |(Declaration)    : 
      |(Definition)     : 
      |(Reference)      : 43  55  67  79  92  129  142  155
     nx
      |(Class and Type) : variable name, INTEGER(4)
      |(Attributes)     : dummy-argument
      |(Declaration)    : 1  11
      |(Definition)     : 40  52  64  76  89  102  114  126  139  152
      |(Reference)      : 18  27
     nxdef_2d
      |(Class and Type) : variable name, INTEGER(4)
      |(Attributes)     : ALLOCATABLE, DIMENSION, SAVE, use-associated
      |(Declaration)    : 
      |(Definition)     : 
      |(Reference)      : 35  47  59  71  84  97  109  121  134  147
     nxj
      |(Class and Type) : variable name, INTEGER(4)
      |(Attributes)     : 
      |(Declaration)    : 25
      |(Definition)     : 35  47  59  71  84  97  109  121  134  147
      |(Reference)      : 36  48  60  72  85  98  110  122  135  148
     nxp
      |(Class and Type) : variable name, INTEGER(4)
      |(Attributes)     : common-block-object, use-associated
      |(Declaration)    : 
      |(Definition)     : 
      |(Reference)      : 14  14  14  14  14  14  14  14  14  18
     olr24
      |(Class and Type) : variable name, REAL(8)
      |(Attributes)     : DIMENSION, dummy-argument
      |(Declaration)    : 1  14
      |(Definition)     : 
      |(Reference)      : 136
     out24
      |(Class and Type) : external subroutine name
      |(Attributes)     : 
      |(Declaration)    : 
      |(Definition)     : 1
      |(Reference)      : 
     outdms
      |(Class and Type) : variable name, INTEGER(4)
      |(Attributes)     : use-associated
      |(Declaration)    : 
      |(Definition)     : 
      |(Reference)      : 7  42  54  66  78  91  104  116  128  141  154
     outgrb2
      |(Class and Type) : variable name, INTEGER(4)
      |(Attributes)     : use-associated
      |(Declaration)    : 
      |(Definition)     : 
      |(Reference)      : 7  43  55  67  79  92  129  142  155
     qf24
      |(Class and Type) : variable name, REAL(8)
      |(Attributes)     : DIMENSION, dummy-argument
      |(Declaration)    : 1  14
      |(Definition)     : 
      |(Reference)      : 37
     RTYPE
      |(Class and Type) : named constant, INTEGER(4)
      |(Attributes)     : use-associated
      |(Declaration)    : 
      |(Definition)     : 
      |(Reference)      : 7  18
     rain24
      |(Class and Type) : variable name, REAL(8)
      |(Attributes)     : DIMENSION, dummy-argument
      |(Declaration)    : 1  14
      |(Definition)     : 
      |(Reference)      : 86  111
     rainlp24
      |(Class and Type) : variable name, REAL(8)
      |(Attributes)     : DIMENSION, dummy-argument
      |(Declaration)    : 1  14
      |(Definition)     : 
      |(Reference)      : 99
     rs24
      |(Class and Type) : variable name, REAL(8)
      |(Attributes)     : DIMENSION, dummy-argument
      |(Declaration)    : 1  14
      |(Definition)     : 
      |(Reference)      : 73
     ss24
      |(Class and Type) : variable name, REAL(8)
      |(Attributes)     : DIMENSION, dummy-argument
      |(Declaration)    : 1  14
      |(Definition)     : 
      |(Reference)      : 61
     syslbl
      |(Class and Type) : external subroutine name
      |(Attributes)     : 
      |(Declaration)    : 
      |(Definition)     : 
      |(Reference)      : 41  53  65  77  90  103  115  127  140  153
     unify_reduceintp
      |(Class and Type) : external subroutine name
      |(Attributes)     : 
      |(Declaration)    : 
      |(Definition)     : 
      |(Reference)      : 40  52  64  76  89  102  114  126  139  152
     wrk
      |(Class and Type) : variable name, REAL(8)
      |(Attributes)     : DIMENSION
      |(Declaration)    : 18
      |(Definition)     : 37  40  49  52  61  64  73  76  86  89  99  102  111  114  123  126  136  139  149  152
      |(Reference)      : 
     wrt_grb2_accu
      |(Class and Type) : module subroutine name
      |(Attributes)     : use-associated
      |(Declaration)    : 
      |(Definition)     : 
      |(Reference)      : 43  55  67  79  92  129  142  155

 Total information
   Procedures       : 1
   Total lines      : 160
   Total statements : 128
   Total stack(byte): 4112
   Total prefetch num: 0

