
 Fujitsu Fortran Version 4.6.1  Thu Jun 29 14:23:58 2023

 Compilation information
   Current directory : /IFS/nwpr/gfs/xb157/Git/tco639l72/src_rsm
   Source file       : outflds_hp.f90

 Option information
   Command line options : -Kident_mpi -f2004 -c -X9 -Free -CcdRR8 -Cpp -Kfast,parallel,openmp,ocl,autoobjstack -x- -fw -Knofp_relaxed -SSL2BLAMP -Kopenmp,parallel -DTIMING -DUSE_FFTW -DW3TAG -DGFDLMP_v2 -Ec -Nlst=a,lst=d,lst=i,lst=p,lst=t,lst=x -Koptmsg=2 -I. -I/users/xa09/pkg/fx1000/fftw-3.3.10/include -I/package/fx1000/netcdf-4.7.4/include -I/package/fx1000/g2lib-1.4.0_cwb/include -I/opt/FJSVxtclanga/.common/MELI025/include/mpi/fujitsu -I/opt/FJSVxtclanga/.common/MELI025/lib64 -Knointentopt
   Cpp options          : -DTIMING -DUSE_FFTW -DW3TAG -DGFDLMP_v2 -I. -I/users/xa09/pkg/fx1000/fftw-3.3.10/include -I/package/fx1000/netcdf-4.7.4/include -I/package/fx1000/g2lib-1.4.0_cwb/include -I/opt/FJSVxtclanga/.common/MELI025/include/mpi/fujitsu -I/opt/FJSVxtclanga/.common/MELI025/lib64 -Dunix -Dlinux -D__FUJITSU -D__FRT_major__=4 -D__FRT_minor__=6 -D__FRT_patchlevel__=1 -D__FRT_version__="4.6.1" -D__aarch64__ -D__unix -D_OPENMP=201511 -D__frt_version=800 -D__ARM_ARCH=8 -D__ARM_FEATURE_SVE -D__ELF__ -D__unix__ -D__linux__ -D__linux -Asystem(unix) -otmp
   Effective options    : -fw -g0 -AE -Ec -Free -O3 -X9
                          -CcdRR8 -x- -xaccept=nomodule_allocatable
                          -KA64FX -KARMV8_3_A -KSVE -Kalign_commons
                          -Kalign_loops -Knoarray_declaration_opt
                          -Kassume=noshortloop -Kassume=nomemory_bandwidth
                          -Kassume=notime_saving_compilation -Kauto
                          -Kautoobjstack -Knocalleralloc -Kcmodel=small
                          -Keval -Keval_noconcurrent -Knoextract_stride_store
                          -Knofenv_access -Kfp_contract -Knofp_relaxed
                          -Kfsimple -Kfz -Khpctag -Kilfunc=procedure
                          -Knointentopt -Klargepage -Kloop_blocking
                          -Kloop_fission -Kloop_nofission_stripmining
                          -Kloop_fission_threshold=50 -Kloop_fusion
                          -Kloop_interchange -Kloop_part_parallel
                          -Kloop_part_simd -Kloop_perfect_nest
                          -Kloop_noversioning -Knolto -Kmfunc=1 -Kocl
                          -Komitfp -Knooptlib_string -Koptmsg=2
                          -Knopc_relative_literal_loads -Kplt -Knopreex
                          -Kprefetch_noconditional -Kprefetch_noindirect
                          -Kprefetch_sequential=auto -Kprefetch_nostride
                          -Kprefetch_cache_level=all -Kprefetch_noinfer
                          -Kprefetch_strong -Kprefetch_strong_L2 -Knopreload
                          -Ksch_post_ra -Ksch_pre_ra -Ksibling_calls
                          -Ksimd=auto -Ksimd_packed_promotion
                          -Ksimd_reduction_product -Ksimd_reg_size=512
                          -Ksimd_nouncounted_loop
                          -Ksimd_use_multiple_structures -Knostriping
                          -Knosubscript_opt -Kswp -Kswp_freg_rate=100
                          -Kswp_ireg_rate=100 -Kswp_preg_rate=100
                          -Kswp_policy=auto -Ktemparraystack -Kunroll
                          -Knounroll_and_jam -Knozfill
                          -Kopenmp -Kopenmp_noassume_norecurrence
                          -Kopenmp_nocollapse_except_innermost
                          -Kopenmp_noordered_reduction -Knoopenmp_simd
                          -Kthreadsafe -Kparallel -Kparallel_nofp_precision
                          -Knoarray_private -Knodynamic_iteration -Kreduction
                          -Kregion_extension
                          -Nallextput -Nnoalloc_assign
                          -Ncancel_overtime_compilation -Nnocheck_global
                          -Nnocoarray -Nnocompdisp -Nnocopyarg -Nnocoverage
                          -Nfjprof -Nfreealloc -Nf90move -Nnohook_func
                          -Nnohook_time -Nlibomp -Nline -Nlst -Nlst=a -Nlst=d
                          -Nlst=i -Nlst=p -Nlst=t -Nlst=x -Nnomallocfree
                          -Nnoobsfun -Nnoprivatealloc -Nquickdbg=noargchk
                          -Nquickdbg=nosubchk -Nquickdbg=noundef -NRnotrap
                          -Nnorecursive -Nnoreordered_variable_stack
                          -Nrt_notune -Nnosave -Nsetvalue=noheap
                          -Nsetvalue=nostack -Nsetvalue=noscalar
                          -Nsetvalue=noarray -Nsetvalue=nostruct -Nuse_rodata

 External subroutine subprogram "outflds_hp"
  (inc)(line-no.)(nest)(optimize)
               1                           subroutine outflds_hp( itau,nx,my,my_max,idtg,ifilout          &
               2                                                , raincu3,rainlp3,ggdef)
               3                           use mpe
               4                           use rank
               5                           use index
               6                           use const ,only: outdms ,outgrb2 ,ifilout_grb ,RTYPE,kflag
               7                           use mod_grb2_param  !for write grib2 data
               8                     
               9                           implicit  none
              10                     
              11                           integer   itau,nx,my,my_max,istat,lenc
              12                     
              13                           real      raincu3(nxp,my_max),rainlp3(nxp,my_max)
              14                     
              15                           character ifilout*60, ggdef*4, ihdg*26
              16                           integer*8 idtg
              17                     !
              18                     ! local work arrays
              19                     !
              20                           real(kind=RTYPE) glob(nx,my),wrk(nxp,my_max)
              21                     
              22                           integer   jj,j,nxj,i
              23                     !
              24                           lenc = nx*my
              25                     !=======================================================================
              26                           if(myrank .eq. 0) print*,'   in outflds_hp for tau= ',itau
              27                     !=======================================================================
              28                     !      call mpe_unify_1(glob,raincu3,nx,my,2,mpe_double)
              29                     !      call mpe_unify_1(glob1,rainlp3,nx,my,2,mpe_double)
              30                           call syslbl ('b00632',idtg,itau,ggdef,ihdg)
                                   <<< Loop-information Start >>>
                                   <<<  [PARALLELIZATION]
                                   <<<    Standard iteration count: 7
                                   <<<  [OPTIMIZATION]
                                   <<<    SIMD(VL: 8)
                                   <<<    SOFTWARE PIPELINING(IPC: 2.00, ITR: 160, MVE: 3, POL: S)
                                   <<<    PREFETCH(HARD) Expected by compiler :
                                   <<<      raincu3, wrk
                                   <<< Loop-information  End >>>
              31        pp   4v            wrk=raincu3
              32                           call unify_reduceintp(nx,my,my_max,wrk,glob)
              33                           if(outdms.gt.0)call dmswrit(nx,my,ihdg,lenc,kflag,ifilout,glob,istat)
              34                           if(outgrb2==1.and.myrank==0)call wrt_grb2_accu(itau,0,1,10,2,103,0,0.,1,3,glob)
              35                           call qmaxn3 (glob,ihdg(1:14),ihdg(15:26),1,1,1,nx,my,1)
              36                     !
              37                           call syslbl ('b00642',idtg,itau,ggdef,ihdg)
                                   <<< Loop-information Start >>>
                                   <<<  [PARALLELIZATION]
                                   <<<    Standard iteration count: 7
                                   <<<  [OPTIMIZATION]
                                   <<<    SIMD(VL: 8)
                                   <<<    SOFTWARE PIPELINING(IPC: 2.00, ITR: 160, MVE: 3, POL: S)
                                   <<<    PREFETCH(HARD) Expected by compiler :
                                   <<<      rainlp3, wrk
                                   <<< Loop-information  End >>>
              38        pp   4v            wrk=rainlp3
              39                           call unify_reduceintp(nx,my,my_max,wrk,glob)
              40                           if(outdms.gt.0)call dmswrit(nx,my,ihdg,lenc,kflag,ifilout,glob,istat)
              41                           if(outgrb2==1.and.myrank==0) call wrt_grb2_accu(itau,0,1,9,2,103,0,0.,1,3,glob)
              42                           call qmaxn3 (glob,ihdg(1:14),ihdg(15:26),1,1,1,nx,my,1)
              43                     !
              44                           call syslbl ('b00622',idtg,itau,ggdef,ihdg)
                                   <<< Loop-information Start >>>
                                   <<<  [PARALLELIZATION]
                                   <<<    Standard iteration count: 4
                                   <<<  [OPTIMIZATION]
                                   <<<    PREFETCH(HARD) Expected by compiler :
                                   <<<      rainlp3, raincu3, wrk
                                   <<< Loop-information  End >>>
              45     1  pp                 do 98 jj = 1, jlistnum
              46     1   p                 j=jlist1(jj)
              47     1   p                 nxj=nxdef_2d(j)
                                   <<< Loop-information Start >>>
                                   <<<  [OPTIMIZATION]
                                   <<<    SIMD(VL: 8)
                                   <<<    SOFTWARE PIPELINING(IPC: 3.25, ITR: 144, MVE: 4, POL: S)
                                   <<<    PREFETCH(HARD) Expected by compiler :
                                   <<<      rainlp3, raincu3, wrk
                                   <<< Loop-information  End >>>
              48     2   p   2v            do 98 i=1,nxj
              49     2   p   2v             wrk(i,jj)=raincu3(i,jj)+rainlp3(i,jj)
              50     1   p   2v       98   continue
              51                           call unify_reduceintp(nx,my,my_max,wrk,glob)
              52                           if(outdms.gt.0)call dmswrit(nx,my,ihdg,lenc,kflag,ifilout,glob,istat)
              53                           if(outgrb2==1.and.myrank==0) call wrt_grb2_accu(itau,0,1,7,2,103,0,0.,1,3,glob)
              54                           call qmaxn3 (glob,ihdg(1:14),ihdg(15:26),1,1,1,nx,my,1)
              55                     
              56                     !=======================================================================
              57                           return
              58                           end

 Procedure information
   Lines      : 58
   Statements : 40
   Stack(byte): 1680
   Prefetch num: 0

 Scoping unit of external sub-program : outflds_hp
   Attribute and Cross reference of name
     const
      |(Class and Type) : module name
      |(Attributes)     : 
      |(Declaration)    : 
      |(Definition)     : 
      |(Reference)      : 6
     dmswrit
      |(Class and Type) : external subroutine name
      |(Attributes)     : 
      |(Declaration)    : 
      |(Definition)     : 
      |(Reference)      : 33  40  52
     ggdef
      |(Class and Type) : variable name, CHARACTER(4,1)
      |(Attributes)     : dummy-argument
      |(Declaration)    : 1  15
      |(Definition)     : 30  37  44
      |(Reference)      : 
     glob
      |(Class and Type) : variable name, REAL(8)
      |(Attributes)     : DIMENSION
      |(Declaration)    : 20
      |(Definition)     : 32  33  34  35  39  40  41  42  51  52  53  54
      |(Reference)      : 
     i
      |(Class and Type) : variable name, INTEGER(4)
      |(Attributes)     : 
      |(Declaration)    : 22
      |(Definition)     : 48
      |(Reference)      : 49  49  49
     idtg
      |(Class and Type) : variable name, INTEGER(8)
      |(Attributes)     : dummy-argument
      |(Declaration)    : 1  16
      |(Definition)     : 30  37  44
      |(Reference)      : 
     ifilout
      |(Class and Type) : variable name, CHARACTER(60,1)
      |(Attributes)     : dummy-argument
      |(Declaration)    : 1  15
      |(Definition)     : 33  40  52
      |(Reference)      : 
     ifilout_grb
      |(Class and Type) : variable name, CHARACTER(80,1)
      |(Attributes)     : use-associated
      |(Declaration)    : 
      |(Definition)     : 
      |(Reference)      : 6
     ihdg
      |(Class and Type) : variable name, CHARACTER(26,1)
      |(Attributes)     : 
      |(Declaration)    : 15
      |(Definition)     : 30  33  35  35  37  40  42  42  44  52  54  54
      |(Reference)      : 
     index
      |(Class and Type) : module name
      |(Attributes)     : 
      |(Declaration)    : 
      |(Definition)     : 
      |(Reference)      : 5
     istat
      |(Class and Type) : variable name, INTEGER(4)
      |(Attributes)     : 
      |(Declaration)    : 11
      |(Definition)     : 33  40  52
      |(Reference)      : 
     itau
      |(Class and Type) : variable name, INTEGER(4)
      |(Attributes)     : dummy-argument
      |(Declaration)    : 1  11
      |(Definition)     : 30  34  37  41  44  53
      |(Reference)      : 26
     j
      |(Class and Type) : variable name, INTEGER(4)
      |(Attributes)     : 
      |(Declaration)    : 22
      |(Definition)     : 46
      |(Reference)      : 47
     jj
      |(Class and Type) : variable name, INTEGER(4)
      |(Attributes)     : 
      |(Declaration)    : 22
      |(Definition)     : 45
      |(Reference)      : 46  49  49  49
     jlist1
      |(Class and Type) : variable name, INTEGER(4)
      |(Attributes)     : ALLOCATABLE, DIMENSION, SAVE, use-associated
      |(Declaration)    : 
      |(Definition)     : 
      |(Reference)      : 46
     jlistnum
      |(Class and Type) : variable name, INTEGER(4)
      |(Attributes)     : common-block-object, use-associated
      |(Declaration)    : 
      |(Definition)     : 
      |(Reference)      : 45
     kflag
      |(Class and Type) : named constant, CHARACTER(1,1)
      |(Attributes)     : use-associated
      |(Declaration)    : 
      |(Definition)     : 
      |(Reference)      : 6  33  40  52
     lenc
      |(Class and Type) : variable name, INTEGER(4)
      |(Attributes)     : 
      |(Declaration)    : 11
      |(Definition)     : 24  33  40  52
      |(Reference)      : 
     mod_grb2_param
      |(Class and Type) : module name
      |(Attributes)     : 
      |(Declaration)    : 
      |(Definition)     : 
      |(Reference)      : 7
     mpe
      |(Class and Type) : module name
      |(Attributes)     : 
      |(Declaration)    : 
      |(Definition)     : 
      |(Reference)      : 3
     my
      |(Class and Type) : variable name, INTEGER(4)
      |(Attributes)     : dummy-argument
      |(Declaration)    : 1  11
      |(Definition)     : 32  33  35  39  40  42  51  52  54
      |(Reference)      : 20  24
     my_max
      |(Class and Type) : variable name, INTEGER(4)
      |(Attributes)     : dummy-argument
      |(Declaration)    : 1  11
      |(Definition)     : 32  39  51
      |(Reference)      : 13  13  20
     myrank
      |(Class and Type) : variable name, INTEGER(4)
      |(Attributes)     : common-block-object, use-associated
      |(Declaration)    : 
      |(Definition)     : 
      |(Reference)      : 26  34  41  53
     nx
      |(Class and Type) : variable name, INTEGER(4)
      |(Attributes)     : dummy-argument
      |(Declaration)    : 1  11
      |(Definition)     : 32  33  35  39  40  42  51  52  54
      |(Reference)      : 20  24
     nxdef_2d
      |(Class and Type) : variable name, INTEGER(4)
      |(Attributes)     : ALLOCATABLE, DIMENSION, SAVE, use-associated
      |(Declaration)    : 
      |(Definition)     : 
      |(Reference)      : 47
     nxj
      |(Class and Type) : variable name, INTEGER(4)
      |(Attributes)     : 
      |(Declaration)    : 22
      |(Definition)     : 47
      |(Reference)      : 48
     nxp
      |(Class and Type) : variable name, INTEGER(4)
      |(Attributes)     : common-block-object, use-associated
      |(Declaration)    : 
      |(Definition)     : 
      |(Reference)      : 13  13  20
     outdms
      |(Class and Type) : variable name, INTEGER(4)
      |(Attributes)     : use-associated
      |(Declaration)    : 
      |(Definition)     : 
      |(Reference)      : 6  33  40  52
     outflds_hp
      |(Class and Type) : external subroutine name
      |(Attributes)     : 
      |(Declaration)    : 
      |(Definition)     : 1
      |(Reference)      : 
     outgrb2
      |(Class and Type) : variable name, INTEGER(4)
      |(Attributes)     : use-associated
      |(Declaration)    : 
      |(Definition)     : 
      |(Reference)      : 6  34  41  53
     qmaxn3
      |(Class and Type) : external subroutine name
      |(Attributes)     : 
      |(Declaration)    : 
      |(Definition)     : 
      |(Reference)      : 35  42  54
     RTYPE
      |(Class and Type) : named constant, INTEGER(4)
      |(Attributes)     : use-associated
      |(Declaration)    : 
      |(Definition)     : 
      |(Reference)      : 6  20
     raincu3
      |(Class and Type) : variable name, REAL(8)
      |(Attributes)     : DIMENSION, dummy-argument
      |(Declaration)    : 1  13
      |(Definition)     : 
      |(Reference)      : 31  49
     rainlp3
      |(Class and Type) : variable name, REAL(8)
      |(Attributes)     : DIMENSION, dummy-argument
      |(Declaration)    : 1  13
      |(Definition)     : 
      |(Reference)      : 38  49
     rank
      |(Class and Type) : module name
      |(Attributes)     : 
      |(Declaration)    : 
      |(Definition)     : 
      |(Reference)      : 4
     syslbl
      |(Class and Type) : external subroutine name
      |(Attributes)     : 
      |(Declaration)    : 
      |(Definition)     : 
      |(Reference)      : 30  37  44
     unify_reduceintp
      |(Class and Type) : external subroutine name
      |(Attributes)     : 
      |(Declaration)    : 
      |(Definition)     : 
      |(Reference)      : 32  39  51
     wrk
      |(Class and Type) : variable name, REAL(8)
      |(Attributes)     : DIMENSION
      |(Declaration)    : 20
      |(Definition)     : 31  32  38  39  49  51
      |(Reference)      : 
     wrt_grb2_accu
      |(Class and Type) : module subroutine name
      |(Attributes)     : use-associated
      |(Declaration)    : 
      |(Definition)     : 
      |(Reference)      : 34  41  53
   Cross reference of label
     (Label) (label-kind)               (line-no.)
     ------- ------------- ------------ ----------
         98  execution     (Definition) 50  
                           (Reference)  45  48

 Total information
   Procedures       : 1
   Total lines      : 58
   Total statements : 40
   Total stack(byte): 1680
   Total prefetch num: 0

