
 Fujitsu Fortran Version 4.6.1  Wed Feb  1 14:30:24 2023

 Compilation information
   Current directory : /IFS/nwpr/gfs/xb157/Git/tco639l72/src_new
   Source file       : reduceintp.f90

 Option information
   Command line options : -Kident_mpi -f2004 -c -X9 -Free -CcdRR8 -Cpp -Kfast,parallel,openmp,ocl,autoobjstack -x- -fw -Knofp_relaxed -SSL2BLAMP -Kopenmp,parallel -DTIMING -DUSE_FFTW -DRSM -Ec -Nlst=a,lst=d,lst=i,lst=p,lst=t,lst=x -Koptmsg=2 -I. -I/users/xa09/pkg/fx1000/fftw-3.3.10/include -I/package/fx1000/netcdf-4.1.3/include -I/nwpr/gfs/xb157/CWBSUMc2/components/coupler -I/nwpr/gfs/xb124/package/fx1000/MCT/include -DTIMCOMCPL -I/opt/FJSVxtclanga/.common/MELI025/include/mpi/fujitsu -I/opt/FJSVxtclanga/.common/MELI025/lib64 -Knointentopt
   Cpp options          : -DTIMING -DUSE_FFTW -DRSM -I. -I/users/xa09/pkg/fx1000/fftw-3.3.10/include -I/package/fx1000/netcdf-4.1.3/include -I/nwpr/gfs/xb157/CWBSUMc2/components/coupler -I/nwpr/gfs/xb124/package/fx1000/MCT/include -DTIMCOMCPL -I/opt/FJSVxtclanga/.common/MELI025/include/mpi/fujitsu -I/opt/FJSVxtclanga/.common/MELI025/lib64 -Dunix -Dlinux -D__FUJITSU -D__FRT_major__=4 -D__FRT_minor__=6 -D__FRT_patchlevel__=1 -D__FRT_version__="4.6.1" -D__aarch64__ -D__unix -D_OPENMP=201511 -D__frt_version=800 -D__ARM_ARCH=8 -D__ARM_FEATURE_SVE -D__ELF__ -D__unix__ -D__linux__ -D__linux -Asystem(unix) -otmp
   Effective options    : -fw -g0 -AE -Ec -Free -O3 -X9
                          -CcdRR8 -x- -xaccept=nomodule_allocatable
                          -KA64FX -KARMV8_3_A -KSVE -Kalign_commons
                          -Kalign_loops -Knoarray_declaration_opt
                          -Kassume=noshortloop -Kassume=nomemory_bandwidth
                          -Kassume=notime_saving_compilation -Kauto
                          -Kautoobjstack -Knocalleralloc -Kcmodel=small
                          -Keval -Keval_noconcurrent -Knoextract_stride_store
                          -Knofenv_access -Kfp_contract -Knofp_relaxed
                          -Kfsimple -Kfz -Khpctag -Kilfunc=procedure
                          -Knointentopt -Klargepage -Kloop_blocking
                          -Kloop_fission -Kloop_nofission_stripmining
                          -Kloop_fission_threshold=50 -Kloop_fusion
                          -Kloop_interchange -Kloop_part_parallel
                          -Kloop_part_simd -Kloop_perfect_nest
                          -Kloop_noversioning -Knolto -Kmfunc=1 -Kocl
                          -Komitfp -Knooptlib_string -Koptmsg=2
                          -Knopc_relative_literal_loads -Kplt -Knopreex
                          -Kprefetch_noconditional -Kprefetch_noindirect
                          -Kprefetch_sequential=auto -Kprefetch_nostride
                          -Kprefetch_cache_level=all -Kprefetch_noinfer
                          -Kprefetch_strong -Kprefetch_strong_L2 -Knopreload
                          -Ksch_post_ra -Ksch_pre_ra -Ksibling_calls
                          -Ksimd=auto -Ksimd_packed_promotion
                          -Ksimd_reduction_product -Ksimd_reg_size=512
                          -Ksimd_nouncounted_loop
                          -Ksimd_use_multiple_structures -Knostriping
                          -Knosubscript_opt -Kswp -Kswp_freg_rate=100
                          -Kswp_ireg_rate=100 -Kswp_preg_rate=100
                          -Kswp_policy=auto -Ktemparraystack -Kunroll
                          -Knounroll_and_jam -Knozfill
                          -Kopenmp -Kopenmp_noassume_norecurrence
                          -Kopenmp_nocollapse_except_innermost
                          -Kopenmp_noordered_reduction -Knoopenmp_simd
                          -Kthreadsafe -Kparallel -Kparallel_nofp_precision
                          -Knoarray_private -Knodynamic_iteration -Kreduction
                          -Kregion_extension
                          -Nallextput -Nnoalloc_assign
                          -Ncancel_overtime_compilation -Nnocheck_global
                          -Nnocoarray -Nnocompdisp -Nnocopyarg -Nnocoverage
                          -Nfjprof -Nfreealloc -Nf90move -Nnohook_func
                          -Nnohook_time -Nlibomp -Nline -Nlst -Nlst=a -Nlst=d
                          -Nlst=i -Nlst=p -Nlst=t -Nlst=x -Nnomallocfree
                          -Nnoobsfun -Nnoprivatealloc -Nquickdbg=noargchk
                          -Nquickdbg=nosubchk -Nquickdbg=noundef -NRnotrap
                          -Nnorecursive -Nnoreordered_variable_stack
                          -Nrt_notune -Nnosave -Nsetvalue=noheap
                          -Nsetvalue=nostack -Nsetvalue=noscalar
                          -Nsetvalue=noarray -Nsetvalue=nostruct -Nuse_rodata

 External subroutine subprogram "reduceintp"
  (inc)(line-no.)(nest)(optimize)
               1                           subroutine reduceintp(a,lonfd,lonf,latg)
               2                     !
               3                     ! do  mass conserving interpolation from different grid at given latitude
               4                     !
               5                     ! author: hann-ming henry juang 2008
               6                     !
               7                           use const, only: RTYPE
               8                     !
               9                           implicit none
              10                     
              11                     !
              12                           integer    lonf,latg,j,i,imp,lonfd(latg)
              13                           real(kind=RTYPE) a(lonf,latg)
              14                     !
              15                           real(kind=RTYPE) old(lonf),new(lonf)
              16                           real(kind=RTYPE) xpast(lonf+1),xnext(lonf+1)
              17                           real      two_pi,dxp,dxf,hfdxp,hfdxf,sc,pi
              18                     !
              19                     
              20                     ! ..................................
              21                     ! ..................................
              22                            pi  = 4.0 * atan(1.0)
              23                            two_pi = 2.0 * pi
              24                            dxf = two_pi / lonf
              25                            hfdxf = 0.5 * dxf
              26                     !$omp parallel do                                       &
              27                     !$omp private(j,i,imp,dxp,hfdxp,xpast,xnext,sc,old,new) &
              28                     !$omp schedule(dynamic)
                                   <<< Loop-information Start >>>
                                   <<<  [OPTIMIZATION]
                                   <<<    PREFETCH(HARD) Expected by compiler :
                                   <<<      a, (unknown)
                                   <<< Loop-information  End >>>
              29     1   p                 do j=1,latg
              30     1   p                  imp=lonfd(j)
              31     2   p                  if( imp.ne.lonf ) then
              32     2   p                   dxp = two_pi / imp
              33     2   p                   hfdxp = 0.5 * dxp
              34     2               
              35     2               
                                   <<< Loop-information Start >>>
                                   <<<  [OPTIMIZATION]
                                   <<<    SIMD(VL: 8)
                                   <<<    SOFTWARE PIPELINING(IPC: 3.00, ITR: 160, MVE: 3, POL: S)
                                   <<<    PREFETCH(HARD) Expected by compiler :
                                   <<<      (unknown)
                                   <<< Loop-information  End >>>
              36     3   p   2v              do i=1,imp+1
              37     3   p   2v                xpast(i) = (i-1) * dxp - hfdxp
              38     3   p   2v              enddo
              39     2               
                                   <<< Loop-information Start >>>
                                   <<<  [OPTIMIZATION]
                                   <<<    SIMD(VL: 8)
                                   <<<    SOFTWARE PIPELINING(IPC: 3.00, ITR: 160, MVE: 3, POL: S)
                                   <<<    PREFETCH(HARD) Expected by compiler :
                                   <<<      (unknown)
                                   <<< Loop-information  End >>>
              40     3   p   2v              do i=1,lonf+1
              41     3   p   2v                xnext(i) = (i-1) * dxf - hfdxf
              42     3   p   2v              enddo
              43     2               
              44     2   p                   sc=two_pi
              45     2               
                                   <<< Loop-information Start >>>
                                   <<<  [OPTIMIZATION]
                                   <<<    SIMD(VL: 8)
                                   <<<    SOFTWARE PIPELINING(IPC: 3.00, ITR: 144, MVE: 5, POL: S)
                                   <<<    PREFETCH(HARD) Expected by compiler :
                                   <<<      a, (unknown)
                                   <<< Loop-information  End >>>
              46     2   p   2v              old(1:imp)=a(1:imp,j)
              47     2               !CWB2021 for ndsl single precision test
              48     2   p                  call cyclic_cell_ppm_intp(xpast,old,xnext,new,lonf,1,imp,lonf,sc)
              49     2               !        call cyclic_cell_ppm_intp_dp(xpast,old,xnext,new,lonf,1,imp,lonf,sc)
              50     2               
              51     2               !        call cyclic_cell_plm_intp(xpast,old,xnext,new,lonf,1,imp,lonf,sc)
              52     2               
                                   <<< Loop-information Start >>>
                                   <<<  [OPTIMIZATION]
                                   <<<    SIMD(VL: 8)
                                   <<<    SOFTWARE PIPELINING(IPC: 3.00, ITR: 144, MVE: 5, POL: S)
                                   <<<    PREFETCH(HARD) Expected by compiler :
                                   <<<      a, (unknown)
                                   <<< Loop-information  End >>>
              53     2   p   2v              a(1:lonf,j)=new(1:lonf)
              54     2   p                  endif
              55     1   p                 enddo
              56                     !$omp end parallel do
              57                     ! .................
              58                     
              59                           return
              60                           end subroutine reduceintp

 Procedure information
   Lines      : 60
   Statements : 33
   Stack(byte): 912
   Prefetch num: 0

 Scoping unit of external sub-program : reduceintp
   Attribute and Cross reference of name
     a
      |(Class and Type) : variable name, REAL(8)
      |(Attributes)     : DIMENSION, dummy-argument
      |(Declaration)    : 1  13
      |(Definition)     : 53
      |(Reference)      : 46
     atan
      |(Class and Type) : intrinsic function name, REAL(8)
      |(Attributes)     : PURE, ELEMENTAL
      |(Declaration)    : 
      |(Definition)     : 
      |(Reference)      : 22
     const
      |(Class and Type) : module name
      |(Attributes)     : 
      |(Declaration)    : 
      |(Definition)     : 
      |(Reference)      : 7
     cyclic_cell_ppm_intp
      |(Class and Type) : external subroutine name
      |(Attributes)     : 
      |(Declaration)    : 
      |(Definition)     : 
      |(Reference)      : 48
     dxf
      |(Class and Type) : variable name, REAL(8)
      |(Attributes)     : 
      |(Declaration)    : 17
      |(Definition)     : 24
      |(Reference)      : 25  41
     dxp
      |(Class and Type) : variable name, REAL(8)
      |(Attributes)     : 
      |(Declaration)    : 17
      |(Definition)     : 32
      |(Reference)      : 26  33  37
     hfdxf
      |(Class and Type) : variable name, REAL(8)
      |(Attributes)     : 
      |(Declaration)    : 17
      |(Definition)     : 25
      |(Reference)      : 41
     hfdxp
      |(Class and Type) : variable name, REAL(8)
      |(Attributes)     : 
      |(Declaration)    : 17
      |(Definition)     : 33
      |(Reference)      : 26  37
     i
      |(Class and Type) : variable name, INTEGER(4)
      |(Attributes)     : 
      |(Declaration)    : 12
      |(Definition)     : 36  40
      |(Reference)      : 26  37  37  41  41
     imp
      |(Class and Type) : variable name, INTEGER(4)
      |(Attributes)     : 
      |(Declaration)    : 12
      |(Definition)     : 30  48
      |(Reference)      : 26  31  32  36  46  46
     j
      |(Class and Type) : variable name, INTEGER(4)
      |(Attributes)     : 
      |(Declaration)    : 12
      |(Definition)     : 29
      |(Reference)      : 26  30  46  53
     latg
      |(Class and Type) : variable name, INTEGER(4)
      |(Attributes)     : dummy-argument
      |(Declaration)    : 1  12
      |(Definition)     : 
      |(Reference)      : 12  13  29
     lonf
      |(Class and Type) : variable name, INTEGER(4)
      |(Attributes)     : dummy-argument
      |(Declaration)    : 1  12
      |(Definition)     : 48  48
      |(Reference)      : 13  15  15  16  16  24  31  40  53  53
     lonfd
      |(Class and Type) : variable name, INTEGER(4)
      |(Attributes)     : DIMENSION, dummy-argument
      |(Declaration)    : 1  12
      |(Definition)     : 
      |(Reference)      : 30
     new
      |(Class and Type) : variable name, REAL(8)
      |(Attributes)     : DIMENSION
      |(Declaration)    : 15
      |(Definition)     : 48
      |(Reference)      : 26  53
     old
      |(Class and Type) : variable name, REAL(8)
      |(Attributes)     : DIMENSION
      |(Declaration)    : 15
      |(Definition)     : 46  48
      |(Reference)      : 26
     pi
      |(Class and Type) : variable name, REAL(8)
      |(Attributes)     : 
      |(Declaration)    : 17
      |(Definition)     : 22
      |(Reference)      : 23
     RTYPE
      |(Class and Type) : named constant, INTEGER(4)
      |(Attributes)     : use-associated
      |(Declaration)    : 
      |(Definition)     : 
      |(Reference)      : 7  13  15  16
     reduceintp
      |(Class and Type) : external subroutine name
      |(Attributes)     : 
      |(Declaration)    : 
      |(Definition)     : 1
      |(Reference)      : 60
     sc
      |(Class and Type) : variable name, REAL(8)
      |(Attributes)     : 
      |(Declaration)    : 17
      |(Definition)     : 44  48
      |(Reference)      : 26
     two_pi
      |(Class and Type) : variable name, REAL(8)
      |(Attributes)     : 
      |(Declaration)    : 17
      |(Definition)     : 23
      |(Reference)      : 24  32  44
     xnext
      |(Class and Type) : variable name, REAL(8)
      |(Attributes)     : DIMENSION
      |(Declaration)    : 16
      |(Definition)     : 41  48
      |(Reference)      : 26
     xpast
      |(Class and Type) : variable name, REAL(8)
      |(Attributes)     : DIMENSION
      |(Declaration)    : 16
      |(Definition)     : 37  48
      |(Reference)      : 26

 Total information
   Procedures       : 1
   Total lines      : 60
   Total statements : 33
   Total stack(byte): 912
   Total prefetch num: 0

