
 Fujitsu Fortran Version 4.6.1  Thu Jun 29 14:23:11 2023

 Compilation information
   Current directory : /IFS/nwpr/gfs/xb157/Git/tco639l72/src_rsm
   Source file       : rozphys.f90

 Option information
   Command line options : -Kident_mpi -f2004 -c -X9 -Free -CcdRR8 -Cpp -Kfast,parallel,openmp,ocl,autoobjstack -x- -fw -Knofp_relaxed -SSL2BLAMP -Kopenmp,parallel -DTIMING -DUSE_FFTW -DW3TAG -DGFDLMP_v2 -Ec -Nlst=a,lst=d,lst=i,lst=p,lst=t,lst=x -Koptmsg=2 -I. -I/users/xa09/pkg/fx1000/fftw-3.3.10/include -I/package/fx1000/netcdf-4.7.4/include -I/package/fx1000/g2lib-1.4.0_cwb/include -I/opt/FJSVxtclanga/.common/MELI025/include/mpi/fujitsu -I/opt/FJSVxtclanga/.common/MELI025/lib64 -Knointentopt
   Cpp options          : -DTIMING -DUSE_FFTW -DW3TAG -DGFDLMP_v2 -I. -I/users/xa09/pkg/fx1000/fftw-3.3.10/include -I/package/fx1000/netcdf-4.7.4/include -I/package/fx1000/g2lib-1.4.0_cwb/include -I/opt/FJSVxtclanga/.common/MELI025/include/mpi/fujitsu -I/opt/FJSVxtclanga/.common/MELI025/lib64 -Dunix -Dlinux -D__FUJITSU -D__FRT_major__=4 -D__FRT_minor__=6 -D__FRT_patchlevel__=1 -D__FRT_version__="4.6.1" -D__aarch64__ -D__unix -D_OPENMP=201511 -D__frt_version=800 -D__ARM_ARCH=8 -D__ARM_FEATURE_SVE -D__ELF__ -D__unix__ -D__linux__ -D__linux -Asystem(unix) -otmp
   Effective options    : -fw -g0 -AE -Ec -Free -O3 -X9
                          -CcdRR8 -x- -xaccept=nomodule_allocatable
                          -KA64FX -KARMV8_3_A -KSVE -Kalign_commons
                          -Kalign_loops -Knoarray_declaration_opt
                          -Kassume=noshortloop -Kassume=nomemory_bandwidth
                          -Kassume=notime_saving_compilation -Kauto
                          -Kautoobjstack -Knocalleralloc -Kcmodel=small
                          -Keval -Keval_noconcurrent -Knoextract_stride_store
                          -Knofenv_access -Kfp_contract -Knofp_relaxed
                          -Kfsimple -Kfz -Khpctag -Kilfunc=procedure
                          -Knointentopt -Klargepage -Kloop_blocking
                          -Kloop_fission -Kloop_nofission_stripmining
                          -Kloop_fission_threshold=50 -Kloop_fusion
                          -Kloop_interchange -Kloop_part_parallel
                          -Kloop_part_simd -Kloop_perfect_nest
                          -Kloop_noversioning -Knolto -Kmfunc=1 -Kocl
                          -Komitfp -Knooptlib_string -Koptmsg=2
                          -Knopc_relative_literal_loads -Kplt -Knopreex
                          -Kprefetch_noconditional -Kprefetch_noindirect
                          -Kprefetch_sequential=auto -Kprefetch_nostride
                          -Kprefetch_cache_level=all -Kprefetch_noinfer
                          -Kprefetch_strong -Kprefetch_strong_L2 -Knopreload
                          -Ksch_post_ra -Ksch_pre_ra -Ksibling_calls
                          -Ksimd=auto -Ksimd_packed_promotion
                          -Ksimd_reduction_product -Ksimd_reg_size=512
                          -Ksimd_nouncounted_loop
                          -Ksimd_use_multiple_structures -Knostriping
                          -Knosubscript_opt -Kswp -Kswp_freg_rate=100
                          -Kswp_ireg_rate=100 -Kswp_preg_rate=100
                          -Kswp_policy=auto -Ktemparraystack -Kunroll
                          -Knounroll_and_jam -Knozfill
                          -Kopenmp -Kopenmp_noassume_norecurrence
                          -Kopenmp_nocollapse_except_innermost
                          -Kopenmp_noordered_reduction -Knoopenmp_simd
                          -Kthreadsafe -Kparallel -Kparallel_nofp_precision
                          -Knoarray_private -Knodynamic_iteration -Kreduction
                          -Kregion_extension
                          -Nallextput -Nnoalloc_assign
                          -Ncancel_overtime_compilation -Nnocheck_global
                          -Nnocoarray -Nnocompdisp -Nnocopyarg -Nnocoverage
                          -Nfjprof -Nfreealloc -Nf90move -Nnohook_func
                          -Nnohook_time -Nlibomp -Nline -Nlst -Nlst=a -Nlst=d
                          -Nlst=i -Nlst=p -Nlst=t -Nlst=x -Nnomallocfree
                          -Nnoobsfun -Nnoprivatealloc -Nquickdbg=noargchk
                          -Nquickdbg=nosubchk -Nquickdbg=noundef -NRnotrap
                          -Nnorecursive -Nnoreordered_variable_stack
                          -Nrt_notune -Nnosave -Nsetvalue=noheap
                          -Nsetvalue=nostack -Nsetvalue=noscalar
                          -Nsetvalue=noarray -Nsetvalue=nostruct -Nuse_rodata

 External subroutine subprogram "rozphys"
  (inc)(line-no.)(nest)(optimize)
               1                           subroutine rozphys(nxj, nx, lev, dt, iter, theta, julian,        &
               2                                              o3l, tt, pp, ps, myrank)
               3                           use physcons, only : grav => con_g
               4                           use ozne_def
               5                           use const, only : RTYPE
               6                           integer nxj,nx,lev,julian
               7                           real (kind=kind_phys) ozwk1(latsozp,levozp,pl_coeff)
               8                           real (kind=kind_phys) ozwk2(levozp,pl_coeff)
               9                           real (kind=kind_phys) ozplout(nx,lev,pl_coeff)
              10                           real (kind=kind_phys) amin(pl_coeff)
              11                           real (kind=kind_phys) amax(pl_coeff)
              12                     
              13                     !
              14                           real, parameter :: gravi=1.0/grav
              15                           integer pl_coeff2, kmax(pl_coeff),kmin(pl_coeff)
              16                     
              17                     
              18                           real(kind=kind_phys) ps(nx),                               &
              19                                                pp(nx,lev),ozp(nx,lev,pl_coeff)
              20                           real(kind=RTYPE)     o3l(nx,lev),tt(nx,lev)
              21                           real(kind=kind_phys) dt
              22                     !
              23                           integer k,i,j
              24                           logical ldiag3d
              25                           real(kind=kind_phys) coef(nx,pl_coeff),                    &
              26                                                ozb(nx),  colo3(nx,lev),              &
              27                                                ozo(nx,lev), delp(nx,lev),temp
              28                     !----------------------------------------------------------------------
              29                           lozc = latsozp*levozp*pl_coeff
              30                     !----------------------------------------------------------------------
              31                     !  check julian locating on which month is
              32                     !  and linearly interpolate for time
              33                     !----------------------------------------------------------------------
              34                           daynum = julian
              35                           if ( daynum .gt. 365 )     daynum = 365.
              36                           if ( daynum .le. pl_time(1) ) daynum = julian+365.
              37                     
                                   <<< Loop-information Start >>>
                                   <<<  [OPTIMIZATION]
                                   <<<    PREFETCH(HARD) Expected by compiler :
                                   <<<      ozplin, ozwk1
                                   <<< Loop-information  End >>>
              38     1                     do n = 1,timeoz
              39     1                        con1 = (daynum-pl_time(n)) / (pl_time(n+1)-pl_time(n))
              40     1                        n1=n+1
              41     1                        if (n1 .gt. 12) n1=n1-12
              42     2                        if ( (con1.ge.0.0) .and. (con1.le.1.0) ) then
              43     2                           con2=1.0-con1
                                   <<< Loop-information Start >>>
                                   <<<  [PARALLELIZATION]
                                   <<<    Standard iteration count: 762
                                   <<<  [OPTIMIZATION]
                                   <<<    SIMD(VL: 8)
                                   <<<    SOFTWARE PIPELINING(IPC: 3.40, ITR: 144, MVE: 3, POL: S)
                                   <<<    PREFETCH(HARD) Expected by compiler :
                                   <<<      ozplin, ozwk1
                                   <<< Loop-information  End >>>
              44     3  pp   2v                  do i=1,lozc
              45     3   p   2v                     ozwk1(i,1,1) = con2*ozplin(i,1,1,n) + con1*ozplin(i,1,1,n1)
              46     3   p   2v                  enddo
              47     2                        endif
              48     1                      enddo
              49                     !
              50                     !  linearly interpolate for latitude
              51                     !
              52                     !ch      if ((theta.le.pl_lat(1)) .or. (theta.ge.pl_lat(latsozp))) then
              53                     !ch      do 200 i = 1,pl_coeff
              54                     !ch      do 210 k = 1,levozp
              55                     !ch         ozwk2(k,i)=0.
              56                     !ch         if(theta .le. pl_lat(1)) ozwk2(k,i) = ozwk1(1,k,i)
              57                     !ch         if(theta .ge. pl_lat(latsozp)) ozwk2(k,i) = ozwk1(latsozp,k,i)
              58                     !ch 210  continue
              59                     !ch 200  continue
              60                     !ch >>
              61     1                     if (theta.le.pl_lat(1))then
                                   <<< Loop-information Start >>>
                                   <<<  [PARALLELIZATION]
                                   <<<    Standard iteration count: 1000
                                   <<<  [OPTIMIZATION]
                                   <<<    COLLAPSED
                                   <<<    SIMD(VL: 8)
                                   <<<    SOFTWARE PIPELINING(IPC: 2.37, ITR: 256, MVE: 4, POL: S)
                                   <<<    PREFETCH(HARD) Expected by compiler :
                                   <<<      ozwk2
                                   <<< Loop-information  End >>>
              62     2  pp   4v            do i = 1,pl_coeff
                                   <<< Loop-information Start >>>
                                   <<<  [OPTIMIZATION]
                                   <<<    COLLAPSED
                                   <<< Loop-information  End >>>
              63     3   p   4             do k = 1,levozp
              64     3   p   4v               ozwk2(k,i) = ozwk1(1,k,i)
              65     3   p   4v            enddo
              66     2   p                 enddo
              67     1                     elseif(theta.ge.pl_lat(latsozp)) then
                                   <<< Loop-information Start >>>
                                   <<<  [PARALLELIZATION]
                                   <<<    Standard iteration count: 1000
                                   <<<  [OPTIMIZATION]
                                   <<<    COLLAPSED
                                   <<<    SIMD(VL: 8)
                                   <<<    SOFTWARE PIPELINING(IPC: 2.87, ITR: 256, MVE: 4, POL: S)
                                   <<<    PREFETCH(HARD) Expected by compiler :
                                   <<<      ozwk2
                                   <<< Loop-information  End >>>
              68     2  pp   4v            do i = 1,pl_coeff
                                   <<< Loop-information Start >>>
                                   <<<  [OPTIMIZATION]
                                   <<<    COLLAPSED
                                   <<< Loop-information  End >>>
              69     3   p   4             do k = 1,levozp
              70     3   p   4v               ozwk2(k,i) = ozwk1(latsozp,k,i)
              71     3   p   4v            enddo
              72     2   p                 enddo
              73     1               !ch <<
              74     1               
              75     1                     else
              76     1               
              77     1                     ll  = (theta-pl_lat(1))/5.0 + 1
              78     1                     con1 = (theta-pl_lat(ll)) / 5.0
              79     1                     con2 = 1.0-con1
                                   <<< Loop-information Start >>>
                                   <<<  [PARALLELIZATION]
                                   <<<    Standard iteration count: 728
                                   <<<  [OPTIMIZATION]
                                   <<<    COLLAPSED
                                   <<<    SIMD(VL: 8)
                                   <<<    SOFTWARE PIPELINING(IPC: 3.50, ITR: 192, MVE: 5, POL: S)
                                   <<<    PREFETCH(HARD) Expected by compiler :
                                   <<<      ozwk2
                                   <<< Loop-information  End >>>
              80     2  pp   2v            do 220 i = 1,pl_coeff
                                   <<< Loop-information Start >>>
                                   <<<  [OPTIMIZATION]
                                   <<<    COLLAPSED
                                   <<< Loop-information  End >>>
              81     3   p   2             do 230 k = 1,levozp
              82     3   p   2v              ozwk2(k,i) = con2*ozwk1(ll,k,i) + con1*ozwk1(ll+1,k,i)
              83     3   p   2v       230  continue
              84     2   p            220  continue
              85     1                     endif
              86                     
              87                     !
              88                     
              89                     !
              90                     !  linear interpolate for p
              91                     !
              92                     !ch      do  300 j = 1, pl_coeff
              93                     !ch      do  310 k = 1, lev
              94                     !ch      do  320 i = 1, nxj
              95                     !ch          ozplout(i,k,j)=0.
              96                     !ch          if ( pp(i,k) .le. pl_pres(1) )  ozplout(i,k,j) = ozwk2(1,j)
              97                     !ch          if ( pp(i,k) .ge. pl_pres(levozp) ) ozplout(i,k,j) = ozwk2(levozp,j)
              98                     !ch 320  continue
              99                     !ch 310  continue
             100                     !ch 300  continue
             101                     !ch >>
                                   <<< Loop-information Start >>>
                                   <<<  [PARALLELIZATION]
                                   <<<    Standard iteration count: 2
                                   <<< Loop-information  End >>>
             102     1  pp                 do  310 k = 1, lev
             103     2   p                 do  320 i = 1, nxj
             104     3   p                     if ( pp(i,k) .le. pl_pres(1) )then
                                   <<< Loop-information Start >>>
                                   <<<  [OPTIMIZATION]
                                   <<<    SIMD(VL: 8)
                                   <<<    SOFTWARE PIPELINING(IPC: 2.63, ITR: 192, MVE: 3, POL: S)
                                   <<< Loop-information  End >>>
             105     4   p   4v                   do j = 1, pl_coeff
             106     4   p   4v                     ozplout(i,k,j) = ozwk2(1,j)
             107     4   p   4v                   enddo
             108     3   p                     elseif ( pp(i,k) .ge. pl_pres(levozp) )then
                                   <<< Loop-information Start >>>
                                   <<<  [OPTIMIZATION]
                                   <<<    SIMD(VL: 8)
                                   <<<    SOFTWARE PIPELINING(IPC: 2.53, ITR: 96, MVE: 2, POL: S)
                                   <<< Loop-information  End >>>
             109     4   p   4v                   do j = 1, pl_coeff
             110     4   p   4v                     ozplout(i,k,j) = ozwk2(levozp,j)
             111     4   p   4v                   enddo
             112     3   p                     else
                                   <<< Loop-information Start >>>
                                   <<<  [OPTIMIZATION]
                                   <<<    SIMD(VL: 8)
                                   <<< Loop-information  End >>>
             113     4   p   4v                   do j = 1, pl_coeff
             114     4   p   4v                     ozplout(i,k,j) = 0.
             115     4   p   4v                   enddo
             116     3   p                     endif
             117     2   p            320  continue
             118     1   p            310  continue
             119                     !ch <<
             120                     
             121                     !
                                   <<< Loop-information Start >>>
                                   <<<  [PARALLELIZATION]
                                   <<<    Standard iteration count: 2
                                   <<< Loop-information  End >>>
             122     1  pp                 do 350 j  = 1, pl_coeff
             123     2   p                 do 360 kk = 1, lev
             124     3   p                 do 370 k  = 1, levozp-1
             125     3               !!ocl simd
                                   <<< Loop-information Start >>>
                                   <<<  [OPTIMIZATION]
                                   <<<    PREFETCH(HARD) Expected by compiler :
                                   <<<      pp
                                   <<< Loop-information  End >>>
             126     4   p   2s            do 380 i  = 1, nxj
             127     4   p   2v               con1 = (pp(i,kk)-pl_pres(k)) / (pl_pres(k+1)-pl_pres(k))
             128     5   p   2s               if ((con1.gt.0.0) .and. (con1.le.1.0)) then !pp(kk) in pl(k,k+1)
             129     5   p   2s                  con2=1.0-con1
             130     5   p   2s                  ozplout(i,kk,j) = con2*ozwk2(k,j) + con1*ozwk2(k+1,j)
             131     5   p   2v               endif
             132     4   p   2v       380  continue
             133     3   p            370  continue
             134     2   p            360  continue
             135     1   p            350  continue
             136                     !
             137                     !----------------------------------------------------------------------
             138                     
             139                           ldiag3d =.true.
             140                     !
             141                     !     do i=1,nx*lev*pl_coeff
             142                     !        ozp(i,1,1)=0.0
             143                     !     enddo
                                   <<< Loop-information Start >>>
                                   <<<  [PARALLELIZATION]
                                   <<<    Standard iteration count: 2
                                   <<<  [OPTIMIZATION]
                                   <<<    SIMD(VL: 8)
                                   <<<    PREFETCH(HARD) Expected by compiler :
                                   <<<      ozp
                                   <<< Loop-information  End >>>
             144        pp   4v               ozp=0.0
             145                     
             146                           pl_coeff2 = 2
             147                     !cmy--------------------------------------------------------------------
             148                     !for pl_coeff > 2
             149                     !cmy--------------------------------------------------------------------
             150     1                     if (pl_coeff .gt. 2) then
                                   <<< Loop-information Start >>>
                                   <<<  [PARALLELIZATION]
                                   <<<    Standard iteration count: 1778
                                   <<<  [OPTIMIZATION]
                                   <<<    SIMD(VL: 8)
                                   <<<    PREFETCH(HARD) Expected by compiler :
                                   <<<      colo3
                                   <<< Loop-information  End >>>
             151     1  pp   4v                colo3(:,lev) = 0.0
             152     1               !
                                   <<< Loop-information Start >>>
                                   <<<  [PARALLELIZATION]
                                   <<<    Standard iteration count: 3
                                   <<<  [OPTIMIZATION]
                                   <<<    PREFETCH(HARD) Expected by compiler :
                                   <<<      pp, delp
                                   <<< Loop-information  End >>>
             153     2  pp                     do k=2,lev
                                   <<< Loop-information Start >>>
                                   <<<  [OPTIMIZATION]
                                   <<<    SIMD(VL: 8)
                                   <<<    SOFTWARE PIPELINING(IPC: 3.25, ITR: 144, MVE: 4, POL: S)
                                   <<<    PREFETCH(HARD) Expected by compiler :
                                   <<<      pp, delp
                                   <<< Loop-information  End >>>
             154     3   p   2v                do i=1,nxj
             155     3   p   2v                   delp(i,k)=pp(i,k)-pp(i,k-1)
             156     3   p   2v                enddo
             157     2   p                     enddo
             158     1               !
                                   <<< Loop-information Start >>>
                                   <<<  [PARALLELIZATION]
                                   <<<    Standard iteration count: 843
                                   <<<  [OPTIMIZATION]
                                   <<<    SIMD(VL: 8)
                                   <<<    SOFTWARE PIPELINING(IPC: 3.00, ITR: 208, MVE: 7, POL: S)
                                   <<<    PREFETCH(HARD) Expected by compiler :
                                   <<<      colo3, o3l, pp, delp
                                   <<< Loop-information  End >>>
             159     2  pp   2v                do i=1,nxj
             160     2   p   2v                   delp(i,1)=pp(i,1)
             161     2   p   2v                   colo3(i,1)=o3l(i,1) * delp(i,1) * gravi
             162     2   p   2v                enddo
             163     1               !
                                   <<< Loop-information Start >>>
                                   <<<  [OPTIMIZATION]
                                   <<<    PREFETCH(HARD) Expected by compiler :
                                   <<<      delp, o3l, colo3
                                   <<< Loop-information  End >>>
             164     2                         do k=2,lev
                                   <<< Loop-information Start >>>
                                   <<<  [PARALLELIZATION]
                                   <<<    Standard iteration count: 728
                                   <<<  [OPTIMIZATION]
                                   <<<    SIMD(VL: 8)
                                   <<<    SOFTWARE PIPELINING(IPC: 2.57, ITR: 96, MVE: 2, POL: S)
                                   <<<    PREFETCH(HARD) Expected by compiler :
                                   <<<      colo3, delp, o3l
                                   <<< Loop-information  End >>>
             165     3  pp   2v                do i=1,nxj
             166     3   p   2v                   colo3(i,k) = colo3(i,k-1) + o3l(i,k) * delp(i,k) * gravi
             167     3   p   2v                enddo
             168     2                         enddo
             169     1                     endif ! for pl_coeff > 2
             170                     !cmy--------------------------------------------------------------------
             171                     !  K - loop start
             172                     !cmy--------------------------------------------------------------------
             173     1                     do k=1,lev
                                   <<< Loop-information Start >>>
                                   <<<  [PARALLELIZATION]
                                   <<<    Standard iteration count: 3
                                   <<<  [OPTIMIZATION]
                                   <<<    PREFETCH(HARD) Expected by compiler :
                                   <<<      ozplout, coef
                                   <<< Loop-information  End >>>
             174     2  pp                   do j=1,pl_coeff
                                   <<< Loop-information Start >>>
                                   <<<  [OPTIMIZATION]
                                   <<<    SIMD(VL: 8)
                                   <<<    SOFTWARE PIPELINING(IPC: 3.00, ITR: 144, MVE: 5, POL: S)
                                   <<<    PREFETCH(HARD) Expected by compiler :
                                   <<<      ozplout, coef
                                   <<< Loop-information  End >>>
             175     3   p   2v                do i=1,nxj
             176     3   p   2v                    coef(i,j) = ozplout(i,k,j)
             177     3   p   2v                enddo
             178     2   p                   enddo
             179     1               !cmy--------------------------------------------------------------------
             180     2                       if (pl_coeff2 .eq. 2) then
                                   <<< Loop-information Start >>>
                                   <<<  [PARALLELIZATION]
                                   <<<    Standard iteration count: 356
                                   <<<  [OPTIMIZATION]
                                   <<<    FUSED(lines: 181,186)
                                   <<<    SIMD(VL: 8)
                                   <<<    SOFTWARE PIPELINING(IPC: 0.56, ITR: 24, MVE: 2, POL: S)
                                   <<<    PREFETCH(HARD) Expected by compiler :
                                   <<<      coef, o3l, ozp, ozo, ozb
                                   <<< Loop-information  End >>>
             181     3  pp    v                do i=1,nxj
             182     3   p    v                  ozb(i)    = o3l(i,k)           ! NO FilliNG
             183     3   p    v                  ozo(i,k)  = (ozb(i) + coef(i,1)*dt) / (1.0 + coef(i,2)*dt)
             184     3   p    v                enddo
             185     3                         if (ldiag3d) then     !     Ozone change diagnostics
                                   <<< Loop-information Start >>>
                                   <<<  [OPTIMIZATION]
                                   <<<    FUSED
                                   <<< Loop-information  End >>>
             186     4                             do i=1,nxj
             187     4                                ozp(i,k,1) = ozp(i,k,1) + coef(i,1)*DT
             188     4                                ozp(i,k,2) = ozp(i,k,2) + (ozo(i,k) - ozb(i))
             189     4                             enddo
             190     3                         endif ! for ldiag3d
             191     2                       endif ! for pl_coeff2=2
             192     1               !cmy--------------------------------------------------------------------
             193     2                       if (pl_coeff2 .eq. 4) then
             194     3                         do i=1,nxj
             195     3                           ozb(i)   = o3l(i,k)            ! NO FilliNG
             196     3                           temp     = coef(i,1) + coef(i,3)*tt(i,k) + coef(i,4)*colo3(i,k)
             197     3                           ozo(i,k) = (OZB(i)  + temp*dt) / (1.0 + coef(i,2)*dt)
             198     3                         enddo
             199     3                         if (ldiag3d) then     !     Ozone change diagnostics
             200     4                             do i=1,nxj
             201     4                                OZP(i,k,1) = OZP(i,k,1) + coef(i,1)*DT
             202     4                                OZP(i,k,2) = OZP(i,k,2) + (OZO(i,k)-OZB(i))
             203     4                                OZP(i,k,3) = OZP(i,k,3) + coef(i,3)*tt(i,k)*DT
             204     4                                OZP(i,k,4) = OZP(i,k,4) + coef(i,4)*colo3(i,k+1)*DT
             205     4                             enddo
             206     3                         endif !for ldiag3d
             207     2                     endif !for pl_coeff2=4
             208     1               !cmy------------------------------------------------------------------
             209     1                     enddo ! Vertical loop
             210                     !cmy------------------------------------------------------------------
             211                     !     do i=1,nx*lev
             212                     !      o3l(i,1)=ozo(i,1)
             213                     !     enddo
                                   <<< Loop-information Start >>>
                                   <<<  [PARALLELIZATION]
                                   <<<    Standard iteration count: 7
                                   <<<  [OPTIMIZATION]
                                   <<<    SIMD(VL: 8)
                                   <<<    SOFTWARE PIPELINING(IPC: 2.00, ITR: 160, MVE: 3, POL: S)
                                   <<<    PREFETCH(HARD) Expected by compiler :
                                   <<<      ozo, o3l
                                   <<< Loop-information  End >>>
             214        pp   4v             o3l=ozo
             215                     !cmy------------------------------------------------------------------
             216                     !     if (myrank .eq. 0) print *,'*** ozphys.f end !!'
             217                     !     if (myrank .eq. 0) print *,'*** o3l ***'
             218                     !     call qmax2d(o3l,1,1,nx,lev)
             219                     
             220                           RETURN
             221                           END

 Procedure information
   Lines      : 221
   Statements : 142
   Stack(byte): 4688
   Prefetch num: 0

 Scoping unit of external sub-program : rozphys
   Attribute and Cross reference of name
     amax
      |(Class and Type) : variable name, REAL(8)
      |(Attributes)     : DIMENSION
      |(Declaration)    : 11
      |(Definition)     : 
      |(Reference)      : 
     amin
      |(Class and Type) : variable name, REAL(8)
      |(Attributes)     : DIMENSION
      |(Declaration)    : 10
      |(Definition)     : 
      |(Reference)      : 
     coef
      |(Class and Type) : variable name, REAL(8)
      |(Attributes)     : DIMENSION
      |(Declaration)    : 25
      |(Definition)     : 176
      |(Reference)      : 183  183  187  196  196  196  197  201  203  204
     colo3
      |(Class and Type) : variable name, REAL(8)
      |(Attributes)     : DIMENSION
      |(Declaration)    : 25
      |(Definition)     : 151  161  166
      |(Reference)      : 166  196  204
     con1
      |(Class and Type) : variable name, REAL(8)-implicited
      |(Attributes)     : 
      |(Declaration)    : 
      |(Definition)     : 39  78  127
      |(Reference)      : 42  42  43  45  79  82  128  128  129  130
     con2
      |(Class and Type) : variable name, REAL(8)-implicited
      |(Attributes)     : 
      |(Declaration)    : 
      |(Definition)     : 43  79  129
      |(Reference)      : 45  82  130
     con_g
      |(Class and Type) : use name
      |(Attributes)     : 
      |(Declaration)    : 
      |(Definition)     : 
      |(Reference)      : 3
     const
      |(Class and Type) : module name
      |(Attributes)     : 
      |(Declaration)    : 
      |(Definition)     : 
      |(Reference)      : 5
     daynum
      |(Class and Type) : variable name, REAL(8)-implicited
      |(Attributes)     : 
      |(Declaration)    : 
      |(Definition)     : 34  35  36
      |(Reference)      : 35  36  39
     delp
      |(Class and Type) : variable name, REAL(8)
      |(Attributes)     : DIMENSION
      |(Declaration)    : 25
      |(Definition)     : 155  160
      |(Reference)      : 161  166
     dt
      |(Class and Type) : variable name, REAL(8)
      |(Attributes)     : dummy-argument
      |(Declaration)    : 1  21
      |(Definition)     : 
      |(Reference)      : 183  183  187  197  197  201  203  204
     grav
      |(Class and Type) : named constant, REAL(8)
      |(Attributes)     : use-associated
      |(Declaration)    : 
      |(Definition)     : 
      |(Reference)      : 3  14
     gravi
      |(Class and Type) : named constant, REAL(8)
      |(Attributes)     : 
      |(Declaration)    : 14
      |(Definition)     : 
      |(Reference)      : 161  166
     i
      |(Class and Type) : variable name, INTEGER(4)
      |(Attributes)     : 
      |(Declaration)    : 23
      |(Definition)     : 44  62  68  80  103  126  154  159  165  175  181  186  194  200
      |(Reference)      : 45  45  45  64  64  70  70  82  82  82  104  106  108  110  114  127  130  155  155  155  160  160  161  161  161  166  166  166  166  176  176  182  182  183  183  183  183  187  187  187  188  188  188  188  195  195  196  196  196  196  196  197  197  197  201  201  201  202  202  202  202  203  203  203  203  204  204  204  204
     iter
      |(Class and Type) : variable name, INTEGER(4)-implicited
      |(Attributes)     : dummy-argument
      |(Declaration)    : 1
      |(Definition)     : 
      |(Reference)      : 
     j
      |(Class and Type) : variable name, INTEGER(4)
      |(Attributes)     : 
      |(Declaration)    : 23
      |(Definition)     : 105  109  113  122  174
      |(Reference)      : 106  106  110  110  114  130  130  130  176  176
     julian
      |(Class and Type) : variable name, INTEGER(4)
      |(Attributes)     : dummy-argument
      |(Declaration)    : 1  6
      |(Definition)     : 
      |(Reference)      : 34  36
     k
      |(Class and Type) : variable name, INTEGER(4)
      |(Attributes)     : 
      |(Declaration)    : 23
      |(Definition)     : 63  69  81  102  124  153  164  173
      |(Reference)      : 64  64  70  70  82  82  82  104  106  108  110  114  127  127  127  130  130  155  155  155  166  166  166  166  176  182  183  187  187  188  188  188  195  196  196  197  201  201  202  202  202  203  203  203  204  204  204
     kind_phys
      |(Class and Type) : named constant, INTEGER(4)
      |(Attributes)     : use-associated
      |(Declaration)    : 
      |(Definition)     : 
      |(Reference)      : 7  8  9  10  11  18  21  25
     kk
      |(Class and Type) : variable name, INTEGER(4)-implicited
      |(Attributes)     : 
      |(Declaration)    : 
      |(Definition)     : 123
      |(Reference)      : 127  130
     kmax
      |(Class and Type) : variable name, INTEGER(4)
      |(Attributes)     : DIMENSION
      |(Declaration)    : 15
      |(Definition)     : 
      |(Reference)      : 
     kmin
      |(Class and Type) : variable name, INTEGER(4)
      |(Attributes)     : DIMENSION
      |(Declaration)    : 15
      |(Definition)     : 
      |(Reference)      : 
     latsozp
      |(Class and Type) : variable name, INTEGER(4)
      |(Attributes)     : use-associated
      |(Declaration)    : 
      |(Definition)     : 
      |(Reference)      : 7  29  67  70
     ldiag3d
      |(Class and Type) : variable name, LOGICAL(4)
      |(Attributes)     : 
      |(Declaration)    : 24
      |(Definition)     : 139
      |(Reference)      : 185  199
     lev
      |(Class and Type) : variable name, INTEGER(4)
      |(Attributes)     : dummy-argument
      |(Declaration)    : 1  6
      |(Definition)     : 
      |(Reference)      : 9  18  18  20  20  25  25  25  102  123  151  153  164  173
     levozp
      |(Class and Type) : variable name, INTEGER(4)
      |(Attributes)     : use-associated
      |(Declaration)    : 
      |(Definition)     : 
      |(Reference)      : 7  8  29  63  69  81  108  110  124
     ll
      |(Class and Type) : variable name, INTEGER(4)-implicited
      |(Attributes)     : 
      |(Declaration)    : 
      |(Definition)     : 77
      |(Reference)      : 78  82  82
     lozc
      |(Class and Type) : variable name, INTEGER(4)-implicited
      |(Attributes)     : 
      |(Declaration)    : 
      |(Definition)     : 29
      |(Reference)      : 44
     myrank
      |(Class and Type) : variable name, INTEGER(4)-implicited
      |(Attributes)     : dummy-argument
      |(Declaration)    : 1
      |(Definition)     : 
      |(Reference)      : 
     n
      |(Class and Type) : variable name, INTEGER(4)-implicited
      |(Attributes)     : 
      |(Declaration)    : 
      |(Definition)     : 38
      |(Reference)      : 39  39  39  40  45
     n1
      |(Class and Type) : variable name, INTEGER(4)-implicited
      |(Attributes)     : 
      |(Declaration)    : 
      |(Definition)     : 40  41
      |(Reference)      : 41  41  45
     nx
      |(Class and Type) : variable name, INTEGER(4)
      |(Attributes)     : dummy-argument
      |(Declaration)    : 1  6
      |(Definition)     : 
      |(Reference)      : 9  18  18  18  20  20  25  25  25  25  25
     nxj
      |(Class and Type) : variable name, INTEGER(4)
      |(Attributes)     : dummy-argument
      |(Declaration)    : 1  6
      |(Definition)     : 
      |(Reference)      : 103  126  154  159  165  175  181  186  194  200
     o3l
      |(Class and Type) : variable name, REAL(8)
      |(Attributes)     : DIMENSION, dummy-argument
      |(Declaration)    : 1  20
      |(Definition)     : 214
      |(Reference)      : 161  166  182  195
     ozb
      |(Class and Type) : variable name, REAL(8)
      |(Attributes)     : DIMENSION
      |(Declaration)    : 25
      |(Definition)     : 182  195
      |(Reference)      : 183  188  197  202
     ozne_def
      |(Class and Type) : module name
      |(Attributes)     : 
      |(Declaration)    : 
      |(Definition)     : 
      |(Reference)      : 4
     ozo
      |(Class and Type) : variable name, REAL(8)
      |(Attributes)     : DIMENSION
      |(Declaration)    : 25
      |(Definition)     : 183  197
      |(Reference)      : 188  202  214
     ozp
      |(Class and Type) : variable name, REAL(8)
      |(Attributes)     : DIMENSION
      |(Declaration)    : 18
      |(Definition)     : 144  187  188  201  202  203  204
      |(Reference)      : 187  188  201  202  203  204
     ozplin
      |(Class and Type) : variable name, REAL(8)
      |(Attributes)     : ALLOCATABLE, DIMENSION, use-associated
      |(Declaration)    : 
      |(Definition)     : 
      |(Reference)      : 45  45
     ozplout
      |(Class and Type) : variable name, REAL(8)
      |(Attributes)     : DIMENSION
      |(Declaration)    : 9
      |(Definition)     : 106  110  114  130
      |(Reference)      : 176
     ozwk1
      |(Class and Type) : variable name, REAL(8)
      |(Attributes)     : DIMENSION
      |(Declaration)    : 7
      |(Definition)     : 45
      |(Reference)      : 64  70  82  82
     ozwk2
      |(Class and Type) : variable name, REAL(8)
      |(Attributes)     : DIMENSION
      |(Declaration)    : 8
      |(Definition)     : 64  70  82
      |(Reference)      : 106  110  130  130
     PL_LAT
      |(Class and Type) : variable name, REAL(8)
      |(Attributes)     : ALLOCATABLE, DIMENSION, use-associated
      |(Declaration)    : 
      |(Definition)     : 
      |(Reference)      : 61  67  77  78
     PL_Pres
      |(Class and Type) : variable name, REAL(8)
      |(Attributes)     : ALLOCATABLE, DIMENSION, use-associated
      |(Declaration)    : 
      |(Definition)     : 
      |(Reference)      : 104  108  127  127  127
     PL_TIME
      |(Class and Type) : variable name, REAL(8)
      |(Attributes)     : ALLOCATABLE, DIMENSION, use-associated
      |(Declaration)    : 
      |(Definition)     : 
      |(Reference)      : 36  39  39  39
     physcons
      |(Class and Type) : module name
      |(Attributes)     : 
      |(Declaration)    : 
      |(Definition)     : 
      |(Reference)      : 3
     pl_coeff
      |(Class and Type) : variable name, INTEGER(4)
      |(Attributes)     : use-associated
      |(Declaration)    : 
      |(Definition)     : 
      |(Reference)      : 7  8  9  10  11  15  15  18  25  29  62  68  80  105  109  113  122  150  174
     pl_coeff2
      |(Class and Type) : variable name, INTEGER(4)
      |(Attributes)     : 
      |(Declaration)    : 15
      |(Definition)     : 146
      |(Reference)      : 180  193
     pp
      |(Class and Type) : variable name, REAL(8)
      |(Attributes)     : DIMENSION, dummy-argument
      |(Declaration)    : 1  18
      |(Definition)     : 
      |(Reference)      : 104  108  127  155  155  160
     ps
      |(Class and Type) : variable name, REAL(8)
      |(Attributes)     : DIMENSION, dummy-argument
      |(Declaration)    : 1  18
      |(Definition)     : 
      |(Reference)      : 
     RTYPE
      |(Class and Type) : named constant, INTEGER(4)
      |(Attributes)     : use-associated
      |(Declaration)    : 
      |(Definition)     : 
      |(Reference)      : 5  20
     rozphys
      |(Class and Type) : external subroutine name
      |(Attributes)     : 
      |(Declaration)    : 
      |(Definition)     : 1
      |(Reference)      : 
     temp
      |(Class and Type) : variable name, REAL(8)
      |(Attributes)     : 
      |(Declaration)    : 25
      |(Definition)     : 196
      |(Reference)      : 197
     theta
      |(Class and Type) : variable name, REAL(8)-implicited
      |(Attributes)     : dummy-argument
      |(Declaration)    : 1
      |(Definition)     : 
      |(Reference)      : 61  67  77  78
     timeoz
      |(Class and Type) : variable name, INTEGER(4)
      |(Attributes)     : use-associated
      |(Declaration)    : 
      |(Definition)     : 
      |(Reference)      : 38
     tt
      |(Class and Type) : variable name, REAL(8)
      |(Attributes)     : DIMENSION, dummy-argument
      |(Declaration)    : 1  20
      |(Definition)     : 
      |(Reference)      : 196  203
   Cross reference of label
     (Label) (label-kind)               (line-no.)
     ------- ------------- ------------ ----------
        220  execution     (Definition) 84  
                           (Reference)  80
        230  execution     (Definition) 83  
                           (Reference)  81
        310  execution     (Definition) 118  
                           (Reference)  102
        320  execution     (Definition) 117  
                           (Reference)  103
        350  execution     (Definition) 135  
                           (Reference)  122
        360  execution     (Definition) 134  
                           (Reference)  123
        370  execution     (Definition) 133  
                           (Reference)  124
        380  execution     (Definition) 132  
                           (Reference)  126

 Total information
   Procedures       : 1
   Total lines      : 221
   Total statements : 142
   Total stack(byte): 4688
   Total prefetch num: 0

