
 Fujitsu Fortran Version 4.6.1  Wed Feb  1 14:30:18 2023

 Compilation information
   Current directory : /IFS/nwpr/gfs/xb157/Git/tco639l72/src_new
   Source file       : ttstd.f90

 Option information
   Command line options : -Kident_mpi -f2004 -c -X9 -Free -CcdRR8 -Cpp -Kfast,parallel,openmp,ocl,autoobjstack -x- -fw -Knofp_relaxed -SSL2BLAMP -Kopenmp,parallel -DTIMING -DUSE_FFTW -DRSM -Ec -Nlst=a,lst=d,lst=i,lst=p,lst=t,lst=x -Koptmsg=2 -I. -I/users/xa09/pkg/fx1000/fftw-3.3.10/include -I/package/fx1000/netcdf-4.1.3/include -I/nwpr/gfs/xb157/CWBSUMc2/components/coupler -I/nwpr/gfs/xb124/package/fx1000/MCT/include -DTIMCOMCPL -I/opt/FJSVxtclanga/.common/MELI025/include/mpi/fujitsu -I/opt/FJSVxtclanga/.common/MELI025/lib64 -Knointentopt
   Cpp options          : -DTIMING -DUSE_FFTW -DRSM -I. -I/users/xa09/pkg/fx1000/fftw-3.3.10/include -I/package/fx1000/netcdf-4.1.3/include -I/nwpr/gfs/xb157/CWBSUMc2/components/coupler -I/nwpr/gfs/xb124/package/fx1000/MCT/include -DTIMCOMCPL -I/opt/FJSVxtclanga/.common/MELI025/include/mpi/fujitsu -I/opt/FJSVxtclanga/.common/MELI025/lib64 -Dunix -Dlinux -D__FUJITSU -D__FRT_major__=4 -D__FRT_minor__=6 -D__FRT_patchlevel__=1 -D__FRT_version__="4.6.1" -D__aarch64__ -D__unix -D_OPENMP=201511 -D__frt_version=800 -D__ARM_ARCH=8 -D__ARM_FEATURE_SVE -D__ELF__ -D__unix__ -D__linux__ -D__linux -Asystem(unix) -otmp
   Effective options    : -fw -g0 -AE -Ec -Free -O3 -X9
                          -CcdRR8 -x- -xaccept=nomodule_allocatable
                          -KA64FX -KARMV8_3_A -KSVE -Kalign_commons
                          -Kalign_loops -Knoarray_declaration_opt
                          -Kassume=noshortloop -Kassume=nomemory_bandwidth
                          -Kassume=notime_saving_compilation -Kauto
                          -Kautoobjstack -Knocalleralloc -Kcmodel=small
                          -Keval -Keval_noconcurrent -Knoextract_stride_store
                          -Knofenv_access -Kfp_contract -Knofp_relaxed
                          -Kfsimple -Kfz -Khpctag -Kilfunc=procedure
                          -Knointentopt -Klargepage -Kloop_blocking
                          -Kloop_fission -Kloop_nofission_stripmining
                          -Kloop_fission_threshold=50 -Kloop_fusion
                          -Kloop_interchange -Kloop_part_parallel
                          -Kloop_part_simd -Kloop_perfect_nest
                          -Kloop_noversioning -Knolto -Kmfunc=1 -Kocl
                          -Komitfp -Knooptlib_string -Koptmsg=2
                          -Knopc_relative_literal_loads -Kplt -Knopreex
                          -Kprefetch_noconditional -Kprefetch_noindirect
                          -Kprefetch_sequential=auto -Kprefetch_nostride
                          -Kprefetch_cache_level=all -Kprefetch_noinfer
                          -Kprefetch_strong -Kprefetch_strong_L2 -Knopreload
                          -Ksch_post_ra -Ksch_pre_ra -Ksibling_calls
                          -Ksimd=auto -Ksimd_packed_promotion
                          -Ksimd_reduction_product -Ksimd_reg_size=512
                          -Ksimd_nouncounted_loop
                          -Ksimd_use_multiple_structures -Knostriping
                          -Knosubscript_opt -Kswp -Kswp_freg_rate=100
                          -Kswp_ireg_rate=100 -Kswp_preg_rate=100
                          -Kswp_policy=auto -Ktemparraystack -Kunroll
                          -Knounroll_and_jam -Knozfill
                          -Kopenmp -Kopenmp_noassume_norecurrence
                          -Kopenmp_nocollapse_except_innermost
                          -Kopenmp_noordered_reduction -Knoopenmp_simd
                          -Kthreadsafe -Kparallel -Kparallel_nofp_precision
                          -Knoarray_private -Knodynamic_iteration -Kreduction
                          -Kregion_extension
                          -Nallextput -Nnoalloc_assign
                          -Ncancel_overtime_compilation -Nnocheck_global
                          -Nnocoarray -Nnocompdisp -Nnocopyarg -Nnocoverage
                          -Nfjprof -Nfreealloc -Nf90move -Nnohook_func
                          -Nnohook_time -Nlibomp -Nline -Nlst -Nlst=a -Nlst=d
                          -Nlst=i -Nlst=p -Nlst=t -Nlst=x -Nnomallocfree
                          -Nnoobsfun -Nnoprivatealloc -Nquickdbg=noargchk
                          -Nquickdbg=nosubchk -Nquickdbg=noundef -NRnotrap
                          -Nnorecursive -Nnoreordered_variable_stack
                          -Nrt_notune -Nnosave -Nsetvalue=noheap
                          -Nsetvalue=nostack -Nsetvalue=noscalar
                          -Nsetvalue=noarray -Nsetvalue=nostruct -Nuse_rodata

 External subroutine subprogram "ttstd"
  (inc)(line-no.)(nest)(optimize)
               1                           subroutine ttstd (m,pin,ttin)
               2                     !
               3                     !  table lookup for standard atmosphere temperature as a function
               4                     !  of pressure.  table has resolution of 10 mbs below 100mb, 1mb
               5                     !  from 100 to 1 mb. interpolation is linear in log p.
               6                     !
               7                     !
               8                     ! *****************************************************************
               9                     !
              10                           implicit  none
              11                     
              12                           integer   m,i,ii
              13                           real      ttx,pw2
              14                     
              15                           real      pin(m),ttin(m)
              16                           real      tt(220),tt3(70),tt4(40)
              17                           equivalence (tt(111),tt3)
              18                           equivalence (tt(181),tt4)
              19                           real      tt1(70),tt2(40)
              20                           equivalence (tt,tt1)
              21                           equivalence (tt(71),tt2)
              22                     !
              23                           data tt1/                                                         &
              24                             227.7088 ,223.1353 ,220.5026 ,218.6536 ,217.2301                &
              25                            ,216.6500 ,216.6500 ,216.6500 ,216.6500 ,216.6500                &
              26                            ,216.6500 ,216.6500 ,216.6500 ,216.6500 ,216.6500                &
              27                            ,216.6500 ,216.6500 ,216.6500 ,216.6500 ,216.6500                &
              28                            ,216.6500 ,216.6500 ,217.3175 ,219.0844 ,220.7927                &
              29                            ,222.4464 ,224.0495 ,225.6052 ,227.1165 ,228.5862                &
              30                            ,230.0167 ,231.4104 ,232.7692 ,234.0951 ,235.3898                &
              31                            ,236.6548 ,237.8917 ,239.1019 ,240.2865 ,241.4467                &
              32                            ,242.5838 ,243.6985 ,244.7920 ,245.8651 ,246.9186                &
              33                            ,247.9533 ,248.9700 ,249.9693 ,250.9519 ,251.9184                &
              34                            ,252.8693 ,253.8053 ,254.7268 ,255.6343 ,256.5284                &
              35                            ,257.4093 ,258.2776 ,259.1337 ,259.9779 ,260.8106                &
              36                            ,261.6321 ,262.4428 ,263.2430 ,264.0329 ,264.8129                &
              37                            ,265.5833 ,266.3442 ,267.0961 ,267.8390 ,268.5733/
              38                           data tt2/                                                         &
              39                             269.2991 ,270.0166 ,270.7262 ,271.4279 ,272.1220                &
              40                            ,272.8087 ,273.4880 ,274.1603 ,274.8256 ,275.4841                &
              41                            ,276.1360 ,276.7814 ,277.4205 ,278.0533 ,278.6801                &
              42                            ,279.3010 ,279.9160 ,280.5253 ,281.1291 ,281.7274                &
              43                            ,282.3203 ,282.9080 ,283.4905 ,284.0679 ,284.6405                &
              44                            ,285.2081 ,285.7710 ,286.3292 ,286.8828 ,287.4319                &
              45                            ,287.9766 ,288.5170 ,289.0530 ,289.5849 ,290.1126                &
              46                            ,290.6363 ,291.1560 ,291.6718 ,292.1837 ,292.6918/
              47                           data tt3/                                                         &
              48                             272.0700 ,258.3600 ,249.7100 ,243.3700 ,238.6400                &
              49                            ,235.7700 ,233.3300 ,231.2300 ,229.3700 ,227.7100                &
              50                            ,227.0744 ,226.4968 ,225.9667 ,225.4771 ,225.0222                &
              51                            ,224.5975 ,224.1993 ,223.8245 ,223.4705 ,223.1353                &
              52                            ,222.8168 ,222.5136 ,222.2243 ,221.9476 ,221.6826                &
              53                            ,221.4282 ,221.1837 ,220.9484 ,220.7216 ,220.5026                &
              54                            ,220.2911 ,220.0865 ,219.8883 ,219.6963 ,219.5099                &
              55                            ,219.3290 ,219.1532 ,218.9822 ,218.8157 ,218.6536                &
              56                            ,218.4956 ,218.3416 ,218.1912 ,218.0444 ,217.9011                &
              57                            ,217.7609 ,217.6239 ,217.4898 ,217.3586 ,217.2301                &
              58                            ,217.1042 ,216.9808 ,216.8599 ,216.7413 ,216.6500                &
              59                            ,216.6500 ,216.6500 ,216.6500 ,216.6500 ,216.6500                &
              60                            ,216.6500 ,216.6500 ,216.6500 ,216.6500 ,216.6500                &
              61                            ,216.6500 ,216.6500 ,216.6500 ,216.6500 ,216.6500/
              62                           data tt4/                                                         &
              63                             216.6500 ,216.6500 ,216.6500 ,216.6500 ,216.6500                &
              64                            ,216.6500 ,216.6500 ,216.6500 ,216.6500 ,216.6500                &
              65                            ,216.6500 ,216.6500 ,216.6500 ,216.6500 ,216.6500                &
              66                            ,216.6500 ,216.6500 ,216.6500 ,216.6500 ,216.6500                &
              67                            ,216.6500 ,216.6500 ,216.6500 ,216.6500 ,216.6500                &
              68                            ,216.6500 ,216.6500 ,216.6500 ,216.6500 ,216.6500                &
              69                            ,216.6500 ,216.6500 ,216.6500 ,216.6500 ,216.6500                &
              70                            ,216.6500 ,216.6500 ,216.6500 ,216.6500 ,216.6500/
              71                     !
              72                     !
                                   <<< Loop-information Start >>>
                                   <<<  [PARALLELIZATION]
                                   <<<    Standard iteration count: 22
                                   <<<  [OPTIMIZATION]
                                   <<<    SIMD(VL: 8)
                                   <<<    SOFTWARE PIPELINING(IPC: 0.94, ITR: 56, MVE: 3, POL: L)
                                   <<<    PREFETCH(HARD) Expected by compiler :
                                   <<<      ttin, pin
                                   <<< Loop-information  End >>>
              73     1  pp    v            do 3 i=1,m
              74     1   p    v            ttx= pin(i)*0.1
              75     1   p    v            if(pin(i).lt.100.0) ttx= max(1.0000001,pin(i))
              76     1               !
              77     1   p    v            ii= int(ttx)
              78     1   p    v            pw2= ttx/float(ii)
              79     1   p    v            ttx= 1.0+1.0/float(ii)
              80     1   p    v            if(pin(i).lt.100.0) ii= ii+110
              81     1   p    v          3 ttin(i)= tt(ii)+(tt(ii+1)-tt(ii))*log(pw2)/log(ttx)
              82                           return
              83                           end

 Procedure information
   Lines      : 83
   Statements : 25
   Stack(byte): 752
   Prefetch num: 0

 Scoping unit of external sub-program : ttstd
   Attribute and Cross reference of name
     float
      |(Class and Type) : intrinsic function name, REAL(8)
      |(Attributes)     : PURE, ELEMENTAL
      |(Declaration)    : 
      |(Definition)     : 
      |(Reference)      : 78  79
     i
      |(Class and Type) : variable name, INTEGER(4)
      |(Attributes)     : 
      |(Declaration)    : 12
      |(Definition)     : 73
      |(Reference)      : 74  75  75  80  81
     ii
      |(Class and Type) : variable name, INTEGER(4)
      |(Attributes)     : 
      |(Declaration)    : 12
      |(Definition)     : 77  80
      |(Reference)      : 78  79  80  81  81  81
     int
      |(Class and Type) : intrinsic function name, INTEGER(4)
      |(Attributes)     : PURE, ELEMENTAL
      |(Declaration)    : 
      |(Definition)     : 
      |(Reference)      : 77
     log
      |(Class and Type) : intrinsic function name, REAL(8)
      |(Attributes)     : PURE, ELEMENTAL
      |(Declaration)    : 
      |(Definition)     : 
      |(Reference)      : 81  81
     m
      |(Class and Type) : variable name, INTEGER(4)
      |(Attributes)     : dummy-argument
      |(Declaration)    : 1  12
      |(Definition)     : 
      |(Reference)      : 15  15  73
     max
      |(Class and Type) : intrinsic function name, REAL(8)
      |(Attributes)     : PURE, ELEMENTAL
      |(Declaration)    : 
      |(Definition)     : 
      |(Reference)      : 75
     pin
      |(Class and Type) : variable name, REAL(8)
      |(Attributes)     : DIMENSION, dummy-argument
      |(Declaration)    : 1  15
      |(Definition)     : 
      |(Reference)      : 74  75  75  80
     pw2
      |(Class and Type) : variable name, REAL(8)
      |(Attributes)     : 
      |(Declaration)    : 13
      |(Definition)     : 78
      |(Reference)      : 81
     tt
      |(Class and Type) : variable name, REAL(8)
      |(Attributes)     : DIMENSION, storage-associated, initialized
      |(Declaration)    : 16  17  18  20  21
      |(Definition)     : 
      |(Reference)      : 81  81  81
     tt1
      |(Class and Type) : variable name, REAL(8)
      |(Attributes)     : DIMENSION, storage-associated, initialized
      |(Declaration)    : 19  20  23
      |(Definition)     : 
      |(Reference)      : 
     tt2
      |(Class and Type) : variable name, REAL(8)
      |(Attributes)     : DIMENSION, storage-associated, initialized
      |(Declaration)    : 19  21  38
      |(Definition)     : 
      |(Reference)      : 
     tt3
      |(Class and Type) : variable name, REAL(8)
      |(Attributes)     : DIMENSION, storage-associated, initialized
      |(Declaration)    : 16  17  47
      |(Definition)     : 
      |(Reference)      : 
     tt4
      |(Class and Type) : variable name, REAL(8)
      |(Attributes)     : DIMENSION, storage-associated, initialized
      |(Declaration)    : 16  18  62
      |(Definition)     : 
      |(Reference)      : 
     ttin
      |(Class and Type) : variable name, REAL(8)
      |(Attributes)     : DIMENSION, dummy-argument
      |(Declaration)    : 1  15
      |(Definition)     : 81
      |(Reference)      : 
     ttstd
      |(Class and Type) : external subroutine name
      |(Attributes)     : 
      |(Declaration)    : 
      |(Definition)     : 1
      |(Reference)      : 
     ttx
      |(Class and Type) : variable name, REAL(8)
      |(Attributes)     : 
      |(Declaration)    : 13
      |(Definition)     : 74  75  79
      |(Reference)      : 77  78  81
   Cross reference of label
     (Label) (label-kind)               (line-no.)
     ------- ------------- ------------ ----------
          3  execution     (Definition) 81  
                           (Reference)  73

 Total information
   Procedures       : 1
   Total lines      : 83
   Total statements : 25
   Total stack(byte): 752
   Total prefetch num: 0

