
 Fujitsu Fortran Version 4.6.1  Tue Mar 14 13:20:59 2023

 Compilation information
   Current directory : /IFS/nwpr/gfs/xb157/Git/tco639l72/src_helio
   Source file       : gscond.f90

 Option information
   Command line options : -Kident_mpi -f2004 -c -X9 -Free -CcdRR8 -Cpp -Kfast,parallel,openmp,ocl,autoobjstack -x- -fw -Knofp_relaxed -SSL2BLAMP -Kopenmp,parallel -DTIMING -DUSE_FFTW -DRSM -DW3TAG -Ec -Nlst=a,lst=d,lst=i,lst=p,lst=t,lst=x -Koptmsg=2 -I. -I/users/xa09/pkg/fx1000/fftw-3.3.10/include -I/package/fx1000/netcdf-4.7.4/include -I/nwpr/gfs/xb157/CWBSUMc2/components/coupler -I/nwpr/gfs/xb124/package/fx1000/MCT/include -DTIMCOMCPL -Knosimd -I/opt/FJSVxtclanga/.common/MELI025/include/mpi/fujitsu -I/opt/FJSVxtclanga/.common/MELI025/lib64 -Knointentopt
   Cpp options          : -DTIMING -DUSE_FFTW -DRSM -DW3TAG -I. -I/users/xa09/pkg/fx1000/fftw-3.3.10/include -I/package/fx1000/netcdf-4.7.4/include -I/nwpr/gfs/xb157/CWBSUMc2/components/coupler -I/nwpr/gfs/xb124/package/fx1000/MCT/include -DTIMCOMCPL -I/opt/FJSVxtclanga/.common/MELI025/include/mpi/fujitsu -I/opt/FJSVxtclanga/.common/MELI025/lib64 -Dunix -Dlinux -D__FUJITSU -D__FRT_major__=4 -D__FRT_minor__=6 -D__FRT_patchlevel__=1 -D__FRT_version__="4.6.1" -D__aarch64__ -D__unix -D_OPENMP=201511 -D__frt_version=800 -D__ARM_ARCH=8 -D__ARM_FEATURE_SVE -D__ELF__ -D__unix__ -D__linux__ -D__linux -Asystem(unix) -otmp
   Effective options    : -fw -g0 -AE -Ec -Free -O3 -X9
                          -CcdRR8 -x- -xaccept=nomodule_allocatable
                          -KA64FX -KARMV8_3_A -KSVE -Kalign_commons
                          -Kalign_loops -Knoarray_declaration_opt
                          -Kassume=noshortloop -Kassume=nomemory_bandwidth
                          -Kassume=notime_saving_compilation -Kauto
                          -Kautoobjstack -Knocalleralloc -Kcmodel=small
                          -Keval -Keval_noconcurrent -Knoextract_stride_store
                          -Knofenv_access -Kfp_contract -Knofp_relaxed
                          -Kfsimple -Kfz -Khpctag -Kilfunc=procedure
                          -Knointentopt -Klargepage -Kloop_blocking
                          -Kloop_fission -Kloop_nofission_stripmining
                          -Kloop_fission_threshold=50 -Kloop_fusion
                          -Kloop_interchange -Kloop_part_parallel
                          -Kloop_nopart_simd -Kloop_perfect_nest
                          -Kloop_noversioning -Knolto -Kmfunc=1 -Kocl
                          -Komitfp -Knooptlib_string -Koptmsg=2
                          -Knopc_relative_literal_loads -Kplt -Knopreex
                          -Kprefetch_noconditional -Kprefetch_noindirect
                          -Kprefetch_sequential=auto -Kprefetch_nostride
                          -Kprefetch_cache_level=all -Kprefetch_noinfer
                          -Kprefetch_strong -Kprefetch_strong_L2 -Knopreload
                          -Ksch_post_ra -Ksch_pre_ra -Ksibling_calls -Knosimd
                          -Ksimd_nopacked_promotion
                          -Ksimd_noreduction_product -Ksimd_reg_size=512
                          -Ksimd_nouncounted_loop
                          -Ksimd_nouse_multiple_structures -Knostriping
                          -Knosubscript_opt -Kswp -Kswp_freg_rate=100
                          -Kswp_ireg_rate=100 -Kswp_preg_rate=100
                          -Kswp_policy=auto -Ktemparraystack -Kunroll
                          -Knounroll_and_jam -Knozfill
                          -Kopenmp -Kopenmp_noassume_norecurrence
                          -Kopenmp_nocollapse_except_innermost
                          -Kopenmp_noordered_reduction -Knoopenmp_simd
                          -Kthreadsafe -Kparallel -Kparallel_nofp_precision
                          -Knoarray_private -Knodynamic_iteration -Kreduction
                          -Kregion_extension
                          -Nallextput -Nnoalloc_assign
                          -Ncancel_overtime_compilation -Nnocheck_global
                          -Nnocoarray -Nnocompdisp -Nnocopyarg -Nnocoverage
                          -Nfjprof -Nfreealloc -Nf90move -Nnohook_func
                          -Nnohook_time -Nlibomp -Nline -Nlst -Nlst=a -Nlst=d
                          -Nlst=i -Nlst=p -Nlst=t -Nlst=x -Nnomallocfree
                          -Nnoobsfun -Nnoprivatealloc -Nquickdbg=noargchk
                          -Nquickdbg=nosubchk -Nquickdbg=noundef -NRnotrap
                          -Nnorecursive -Nnoreordered_variable_stack
                          -Nrt_notune -Nnosave -Nsetvalue=noheap
                          -Nsetvalue=nostack -Nsetvalue=noscalar
                          -Nsetvalue=noarray -Nsetvalue=nostruct -Nuse_rodata

 External subroutine subprogram "gscond"
  (inc)(line-no.)(nest)(optimize)
               1                           subroutine gscond (im,ix,km,dt,prsl,ps,q,cwm,t          &
               2                           ,                  tp, qp, psp,tp1,qp1,psp1, u, lprnt)
               3                     !
               4                     !     ******************************************************************
               5                     !     *                                                                *
               6                     !     *  subroutine for grid-scale condensation & evaporation          *
               7                     !     *  for the mrf model at ncep.                                    *
               8                     !     *                                                                *
               9                     !     ******************************************************************
              10                     !     *                                                                *
              11                     !     *  created by:   q.  zhao         jan. 1995                      *
              12                     !     *  modified by:  h.-l. pan        sep. 1998                      *
              13                     !     *  modified by:  s. moorthi       aug. 1999, 2000                *
              14                     !     *  modified by:  h. juang         jun. 2004                      *
              15                     !     *                                                                *
              16                     !     *  references:                                                   *
              17                     !     *                                                                *
              18                     !     ******************************************************************
              19                     !
              20                     !     ************ important note *************
              21                     !     in this code vertical indexing runs from surface to top of the
              22                     !     model
              23                     !
              24                     !----------------------------------------------------------------------
              25                     !----------------------------------------------------------------------
              26                     !
              27                           implicit none
              28                     
              29                           real  psat, hvap, grav, hfus, ttp, rd, rv, cp, eps, epsm1
              30                           parameter(  psat = 6.1078e+2 )
              31                           parameter(  hvap = 2.5000e+6 )
              32                           parameter(  grav = 9.80665e+0 )
              33                           parameter(  hfus = 3.3358e+5 )
              34                           parameter(   ttp = 2.7316e+2 )
              35                           parameter(    rd = 2.8705e+2 )
              36                           parameter(    rv = 4.6150e+2 )
              37                           parameter(    cp = 1.0046e+3 )
              38                           parameter(   eps = rd/rv )
              39                           parameter( epsm1 = eps-1 )
              40                           real fpvs
              41                     !
              42                           real                   g,    h1,   h2, h1000                      &
              43                           ,                     d00,  d125,  d5,   elwv, eliv               &
              44                           ,                     epsq, tm10,  eliw, arcp                     &
              45                           ,                     a1,   r,     cpr,  rcpr, rcp
              46                           parameter (h1=1.e0,       h2=2.e0,               h1000=1000.0     &
              47                           ,          d00=0.e0,      d125=.125e0,           d5=0.5e0         &
              48                           ,          a1=psat                                                &
              49                           ,          elwv=hvap,     eliv=hvap+hfus, g=grav                  &
              50                           ,          epsq=2.e-12,   tm10=ttp-10.,   r=rd                    &
              51                           ,          cpr=cp*r,      rcpr=h1/cpr,    rcp=h1/cp)
              52                     !
              53                           integer im, ix, km
              54                           real                  q(ix,km),    t(ix,km),    cwm(ix,km)        &
              55                           ,                     prsl(ix,km), ps(im), dt                     &
              56                           ,                     tp(ix,km),   qp(ix,km),   psp(im)           &
              57                           ,                     tp1(ix,km),  qp1(ix,km),   psp1(im)         &
              58                           ,                     u(ix,km)                                    &
              59                           ,                     t0(ix,km),   q0(ix,km),   ps0(im)
              60                     !
              61                           real                   qi(im), qint(im), ccrik, e0                &
              62                           ,                      cond,   rdt, us, cclimit, climit           &
              63                           ,                      u00b,   u00t, tmt0, tmt15, qik, cwmik      &
              64                           ,                      ai, bi, qw, u00ik, tik, pres, pp0, fi      &
              65                           ,                      at, aq, ap, fiw, elv, qc, rqik             &
              66                           ,                      rqikk, tx1, tx2, tx3, es, qs               &
              67                           ,                      tsq, delq, condi, cone0, us00, ccrik1      &
              68                           ,                      aa, ab, ac, ad, ae, af, ag                 &
              69                           ,                      el2orc, albycp, vprs(im), rdt2
              70                           integer iw(im,km), i, k, iwik
              71                           logical lprnt
              72                     !
              73                     !--- merge qsatq in here
              74                           real vpsat(191),pqs,qqq,tem,t1
              75                           integer ic
              76                           data vpsat/                                                       &
              77                               9.67165e-05,  1.15983e-04,  1.38819e-04,  1.65835e-04,        &
              78                               1.97736e-04,  2.35339e-04,  2.79584e-04,  3.31553e-04,        &
              79                               3.92489e-04,  4.63820e-04,  5.47177e-04,  6.44430e-04,        &
              80                               7.57710e-04,  8.89450e-04,  1.04242e-03,  1.21975e-03,        &
              81                               1.42503e-03,  1.66230e-03,  1.93614e-03,  2.25172e-03,        &
              82                               2.61488e-03,  3.03222e-03,  3.51113e-03,  4.05995e-03,        &
              83                               4.68804e-03,  5.40589e-03,  6.22523e-03,  7.15922e-03,        &
              84                               8.22253e-03,  9.43153e-03,  1.08045e-02,  1.23617e-02,        &
              85                               1.41258e-02,  1.61219e-02,  1.83779e-02,  2.09244e-02,        &
              86                               2.37959e-02,  2.70300e-02,  3.06684e-02,  3.47573e-02,        &
              87                               3.93475e-02,  4.44947e-02,  5.02607e-02,  5.67130e-02,        &
              88                               6.39258e-02,  7.19807e-02,  8.09670e-02,  9.09823e-02,        &
              89                               1.02134e-01,  1.14538e-01,  1.28323e-01,                      &
              90                     !
              91                                             1.45280e-01,  1.64189e-01,  1.85241e-01,        &
              92                               2.08643e-01,  2.34615e-01,  2.63398e-01,  2.95248e-01,        &
              93                               3.30441e-01,  3.69270e-01,  4.12053e-01,  4.59124e-01,        &
              94                               5.10843e-01,  5.67591e-01,  6.29773e-01,  6.97819e-01,        &
              95                               7.72185e-01,  8.53352e-01,  9.41827e-01,  1.03814e+00,        &
              96                               1.14287e+00,  1.25659e+00,  1.37992e+00,  1.51352e+00,        &
              97                               1.65806e+00,  1.81424e+00,  1.98279e+00,  2.16447e+00,        &
              98                               2.36006e+00,  2.57039e+00,  2.79628e+00,  3.03858e+00,        &
              99                               3.29819e+00,  3.57599e+00,  3.87289e+00,  4.18982e+00,        &
             100                               4.52773e+00,  4.88753e+00,  5.27019e+00,  5.67664e+00,        &
             101                     !
             102                               6.10780e+00,  6.56617e+00,  7.05475e+00,  7.57526e+00,        &
             103                               8.12946e+00,  8.71922e+00,  9.34647e+00,  1.00132e+01,        &
             104                               1.07216e+01,  1.14739e+01,  1.22723e+01,  1.31192e+01,        &
             105                               1.40172e+01,  1.49688e+01,  1.59767e+01,  1.70438e+01,        &
             106                               1.81729e+01,  1.93672e+01,  2.06298e+01,  2.19639e+01,        &
             107                               2.33729e+01,  2.48605e+01,  2.64302e+01,  2.80858e+01,        &
             108                               2.98314e+01,  3.16708e+01,  3.36085e+01,  3.56487e+01,        &
             109                               3.77959e+01,  4.00548e+01,  4.24303e+01,  4.49274e+01,        &
             110                               4.75511e+01,  5.03069e+01,  5.32001e+01,  5.62365e+01,        &
             111                               5.94220e+01,  6.27625e+01,  6.62643e+01,  6.99337e+01,        &
             112                     !
             113                               7.37774e+01,  7.78022e+01,  8.20150e+01,  8.64231e+01,        &
             114                               9.10338e+01,  9.58548e+01,  1.00894e+02,  1.06159e+02,        &
             115                               1.11659e+02,  1.17401e+02,  1.23395e+02,  1.29650e+02,        &
             116                               1.36174e+02,  1.42978e+02,  1.50070e+02,  1.57461e+02,        &
             117                               1.65161e+02,  1.73180e+02,  1.81529e+02,  1.90218e+02,        &
             118                               1.99260e+02,  2.08665e+02,  2.18446e+02,  2.28613e+02,        &
             119                               2.39180e+02,  2.50159e+02,  2.61562e+02,  2.73404e+02,        &
             120                               2.85696e+02,  2.98453e+02,  3.11689e+02,  3.25418e+02,        &
             121                               3.39655e+02,  3.54414e+02,  3.69711e+02,  3.85560e+02,        &
             122                               4.01979e+02,  4.18982e+02,  4.36586e+02,  4.54808e+02,        &
             123                     !
             124                               4.73665e+02,  4.93175e+02,  5.13354e+02,  5.34221e+02,        &
             125                               5.55795e+02,  5.78093e+02,  6.01135e+02,  6.24940e+02,        &
             126                               6.49527e+02,  6.74918e+02,  7.01131e+02,  7.28188e+02,        &
             127                               7.56110e+02,  7.84918e+02,  8.14633e+02,  8.45278e+02,        &
             128                               8.76876e+02,  9.09448e+02,  9.43018e+02,  9.77609e+02,        &
             129                               1.01325e+03/
             130                     !
             131                           tem = 1./1.622
             132                     !
             133                     
             134                     !
             135                     !-----------------prepare constants for later uses-----------------
             136                     !
             137                     
             138                           el2orc = hvap*hvap / (rv*cp)
             139                           albycp = hvap / cp
             140                     !
             141                     ! for 2 delta t
             142                           rdt     = h1/dt
             143                     !
             144                     ! for tendency caculation ,2-time level was used, just need 1 dt
             145                           rdt2    = h1/dt*2.
             146                     !
             147                           us      = h1
             148                           cclimit = 1.0e-3
             149                           climit  = 1.0e-20
             150                     !
                                   <<< Loop-information Start >>>
                                   <<<  [PARALLELIZATION]
                                   <<<    Standard iteration count: 1600
                                   <<<  [OPTIMIZATION]
                                   <<<    PREFETCH(HARD) Expected by compiler :
                                   <<<      iw
                                   <<< Loop-information  End >>>
             151     1  pp   4             do  i = 1, im
             152     1   p   4               iw(i,km) = d00
             153     1   p   4             enddo
             154                     !
             155                     !  check for first time step
             156                     !
             157     1                     if (tp(1,1) .lt. 1.) then
                                   <<< Loop-information Start >>>
                                   <<<  [PARALLELIZATION]
                                   <<<    Standard iteration count: 2
                                   <<<  [OPTIMIZATION]
                                   <<<    PREFETCH(HARD) Expected by compiler :
                                   <<<      t, q, tp, tp1, qp1, qp
                                   <<< Loop-information  End >>>
             158     2  pp                   do k = 1, km
                                   <<< Loop-information Start >>>
                                   <<<  [OPTIMIZATION]
                                   <<<    SOFTWARE PIPELINING(IPC: 2.00, ITR: 8, MVE: 2, POL: S)
                                   <<<    PREFETCH(HARD) Expected by compiler :
                                   <<<      t, q, tp, qp, tp1, qp1
                                   <<< Loop-information  End >>>
             159     3   p   2                 do i = 1, im
             160     3   p   2                   tp(i,k) = t(i,k)
             161     3   p   2                   qp(i,k) = max(q(i,k),epsq)
             162     3   p   2                   tp1(i,k) = t(i,k)
             163     3   p   2                   qp1(i,k) = max(q(i,k),epsq)
             164     3   p   2                 enddo
             165     2   p                   enddo
                                   <<< Loop-information Start >>>
                                   <<<  [PARALLELIZATION]
                                   <<<    Standard iteration count: 1143
                                   <<<  [OPTIMIZATION]
                                   <<<    SOFTWARE PIPELINING(IPC: 2.16, ITR: 10, MVE: 2, POL: S)
                                   <<<    PREFETCH(HARD) Expected by compiler :
                                   <<<      ps, psp, psp1
                                   <<< Loop-information  End >>>
             166     2  pp   2               do i = 1, im
             167     2   p   2                 psp(i)  = ps(i)
             168     2   p   2                 psp1(i)  = ps(i)
             169     2   p   2               enddo
             170     1                     endif
             171                     
             172                     !-----------------------------------------
             173                     !
             174                     !*************************************************************
             175                     !*******begining of  grid-scale condensation/evap. loop*******
             176                     !*************************************************************
             177                     !
             178                     !     do k = km-1,2,-1
             179     1                     do k = km,1,-1
             180     1               !       vprs(:) = 0.001 * fpvs(t(:,k))       ! fpvs in pa
             181     1               !-----------------------------------------------------------------------
             182     1               !------------------qw, qi and qint--------------------------------------
                                   <<< Loop-information Start >>>
                                   <<<  [OPTIMIZATION]
                                   <<<    PREFETCH(HARD) Expected by compiler :
                                   <<<      t, q, cwm, iw, prsl, qi, qint
                                   <<<    SPILLS :
                                   <<<      GENERAL   : SPILL 1  FILL 3
                                   <<<      SIMD&FP   : SPILL 0  FILL 0
                                   <<<      SCALABLE  : SPILL 0  FILL 0
                                   <<<      PREDICATE : SPILL 0  FILL 0
                                   <<< Loop-information  End >>>
             183     2   s                   do i = 1, im
             184     2   m                     tmt0  = t(i,k)-273.16
             185     2   p                     tmt15 = min(tmt0,-15.)
             186     2   p                     qik   = max(q(i,k),epsq)
             187     2   p                     cwmik = max(cwm(i,k),climit)
             188     2               !
             189     2               !  the global qsat computation is done in cb
             190     2   p                     pres    = prsl(i,k)
             191     2               !fpvs
             192     2   m                      qw      = min(pres, 0.001 * fpvs(t(i,k)))
             193     2   p                      qw      = eps * qw / (pres + epsm1 * qw)
             194     2               !qsatq
             195     2               !          call qsatq(1,t(i,k),pres*10.,qw)  !prsl in unit of cb
             196     2               !         t1 = max(1.00001, min(190.999, t(i,k)-182.16))
             197     2               !         ic = int(t1)
             198     2               !         pqs = pres*10.
             199     2               !         qqq = min(tem*pqs, vpsat(ic)+(vpsat(1+ic)-vpsat(ic))  &
             200     2               !                                    *(t1-float(ic)))
             201     2               !!         qw = 0.622*qqq/(pqs-qqq)
             202     2               !          qw = 0.622*qqq/(pqs+epsm1*qqq)
             203     2               !
             204     2   p                     qw      = max(qw,epsq)
             205     2   p                     qi(i)   = qw
             206     2   p                     qint(i) = qw
             207     2               !-------------------ice-water id number iw------------------------------
             208     2               !
             209     2   p                     iw(i,k) = 0
             210     2               !
             211     3   p                    if(tmt0.lt.-15.0) then
             212     3   p                      u00ik = u(i,k)
             213     3   p                      fi    = qik - u00ik*qi(i)
             214     4   p                      if(fi.gt.d00.or.cwmik.gt.climit) then
             215     4   p                         iw(i,k) = 1
             216     4   p                      else
             217     4   p                        iw(i,k) = 0
             218     4   p                      end if
             219     3   p                    end if
             220     2               
             221     3   p                    if(tmt0.ge.0.0) then
             222     3   p                      iw(i,k) = 0
             223     3   p                    end if
             224     2               
             225     3   p                    if (tmt0 .lt. 0.0 .and. tmt0 .ge. -15.0) then
             226     3   p                      iw(i,k) = 0
             227     4   p                      if (k .lt. km) then
             228     4   p                      if (iw(i,k+1) .eq. 1 .and. cwmik .gt. climit) iw(i,k) = 1
             229     4   p                      endif
             230     3   p                    end if
             231     2               !
             232     2   p                   enddo
             233     1               
             234     1               !--------------condensation and evaporation of cloud--------------------
                                   <<< Loop-information Start >>>
                                   <<<  [OPTIMIZATION]
                                   <<<    PREFETCH(HARD) Expected by compiler :
                                   <<<      q, cwm, prsl, u, t, psp1, ps, qp1, iw
                                   <<<      tp1, qint, qi
                                   <<<    SPILLS :
                                   <<<      GENERAL   : SPILL 4  FILL 7
                                   <<<      SIMD&FP   : SPILL 12  FILL 19
                                   <<<      SCALABLE  : SPILL 0  FILL 0
                                   <<<      PREDICATE : SPILL 0  FILL 0
                                   <<< Loop-information  End >>>
             235     2   s                   do i = 1, im
             236     2               !------------------------at, aq and dp/dt-------------------------------
             237     2   p                     qik   = max(q(i,k),epsq)
             238     2   p                     cwmik = max(cwm(i,k),climit)
             239     2   p                     iwik  = iw(i,k)
             240     2   p                     u00ik = u(i,k)
             241     2   p                     tik   = t(i,k)
             242     2   p                     pres  = prsl(i,k)   * h1000
             243     2   p                     pp0   = (pres / ps(i)) * psp1(i)
             244     2   p                     at    = (tik-tp1(i,k)) * rdt
             245     2   p                     aq    = (qik-qp1(i,k)) * rdt
             246     2   p                     ap    = (pres-pp0)    * rdt
             247     2               ! tik and tp just across 2-time level
             248     2               !         at    = (tik-tp(i,k)) * rdt2
             249     2               !         aq    = (qik-qp(i,k)) * rdt2
             250     2               !         ap    = (pres-pp0)    * rdt2
             251     2               !----------------the satuation specific humidity------------------------
             252     2   p                     fiw   = float(iwik)
             253     2   p                     elv   = (h1-fiw)*elwv    + fiw*eliv
             254     2   p                     qc    = (h1-fiw)*qint(i) + fiw*qi(i)
             255     2               !     if (lprnt) print *,' qc=',qc,' qint=',qint(i),' qi=',qi(i)
             256     2               !----------------the relative humidity----------------------------------
             257     3   p                     if(qc.le.1.0e-10) then
             258     3   p                       rqik=d00
             259     3   p                     else
             260     3   p                       rqik = qik/qc
             261     3   p                     endif
             262     2               !----------------cloud cover ratio ccrik--------------------------------
             263     3   p                     if (rqik .lt. u00ik) then
             264     3   p                        ccrik = d00
             265     3   p                     elseif(rqik.ge.us) then
             266     3   p                        ccrik = us
             267     3   p                     else
             268     3   p                        rqikk  = min(us,rqik)
             269     3   p                        ccrik = h1-sqrt((us-rqikk)/(us-u00ik))      ! (b) eq(11)
             270     3   p                     endif
             271     2               !-----------correct ccr if it is too small in large cwm regions--------
             272     2               !         if(ccrik.ge.0.01.and.ccrik.le.0.2.and
             273     2               !    &          .cwmik.ge.0.2e-3) then
             274     2               !          ccrik=min(1.0,cwmik*1.0e3)
             275     2               !         end if
             276     2               !----------------------------------------------------------------------
             277     2               !   if no cloud exists then evaporate any existing cloud condensate
             278     2               !----------------evaporation of cloud water-----------------------------
             279     2   p                     e0 = d00
             280     2               !
             281     3   p                     if (ccrik.le.cclimit.and.cwmik.gt.climit)  then
             282     3               !
             283     3               !!            if(iwik.eq.1 .and. t(i,k).le.248.16)then                         !begin test
             284     3               !!              tmt0  = t(i,k)-248.16
             285     3               !!              u00ik=u00ik*exp(0.0015*tmt0)
             286     3               !!            endif                                       !end test
             287     3               !
             288     3               !   first iteration - increment halved
             289     3               !
             290     3   s                       tx1 = tik
             291     3   s                       tx3 = qik
             292     3               !fpvs
             293     3               !pres in unit pa
             294     3   s                        es   = min(pres, fpvs(tx1))
             295     3   m                        qs   = u00ik * eps * es / (pres + epsm1*es)
             296     3               !qsatq
             297     3               !!           call qsatq(1,tx1,pres/100.,qs)     !pres in unit of pa
             298     3               !           t1 = max(1.00001, min(190.999, tx1-182.16))
             299     3               !           ic = int(t1)
             300     3               !           pqs = pres*0.01
             301     3               !           qqq = min(tem*pqs, vpsat(ic)+(vpsat(1+ic)-vpsat(ic))  &
             302     3               !                                    *(t1-float(ic)))
             303     3               !!            qs = 0.622*qqq/(pqs-qqq)
             304     3               !!            qs = 0.622*qqq/(pqs+epsm1*qqq)
             305     3               !            qs   = u00ik*qs
             306     3               !
             307     3   s                       tsq  = tx1 * tx1
             308     3   s                       delq = 0.5 * (qs - tx3) * tsq / (tsq + el2orc * qs)
             309     3               !
             310     3   s                       tx2   = delq
             311     3   s                       tx1   = tx1 - delq * albycp
             312     3   s                       tx3   = tx3 + delq
             313     3               !
             314     3               !   second iteration
             315     3               !
             316     3   s                        es   = min(pres, fpvs(tx1))
             317     3   s                        qs   = u00ik * eps * es / (pres + epsm1*es)
             318     3               !
             319     3               !!           call qsatq(1,tx1,pres/100.,qs)     !pres in unit of pa
             320     3               !           t1 = max(1.00001, min(190.999, tx1-182.16))
             321     3               !           ic = int(t1)
             322     3               !           pqs = pres*0.01
             323     3               !           qqq = min(tem*pqs, vpsat(ic)+(vpsat(1+ic)-vpsat(ic)) &
             324     3               !                                    *(t1-float(ic)))
             325     3               !           qs = 0.622*qqq/(pqs-qqq)
             326     3               !           qs = 0.622*qqq/(pqs+epsm1*qqq)
             327     3               !            qs   = u00ik*qs
             328     3               !
             329     3   s                       tsq  = tx1 * tx1
             330     3   s                       delq = (qs - tx3) * tsq / (tsq + el2orc * qs)
             331     3               !
             332     3   p                       tx2  = tx2 + delq
             333     3   s                       tx1  = tx1 - delq * albycp
             334     3   p                       tx3  = tx3 + delq
             335     3               !
             336     3               !   third iteration
             337     3               !fpvs
             338     3   m                        es   = min(pres, fpvs(tx1))
             339     3   p                        qs   = u00ik * eps * es / (pres + epsm1*es)
             340     3               !qsatq
             341     3               !!            call qsatq(1,tx1,pres/100.,qs)     !pres in unit of pa
             342     3               !           t1 = max(1.00001, min(190.999, tx1-182.16))
             343     3               !           ic = int(t1)
             344     3               !           pqs = pres*0.01
             345     3               !           qqq = min(tem*pqs, vpsat(ic)+(vpsat(1+ic)-vpsat(ic))  &
             346     3               !                                    *(t1-float(ic)))
             347     3               !!           qs = 0.622*qqq/(pqs-qqq)
             348     3               !!           qs = 0.622*qqq/(pqs+epsm1*qqq)
             349     3               !            qs   = u00ik*qs
             350     3               !
             351     3   s                       tsq  = tx1 * tx1
             352     3   p                       delq = (qs - tx3) * tsq / (tsq + el2orc * qs)
             353     3   p                       tx2  = tx2 + delq
             354     3               !
             355     3   p                       e0   = max(tx2*rdt, 0.0)
             356     3               
             357     3               !           e0 = max(qc*(u00ik-rqik)*rdt, 0.0)
             358     3   p                       e0 = min(cwmik*rdt,   e0)
             359     3   p                       e0 = max(0.0,e0)
             360     3   p                     end if
             361     2               !
             362     2               !   if cloud cover > 0.2 condense water vapor in to cloud condensate
             363     2               !-----------the eqs. for cond. has been reorganized to reduce cpu------
             364     2               !
             365     2   p                     cond = d00
             366     2               !         if (ccrik .gt. 0.20 .and. qc .gt. epsq) then
             367     3   p                     if (ccrik .gt. cclimit .and. qc .gt. epsq) then
             368     3   p                        us00   = us  - u00ik
             369     3   p                        ccrik1 = 1.0 - ccrik
             370     3   p                        aa     = eps*elv*pres*qik
             371     3   p                        ab     = ccrik*ccrik1*qc*us00
             372     3   p                        ac     = ab + 0.5*cwmik
             373     3   p                        ad     = ab * ccrik1
             374     3   p                        ae     = cpr*tik*tik
             375     3   p                        af     = ae * pres
             376     3   p                        ag     = aa * elv
             377     3   p                        ai     = cp * aa
             378     3   p                        cond   = (ac-ad)*(af*aq-ai*at+ae*qik*ap)/(ac*(af+ag))
             379     3               !-----------check & correct if over condensation occurs-----------------
             380     3   p                        condi  = (qik   -u00ik   *qc*1.0)*rdt
             381     3   p                        cond   = min(cond, condi)
             382     3               !----------check & correct if supersatuation is too high----------------
             383     3               !             qtemp=qik-max(0.,(cond-e0))*dt
             384     3               !             if(qc.le.1.0e-10) then
             385     3               !               rqtmp=0.0
             386     3               !             else
             387     3               !               rqtmp=qtemp/qc
             388     3               !             end if
             389     3               !             if(rqtmp.ge.1.10) then
             390     3               !               cond=(qik-1.10*qc)*rdt
             391     3               !             end if
             392     3               !-----------------------------------------------------------------------
             393     3   p                        cond = max(cond, d00)
             394     3               !-------------------update of t, q and cwm------------------------------
             395     3               !
             396     3   p                     end if
             397     2   p                     cone0    = (cond-e0) * dt
             398     2   p                     cwm(i,k) = cwm(i,k) + cone0
             399     2   p                     t(i,k)   = t(i,k)   + elv*rcp*cone0
             400     2   p                     q(i,k)   = q(i,k)   - cone0
             401     2   p                   enddo                                  ! end of i-loop!
             402     1               
             403     1                     enddo                                    ! end of k-loop!
             404                     
             405                     !
             406                     !*********************************************************************
             407                     !****************end of the condensation/evaporation loop*************
             408                     !*********************************************************************
             409                     !----------------store t, q, ps for next time step
                                   <<< Loop-information Start >>>
                                   <<<  [PARALLELIZATION]
                                   <<<    Standard iteration count: 2
                                   <<<  [OPTIMIZATION]
                                   <<<    PREFETCH(HARD) Expected by compiler :
                                   <<<      q, tp1, qp1, t, qp, tp
                                   <<< Loop-information  End >>>
             410     1  pp                 do k = 1, km
                                   <<< Loop-information Start >>>
                                   <<<  [OPTIMIZATION]
                                   <<<    SOFTWARE PIPELINING(IPC: 2.16, ITR: 6, MVE: 2, POL: S)
                                   <<<    PREFETCH(HARD) Expected by compiler :
                                   <<<      tp1, qp1, t, qp, q, tp
                                   <<< Loop-information  End >>>
             411     2   p   2               do i = 1, im
             412     2   p   2                 tp(i,k) = tp1(i,k)
             413     2   p   2                 qp(i,k) = qp1(i,k)
             414     2               
             415     2   p   2                 tp1(i,k) = t(i,k)
             416     2   p   2                 qp1(i,k) = max(q(i,k),epsq)
             417     2   p   2               enddo
             418     1   p                 enddo
                                   <<< Loop-information Start >>>
                                   <<<  [PARALLELIZATION]
                                   <<<    Standard iteration count: 942
                                   <<<  [OPTIMIZATION]
                                   <<<    SOFTWARE PIPELINING(IPC: 2.16, ITR: 10, MVE: 3, POL: S)
                                   <<<    PREFETCH(HARD) Expected by compiler :
                                   <<<      psp, psp1, ps
                                   <<< Loop-information  End >>>
             419     1  pp   2             do i = 1, im
             420     1   p   2               psp(i) = psp1(i)
             421     1   p   2               psp1(i) = ps(i)
             422     1   p   2             enddo
             423                     
             424                     !-----------------------------------------------------------------------
             425                           return
             426                           end

 Procedure information
   Lines      : 426
   Statements : 172
   Stack(byte): 1840
   Prefetch num: 0

 Scoping unit of external sub-program : gscond
   Attribute and Cross reference of name
     a1
      |(Class and Type) : named constant, REAL(8)
      |(Attributes)     : 
      |(Declaration)    : 42  46
      |(Definition)     : 
      |(Reference)      : 
     aa
      |(Class and Type) : variable name, REAL(8)
      |(Attributes)     : 
      |(Declaration)    : 61
      |(Definition)     : 370
      |(Reference)      : 376  377
     ab
      |(Class and Type) : variable name, REAL(8)
      |(Attributes)     : 
      |(Declaration)    : 61
      |(Definition)     : 371
      |(Reference)      : 372  373
     ac
      |(Class and Type) : variable name, REAL(8)
      |(Attributes)     : 
      |(Declaration)    : 61
      |(Definition)     : 372
      |(Reference)      : 378  378
     ad
      |(Class and Type) : variable name, REAL(8)
      |(Attributes)     : 
      |(Declaration)    : 61
      |(Definition)     : 373
      |(Reference)      : 378
     ae
      |(Class and Type) : variable name, REAL(8)
      |(Attributes)     : 
      |(Declaration)    : 61
      |(Definition)     : 374
      |(Reference)      : 375  378
     af
      |(Class and Type) : variable name, REAL(8)
      |(Attributes)     : 
      |(Declaration)    : 61
      |(Definition)     : 375
      |(Reference)      : 378  378
     ag
      |(Class and Type) : variable name, REAL(8)
      |(Attributes)     : 
      |(Declaration)    : 61
      |(Definition)     : 376
      |(Reference)      : 378
     ai
      |(Class and Type) : variable name, REAL(8)
      |(Attributes)     : 
      |(Declaration)    : 61
      |(Definition)     : 377
      |(Reference)      : 378
     albycp
      |(Class and Type) : variable name, REAL(8)
      |(Attributes)     : 
      |(Declaration)    : 61
      |(Definition)     : 139
      |(Reference)      : 311  333
     ap
      |(Class and Type) : variable name, REAL(8)
      |(Attributes)     : 
      |(Declaration)    : 61
      |(Definition)     : 246
      |(Reference)      : 378
     aq
      |(Class and Type) : variable name, REAL(8)
      |(Attributes)     : 
      |(Declaration)    : 61
      |(Definition)     : 245
      |(Reference)      : 378
     arcp
      |(Class and Type) : variable name, REAL(8)
      |(Attributes)     : 
      |(Declaration)    : 42
      |(Definition)     : 
      |(Reference)      : 
     at
      |(Class and Type) : variable name, REAL(8)
      |(Attributes)     : 
      |(Declaration)    : 61
      |(Definition)     : 244
      |(Reference)      : 378
     bi
      |(Class and Type) : variable name, REAL(8)
      |(Attributes)     : 
      |(Declaration)    : 61
      |(Definition)     : 
      |(Reference)      : 
     cclimit
      |(Class and Type) : variable name, REAL(8)
      |(Attributes)     : 
      |(Declaration)    : 61
      |(Definition)     : 148
      |(Reference)      : 281  367
     ccrik
      |(Class and Type) : variable name, REAL(8)
      |(Attributes)     : 
      |(Declaration)    : 61
      |(Definition)     : 264  266  269
      |(Reference)      : 281  367  369  371
     ccrik1
      |(Class and Type) : variable name, REAL(8)
      |(Attributes)     : 
      |(Declaration)    : 61
      |(Definition)     : 369
      |(Reference)      : 371  373
     climit
      |(Class and Type) : variable name, REAL(8)
      |(Attributes)     : 
      |(Declaration)    : 61
      |(Definition)     : 149
      |(Reference)      : 187  214  228  238  281
     cond
      |(Class and Type) : variable name, REAL(8)
      |(Attributes)     : 
      |(Declaration)    : 61
      |(Definition)     : 365  378  381  393
      |(Reference)      : 381  393  397
     condi
      |(Class and Type) : variable name, REAL(8)
      |(Attributes)     : 
      |(Declaration)    : 61
      |(Definition)     : 380
      |(Reference)      : 381
     cone0
      |(Class and Type) : variable name, REAL(8)
      |(Attributes)     : 
      |(Declaration)    : 61
      |(Definition)     : 397
      |(Reference)      : 398  399  400
     cp
      |(Class and Type) : named constant, REAL(8)
      |(Attributes)     : 
      |(Declaration)    : 29  37
      |(Definition)     : 
      |(Reference)      : 46  46  377
     cpr
      |(Class and Type) : named constant, REAL(8)
      |(Attributes)     : 
      |(Declaration)    : 42  46
      |(Definition)     : 
      |(Reference)      : 46  374
     cwm
      |(Class and Type) : variable name, REAL(8)
      |(Attributes)     : DIMENSION, dummy-argument
      |(Declaration)    : 1  54
      |(Definition)     : 398
      |(Reference)      : 187  238  398
     cwmik
      |(Class and Type) : variable name, REAL(8)
      |(Attributes)     : 
      |(Declaration)    : 61
      |(Definition)     : 187  238
      |(Reference)      : 214  228  281  358  372
     d00
      |(Class and Type) : named constant, REAL(8)
      |(Attributes)     : 
      |(Declaration)    : 42  46
      |(Definition)     : 
      |(Reference)      : 152  214  258  264  279  365  393
     d125
      |(Class and Type) : named constant, REAL(8)
      |(Attributes)     : 
      |(Declaration)    : 42  46
      |(Definition)     : 
      |(Reference)      : 
     d5
      |(Class and Type) : named constant, REAL(8)
      |(Attributes)     : 
      |(Declaration)    : 42  46
      |(Definition)     : 
      |(Reference)      : 
     delq
      |(Class and Type) : variable name, REAL(8)
      |(Attributes)     : 
      |(Declaration)    : 61
      |(Definition)     : 308  330  352
      |(Reference)      : 310  311  312  332  333  334  353
     dt
      |(Class and Type) : variable name, REAL(8)
      |(Attributes)     : dummy-argument
      |(Declaration)    : 1  54
      |(Definition)     : 
      |(Reference)      : 142  145  397
     e0
      |(Class and Type) : variable name, REAL(8)
      |(Attributes)     : 
      |(Declaration)    : 61
      |(Definition)     : 279  355  358  359
      |(Reference)      : 358  359  397
     el2orc
      |(Class and Type) : variable name, REAL(8)
      |(Attributes)     : 
      |(Declaration)    : 61
      |(Definition)     : 138
      |(Reference)      : 308  330  352
     eliv
      |(Class and Type) : named constant, REAL(8)
      |(Attributes)     : 
      |(Declaration)    : 42  46
      |(Definition)     : 
      |(Reference)      : 253
     eliw
      |(Class and Type) : variable name, REAL(8)
      |(Attributes)     : 
      |(Declaration)    : 42
      |(Definition)     : 
      |(Reference)      : 
     elv
      |(Class and Type) : variable name, REAL(8)
      |(Attributes)     : 
      |(Declaration)    : 61
      |(Definition)     : 253
      |(Reference)      : 370  376  399
     elwv
      |(Class and Type) : named constant, REAL(8)
      |(Attributes)     : 
      |(Declaration)    : 42  46
      |(Definition)     : 
      |(Reference)      : 253
     eps
      |(Class and Type) : named constant, REAL(8)
      |(Attributes)     : 
      |(Declaration)    : 29  38
      |(Definition)     : 
      |(Reference)      : 39  193  295  317  339  370
     epsm1
      |(Class and Type) : named constant, REAL(8)
      |(Attributes)     : 
      |(Declaration)    : 29  39
      |(Definition)     : 
      |(Reference)      : 193  295  317  339
     epsq
      |(Class and Type) : named constant, REAL(8)
      |(Attributes)     : 
      |(Declaration)    : 42  46
      |(Definition)     : 
      |(Reference)      : 161  163  186  204  237  367  416
     es
      |(Class and Type) : variable name, REAL(8)
      |(Attributes)     : 
      |(Declaration)    : 61
      |(Definition)     : 294  316  338
      |(Reference)      : 295  295  317  317  339  339
     fi
      |(Class and Type) : variable name, REAL(8)
      |(Attributes)     : 
      |(Declaration)    : 61
      |(Definition)     : 213
      |(Reference)      : 214
     fiw
      |(Class and Type) : variable name, REAL(8)
      |(Attributes)     : 
      |(Declaration)    : 61
      |(Definition)     : 252
      |(Reference)      : 253  253  254  254
     float
      |(Class and Type) : intrinsic function name, REAL(8)
      |(Attributes)     : PURE, ELEMENTAL
      |(Declaration)    : 
      |(Definition)     : 
      |(Reference)      : 252
     fpvs
      |(Class and Type) : external function name, REAL(8)
      |(Attributes)     : 
      |(Declaration)    : 
      |(Definition)     : 
      |(Reference)      : 192  294  316  338
     fpvs
      |(Class and Type) : variable name, REAL(8)
      |(Attributes)     : 
      |(Declaration)    : 40
      |(Definition)     : 
      |(Reference)      : 
     g
      |(Class and Type) : named constant, REAL(8)
      |(Attributes)     : 
      |(Declaration)    : 42  46
      |(Definition)     : 
      |(Reference)      : 
     grav
      |(Class and Type) : named constant, REAL(8)
      |(Attributes)     : 
      |(Declaration)    : 29  32
      |(Definition)     : 
      |(Reference)      : 46
     gscond
      |(Class and Type) : external subroutine name
      |(Attributes)     : 
      |(Declaration)    : 
      |(Definition)     : 1
      |(Reference)      : 
     h1
      |(Class and Type) : named constant, REAL(8)
      |(Attributes)     : 
      |(Declaration)    : 42  46
      |(Definition)     : 
      |(Reference)      : 46  46  142  145  147  253  254  269
     h1000
      |(Class and Type) : named constant, REAL(8)
      |(Attributes)     : 
      |(Declaration)    : 42  46
      |(Definition)     : 
      |(Reference)      : 242
     h2
      |(Class and Type) : named constant, REAL(8)
      |(Attributes)     : 
      |(Declaration)    : 42  46
      |(Definition)     : 
      |(Reference)      : 
     hfus
      |(Class and Type) : named constant, REAL(8)
      |(Attributes)     : 
      |(Declaration)    : 29  33
      |(Definition)     : 
      |(Reference)      : 46
     hvap
      |(Class and Type) : named constant, REAL(8)
      |(Attributes)     : 
      |(Declaration)    : 29  31
      |(Definition)     : 
      |(Reference)      : 46  46  138  138  139  139
     i
      |(Class and Type) : variable name, INTEGER(4)
      |(Attributes)     : 
      |(Declaration)    : 70
      |(Definition)     : 151  159  166  183  235  411  419
      |(Reference)      : 152  160  160  161  161  162  162  163  163  167  167  168  168  184  186  187  190  192  205  206  209  212  213  215  217  222  226  228  228  237  238  239  240  241  242  243  243  244  245  254  254  398  398  399  399  400  400  412  412  413  413  415  415  416  416  420  420  421  421
     ic
      |(Class and Type) : variable name, INTEGER(4)
      |(Attributes)     : 
      |(Declaration)    : 75
      |(Definition)     : 
      |(Reference)      : 
     im
      |(Class and Type) : variable name, INTEGER(4)
      |(Attributes)     : dummy-argument
      |(Declaration)    : 1  53
      |(Definition)     : 
      |(Reference)      : 54  54  54  54  61  61  61  70  151  159  166  183  235  411  419
     iw
      |(Class and Type) : variable name, INTEGER(4)
      |(Attributes)     : DIMENSION
      |(Declaration)    : 70
      |(Definition)     : 152  209  215  217  222  226  228
      |(Reference)      : 228  239
     iwik
      |(Class and Type) : variable name, INTEGER(4)
      |(Attributes)     : 
      |(Declaration)    : 70
      |(Definition)     : 239
      |(Reference)      : 252
     ix
      |(Class and Type) : variable name, INTEGER(4)
      |(Attributes)     : dummy-argument
      |(Declaration)    : 1  53
      |(Definition)     : 
      |(Reference)      : 54  54  54  54  54  54  54  54  54  54  54
     k
      |(Class and Type) : variable name, INTEGER(4)
      |(Attributes)     : 
      |(Declaration)    : 70
      |(Definition)     : 158  179  410
      |(Reference)      : 160  160  161  161  162  162  163  163  184  186  187  190  192  209  212  215  217  222  226  227  228  228  237  238  239  240  241  242  244  245  398  398  399  399  400  400  412  412  413  413  415  415  416  416
     km
      |(Class and Type) : variable name, INTEGER(4)
      |(Attributes)     : dummy-argument
      |(Declaration)    : 1  53
      |(Definition)     : 
      |(Reference)      : 54  54  54  54  54  54  54  54  54  54  54  70  152  158  179  227  410
     lprnt
      |(Class and Type) : variable name, LOGICAL(4)
      |(Attributes)     : dummy-argument
      |(Declaration)    : 1  71
      |(Definition)     : 
      |(Reference)      : 
     max
      |(Class and Type) : intrinsic function name, REAL(8)
      |(Attributes)     : PURE, ELEMENTAL
      |(Declaration)    : 
      |(Definition)     : 
      |(Reference)      : 161  163  186  187  204  237  238  355  359  393  416
     min
      |(Class and Type) : intrinsic function name, REAL(8)
      |(Attributes)     : PURE, ELEMENTAL
      |(Declaration)    : 
      |(Definition)     : 
      |(Reference)      : 185  192  268  294  316  338  358  381
     pp0
      |(Class and Type) : variable name, REAL(8)
      |(Attributes)     : 
      |(Declaration)    : 61
      |(Definition)     : 243
      |(Reference)      : 246
     pqs
      |(Class and Type) : variable name, REAL(8)
      |(Attributes)     : 
      |(Declaration)    : 74
      |(Definition)     : 
      |(Reference)      : 
     pres
      |(Class and Type) : variable name, REAL(8)
      |(Attributes)     : 
      |(Declaration)    : 61
      |(Definition)     : 190  242
      |(Reference)      : 192  193  243  246  294  295  316  317  338  339  370  375
     prsl
      |(Class and Type) : variable name, REAL(8)
      |(Attributes)     : DIMENSION, dummy-argument
      |(Declaration)    : 1  54
      |(Definition)     : 
      |(Reference)      : 190  242
     ps
      |(Class and Type) : variable name, REAL(8)
      |(Attributes)     : DIMENSION, dummy-argument
      |(Declaration)    : 1  54
      |(Definition)     : 
      |(Reference)      : 167  168  243  421
     ps0
      |(Class and Type) : variable name, REAL(8)
      |(Attributes)     : DIMENSION
      |(Declaration)    : 54
      |(Definition)     : 
      |(Reference)      : 
     psat
      |(Class and Type) : named constant, REAL(8)
      |(Attributes)     : 
      |(Declaration)    : 29  30
      |(Definition)     : 
      |(Reference)      : 46
     psp
      |(Class and Type) : variable name, REAL(8)
      |(Attributes)     : DIMENSION, dummy-argument
      |(Declaration)    : 1  54
      |(Definition)     : 167  420
      |(Reference)      : 
     psp1
      |(Class and Type) : variable name, REAL(8)
      |(Attributes)     : DIMENSION, dummy-argument
      |(Declaration)    : 1  54
      |(Definition)     : 168  421
      |(Reference)      : 243  420
     q
      |(Class and Type) : variable name, REAL(8)
      |(Attributes)     : DIMENSION, dummy-argument
      |(Declaration)    : 1  54
      |(Definition)     : 400
      |(Reference)      : 161  163  186  237  400  416
     q0
      |(Class and Type) : variable name, REAL(8)
      |(Attributes)     : DIMENSION
      |(Declaration)    : 54
      |(Definition)     : 
      |(Reference)      : 
     qc
      |(Class and Type) : variable name, REAL(8)
      |(Attributes)     : 
      |(Declaration)    : 61
      |(Definition)     : 254
      |(Reference)      : 257  260  367  371  380
     qi
      |(Class and Type) : variable name, REAL(8)
      |(Attributes)     : DIMENSION
      |(Declaration)    : 61
      |(Definition)     : 205
      |(Reference)      : 213  254
     qik
      |(Class and Type) : variable name, REAL(8)
      |(Attributes)     : 
      |(Declaration)    : 61
      |(Definition)     : 186  237
      |(Reference)      : 213  245  260  291  370  378  380
     qint
      |(Class and Type) : variable name, REAL(8)
      |(Attributes)     : DIMENSION
      |(Declaration)    : 61
      |(Definition)     : 206
      |(Reference)      : 254
     qp
      |(Class and Type) : variable name, REAL(8)
      |(Attributes)     : DIMENSION, dummy-argument
      |(Declaration)    : 1  54
      |(Definition)     : 161  413
      |(Reference)      : 
     qp1
      |(Class and Type) : variable name, REAL(8)
      |(Attributes)     : DIMENSION, dummy-argument
      |(Declaration)    : 1  54
      |(Definition)     : 163  416
      |(Reference)      : 245  413
     qqq
      |(Class and Type) : variable name, REAL(8)
      |(Attributes)     : 
      |(Declaration)    : 74
      |(Definition)     : 
      |(Reference)      : 
     qs
      |(Class and Type) : variable name, REAL(8)
      |(Attributes)     : 
      |(Declaration)    : 61
      |(Definition)     : 295  317  339
      |(Reference)      : 308  308  330  330  352  352
     qw
      |(Class and Type) : variable name, REAL(8)
      |(Attributes)     : 
      |(Declaration)    : 61
      |(Definition)     : 192  193  204
      |(Reference)      : 193  193  204  205  206
     r
      |(Class and Type) : named constant, REAL(8)
      |(Attributes)     : 
      |(Declaration)    : 42  46
      |(Definition)     : 
      |(Reference)      : 46
     rcp
      |(Class and Type) : named constant, REAL(8)
      |(Attributes)     : 
      |(Declaration)    : 42  46
      |(Definition)     : 
      |(Reference)      : 399
     rcpr
      |(Class and Type) : named constant, REAL(8)
      |(Attributes)     : 
      |(Declaration)    : 42  46
      |(Definition)     : 
      |(Reference)      : 
     rd
      |(Class and Type) : named constant, REAL(8)
      |(Attributes)     : 
      |(Declaration)    : 29  35
      |(Definition)     : 
      |(Reference)      : 38  46
     rdt
      |(Class and Type) : variable name, REAL(8)
      |(Attributes)     : 
      |(Declaration)    : 61
      |(Definition)     : 142
      |(Reference)      : 244  245  246  355  358  380
     rdt2
      |(Class and Type) : variable name, REAL(8)
      |(Attributes)     : 
      |(Declaration)    : 61
      |(Definition)     : 145
      |(Reference)      : 
     rqik
      |(Class and Type) : variable name, REAL(8)
      |(Attributes)     : 
      |(Declaration)    : 61
      |(Definition)     : 258  260
      |(Reference)      : 263  265  268
     rqikk
      |(Class and Type) : variable name, REAL(8)
      |(Attributes)     : 
      |(Declaration)    : 61
      |(Definition)     : 268
      |(Reference)      : 269
     rv
      |(Class and Type) : named constant, REAL(8)
      |(Attributes)     : 
      |(Declaration)    : 29  36
      |(Definition)     : 
      |(Reference)      : 38  138  138
     sqrt
      |(Class and Type) : intrinsic function name, REAL(8)
      |(Attributes)     : PURE, ELEMENTAL
      |(Declaration)    : 
      |(Definition)     : 
      |(Reference)      : 269
     t
      |(Class and Type) : variable name, REAL(8)
      |(Attributes)     : DIMENSION, dummy-argument
      |(Declaration)    : 1  54
      |(Definition)     : 192  399
      |(Reference)      : 160  162  184  241  399  415
     t0
      |(Class and Type) : variable name, REAL(8)
      |(Attributes)     : DIMENSION
      |(Declaration)    : 54
      |(Definition)     : 
      |(Reference)      : 
     t1
      |(Class and Type) : variable name, REAL(8)
      |(Attributes)     : 
      |(Declaration)    : 74
      |(Definition)     : 
      |(Reference)      : 
     tem
      |(Class and Type) : variable name, REAL(8)
      |(Attributes)     : 
      |(Declaration)    : 74
      |(Definition)     : 131
      |(Reference)      : 
     tik
      |(Class and Type) : variable name, REAL(8)
      |(Attributes)     : 
      |(Declaration)    : 61
      |(Definition)     : 241
      |(Reference)      : 244  290  374  374
     tm10
      |(Class and Type) : named constant, REAL(8)
      |(Attributes)     : 
      |(Declaration)    : 42  46
      |(Definition)     : 
      |(Reference)      : 
     tmt0
      |(Class and Type) : variable name, REAL(8)
      |(Attributes)     : 
      |(Declaration)    : 61
      |(Definition)     : 184
      |(Reference)      : 185  211  221  225  225
     tmt15
      |(Class and Type) : variable name, REAL(8)
      |(Attributes)     : 
      |(Declaration)    : 61
      |(Definition)     : 185
      |(Reference)      : 
     tp
      |(Class and Type) : variable name, REAL(8)
      |(Attributes)     : DIMENSION, dummy-argument
      |(Declaration)    : 1  54
      |(Definition)     : 160  412
      |(Reference)      : 157
     tp1
      |(Class and Type) : variable name, REAL(8)
      |(Attributes)     : DIMENSION, dummy-argument
      |(Declaration)    : 1  54
      |(Definition)     : 162  415
      |(Reference)      : 244  412
     tsq
      |(Class and Type) : variable name, REAL(8)
      |(Attributes)     : 
      |(Declaration)    : 61
      |(Definition)     : 307  329  351
      |(Reference)      : 308  308  330  330  352  352
     ttp
      |(Class and Type) : named constant, REAL(8)
      |(Attributes)     : 
      |(Declaration)    : 29  34
      |(Definition)     : 
      |(Reference)      : 46
     tx1
      |(Class and Type) : variable name, REAL(8)
      |(Attributes)     : 
      |(Declaration)    : 61
      |(Definition)     : 290  294  311  316  333  338
      |(Reference)      : 307  307  311  329  329  333  351  351
     tx2
      |(Class and Type) : variable name, REAL(8)
      |(Attributes)     : 
      |(Declaration)    : 61
      |(Definition)     : 310  332  353
      |(Reference)      : 332  353  355
     tx3
      |(Class and Type) : variable name, REAL(8)
      |(Attributes)     : 
      |(Declaration)    : 61
      |(Definition)     : 291  312  334
      |(Reference)      : 308  312  330  334  352
     u
      |(Class and Type) : variable name, REAL(8)
      |(Attributes)     : DIMENSION, dummy-argument
      |(Declaration)    : 1  54
      |(Definition)     : 
      |(Reference)      : 212  240
     u00b
      |(Class and Type) : variable name, REAL(8)
      |(Attributes)     : 
      |(Declaration)    : 61
      |(Definition)     : 
      |(Reference)      : 
     u00ik
      |(Class and Type) : variable name, REAL(8)
      |(Attributes)     : 
      |(Declaration)    : 61
      |(Definition)     : 212  240
      |(Reference)      : 213  263  269  295  317  339  368  380
     u00t
      |(Class and Type) : variable name, REAL(8)
      |(Attributes)     : 
      |(Declaration)    : 61
      |(Definition)     : 
      |(Reference)      : 
     us
      |(Class and Type) : variable name, REAL(8)
      |(Attributes)     : 
      |(Declaration)    : 61
      |(Definition)     : 147
      |(Reference)      : 265  266  268  269  269  368
     us00
      |(Class and Type) : variable name, REAL(8)
      |(Attributes)     : 
      |(Declaration)    : 61
      |(Definition)     : 368
      |(Reference)      : 371
     vprs
      |(Class and Type) : variable name, REAL(8)
      |(Attributes)     : DIMENSION
      |(Declaration)    : 61
      |(Definition)     : 
      |(Reference)      : 
     vpsat
      |(Class and Type) : variable name, REAL(8)
      |(Attributes)     : DIMENSION, initialized
      |(Declaration)    : 74  76
      |(Definition)     : 
      |(Reference)      : 

 Total information
   Procedures       : 1
   Total lines      : 426
   Total statements : 172
   Total stack(byte): 1840
   Total prefetch num: 0

