
 Fujitsu Fortran Version 4.6.1  Tue Mar 14 13:21:53 2023

 Compilation information
   Current directory : /IFS/nwpr/gfs/xb157/Git/tco639l72/src_helio
   Source file       : ncoling.f90

 Option information
   Command line options : -Kident_mpi -f2004 -c -X9 -Free -CcdRR8 -Cpp -Kfast,parallel,openmp,ocl,autoobjstack -x- -fw -Knofp_relaxed -SSL2BLAMP -Kopenmp,parallel -DTIMING -DUSE_FFTW -DRSM -DW3TAG -Ec -Nlst=a,lst=d,lst=i,lst=p,lst=t,lst=x -Koptmsg=2 -I. -I/users/xa09/pkg/fx1000/fftw-3.3.10/include -I/package/fx1000/netcdf-4.7.4/include -I/nwpr/gfs/xb157/CWBSUMc2/components/coupler -I/nwpr/gfs/xb124/package/fx1000/MCT/include -DTIMCOMCPL -L/package/fx1000/netcdf-4.7.4/lib -lnetcdff -lnetcdf -L/package/fx1000/hdf5-1.10.7/lib -lhdf5_hl -lhdf5 -L/package/fx1000/dms/lib -lrdms -lgdbm -L/package/fx1000/operlib/lib -lnwp -L/users/xa09/pkg/fx1000/fftw-3.3.10/lib -lfftw3f_threads -lfftw3f -lfftw3_threads -lfftw3 -SSL2BLAMP -L/nwpr/gfs/xb157/CWBSUMc2/components/coupler -lcpl -L/nwpr/gfs/xb124/package/fx1000/MCT/lib -lmct -lmpeu -I/opt/FJSVxtclanga/.common/MELI025/include/mpi/fujitsu -I/opt/FJSVxtclanga/.common/MELI025/lib64 -Knointentopt
   Cpp options          : -DTIMING -DUSE_FFTW -DRSM -DW3TAG -I. -I/users/xa09/pkg/fx1000/fftw-3.3.10/include -I/package/fx1000/netcdf-4.7.4/include -I/nwpr/gfs/xb157/CWBSUMc2/components/coupler -I/nwpr/gfs/xb124/package/fx1000/MCT/include -DTIMCOMCPL -I/opt/FJSVxtclanga/.common/MELI025/include/mpi/fujitsu -I/opt/FJSVxtclanga/.common/MELI025/lib64 -Dunix -Dlinux -D__FUJITSU -D__FRT_major__=4 -D__FRT_minor__=6 -D__FRT_patchlevel__=1 -D__FRT_version__="4.6.1" -D__aarch64__ -D__unix -D_OPENMP=201511 -D__frt_version=800 -D__ARM_ARCH=8 -D__ARM_FEATURE_SVE -D__ELF__ -D__unix__ -D__linux__ -D__linux -Asystem(unix) -otmp
   Effective options    : -fw -g0 -AE -Ec -Free -O3 -X9
                          -CcdRR8 -x- -xaccept=nomodule_allocatable
                          -KA64FX -KARMV8_3_A -KSVE -Kalign_commons
                          -Kalign_loops -Knoarray_declaration_opt
                          -Kassume=noshortloop -Kassume=nomemory_bandwidth
                          -Kassume=notime_saving_compilation -Kauto
                          -Kautoobjstack -Knocalleralloc -Kcmodel=small
                          -Keval -Keval_noconcurrent -Knoextract_stride_store
                          -Knofenv_access -Kfp_contract -Knofp_relaxed
                          -Kfsimple -Kfz -Khpctag -Kilfunc=procedure
                          -Knointentopt -Klargepage -Kloop_blocking
                          -Kloop_fission -Kloop_nofission_stripmining
                          -Kloop_fission_threshold=50 -Kloop_fusion
                          -Kloop_interchange -Kloop_part_parallel
                          -Kloop_part_simd -Kloop_perfect_nest
                          -Kloop_noversioning -Knolto -Kmfunc=1 -Kocl
                          -Komitfp -Knooptlib_string -Koptmsg=2
                          -Knopc_relative_literal_loads -Kplt -Knopreex
                          -Kprefetch_noconditional -Kprefetch_noindirect
                          -Kprefetch_sequential=auto -Kprefetch_nostride
                          -Kprefetch_cache_level=all -Kprefetch_noinfer
                          -Kprefetch_strong -Kprefetch_strong_L2 -Knopreload
                          -Ksch_post_ra -Ksch_pre_ra -Ksibling_calls
                          -Ksimd=auto -Ksimd_packed_promotion
                          -Ksimd_reduction_product -Ksimd_reg_size=512
                          -Ksimd_nouncounted_loop
                          -Ksimd_use_multiple_structures -Knostriping
                          -Knosubscript_opt -Kswp -Kswp_freg_rate=100
                          -Kswp_ireg_rate=100 -Kswp_preg_rate=100
                          -Kswp_policy=auto -Ktemparraystack -Kunroll
                          -Knounroll_and_jam -Knozfill
                          -Kopenmp -Kopenmp_noassume_norecurrence
                          -Kopenmp_nocollapse_except_innermost
                          -Kopenmp_noordered_reduction -Knoopenmp_simd
                          -Kthreadsafe -Kparallel -Kparallel_nofp_precision
                          -Knoarray_private -Knodynamic_iteration -Kreduction
                          -Kregion_extension
                          -Nallextput -Nnoalloc_assign
                          -Ncancel_overtime_compilation -Nnocheck_global
                          -Nnocoarray -Nnocompdisp -Nnocopyarg -Nnocoverage
                          -Nfjprof -Nfreealloc -Nf90move -Nnohook_func
                          -Nnohook_time -Nlibomp -Nline -Nlst -Nlst=a -Nlst=d
                          -Nlst=i -Nlst=p -Nlst=t -Nlst=x -Nnomallocfree
                          -Nnoobsfun -Nnoprivatealloc -Nquickdbg=noargchk
                          -Nquickdbg=nosubchk -Nquickdbg=noundef -NRnotrap
                          -Nnorecursive -Nnoreordered_variable_stack
                          -Nrt_notune -Nnosave -Nsetvalue=noheap
                          -Nsetvalue=nostack -Nsetvalue=noscalar
                          -Nsetvalue=noarray -Nsetvalue=nostruct -Nuse_rodata

 External subroutine subprogram "ncoling"
  (inc)(line-no.)(nest)(optimize)
               1                           subroutine ncoling(jtrun,jtmax,nx,my,my_max,lev,radsq      &
               2                           ,                   dta,temnow,eps4,cosl,pk)
               3                     !
               4                     ! modify to f90 by C-H Lee and sort by River Chen in 2015
               5                     !
               6                           use index
               7                           use mpe
               8                           use const, only: RTYPE
               9                     
              10                           implicit  none
              11                           integer   jtrun,jtmax,nx,my,my_max,lev
              12                     
              13                           real      temnow(lev,2,jtrun,jtmax),                       &
              14                                     pk(nx,lev,my_max),cosl(my),radsq,dta
              15                           real(kind=RTYPE) eps4(jtrun,jtmax)
              16                     !
              17                            integer,  parameter :: levtop=2,lev2=levtop/2
              18                            real      tem(lev,2,jtrun,jtmax),ctime,cool
              19                     
              20                            integer   k,j,i,jj,nxj,m,mf,n
              21                            real      wt,pk1,pk2,opk,fac,c1
              22                     !
              23                     !      data ctime/6./
              24                     !      data ctime/12./
              25                     !      data ctime/4./
              26                           data ctime/24./
              27                     !
              28                     !
              29                           real gsum(3,my)
              30                     !
              31                           cool=1.0/(ctime*3600.*jtrun*(jtrun+1)/radsq)
              32                     !
                                   <<< Loop-information Start >>>
                                   <<<  [PARALLELIZATION]
                                   <<<    Standard iteration count: 2
                                   <<<  [OPTIMIZATION]
                                   <<<    SIMD(VL: 8)
                                   <<<    SOFTWARE PIPELINING(IPC: 2.00, ITR: 160, MVE: 3, POL: S)
                                   <<<    PREFETCH(HARD) Expected by compiler :
                                   <<<      temnow, tem
                                   <<< Loop-information  End >>>
              33        pp   4v            tem=temnow
              34                     !
              35     1                     do k=1,levtop
              36     1               !
              37     1                     wt=0.
              38     1                     pk1=0.
              39     1                     pk2=0.
                                   <<< Loop-information Start >>>
                                   <<<  [PARALLELIZATION]
                                   <<<    Standard iteration count: 1143
                                   <<<  [OPTIMIZATION]
                                   <<<    SIMD(VL: 8)
                                   <<<    FULL UNROLLING
                                   <<<    PREFETCH(HARD) Expected by compiler :
                                   <<<      gsum
                                   <<< Loop-information  End >>>
              40     1  pp   6v            gsum=0.
              41     1               !
              42     2                     do 100 jj =1,jlistnum
              43     2                     j=jlist1(jj)
              44     2                     nxj=nxdef_2d(j)
                                   <<< Loop-information Start >>>
                                   <<<  [PARALLELIZATION]
                                   <<<    Standard iteration count: 471
                                   <<<  [OPTIMIZATION]
                                   <<<    SIMD(VL: 8)
                                   <<< Loop-information  End >>>
              45     3  pp    v            do 100 i=1,nxj
              46     3   p    v              gsum(1,j)=gsum(1,j)+cosl(j)
              47     3   p    v              gsum(2,j)=gsum(2,j)+pk(i,k,jj)*cosl(j)
              48     3   p    v              gsum(3,j)=gsum(3,j)+pk(i,k+1,jj)*cosl(j)
              49     2   p    v       100  continue
              50     1               !
              51     1                     call mpe_unify(gsum,3,my,2,mpe_double)
              52     1               !
                                   <<< Loop-information Start >>>
                                   <<<  [PARALLELIZATION]
                                   <<<    Standard iteration count: 942
                                   <<<  [OPTIMIZATION]
                                   <<<    SIMD(VL: 8)
                                   <<< Loop-information  End >>>
              53     2  pp    v            do j=1,my
              54     2   p    v              wt =wt +gsum(1,j)
              55     2   p    v              pk1=pk1+gsum(2,j)
              56     2   p    v              pk2=pk2+gsum(3,j)
              57     2   p    v            enddo
              58     1               !
              59     1                     pk1=pk1/wt
              60     1                     pk2=pk2/wt
              61     1                     opk=pk2/pk1
              62     1               !
              63     1                     fac=1.
              64     1                     c1=dta*cool*fac
              65     1               !
                                   <<< Loop-information Start >>>
                                   <<<  [PARALLELIZATION]
                                   <<<    Standard iteration count: 2
                                   <<<  [OPTIMIZATION]
                                   <<<    PREFETCH(HARD) Expected by compiler :
                                   <<<      eps4
                                   <<< Loop-information  End >>>
              66     2  pp                 do 110 m =1,mlistnum
              67     2   p                    mf=mlist(m)
                                   <<< Loop-information Start >>>
                                   <<<  [OPTIMIZATION]
                                   <<<    SIMD(VL: 8)
                                   <<<    SOFTWARE PIPELINING(IPC: 0.58, ITR: 24, MVE: 2, POL: S)
                                   <<<    PREFETCH(HARD) Expected by compiler :
                                   <<<      eps4
                                   <<< Loop-information  End >>>
              68     3   p    v            do 110 n  = mf,jtrun
              69     3   p    v              temnow(k,1,n,m)=tem(k,1,n,m)+c1*eps4(n,m)*tem(k+1,1,n,m)     &
              70     3                                      *opk/(1.+c1*eps4(n,m))
              71     3   p    v              temnow(k,2,n,m)=tem(k,2,n,m)+c1*eps4(n,m)*tem(k+1,2,n,m)     &
              72     3                                      *opk/(1.+c1*eps4(n,m))
              73     2   p    v       110  continue
              74     1               !
              75     1                     enddo
              76                     !
              77                           return
              78                           end

 Procedure information
   Lines      : 78
   Statements : 49
   Stack(byte): 81984
   Prefetch num: 0

 Scoping unit of external sub-program : ncoling
   Attribute and Cross reference of name
     c1
      |(Class and Type) : variable name, REAL(8)
      |(Attributes)     : 
      |(Declaration)    : 21
      |(Definition)     : 64
      |(Reference)      : 69  69  71  71
     const
      |(Class and Type) : module name
      |(Attributes)     : 
      |(Declaration)    : 
      |(Definition)     : 
      |(Reference)      : 8
     cool
      |(Class and Type) : variable name, REAL(8)
      |(Attributes)     : 
      |(Declaration)    : 18
      |(Definition)     : 31
      |(Reference)      : 64
     cosl
      |(Class and Type) : variable name, REAL(8)
      |(Attributes)     : DIMENSION, dummy-argument
      |(Declaration)    : 1  13
      |(Definition)     : 
      |(Reference)      : 46  47  48
     ctime
      |(Class and Type) : variable name, REAL(8)
      |(Attributes)     : initialized
      |(Declaration)    : 18  26
      |(Definition)     : 
      |(Reference)      : 31
     dta
      |(Class and Type) : variable name, REAL(8)
      |(Attributes)     : dummy-argument
      |(Declaration)    : 1  13
      |(Definition)     : 
      |(Reference)      : 64
     eps4
      |(Class and Type) : variable name, REAL(8)
      |(Attributes)     : DIMENSION, dummy-argument
      |(Declaration)    : 1  15
      |(Definition)     : 
      |(Reference)      : 69  69  71  71
     fac
      |(Class and Type) : variable name, REAL(8)
      |(Attributes)     : 
      |(Declaration)    : 21
      |(Definition)     : 63
      |(Reference)      : 64
     gsum
      |(Class and Type) : variable name, REAL(8)
      |(Attributes)     : DIMENSION
      |(Declaration)    : 29
      |(Definition)     : 40  46  47  48  51
      |(Reference)      : 46  47  48  54  55  56
     i
      |(Class and Type) : variable name, INTEGER(4)
      |(Attributes)     : 
      |(Declaration)    : 20
      |(Definition)     : 45
      |(Reference)      : 47  48
     index
      |(Class and Type) : module name
      |(Attributes)     : 
      |(Declaration)    : 
      |(Definition)     : 
      |(Reference)      : 6
     j
      |(Class and Type) : variable name, INTEGER(4)
      |(Attributes)     : 
      |(Declaration)    : 20
      |(Definition)     : 43  53
      |(Reference)      : 44  46  46  46  47  47  47  48  48  48  54  55  56
     jj
      |(Class and Type) : variable name, INTEGER(4)
      |(Attributes)     : 
      |(Declaration)    : 20
      |(Definition)     : 42
      |(Reference)      : 43  47  48
     jlist1
      |(Class and Type) : variable name, INTEGER(4)
      |(Attributes)     : ALLOCATABLE, DIMENSION, SAVE, use-associated
      |(Declaration)    : 
      |(Definition)     : 
      |(Reference)      : 43
     jlistnum
      |(Class and Type) : variable name, INTEGER(4)
      |(Attributes)     : common-block-object, use-associated
      |(Declaration)    : 
      |(Definition)     : 
      |(Reference)      : 42
     jtmax
      |(Class and Type) : variable name, INTEGER(4)
      |(Attributes)     : dummy-argument
      |(Declaration)    : 1  11
      |(Definition)     : 
      |(Reference)      : 13  15  18
     jtrun
      |(Class and Type) : variable name, INTEGER(4)
      |(Attributes)     : dummy-argument
      |(Declaration)    : 1  11
      |(Definition)     : 
      |(Reference)      : 13  15  18  31  31  68
     k
      |(Class and Type) : variable name, INTEGER(4)
      |(Attributes)     : 
      |(Declaration)    : 20
      |(Definition)     : 35
      |(Reference)      : 47  48  69  69  69  71  71  71
     lev
      |(Class and Type) : variable name, INTEGER(4)
      |(Attributes)     : dummy-argument
      |(Declaration)    : 1  11
      |(Definition)     : 
      |(Reference)      : 13  13  18
     lev2
      |(Class and Type) : named constant, INTEGER(4)
      |(Attributes)     : 
      |(Declaration)    : 17
      |(Definition)     : 
      |(Reference)      : 
     levtop
      |(Class and Type) : named constant, INTEGER(4)
      |(Attributes)     : 
      |(Declaration)    : 17
      |(Definition)     : 
      |(Reference)      : 17  35
     m
      |(Class and Type) : variable name, INTEGER(4)
      |(Attributes)     : 
      |(Declaration)    : 20
      |(Definition)     : 66
      |(Reference)      : 67  69  69  69  69  69  71  71  71  71  71
     mf
      |(Class and Type) : variable name, INTEGER(4)
      |(Attributes)     : 
      |(Declaration)    : 20
      |(Definition)     : 67
      |(Reference)      : 68
     mlist
      |(Class and Type) : variable name, INTEGER(4)
      |(Attributes)     : ALLOCATABLE, DIMENSION, SAVE, use-associated
      |(Declaration)    : 
      |(Definition)     : 
      |(Reference)      : 67
     mlistnum
      |(Class and Type) : variable name, INTEGER(4)
      |(Attributes)     : common-block-object, use-associated
      |(Declaration)    : 
      |(Definition)     : 
      |(Reference)      : 66
     mpe
      |(Class and Type) : module name
      |(Attributes)     : 
      |(Declaration)    : 
      |(Definition)     : 
      |(Reference)      : 7
     mpe_double
      |(Class and Type) : named constant, INTEGER(4)
      |(Attributes)     : use-associated
      |(Declaration)    : 
      |(Definition)     : 
      |(Reference)      : 51
     mpe_unify
      |(Class and Type) : external subroutine name
      |(Attributes)     : 
      |(Declaration)    : 
      |(Definition)     : 
      |(Reference)      : 51
     my
      |(Class and Type) : variable name, INTEGER(4)
      |(Attributes)     : dummy-argument
      |(Declaration)    : 1  11
      |(Definition)     : 51
      |(Reference)      : 13  29  53
     my_max
      |(Class and Type) : variable name, INTEGER(4)
      |(Attributes)     : dummy-argument
      |(Declaration)    : 1  11
      |(Definition)     : 
      |(Reference)      : 13
     n
      |(Class and Type) : variable name, INTEGER(4)
      |(Attributes)     : 
      |(Declaration)    : 20
      |(Definition)     : 68
      |(Reference)      : 69  69  69  69  69  71  71  71  71  71
     ncoling
      |(Class and Type) : external subroutine name
      |(Attributes)     : 
      |(Declaration)    : 
      |(Definition)     : 1
      |(Reference)      : 
     nx
      |(Class and Type) : variable name, INTEGER(4)
      |(Attributes)     : dummy-argument
      |(Declaration)    : 1  11
      |(Definition)     : 
      |(Reference)      : 13
     nxdef_2d
      |(Class and Type) : variable name, INTEGER(4)
      |(Attributes)     : ALLOCATABLE, DIMENSION, SAVE, use-associated
      |(Declaration)    : 
      |(Definition)     : 
      |(Reference)      : 44
     nxj
      |(Class and Type) : variable name, INTEGER(4)
      |(Attributes)     : 
      |(Declaration)    : 20
      |(Definition)     : 44
      |(Reference)      : 45
     opk
      |(Class and Type) : variable name, REAL(8)
      |(Attributes)     : 
      |(Declaration)    : 21
      |(Definition)     : 61
      |(Reference)      : 69  71
     pk
      |(Class and Type) : variable name, REAL(8)
      |(Attributes)     : DIMENSION, dummy-argument
      |(Declaration)    : 1  13
      |(Definition)     : 
      |(Reference)      : 47  48
     pk1
      |(Class and Type) : variable name, REAL(8)
      |(Attributes)     : 
      |(Declaration)    : 21
      |(Definition)     : 38  55  59
      |(Reference)      : 55  59  61
     pk2
      |(Class and Type) : variable name, REAL(8)
      |(Attributes)     : 
      |(Declaration)    : 21
      |(Definition)     : 39  56  60
      |(Reference)      : 56  60  61
     RTYPE
      |(Class and Type) : named constant, INTEGER(4)
      |(Attributes)     : use-associated
      |(Declaration)    : 
      |(Definition)     : 
      |(Reference)      : 8  15
     radsq
      |(Class and Type) : variable name, REAL(8)
      |(Attributes)     : dummy-argument
      |(Declaration)    : 1  13
      |(Definition)     : 
      |(Reference)      : 31
     tem
      |(Class and Type) : variable name, REAL(8)
      |(Attributes)     : DIMENSION
      |(Declaration)    : 18
      |(Definition)     : 33
      |(Reference)      : 69  69  71  71
     temnow
      |(Class and Type) : variable name, REAL(8)
      |(Attributes)     : DIMENSION, dummy-argument
      |(Declaration)    : 1  13
      |(Definition)     : 69  71
      |(Reference)      : 33
     wt
      |(Class and Type) : variable name, REAL(8)
      |(Attributes)     : 
      |(Declaration)    : 21
      |(Definition)     : 37  54
      |(Reference)      : 54  59  60
   Cross reference of label
     (Label) (label-kind)               (line-no.)
     ------- ------------- ------------ ----------
        100  execution     (Definition) 49  
                           (Reference)  42  45
        110  execution     (Definition) 73  
                           (Reference)  66  68

 Total information
   Procedures       : 1
   Total lines      : 78
   Total statements : 49
   Total stack(byte): 81984
   Total prefetch num: 0

