
 Fujitsu Fortran Version 4.6.1  Tue Mar  7 10:21:04 2023

 Compilation information
   Current directory : /IFS/nwpr/gfs/xb157/Git/tco639l72/src_rsm_helio
   Source file       : trigau.f90

 Option information
   Command line options : -Kident_mpi -f2004 -c -X9 -Free -CcdRR8 -Cpp -Kfast,parallel,openmp,ocl,autoobjstack -x- -fw -Knofp_relaxed -SSL2BLAMP -Kopenmp,parallel -DTIMING -DUSE_FFTW -DW3TAG -DRSM -Ec -Nlst=a,lst=d,lst=i,lst=p,lst=t,lst=x -Koptmsg=2 -I. -I/users/xa09/pkg/fx1000/fftw-3.3.10/include -I/package/fx1000/netcdf-3.6.3/include -I/opt/FJSVxtclanga/.common/MELI025/include/mpi/fujitsu -I/opt/FJSVxtclanga/.common/MELI025/lib64 -Knointentopt
   Cpp options          : -DTIMING -DUSE_FFTW -DW3TAG -DRSM -I. -I/users/xa09/pkg/fx1000/fftw-3.3.10/include -I/package/fx1000/netcdf-3.6.3/include -I/opt/FJSVxtclanga/.common/MELI025/include/mpi/fujitsu -I/opt/FJSVxtclanga/.common/MELI025/lib64 -Dunix -Dlinux -D__FUJITSU -D__FRT_major__=4 -D__FRT_minor__=6 -D__FRT_patchlevel__=1 -D__FRT_version__="4.6.1" -D__aarch64__ -D__unix -D_OPENMP=201511 -D__frt_version=800 -D__ARM_ARCH=8 -D__ARM_FEATURE_SVE -D__ELF__ -D__unix__ -D__linux__ -D__linux -Asystem(unix) -otmp
   Effective options    : -fw -g0 -AE -Ec -Free -O3 -X9
                          -CcdRR8 -x- -xaccept=nomodule_allocatable
                          -KA64FX -KARMV8_3_A -KSVE -Kalign_commons
                          -Kalign_loops -Knoarray_declaration_opt
                          -Kassume=noshortloop -Kassume=nomemory_bandwidth
                          -Kassume=notime_saving_compilation -Kauto
                          -Kautoobjstack -Knocalleralloc -Kcmodel=small
                          -Keval -Keval_noconcurrent -Knoextract_stride_store
                          -Knofenv_access -Kfp_contract -Knofp_relaxed
                          -Kfsimple -Kfz -Khpctag -Kilfunc=procedure
                          -Knointentopt -Klargepage -Kloop_blocking
                          -Kloop_fission -Kloop_nofission_stripmining
                          -Kloop_fission_threshold=50 -Kloop_fusion
                          -Kloop_interchange -Kloop_part_parallel
                          -Kloop_part_simd -Kloop_perfect_nest
                          -Kloop_noversioning -Knolto -Kmfunc=1 -Kocl
                          -Komitfp -Knooptlib_string -Koptmsg=2
                          -Knopc_relative_literal_loads -Kplt -Knopreex
                          -Kprefetch_noconditional -Kprefetch_noindirect
                          -Kprefetch_sequential=auto -Kprefetch_nostride
                          -Kprefetch_cache_level=all -Kprefetch_noinfer
                          -Kprefetch_strong -Kprefetch_strong_L2 -Knopreload
                          -Ksch_post_ra -Ksch_pre_ra -Ksibling_calls
                          -Ksimd=auto -Ksimd_packed_promotion
                          -Ksimd_reduction_product -Ksimd_reg_size=512
                          -Ksimd_nouncounted_loop
                          -Ksimd_use_multiple_structures -Knostriping
                          -Knosubscript_opt -Kswp -Kswp_freg_rate=100
                          -Kswp_ireg_rate=100 -Kswp_preg_rate=100
                          -Kswp_policy=auto -Ktemparraystack -Kunroll
                          -Knounroll_and_jam -Knozfill
                          -Kopenmp -Kopenmp_noassume_norecurrence
                          -Kopenmp_nocollapse_except_innermost
                          -Kopenmp_noordered_reduction -Knoopenmp_simd
                          -Kthreadsafe -Kparallel -Kparallel_nofp_precision
                          -Knoarray_private -Knodynamic_iteration -Kreduction
                          -Kregion_extension
                          -Nallextput -Nnoalloc_assign
                          -Ncancel_overtime_compilation -Nnocheck_global
                          -Nnocoarray -Nnocompdisp -Nnocopyarg -Nnocoverage
                          -Nfjprof -Nfreealloc -Nf90move -Nnohook_func
                          -Nnohook_time -Nlibomp -Nline -Nlst -Nlst=a -Nlst=d
                          -Nlst=i -Nlst=p -Nlst=t -Nlst=x -Nnomallocfree
                          -Nnoobsfun -Nnoprivatealloc -Nquickdbg=noargchk
                          -Nquickdbg=nosubchk -Nquickdbg=noundef -NRnotrap
                          -Nnorecursive -Nnoreordered_variable_stack
                          -Nrt_notune -Nnosave -Nsetvalue=noheap
                          -Nsetvalue=nostack -Nsetvalue=noscalar
                          -Nsetvalue=noarray -Nsetvalue=nostruct -Nuse_rodata

 External subroutine subprogram "trigau"
  (inc)(line-no.)(nest)(optimize)
               1                           subroutine trigau ( aa, mn, mt, kk, kt, mode )
               2                     !
               3                     !##############################################################
               4                     !
               5                     ! 1. function specification
               6                     !
               7                     !     solve a tri-diagonal system using gaussian elimination
               8                     !
               9                     ! 2. common block
              10                     !
              11                     ! 3. parameter specification
              12                     !
              13                     !   aa(in) : matrix of coefficients and r.h.s. forcing
              14                     !            1st column = elements left to the diagonal,
              15                     !            2nd column = diagonal elements,
              16                     !            3rd column = elements right to the diagonal,
              17                     !            4th column = r.h.s. forcings
              18                     !  aa(out) : 1, 2, 3, columns = upper tri-diagonal matrix (reformed),
              19                     !            4th column = solutions of the tri-diagonal system
              20                     !     mn   : horizontal dimension of aa
              21                     !     mt   : number of matrix sets (horizontal points) to be updated
              22                     !     kk   : vertical dimension of aa
              23                     !     kt   : number of equations (vertical levels) to be solved
              24                     !   mode   : calling mode, = 0, initial call for a new matrix
              25                     !                          = 1, subsequent calls for forcing change only
              26                     !  ** note: for mode = 0 the matrix is reformed to an upper tri-diag one
              27                     !
              28                     ! 4. local veriable
              29                     !
              30                     ! 5. calling modules
              31                     !
              32                     !    mixpbl,eeps
              33                     !
              34                     ! 6. usage
              35                     !
              36                     !    call trigau (aa,mn,kk,kt,mode)
              37                     !
              38                     ! 7. modules called
              39                     !
              40                     ! 8. limitation
              41                     !
              42                     ! 9. date & author
              43                     !
              44                     !      c.-s. liou,  november 1991
              45                     !
              46                     !#######################################################################
              47                     !
              48                           implicit none
              49                     
              50                           integer  mn,mt,kk,kt,mode,i,k,kr,kt1
              51                     
              52                           real     aa(mn,kk,4)
              53                     !
              54                     !     eliminate all elements below the diagonal
              55                     !
              56     1                     if ( mode .eq. 0 )  then
              57     1               !ibm ...
                                   <<< Loop-information Start >>>
                                   <<<  [PARALLELIZATION]
                                   <<<    Standard iteration count: 1067
                                   <<<  [OPTIMIZATION]
                                   <<<    SIMD(VL: 8)
                                   <<<    SOFTWARE PIPELINING(IPC: 0.21, ITR: 48, MVE: 2, POL: S)
                                   <<<    PREFETCH(HARD) Expected by compiler :
                                   <<<      aa
                                   <<< Loop-information  End >>>
              58     2  pp   2v               do i= 1,mt
              59     2   p   2v                 aa(i,1,2)=1.0/aa(i,1,2)
              60     2   p   2v               enddo
              61     1               !ibm
              62     1               
                                   <<< Loop-information Start >>>
                                   <<<  [OPTIMIZATION]
                                   <<<    PREFETCH(HARD) Expected by compiler :
                                   <<<      aa
                                   <<< Loop-information  End >>>
              63     2                        do 100 k = 2, kt
                                   <<< Loop-information Start >>>
                                   <<<  [PARALLELIZATION]
                                   <<<    Standard iteration count: 500
                                   <<<  [OPTIMIZATION]
                                   <<<    SIMD(VL: 8)
                                   <<<    SOFTWARE PIPELINING(IPC: 0.34, ITR: 24, MVE: 2, POL: S)
                                   <<<    PREFETCH(HARD) Expected by compiler :
                                   <<<      aa
                                   <<< Loop-information  End >>>
              64     3  pp    v               do 100 i = 1, mt
              65     3               !ibm        aa(i,k,1) = aa(i,k,1) / aa(i,k-1,2)
              66     3               !ibm        aa(i,k,2) = aa(i,k,2) - aa(i,k,1)*aa(i,k-1,3)
              67     3   p    v               aa(i,k,1) = aa(i,k,1) * aa(i,k-1,2)
              68     3   p    v               aa(i,k,2) = 1.0/(aa(i,k,2) - aa(i,k,1)*aa(i,k-1,3))
              69     2   p    v        100    continue
              70     1                     endif
                                   <<< Loop-information Start >>>
                                   <<<  [OPTIMIZATION]
                                   <<<    PREFETCH(HARD) Expected by compiler :
                                   <<<      aa
                                   <<< Loop-information  End >>>
              71     1                     do 120 k = 2, kt
                                   <<< Loop-information Start >>>
                                   <<<  [PARALLELIZATION]
                                   <<<    Standard iteration count: 762
                                   <<<  [OPTIMIZATION]
                                   <<<    SIMD(VL: 8)
                                   <<<    SOFTWARE PIPELINING(IPC: 3.00, ITR: 176, MVE: 6, POL: S)
                                   <<<    PREFETCH(HARD) Expected by compiler :
                                   <<<      aa
                                   <<< Loop-information  End >>>
              72     2  pp   2v            do 120 i = 1, mt
              73     2   p   2v            aa(i,k,4) = aa(i,k,4) - aa(i,k,1)*aa(i,k-1,4)
              74     1   p   2v        120 continue
              75                     !
              76                     !     back substitution
              77                     !
                                   <<< Loop-information Start >>>
                                   <<<  [PARALLELIZATION]
                                   <<<    Standard iteration count: 942
                                   <<<  [OPTIMIZATION]
                                   <<<    SIMD(VL: 8)
                                   <<<    SOFTWARE PIPELINING(IPC: 3.00, ITR: 192, MVE: 7, POL: S)
                                   <<<    PREFETCH(HARD) Expected by compiler :
                                   <<<      aa
                                   <<< Loop-information  End >>>
              78     1  pp   2v            do 200 i = 1, mt
              79     1               !ibm     aa(i,kt,4) = aa(i,kt,4) / aa(i,kt,2)
              80     1   p   2v            aa(i,kt,4) = aa(i,kt,4) * aa(i,kt,2)
              81     1   p   2v        200 continue
              82                           kt1 = kt - 1
                                   <<< Loop-information Start >>>
                                   <<<  [OPTIMIZATION]
                                   <<<    PREFETCH(HARD) Expected by compiler :
                                   <<<      aa
                                   <<< Loop-information  End >>>
              83     1                     do 220 k = 1, kt1
              84     1                     kr = kt1 - k + 1
                                   <<< Loop-information Start >>>
                                   <<<  [PARALLELIZATION]
                                   <<<    Standard iteration count: 640
                                   <<<  [OPTIMIZATION]
                                   <<<    SIMD(VL: 8)
                                   <<<    SOFTWARE PIPELINING(IPC: 3.33, ITR: 208, MVE: 7, POL: S)
                                   <<<    PREFETCH(HARD) Expected by compiler :
                                   <<<      aa
                                   <<< Loop-information  End >>>
              85     2  pp   2v               do 240 i = 1, mt
              86     2               !ibm        aa(i,kr,4) = (aa(i,kr,4)-aa(i,kr,3)*aa(i,kr+1,4)) /aa(i,kr,2)
              87     2   p   2v               aa(i,kr,4) = (aa(i,kr,4)-aa(i,kr,3)*aa(i,kr+1,4)) *aa(i,kr,2)
              88     2   p   2v        240    continue
              89     1                 220 continue
              90                     !
              91                           return
              92                           end

 Procedure information
   Lines      : 92
   Statements : 30
   Stack(byte): 2208
   Prefetch num: 0

 Scoping unit of external sub-program : trigau
   Attribute and Cross reference of name
     aa
      |(Class and Type) : variable name, REAL(8)
      |(Attributes)     : DIMENSION, dummy-argument
      |(Declaration)    : 1  52
      |(Definition)     : 59  67  68  73  80  87
      |(Reference)      : 59  67  67  68  68  68  73  73  73  80  80  87  87  87  87
     i
      |(Class and Type) : variable name, INTEGER(4)
      |(Attributes)     : 
      |(Declaration)    : 50
      |(Definition)     : 58  64  72  78  85
      |(Reference)      : 59  59  67  67  67  68  68  68  68  73  73  73  73  80  80  80  87  87  87  87  87
     k
      |(Class and Type) : variable name, INTEGER(4)
      |(Attributes)     : 
      |(Declaration)    : 50
      |(Definition)     : 63  71  83
      |(Reference)      : 67  67  67  68  68  68  68  73  73  73  73  84
     kk
      |(Class and Type) : variable name, INTEGER(4)
      |(Attributes)     : dummy-argument
      |(Declaration)    : 1  50
      |(Definition)     : 
      |(Reference)      : 52
     kr
      |(Class and Type) : variable name, INTEGER(4)
      |(Attributes)     : 
      |(Declaration)    : 50
      |(Definition)     : 84
      |(Reference)      : 87  87  87  87  87
     kt
      |(Class and Type) : variable name, INTEGER(4)
      |(Attributes)     : dummy-argument
      |(Declaration)    : 1  50
      |(Definition)     : 
      |(Reference)      : 63  71  80  80  80  82
     kt1
      |(Class and Type) : variable name, INTEGER(4)
      |(Attributes)     : 
      |(Declaration)    : 50
      |(Definition)     : 82
      |(Reference)      : 83  84
     mn
      |(Class and Type) : variable name, INTEGER(4)
      |(Attributes)     : dummy-argument
      |(Declaration)    : 1  50
      |(Definition)     : 
      |(Reference)      : 52
     mode
      |(Class and Type) : variable name, INTEGER(4)
      |(Attributes)     : dummy-argument
      |(Declaration)    : 1  50
      |(Definition)     : 
      |(Reference)      : 56
     mt
      |(Class and Type) : variable name, INTEGER(4)
      |(Attributes)     : dummy-argument
      |(Declaration)    : 1  50
      |(Definition)     : 
      |(Reference)      : 58  64  72  78  85
     trigau
      |(Class and Type) : external subroutine name
      |(Attributes)     : 
      |(Declaration)    : 
      |(Definition)     : 1
      |(Reference)      : 
   Cross reference of label
     (Label) (label-kind)               (line-no.)
     ------- ------------- ------------ ----------
        100  execution     (Definition) 69  
                           (Reference)  63  64
        120  execution     (Definition) 74  
                           (Reference)  71  72
        200  execution     (Definition) 81  
                           (Reference)  78
        220  execution     (Definition) 89  
                           (Reference)  83
        240  execution     (Definition) 88  
                           (Reference)  85

 Total information
   Procedures       : 1
   Total lines      : 92
   Total statements : 30
   Total stack(byte): 2208
   Total prefetch num: 0

