
 Fujitsu Fortran Version 4.6.1  Wed Jan 11 10:52:18 2023

 Compilation information
   Current directory : /IFS/nwpr/gfs/xb157/tco639l72/src
   Source file       : mod_raddiag.f90

 Option information
   Command line options : -Kident_mpi -f2004 -c -X9 -Free -CcdRR8 -Cpp -Kfast,parallel,openmp,ocl,autoobjstack -x- -fw -Knofp_relaxed -SSL2BLAMP -Kopenmp,parallel -DTIMING -DUSE_FFTW -DW3TAG -DRSM -Ec -Nlst=a,lst=d,lst=i,lst=p,lst=t,lst=x -Koptmsg=2 -I. -I/users/xa09/pkg/fx1000/fftw-3.3.10/include -I/package/fx1000/netcdf-3.6.3/include -I/opt/FJSVxtclanga/.common/MELI025/include/mpi/fujitsu -I/opt/FJSVxtclanga/.common/MELI025/lib64 -Knointentopt
   Cpp options          : -DTIMING -DUSE_FFTW -DW3TAG -DRSM -I. -I/users/xa09/pkg/fx1000/fftw-3.3.10/include -I/package/fx1000/netcdf-3.6.3/include -I/opt/FJSVxtclanga/.common/MELI025/include/mpi/fujitsu -I/opt/FJSVxtclanga/.common/MELI025/lib64 -Dunix -Dlinux -D__FUJITSU -D__FRT_major__=4 -D__FRT_minor__=6 -D__FRT_patchlevel__=1 -D__FRT_version__="4.6.1" -D__aarch64__ -D__unix -D_OPENMP=201511 -D__frt_version=800 -D__ARM_ARCH=8 -D__ARM_FEATURE_SVE -D__ELF__ -D__unix__ -D__linux__ -D__linux -Asystem(unix) -otmp
   Effective options    : -fw -g0 -AE -Ec -Free -O3 -X9
                          -CcdRR8 -x- -xaccept=nomodule_allocatable
                          -KA64FX -KARMV8_3_A -KSVE -Kalign_commons
                          -Kalign_loops -Knoarray_declaration_opt
                          -Kassume=noshortloop -Kassume=nomemory_bandwidth
                          -Kassume=notime_saving_compilation -Kauto
                          -Kautoobjstack -Knocalleralloc -Kcmodel=small
                          -Keval -Keval_noconcurrent -Knoextract_stride_store
                          -Knofenv_access -Kfp_contract -Knofp_relaxed
                          -Kfsimple -Kfz -Khpctag -Kilfunc=procedure
                          -Knointentopt -Klargepage -Kloop_blocking
                          -Kloop_fission -Kloop_nofission_stripmining
                          -Kloop_fission_threshold=50 -Kloop_fusion
                          -Kloop_interchange -Kloop_part_parallel
                          -Kloop_part_simd -Kloop_perfect_nest
                          -Kloop_noversioning -Knolto -Kmfunc=1 -Kocl
                          -Komitfp -Knooptlib_string -Koptmsg=2
                          -Knopc_relative_literal_loads -Kplt -Knopreex
                          -Kprefetch_noconditional -Kprefetch_noindirect
                          -Kprefetch_sequential=auto -Kprefetch_nostride
                          -Kprefetch_cache_level=all -Kprefetch_noinfer
                          -Kprefetch_strong -Kprefetch_strong_L2 -Knopreload
                          -Ksch_post_ra -Ksch_pre_ra -Ksibling_calls
                          -Ksimd=auto -Ksimd_packed_promotion
                          -Ksimd_reduction_product -Ksimd_reg_size=512
                          -Ksimd_nouncounted_loop
                          -Ksimd_use_multiple_structures -Knostriping
                          -Knosubscript_opt -Kswp -Kswp_freg_rate=100
                          -Kswp_ireg_rate=100 -Kswp_preg_rate=100
                          -Kswp_policy=auto -Ktemparraystack -Kunroll
                          -Knounroll_and_jam -Knozfill
                          -Kopenmp -Kopenmp_noassume_norecurrence
                          -Kopenmp_nocollapse_except_innermost
                          -Kopenmp_noordered_reduction -Knoopenmp_simd
                          -Kthreadsafe -Kparallel -Kparallel_nofp_precision
                          -Knoarray_private -Knodynamic_iteration -Kreduction
                          -Kregion_extension
                          -Nallextput -Nnoalloc_assign
                          -Ncancel_overtime_compilation -Nnocheck_global
                          -Nnocoarray -Nnocompdisp -Nnocopyarg -Nnocoverage
                          -Nfjprof -Nfreealloc -Nf90move -Nnohook_func
                          -Nnohook_time -Nlibomp -Nline -Nlst -Nlst=a -Nlst=d
                          -Nlst=i -Nlst=p -Nlst=t -Nlst=x -Nnomallocfree
                          -Nnoobsfun -Nnoprivatealloc -Nquickdbg=noargchk
                          -Nquickdbg=nosubchk -Nquickdbg=noundef -NRnotrap
                          -Nnorecursive -Nnoreordered_variable_stack
                          -Nrt_notune -Nnosave -Nsetvalue=noheap
                          -Nsetvalue=nostack -Nsetvalue=noscalar
                          -Nsetvalue=noarray -Nsetvalue=nostruct -Nuse_rodata

 Module "raddiag"
  (inc)(line-no.)(nest)(optimize)
               1                           module raddiag
               2                     !------------------------------------------------------------------------------
               3                     ! for radiation diagnose
               4                     !------------------------------------------------------------------------------
               5                           use param
               6                           use index
               7                           implicit none
               8                           public
               9                     
              10                           real, dimension(:,:), allocatable, save ::                       &
              11                                 asol    , olr    , ss_clr , rs_clr , olr_clr ,             &
              12                                 asol_clr, sld_clr, rld_clr
              13                     
              14                           real, dimension(:,:,:), allocatable, save ::                     &
              15                                 fusl   , fdsl   , fuir   , fdir   ,                        &
              16                                 fuslr  , fdslr  , fuirr  , fdirr  ,                        &
              17                                 asl_clr, atl_clr, clds
              18                     
              19                           contains
              20                     
              21                              subroutine allocate_raddiag_array
              22                     
              23                                integer  ierr
              24                     
              25                                allocate (   asol(nxp,my_max),     olr(nxp,my_max), &
              26                                           ss_clr(nxp,my_max),  rs_clr(nxp,my_max), &
              27                                          olr_clr(nxp,my_max),asol_clr(nxp,my_max), &
              28                                          sld_clr(nxp,my_max), rld_clr(nxp,my_max), stat=ierr)
              29                     
              30     1                          if (ierr/= 0) then
              31     1                              write(6,*) 'mod_raddiag : allocate fail 1 '
              32     1                              stop
              33     1                          end if
              34                     
              35                                allocate ( fusl(nxp,lev+1,my_max)  , fdsl(nxp,lev+1,my_max)  ,     &
              36                                           fuir(nxp,lev+1,my_max)  , fdir(nxp,lev+1,my_max)  ,     &
              37                                           fuslr(nxp,lev+1,my_max) , fdslr(nxp,lev+1,my_max) ,     &
              38                                           fuirr(nxp,lev+1,my_max) , fdirr(nxp,lev+1,my_max) ,     &
              39                                           asl_clr(nxp,lev,my_max) , atl_clr(nxp,lev,my_max) ,     &
              40                                           clds(nxp,lev,my_max),stat=ierr  )
              41                     
              42                     
              43     1                          if (ierr/= 0) then
              44     1                              write(6,*) 'mod_raddiag : allocate fail 2 '
              45     1                              stop
              46     1                          end if
              47                     !
                                   <<< Loop-information Start >>>
                                   <<<  [PARALLELIZATION]
                                   <<<    Standard iteration count: 9
                                   <<<  [OPTIMIZATION]
                                   <<<    SIMD(VL: 8)
                                   <<<    PREFETCH(HARD) Expected by compiler :
                                   <<<      asol
                                   <<< Loop-information  End >>>
              48        pp   4v                 asol=0.
                                   <<< Loop-information Start >>>
                                   <<<  [PARALLELIZATION]
                                   <<<    Standard iteration count: 9
                                   <<<  [OPTIMIZATION]
                                   <<<    SIMD(VL: 8)
                                   <<<    PREFETCH(HARD) Expected by compiler :
                                   <<<      olr
                                   <<< Loop-information  End >>>
              49        pp   4v                 olr=0.
                                   <<< Loop-information Start >>>
                                   <<<  [PARALLELIZATION]
                                   <<<    Standard iteration count: 9
                                   <<<  [OPTIMIZATION]
                                   <<<    SIMD(VL: 8)
                                   <<<    PREFETCH(HARD) Expected by compiler :
                                   <<<      ss_clr
                                   <<< Loop-information  End >>>
              50        pp   4v                 ss_clr=0.
                                   <<< Loop-information Start >>>
                                   <<<  [PARALLELIZATION]
                                   <<<    Standard iteration count: 9
                                   <<<  [OPTIMIZATION]
                                   <<<    SIMD(VL: 8)
                                   <<<    PREFETCH(HARD) Expected by compiler :
                                   <<<      rs_clr
                                   <<< Loop-information  End >>>
              51        pp   4v                 rs_clr=0.
                                   <<< Loop-information Start >>>
                                   <<<  [PARALLELIZATION]
                                   <<<    Standard iteration count: 9
                                   <<<  [OPTIMIZATION]
                                   <<<    SIMD(VL: 8)
                                   <<<    PREFETCH(HARD) Expected by compiler :
                                   <<<      olr_clr
                                   <<< Loop-information  End >>>
              52        pp   4v                 olr_clr=0.
                                   <<< Loop-information Start >>>
                                   <<<  [PARALLELIZATION]
                                   <<<    Standard iteration count: 9
                                   <<<  [OPTIMIZATION]
                                   <<<    SIMD(VL: 8)
                                   <<<    PREFETCH(HARD) Expected by compiler :
                                   <<<      asol_clr
                                   <<< Loop-information  End >>>
              53        pp   4v                 asol_clr=0.
                                   <<< Loop-information Start >>>
                                   <<<  [PARALLELIZATION]
                                   <<<    Standard iteration count: 9
                                   <<<  [OPTIMIZATION]
                                   <<<    SIMD(VL: 8)
                                   <<<    PREFETCH(HARD) Expected by compiler :
                                   <<<      sld_clr
                                   <<< Loop-information  End >>>
              54        pp   4v                 sld_clr=0.
                                   <<< Loop-information Start >>>
                                   <<<  [PARALLELIZATION]
                                   <<<    Standard iteration count: 9
                                   <<<  [OPTIMIZATION]
                                   <<<    SIMD(VL: 8)
                                   <<<    PREFETCH(HARD) Expected by compiler :
                                   <<<      rld_clr
                                   <<< Loop-information  End >>>
              55        pp   4v                 rld_clr=0.
              56                     !
                                   <<< Loop-information Start >>>
                                   <<<  [PARALLELIZATION]
                                   <<<    Standard iteration count: 2
                                   <<<  [OPTIMIZATION]
                                   <<<    SIMD(VL: 8)
                                   <<<    PREFETCH(HARD) Expected by compiler :
                                   <<<      fusl
                                   <<< Loop-information  End >>>
              57        pp   4v                 fusl=0.
                                   <<< Loop-information Start >>>
                                   <<<  [PARALLELIZATION]
                                   <<<    Standard iteration count: 2
                                   <<<  [OPTIMIZATION]
                                   <<<    SIMD(VL: 8)
                                   <<<    PREFETCH(HARD) Expected by compiler :
                                   <<<      fdsl
                                   <<< Loop-information  End >>>
              58        pp   4v                 fdsl=0.
                                   <<< Loop-information Start >>>
                                   <<<  [PARALLELIZATION]
                                   <<<    Standard iteration count: 2
                                   <<<  [OPTIMIZATION]
                                   <<<    SIMD(VL: 8)
                                   <<<    PREFETCH(HARD) Expected by compiler :
                                   <<<      fuir
                                   <<< Loop-information  End >>>
              59        pp   4v                 fuir=0.
                                   <<< Loop-information Start >>>
                                   <<<  [PARALLELIZATION]
                                   <<<    Standard iteration count: 2
                                   <<<  [OPTIMIZATION]
                                   <<<    SIMD(VL: 8)
                                   <<<    PREFETCH(HARD) Expected by compiler :
                                   <<<      fdir
                                   <<< Loop-information  End >>>
              60        pp   4v                 fdir=0.
                                   <<< Loop-information Start >>>
                                   <<<  [PARALLELIZATION]
                                   <<<    Standard iteration count: 2
                                   <<<  [OPTIMIZATION]
                                   <<<    SIMD(VL: 8)
                                   <<<    PREFETCH(HARD) Expected by compiler :
                                   <<<      fuirr
                                   <<< Loop-information  End >>>
              61        pp   4v                 fuirr=0.
                                   <<< Loop-information Start >>>
                                   <<<  [PARALLELIZATION]
                                   <<<    Standard iteration count: 2
                                   <<<  [OPTIMIZATION]
                                   <<<    SIMD(VL: 8)
                                   <<<    PREFETCH(HARD) Expected by compiler :
                                   <<<      fdirr
                                   <<< Loop-information  End >>>
              62        pp   4v                 fdirr=0.
                                   <<< Loop-information Start >>>
                                   <<<  [PARALLELIZATION]
                                   <<<    Standard iteration count: 2
                                   <<<  [OPTIMIZATION]
                                   <<<    SIMD(VL: 8)
                                   <<<    PREFETCH(HARD) Expected by compiler :
                                   <<<      asl_clr
                                   <<< Loop-information  End >>>
              63        pp   4v                 asl_clr=0.
                                   <<< Loop-information Start >>>
                                   <<<  [PARALLELIZATION]
                                   <<<    Standard iteration count: 2
                                   <<<  [OPTIMIZATION]
                                   <<<    SIMD(VL: 8)
                                   <<<    PREFETCH(HARD) Expected by compiler :
                                   <<<      atl_clr
                                   <<< Loop-information  End >>>
              64        pp   4v                 atl_clr=0.
                                   <<< Loop-information Start >>>
                                   <<<  [PARALLELIZATION]
                                   <<<    Standard iteration count: 2
                                   <<<  [OPTIMIZATION]
                                   <<<    SIMD(VL: 8)
                                   <<<    PREFETCH(HARD) Expected by compiler :
                                   <<<      clds
                                   <<< Loop-information  End >>>
              65        pp   4v                 clds=0.
              66                     
              67                                return
              68                     
              69                              end subroutine
              70                     
              71                              subroutine deallocate_raddiag_array
              72                     
              73                                deallocate (asol,olr,ss_clr,rs_clr,olr_clr,asol_clr,sld_clr, &
              74                                            rld_clr)
              75                                deallocate (fusl,fdsl,fuir,fdir,fuslr,fdslr,fuirr,fdirr,     &
              76                                            asl_clr,atl_clr,clds)
              77                     
              78                     
              79                                return
              80                     
              81                              end subroutine
              82                     
              83                            end module raddiag

 Procedure information
   Lines      : 83
   Statements : 45
   Stack(byte): 3296
   Prefetch num: 0

 Scoping unit of module : raddiag
   Attribute and Cross reference of name
     asl_clr
      |(Class and Type) : variable name, REAL(8)
      |(Attributes)     : PUBLIC, ALLOCATABLE, DIMENSION, SAVE
      |(Declaration)    : 14
      |(Definition)     : 
      |(Reference)      : 
     asol
      |(Class and Type) : variable name, REAL(8)
      |(Attributes)     : PUBLIC, ALLOCATABLE, DIMENSION, SAVE
      |(Declaration)    : 10
      |(Definition)     : 
      |(Reference)      : 
     asol_clr
      |(Class and Type) : variable name, REAL(8)
      |(Attributes)     : PUBLIC, ALLOCATABLE, DIMENSION, SAVE
      |(Declaration)    : 10
      |(Definition)     : 
      |(Reference)      : 
     atl_clr
      |(Class and Type) : variable name, REAL(8)
      |(Attributes)     : PUBLIC, ALLOCATABLE, DIMENSION, SAVE
      |(Declaration)    : 14
      |(Definition)     : 
      |(Reference)      : 
     clds
      |(Class and Type) : variable name, REAL(8)
      |(Attributes)     : PUBLIC, ALLOCATABLE, DIMENSION, SAVE
      |(Declaration)    : 14
      |(Definition)     : 
      |(Reference)      : 
     fdir
      |(Class and Type) : variable name, REAL(8)
      |(Attributes)     : PUBLIC, ALLOCATABLE, DIMENSION, SAVE
      |(Declaration)    : 14
      |(Definition)     : 
      |(Reference)      : 
     fdirr
      |(Class and Type) : variable name, REAL(8)
      |(Attributes)     : PUBLIC, ALLOCATABLE, DIMENSION, SAVE
      |(Declaration)    : 14
      |(Definition)     : 
      |(Reference)      : 
     fdsl
      |(Class and Type) : variable name, REAL(8)
      |(Attributes)     : PUBLIC, ALLOCATABLE, DIMENSION, SAVE
      |(Declaration)    : 14
      |(Definition)     : 
      |(Reference)      : 
     fdslr
      |(Class and Type) : variable name, REAL(8)
      |(Attributes)     : PUBLIC, ALLOCATABLE, DIMENSION, SAVE
      |(Declaration)    : 14
      |(Definition)     : 
      |(Reference)      : 
     fuir
      |(Class and Type) : variable name, REAL(8)
      |(Attributes)     : PUBLIC, ALLOCATABLE, DIMENSION, SAVE
      |(Declaration)    : 14
      |(Definition)     : 
      |(Reference)      : 
     fuirr
      |(Class and Type) : variable name, REAL(8)
      |(Attributes)     : PUBLIC, ALLOCATABLE, DIMENSION, SAVE
      |(Declaration)    : 14
      |(Definition)     : 
      |(Reference)      : 
     fusl
      |(Class and Type) : variable name, REAL(8)
      |(Attributes)     : PUBLIC, ALLOCATABLE, DIMENSION, SAVE
      |(Declaration)    : 14
      |(Definition)     : 
      |(Reference)      : 
     fuslr
      |(Class and Type) : variable name, REAL(8)
      |(Attributes)     : PUBLIC, ALLOCATABLE, DIMENSION, SAVE
      |(Declaration)    : 14
      |(Definition)     : 
      |(Reference)      : 
     index
      |(Class and Type) : module name
      |(Attributes)     : PUBLIC
      |(Declaration)    : 
      |(Definition)     : 
      |(Reference)      : 6
     olr
      |(Class and Type) : variable name, REAL(8)
      |(Attributes)     : PUBLIC, ALLOCATABLE, DIMENSION, SAVE
      |(Declaration)    : 10
      |(Definition)     : 
      |(Reference)      : 
     olr_clr
      |(Class and Type) : variable name, REAL(8)
      |(Attributes)     : PUBLIC, ALLOCATABLE, DIMENSION, SAVE
      |(Declaration)    : 10
      |(Definition)     : 
      |(Reference)      : 
     param
      |(Class and Type) : module name
      |(Attributes)     : PUBLIC
      |(Declaration)    : 
      |(Definition)     : 
      |(Reference)      : 5
     raddiag
      |(Class and Type) : module name
      |(Attributes)     : 
      |(Declaration)    : 1
      |(Definition)     : 
      |(Reference)      : 83
     rld_clr
      |(Class and Type) : variable name, REAL(8)
      |(Attributes)     : PUBLIC, ALLOCATABLE, DIMENSION, SAVE
      |(Declaration)    : 10
      |(Definition)     : 
      |(Reference)      : 
     rs_clr
      |(Class and Type) : variable name, REAL(8)
      |(Attributes)     : PUBLIC, ALLOCATABLE, DIMENSION, SAVE
      |(Declaration)    : 10
      |(Definition)     : 
      |(Reference)      : 
     sld_clr
      |(Class and Type) : variable name, REAL(8)
      |(Attributes)     : PUBLIC, ALLOCATABLE, DIMENSION, SAVE
      |(Declaration)    : 10
      |(Definition)     : 
      |(Reference)      : 
     ss_clr
      |(Class and Type) : variable name, REAL(8)
      |(Attributes)     : PUBLIC, ALLOCATABLE, DIMENSION, SAVE
      |(Declaration)    : 10
      |(Definition)     : 
      |(Reference)      : 

 Scoping unit of module sub-program : allocate_raddiag_array
   Attribute and Cross reference of name
     allocate_raddiag_array
      |(Class and Type) : module subroutine name
      |(Attributes)     : 
      |(Declaration)    : 
      |(Definition)     : 21
      |(Reference)      : 
     asl_clr
      |(Class and Type) : variable name, REAL(8)
      |(Attributes)     : ALLOCATABLE, DIMENSION, SAVE, host-associated
      |(Declaration)    : 
      |(Definition)     : 35  63
      |(Reference)      : 
     asol
      |(Class and Type) : variable name, REAL(8)
      |(Attributes)     : ALLOCATABLE, DIMENSION, SAVE, host-associated
      |(Declaration)    : 
      |(Definition)     : 25  48
      |(Reference)      : 
     asol_clr
      |(Class and Type) : variable name, REAL(8)
      |(Attributes)     : ALLOCATABLE, DIMENSION, SAVE, host-associated
      |(Declaration)    : 
      |(Definition)     : 25  53
      |(Reference)      : 
     atl_clr
      |(Class and Type) : variable name, REAL(8)
      |(Attributes)     : ALLOCATABLE, DIMENSION, SAVE, host-associated
      |(Declaration)    : 
      |(Definition)     : 35  64
      |(Reference)      : 
     clds
      |(Class and Type) : variable name, REAL(8)
      |(Attributes)     : ALLOCATABLE, DIMENSION, SAVE, host-associated
      |(Declaration)    : 
      |(Definition)     : 35  65
      |(Reference)      : 
     fdir
      |(Class and Type) : variable name, REAL(8)
      |(Attributes)     : ALLOCATABLE, DIMENSION, SAVE, host-associated
      |(Declaration)    : 
      |(Definition)     : 35  60
      |(Reference)      : 
     fdirr
      |(Class and Type) : variable name, REAL(8)
      |(Attributes)     : ALLOCATABLE, DIMENSION, SAVE, host-associated
      |(Declaration)    : 
      |(Definition)     : 35  62
      |(Reference)      : 
     fdsl
      |(Class and Type) : variable name, REAL(8)
      |(Attributes)     : ALLOCATABLE, DIMENSION, SAVE, host-associated
      |(Declaration)    : 
      |(Definition)     : 35  58
      |(Reference)      : 
     fdslr
      |(Class and Type) : variable name, REAL(8)
      |(Attributes)     : ALLOCATABLE, DIMENSION, SAVE, host-associated
      |(Declaration)    : 
      |(Definition)     : 35
      |(Reference)      : 
     fuir
      |(Class and Type) : variable name, REAL(8)
      |(Attributes)     : ALLOCATABLE, DIMENSION, SAVE, host-associated
      |(Declaration)    : 
      |(Definition)     : 35  59
      |(Reference)      : 
     fuirr
      |(Class and Type) : variable name, REAL(8)
      |(Attributes)     : ALLOCATABLE, DIMENSION, SAVE, host-associated
      |(Declaration)    : 
      |(Definition)     : 35  61
      |(Reference)      : 
     fusl
      |(Class and Type) : variable name, REAL(8)
      |(Attributes)     : ALLOCATABLE, DIMENSION, SAVE, host-associated
      |(Declaration)    : 
      |(Definition)     : 35  57
      |(Reference)      : 
     fuslr
      |(Class and Type) : variable name, REAL(8)
      |(Attributes)     : ALLOCATABLE, DIMENSION, SAVE, host-associated
      |(Declaration)    : 
      |(Definition)     : 35
      |(Reference)      : 
     ierr
      |(Class and Type) : variable name, INTEGER(4)
      |(Attributes)     : 
      |(Declaration)    : 23
      |(Definition)     : 25  35
      |(Reference)      : 30  43
     lev
      |(Class and Type) : variable name, INTEGER(4)
      |(Attributes)     : common-block-object, host-associated
      |(Declaration)    : 
      |(Definition)     : 
      |(Reference)      : 35  35  35  35  35  35  35  35  35  35  35
     my_max
      |(Class and Type) : variable name, INTEGER(4)
      |(Attributes)     : common-block-object, host-associated
      |(Declaration)    : 
      |(Definition)     : 
      |(Reference)      : 25  25  25  25  25  25  25  25  35  35  35  35  35  35  35  35  35  35  35
     nxp
      |(Class and Type) : variable name, INTEGER(4)
      |(Attributes)     : common-block-object, host-associated
      |(Declaration)    : 
      |(Definition)     : 
      |(Reference)      : 25  25  25  25  25  25  25  25  35  35  35  35  35  35  35  35  35  35  35
     olr
      |(Class and Type) : variable name, REAL(8)
      |(Attributes)     : ALLOCATABLE, DIMENSION, SAVE, host-associated
      |(Declaration)    : 
      |(Definition)     : 25  49
      |(Reference)      : 
     olr_clr
      |(Class and Type) : variable name, REAL(8)
      |(Attributes)     : ALLOCATABLE, DIMENSION, SAVE, host-associated
      |(Declaration)    : 
      |(Definition)     : 25  52
      |(Reference)      : 
     rld_clr
      |(Class and Type) : variable name, REAL(8)
      |(Attributes)     : ALLOCATABLE, DIMENSION, SAVE, host-associated
      |(Declaration)    : 
      |(Definition)     : 25  55
      |(Reference)      : 
     rs_clr
      |(Class and Type) : variable name, REAL(8)
      |(Attributes)     : ALLOCATABLE, DIMENSION, SAVE, host-associated
      |(Declaration)    : 
      |(Definition)     : 25  51
      |(Reference)      : 
     sld_clr
      |(Class and Type) : variable name, REAL(8)
      |(Attributes)     : ALLOCATABLE, DIMENSION, SAVE, host-associated
      |(Declaration)    : 
      |(Definition)     : 25  54
      |(Reference)      : 
     ss_clr
      |(Class and Type) : variable name, REAL(8)
      |(Attributes)     : ALLOCATABLE, DIMENSION, SAVE, host-associated
      |(Declaration)    : 
      |(Definition)     : 25  50
      |(Reference)      : 

 Scoping unit of module sub-program : deallocate_raddiag_array
   Attribute and Cross reference of name
     asl_clr
      |(Class and Type) : variable name, REAL(8)
      |(Attributes)     : ALLOCATABLE, DIMENSION, SAVE, host-associated
      |(Declaration)    : 
      |(Definition)     : 75
      |(Reference)      : 
     asol
      |(Class and Type) : variable name, REAL(8)
      |(Attributes)     : ALLOCATABLE, DIMENSION, SAVE, host-associated
      |(Declaration)    : 
      |(Definition)     : 73
      |(Reference)      : 
     asol_clr
      |(Class and Type) : variable name, REAL(8)
      |(Attributes)     : ALLOCATABLE, DIMENSION, SAVE, host-associated
      |(Declaration)    : 
      |(Definition)     : 73
      |(Reference)      : 
     atl_clr
      |(Class and Type) : variable name, REAL(8)
      |(Attributes)     : ALLOCATABLE, DIMENSION, SAVE, host-associated
      |(Declaration)    : 
      |(Definition)     : 75
      |(Reference)      : 
     clds
      |(Class and Type) : variable name, REAL(8)
      |(Attributes)     : ALLOCATABLE, DIMENSION, SAVE, host-associated
      |(Declaration)    : 
      |(Definition)     : 75
      |(Reference)      : 
     deallocate_raddiag_array
      |(Class and Type) : module subroutine name
      |(Attributes)     : 
      |(Declaration)    : 
      |(Definition)     : 71
      |(Reference)      : 
     fdir
      |(Class and Type) : variable name, REAL(8)
      |(Attributes)     : ALLOCATABLE, DIMENSION, SAVE, host-associated
      |(Declaration)    : 
      |(Definition)     : 75
      |(Reference)      : 
     fdirr
      |(Class and Type) : variable name, REAL(8)
      |(Attributes)     : ALLOCATABLE, DIMENSION, SAVE, host-associated
      |(Declaration)    : 
      |(Definition)     : 75
      |(Reference)      : 
     fdsl
      |(Class and Type) : variable name, REAL(8)
      |(Attributes)     : ALLOCATABLE, DIMENSION, SAVE, host-associated
      |(Declaration)    : 
      |(Definition)     : 75
      |(Reference)      : 
     fdslr
      |(Class and Type) : variable name, REAL(8)
      |(Attributes)     : ALLOCATABLE, DIMENSION, SAVE, host-associated
      |(Declaration)    : 
      |(Definition)     : 75
      |(Reference)      : 
     fuir
      |(Class and Type) : variable name, REAL(8)
      |(Attributes)     : ALLOCATABLE, DIMENSION, SAVE, host-associated
      |(Declaration)    : 
      |(Definition)     : 75
      |(Reference)      : 
     fuirr
      |(Class and Type) : variable name, REAL(8)
      |(Attributes)     : ALLOCATABLE, DIMENSION, SAVE, host-associated
      |(Declaration)    : 
      |(Definition)     : 75
      |(Reference)      : 
     fusl
      |(Class and Type) : variable name, REAL(8)
      |(Attributes)     : ALLOCATABLE, DIMENSION, SAVE, host-associated
      |(Declaration)    : 
      |(Definition)     : 75
      |(Reference)      : 
     fuslr
      |(Class and Type) : variable name, REAL(8)
      |(Attributes)     : ALLOCATABLE, DIMENSION, SAVE, host-associated
      |(Declaration)    : 
      |(Definition)     : 75
      |(Reference)      : 
     olr
      |(Class and Type) : variable name, REAL(8)
      |(Attributes)     : ALLOCATABLE, DIMENSION, SAVE, host-associated
      |(Declaration)    : 
      |(Definition)     : 73
      |(Reference)      : 
     olr_clr
      |(Class and Type) : variable name, REAL(8)
      |(Attributes)     : ALLOCATABLE, DIMENSION, SAVE, host-associated
      |(Declaration)    : 
      |(Definition)     : 73
      |(Reference)      : 
     rld_clr
      |(Class and Type) : variable name, REAL(8)
      |(Attributes)     : ALLOCATABLE, DIMENSION, SAVE, host-associated
      |(Declaration)    : 
      |(Definition)     : 73
      |(Reference)      : 
     rs_clr
      |(Class and Type) : variable name, REAL(8)
      |(Attributes)     : ALLOCATABLE, DIMENSION, SAVE, host-associated
      |(Declaration)    : 
      |(Definition)     : 73
      |(Reference)      : 
     sld_clr
      |(Class and Type) : variable name, REAL(8)
      |(Attributes)     : ALLOCATABLE, DIMENSION, SAVE, host-associated
      |(Declaration)    : 
      |(Definition)     : 73
      |(Reference)      : 
     ss_clr
      |(Class and Type) : variable name, REAL(8)
      |(Attributes)     : ALLOCATABLE, DIMENSION, SAVE, host-associated
      |(Declaration)    : 
      |(Definition)     : 73
      |(Reference)      : 

 Total information
   Procedures       : 1
   Total lines      : 83
   Total statements : 45
   Total stack(byte): 3296
   Total prefetch num: 0

