
 Fujitsu Fortran Version 4.6.1  Fri Dec  1 17:10:47 2023

 Compilation information
   Current directory : /IFS/nwpr/gfs/xb169/code_update/tco639l72_sp/src_4cpl
   Source file       : coftrix.f90

 Option information
   Command line options : -Kident_mpi -f2004 -c -X9 -Free -CcdRR8 -Cpp -Kfast,parallel,openmp,ocl,autoobjstack -x- -fw -Knofp_relaxed -SSL2BLAMP -Kopenmp,parallel -DTIMING -DUSE_FFTW -DRSM -DW3TAG -DGFDLMP_v2 -DCWBSUM -DSP -Ec -Nlst=a,lst=d,lst=i,lst=p,lst=t,lst=x -Koptmsg=2 -I. -I/users/xa09/pkg/fx1000/fftw-3.3.10/include -I/package/fx1000/netcdf-4.7.4/include -I/package/fx1000/g2lib-1.4.0_cwb/include -I/nwpr/gfs/xb157/CWBSUMc2/4cpl/components/coupler -I/nwpr/gfs/xb124/package/fx1000/MCT/include -DTIMCOMCPL -L/package/fx1000/netcdf-4.7.4/lib -lnetcdff -lnetcdf -L/package/fx1000/hdf5-1.10.7/lib -lhdf5_hl -lhdf5 -L/package/fx1000/dms/lib -lrdms -lgdbm -L/package/fx1000/operlib/lib -lnwp -L/users/xa09/pkg/fx1000/fftw-3.3.10/lib -lfftw3f_threads -lfftw3f -lfftw3_threads -lfftw3 -SSL2BLAMP -L/nwpr/gfs/xb124/CWBSUMc2/components/rsm/lib/cwb_mpmd -lmpmd -L/package/fx1000/g2lib-1.4.0_cwb/lib -lg2 -L/package/fx1000/libpng-1.6.37/lib -lpng -L/package/fx1000/jasper-1.900.1/lib -ljasper -L/nwpr/gfs/xb157/CWBSUMc2/4cpl/components/coupler -lcpl -L/nwpr/gfs/xb124/package/fx1000/MCT/lib -lmct -lmpeu -I/opt/FJSVxtclanga/.common/MELI025/include/mpi/fujitsu -I/opt/FJSVxtclanga/.common/MELI025/lib64 -Knointentopt
   Cpp options          : -DTIMING -DUSE_FFTW -DRSM -DW3TAG -DGFDLMP_v2 -DCWBSUM -DSP -I. -I/users/xa09/pkg/fx1000/fftw-3.3.10/include -I/package/fx1000/netcdf-4.7.4/include -I/package/fx1000/g2lib-1.4.0_cwb/include -I/nwpr/gfs/xb157/CWBSUMc2/4cpl/components/coupler -I/nwpr/gfs/xb124/package/fx1000/MCT/include -DTIMCOMCPL -I/opt/FJSVxtclanga/.common/MELI025/include/mpi/fujitsu -I/opt/FJSVxtclanga/.common/MELI025/lib64 -Dunix -Dlinux -D__FUJITSU -D__FRT_major__=4 -D__FRT_minor__=6 -D__FRT_patchlevel__=1 -D__FRT_version__="4.6.1" -D__aarch64__ -D__unix -D_OPENMP=201511 -D__frt_version=800 -D__ARM_ARCH=8 -D__ARM_FEATURE_SVE -D__ELF__ -D__unix__ -D__linux__ -D__linux -Asystem(unix) -otmp
   Effective options    : -fw -g0 -AE -Ec -Free -O3 -X9
                          -CcdRR8 -x- -xaccept=nomodule_allocatable
                          -KA64FX -KARMV8_3_A -KSVE -Kalign_commons
                          -Kalign_loops -Knoarray_declaration_opt
                          -Kassume=noshortloop -Kassume=nomemory_bandwidth
                          -Kassume=notime_saving_compilation -Kauto
                          -Kautoobjstack -Knocalleralloc -Kcmodel=small
                          -Keval -Keval_noconcurrent -Knoextract_stride_store
                          -Knofenv_access -Kfp_contract -Knofp_relaxed
                          -Kfsimple -Kfz -Khpctag -Kilfunc=procedure
                          -Knointentopt -Klargepage -Kloop_blocking
                          -Kloop_fission -Kloop_nofission_stripmining
                          -Kloop_fission_threshold=50 -Kloop_fusion
                          -Kloop_interchange -Kloop_part_parallel
                          -Kloop_part_simd -Kloop_perfect_nest
                          -Kloop_noversioning -Knolto -Kmfunc=1 -Kocl
                          -Komitfp -Knooptlib_string -Koptmsg=2
                          -Knopc_relative_literal_loads -Kplt -Knopreex
                          -Kprefetch_noconditional -Kprefetch_noindirect
                          -Kprefetch_sequential=auto -Kprefetch_nostride
                          -Kprefetch_cache_level=all -Kprefetch_noinfer
                          -Kprefetch_strong -Kprefetch_strong_L2 -Knopreload
                          -Ksch_post_ra -Ksch_pre_ra -Ksibling_calls
                          -Ksimd=auto -Ksimd_packed_promotion
                          -Ksimd_reduction_product -Ksimd_reg_size=512
                          -Ksimd_nouncounted_loop
                          -Ksimd_use_multiple_structures -Knostriping
                          -Knosubscript_opt -Kswp -Kswp_freg_rate=100
                          -Kswp_ireg_rate=100 -Kswp_preg_rate=100
                          -Kswp_policy=auto -Ktemparraystack -Kunroll
                          -Knounroll_and_jam -Knozfill
                          -Kopenmp -Kopenmp_noassume_norecurrence
                          -Kopenmp_nocollapse_except_innermost
                          -Kopenmp_noordered_reduction -Knoopenmp_simd
                          -Kthreadsafe -Kparallel -Kparallel_nofp_precision
                          -Knoarray_private -Knodynamic_iteration -Kreduction
                          -Kregion_extension
                          -Nallextput -Nnoalloc_assign
                          -Ncancel_overtime_compilation -Nnocheck_global
                          -Nnocoarray -Nnocompdisp -Nnocopyarg -Nnocoverage
                          -Nfjprof -Nfreealloc -Nf90move -Nnohook_func
                          -Nnohook_time -Nlibomp -Nline -Nlst -Nlst=a -Nlst=d
                          -Nlst=i -Nlst=p -Nlst=t -Nlst=x -Nnomallocfree
                          -Nnoobsfun -Nnoprivatealloc -Nquickdbg=noargchk
                          -Nquickdbg=nosubchk -Nquickdbg=noundef -NRnotrap
                          -Nnorecursive -Nnoreordered_variable_stack
                          -Nrt_notune -Nnosave -Nsetvalue=noheap
                          -Nsetvalue=nostack -Nsetvalue=noscalar
                          -Nsetvalue=noarray -Nsetvalue=nostruct -Nuse_rodata

 External subroutine subprogram "coftrix"
  (inc)(line-no.)(nest)(optimize)
               1                           subroutine coftrix(m,k,mx,nn,a,b,c,jtrun,lev,isym)
               2                     !
               3                     !  purpose: to create the symmetric and anti symmetric matrixes for NNMI
               4                     !-----------------------------------------------------------------------
               5                     !  **** input ****
               6                     !  m     : horizontal wave number
               7                     !  k     : vertical level
               8                     !  nn    : dimension of cofficient matrix
               9                     !  a     : coefficient array
              10                     !  b     : coefficient array
              11                     !  c     : coefficient array
              12                     !  jtrun : number of horizontol mode (symmetric or asymmetric)
              13                     !  lev   : total vertical levels
              14                     !  isym  : = +1  : symmetric case
              15                     !          =-1  : asymmetric case
              16                     !  **** output ****
              17                     !    mx    : coefficient matrix   (nn by nn) in size
              18                     !
              19                     ! modify to f90 in 2015 by C-H Lee
              20                     ! sort in 2015 by River Chen
              21                     !------------------------------------------------------------------------
              22                           real mx(nn,nn)
              23                     !      real a(jtrun,jtrun,lev),b(jtrun,jtrun,lev),c(jtrun,jtrun,lev)
              24                           real a(jtrun,jtrun),b(jtrun,jtrun),c(jtrun,jtrun)
                                   <<< Loop-information Start >>>
                                   <<<  [OPTIMIZATION]
                                   <<<    INTERCHANGED
                                   <<<    COLLAPSED
                                   <<< Loop-information  End >>>
              25     1   p                 do 90 i=1,nn
                                   <<< Loop-information Start >>>
                                   <<<  [PARALLELIZATION]
                                   <<<    Standard iteration count: 1455
                                   <<<  [OPTIMIZATION]
                                   <<<    INTERCHANGED(nest: 1)
                                   <<<    COLLAPSED
                                   <<<    SIMD(VL: 8)
                                   <<<    PREFETCH(HARD) Expected by compiler :
                                   <<<      mx
                                   <<< Loop-information  End >>>
              26     2  pp   4v            do 90 j=1,nn
              27     2   p   4v              mx(i,j)=0.
              28     1   p   4v       90   continue
              29     1                     if(isym.eq.1)then
              30     1               !
              31     1               ! symmterix case
              32     1               !
              33     2                       if(mod(nn,3).eq.0)then
              34     2                         i=m
              35     2                         jj=1
              36     2                         ni=int(nn/3)
                                   <<< Loop-information Start >>>
                                   <<<  [PARALLELIZATION]
                                   <<<    Standard iteration count: 616
                                   <<<  [OPTIMIZATION]
                                   <<<    SIMD(VL: 8)
                                   <<<    SOFTWARE PIPELINING(IPC: 2.81, ITR: 80, MVE: 3, POL: S)
                                   <<< Loop-information  End >>>
              37     3  pp   2v                do 110 j=1,ni
              38     3   p   2v                  mx(jj,jj)=0.
              39     3               !byl            mx(jj+1,jj+1)=c(m,i,k)
              40     3               !byl            mx(jj+2,jj+2)=c(m,i+1,k)
              41     3   p   2v                  mx(jj+1,jj+1)=c(m,i)
              42     3   p   2v                  mx(jj+2,jj+2)=c(m,i+1)
              43     3   p   2v                  i=i+2
              44     3   p   2v                  jj=jj+3
              45     3   p   2v       110      continue
              46     2                         i=m
              47     2                         jj=1
              48     2                         ni=int((nn-1)/3)
                                   <<< Loop-information Start >>>
                                   <<<  [PARALLELIZATION]
                                   <<<    Standard iteration count: 696
                                   <<<  [OPTIMIZATION]
                                   <<<    SIMD(VL: 8)
                                   <<<    SOFTWARE PIPELINING(IPC: 2.81, ITR: 80, MVE: 3, POL: S)
                                   <<< Loop-information  End >>>
              49     3  pp   2v                do 120 j=1,ni
              50     3               !byl            mx(jj,jj+1)=b(m,i,k)
              51     3               !byl            mx(jj+1,jj+2)=a(m,i+1,k)
              52     3   p   2v                  mx(jj,jj+1)=b(m,i)
              53     3   p   2v                  mx(jj+1,jj+2)=a(m,i+1)
              54     3   p   2v                  mx(jj+2,jj+3)=0.
              55     3   p   2v                  i=i+2
              56     3   p   2v                  jj=jj+3
              57     3   p   2v       120      continue
              58     2               !byl            mx(nn-2,nn-1)=b(m,i,k)
              59     2               !byl            mx(nn-1,nn)=a(m,i+1,k)
              60     2                           mx(nn-2,nn-1)=b(m,i)
              61     2                           mx(nn-1,nn)=a(m,i+1)
              62     2                         i=m
              63     2                         jj=1
              64     2                         ni=int((nn-2)/3)
                                   <<< Loop-information Start >>>
                                   <<<  [PARALLELIZATION]
                                   <<<    Standard iteration count: 696
                                   <<<  [OPTIMIZATION]
                                   <<<    SIMD(VL: 8)
                                   <<<    SOFTWARE PIPELINING(IPC: 2.70, ITR: 96, MVE: 3, POL: S)
                                   <<< Loop-information  End >>>
              65     3  pp   2v                do 130 j=1,ni
              66     3   p   2v                  mx(jj,jj+2)=0.
              67     3   p   2v                  mx(jj+1,jj+3)=0.
              68     3               !byl            mx(jj+2,jj+4)=a(m,i+2,k)
              69     3   p   2v                  mx(jj+2,jj+4)=a(m,i+2)
              70     3   p   2v                  i=i+2
              71     3   p   2v                  jj=jj+3
              72     3   p   2v       130      continue
              73     2                           mx(nn-2,nn)=0.
              74     2                       else
              75     2                         i=m
              76     2                         jj=1
              77     2                         ni=int(nn/3)
                                   <<< Loop-information Start >>>
                                   <<<  [PARALLELIZATION]
                                   <<<    Standard iteration count: 696
                                   <<<  [OPTIMIZATION]
                                   <<<    SIMD(VL: 8)
                                   <<<    SOFTWARE PIPELINING(IPC: 2.81, ITR: 80, MVE: 3, POL: S)
                                   <<< Loop-information  End >>>
              78     3  pp   2v                do 150 j=1,ni
              79     3   p   2v                  mx(jj,jj)=0.
              80     3               !byl            mx(jj+1,jj+1)=c(m,i,k)
              81     3               !byl            mx(jj+2,jj+2)=c(m,i+1,k)
              82     3   p   2v                  mx(jj+1,jj+1)=c(m,i)
              83     3   p   2v                  mx(jj+2,jj+2)=c(m,i+1)
              84     3   p   2v                  i=i+2
              85     3   p   2v                  jj=jj+3
              86     3   p   2v       150      continue
              87     2                           mx(nn-1,nn-1)=0.
              88     2               !byl            mx(nn,nn)=c(m,i,k)
              89     2                           mx(nn,nn)=c(m,i)
              90     2                         i=m
              91     2                         jj=1
              92     2                         ni=int((nn-1)/3)
                                   <<< Loop-information Start >>>
                                   <<<  [PARALLELIZATION]
                                   <<<    Standard iteration count: 696
                                   <<<  [OPTIMIZATION]
                                   <<<    SIMD(VL: 8)
                                   <<<    SOFTWARE PIPELINING(IPC: 2.81, ITR: 80, MVE: 3, POL: S)
                                   <<< Loop-information  End >>>
              93     3  pp   2v                do 160 j=1,ni
              94     3               !byl            mx(jj,jj+1)=b(m,i,k)
              95     3               !byl            mx(jj+1,jj+2)=a(m,i+1,k)
              96     3   p   2v                  mx(jj,jj+1)=b(m,i)
              97     3   p   2v                  mx(jj+1,jj+2)=a(m,i+1)
              98     3   p   2v                  mx(jj+2,jj+3)=0.
              99     3   p   2v                  i=i+2
             100     3   p   2v                  jj=jj+3
             101     3   p   2v       160      continue
             102     2               !byl            mx(nn-1,nn)=b(m,i,k)
             103     2                           mx(nn-1,nn)=b(m,i)
             104     2                         i=m
             105     2                         jj=1
             106     2                         ni=int((nn-2)/3)
                                   <<< Loop-information Start >>>
                                   <<<  [PARALLELIZATION]
                                   <<<    Standard iteration count: 696
                                   <<<  [OPTIMIZATION]
                                   <<<    SIMD(VL: 8)
                                   <<<    SOFTWARE PIPELINING(IPC: 2.70, ITR: 96, MVE: 3, POL: S)
                                   <<< Loop-information  End >>>
             107     3  pp   2v                do 170 j=1,ni
             108     3   p   2v                  mx(jj,jj+2)=0.
             109     3   p   2v                  mx(jj+1,jj+3)=0.
             110     3               !byl            mx(jj+2,jj+4)=a(m,i+2,k)
             111     3   p   2v                  mx(jj+2,jj+4)=a(m,i+2)
             112     3   p   2v                  i=i+2
             113     3   p   2v                  jj=jj+3
             114     3   p   2v       170      continue
             115     2                       endif
             116     1               !
             117     1               !  anti-symmetrix case
             118     1               !
             119     1                     else if(isym.eq.-1)then
             120     2                       if(mod(nn,3).eq.0)then
             121     2                         i=m
             122     2                         jj=1
             123     2                         ni=int(nn/3)
                                   <<< Loop-information Start >>>
                                   <<<  [PARALLELIZATION]
                                   <<<    Standard iteration count: 616
                                   <<<  [OPTIMIZATION]
                                   <<<    SIMD(VL: 8)
                                   <<<    SOFTWARE PIPELINING(IPC: 2.81, ITR: 96, MVE: 3, POL: S)
                                   <<< Loop-information  End >>>
             124     3  pp   2v                do 190 j=1,ni
             125     3               !byl            mx(jj,jj)=c(m,i,k)
             126     3   p   2v                  mx(jj,jj)=c(m,i)
             127     3   p   2v                  mx(jj+1,jj+1)=0.
             128     3               !byl            mx(jj+2,jj+2)=c(m,i+1,k)
             129     3   p   2v                  mx(jj+2,jj+2)=c(m,i+1)
             130     3   p   2v                  i=i+2
             131     3   p   2v                  jj=jj+3
             132     3   p   2v       190      continue
             133     2                         i=m
             134     2                         jj=1
             135     2                         ni=int((nn-1)/3)
                                   <<< Loop-information Start >>>
                                   <<<  [PARALLELIZATION]
                                   <<<    Standard iteration count: 696
                                   <<<  [OPTIMIZATION]
                                   <<<    SIMD(VL: 8)
                                   <<<    SOFTWARE PIPELINING(IPC: 2.81, ITR: 80, MVE: 3, POL: S)
                                   <<< Loop-information  End >>>
             136     3  pp   2v                do 200 j=1,ni
             137     3   p   2v                  mx(jj,jj+1)=0.
             138     3               !byl            mx(jj+1,jj+2)=b(m,i+1,k)
             139     3               !byl            mx(jj+2,jj+3)=a(m,i+2,k)
             140     3   p   2v                  mx(jj+1,jj+2)=b(m,i+1)
             141     3   p   2v                  mx(jj+2,jj+3)=a(m,i+2)
             142     3   p   2v                  i=i+2
             143     3   p   2v                  jj=jj+3
             144     3   p   2v       200      continue
             145     2                           mx(nn-2,nn-1)=0.
             146     2               !byl            mx(nn-1,nn)=b(m,i+1,k)
             147     2                           mx(nn-1,nn)=b(m,i+1)
             148     2                         i=m
             149     2                         jj=1
             150     2                         ni=int((nn-2)/3)
                                   <<< Loop-information Start >>>
                                   <<<  [PARALLELIZATION]
                                   <<<    Standard iteration count: 800
                                   <<<  [OPTIMIZATION]
                                   <<<    SIMD(VL: 8)
                                   <<<    SOFTWARE PIPELINING(IPC: 2.70, ITR: 96, MVE: 3, POL: S)
                                   <<< Loop-information  End >>>
             151     3  pp   2v                do 210 j=1,ni
             152     3               !byl            mx(jj,jj+2)=a(m,i+1,k)
             153     3   p   2v                  mx(jj,jj+2)=a(m,i+1)
             154     3   p   2v                  mx(jj+1,jj+3)=0.
             155     3   p   2v                  mx(jj+2,jj+4)=0.
             156     3   p   2v                  i=i+2
             157     3   p   2v                  jj=jj+3
             158     3   p   2v       210      continue
             159     2               !byl            mx(nn-2,nn)=a(m,i+1,k)
             160     2                           mx(nn-2,nn)=a(m,i+1)
             161     2                       else
             162     2                         i=m
             163     2                         jj=1
             164     2                         ni=int(nn/3)
                                   <<< Loop-information Start >>>
                                   <<<  [PARALLELIZATION]
                                   <<<    Standard iteration count: 696
                                   <<<  [OPTIMIZATION]
                                   <<<    SIMD(VL: 8)
                                   <<<    SOFTWARE PIPELINING(IPC: 2.81, ITR: 96, MVE: 3, POL: S)
                                   <<< Loop-information  End >>>
             165     3  pp   2v                do 230 j=1,ni
             166     3               !byl            mx(jj,jj)=c(m,i,k)
             167     3   p   2v                  mx(jj,jj)=c(m,i)
             168     3   p   2v                  mx(jj+1,jj+1)=0.
             169     3               !byl            mx(jj+2,jj+2)=c(m,i+1,k)
             170     3   p   2v                  mx(jj+2,jj+2)=c(m,i+1)
             171     3   p   2v                  i=i+2
             172     3   p   2v                  jj=jj+3
             173     3   p   2v       230      continue
             174     2               !byl            mx(nn,nn)=c(m,i,k)
             175     2                           mx(nn,nn)=c(m,i)
             176     2                         i=m
             177     2                         jj=1
             178     2                         ni=int((nn-1)/3)
                                   <<< Loop-information Start >>>
                                   <<<  [PARALLELIZATION]
                                   <<<    Standard iteration count: 616
                                   <<<  [OPTIMIZATION]
                                   <<<    SIMD(VL: 8)
                                   <<<    SOFTWARE PIPELINING(IPC: 2.81, ITR: 80, MVE: 3, POL: S)
                                   <<< Loop-information  End >>>
             179     3  pp   2v                do 240 j=1,ni
             180     3   p   2v                  mx(jj,jj+1)=0.
             181     3               !byl            mx(jj+1,jj+2)=b(m,i+1,k)
             182     3               !byl            mx(jj+2,jj+3)=a(m,i+2,k)
             183     3   p   2v                  mx(jj+1,jj+2)=b(m,i+1)
             184     3   p   2v                  mx(jj+2,jj+3)=a(m,i+2)
             185     3   p   2v                  i=i+2
             186     3   p   2v                  jj=jj+3
             187     3   p   2v       240      continue
             188     2                         i=m
             189     2                         jj=1
             190     2                         ni=int((nn-2)/3)
                                   <<< Loop-information Start >>>
                                   <<<  [PARALLELIZATION]
                                   <<<    Standard iteration count: 800
                                   <<<  [OPTIMIZATION]
                                   <<<    SIMD(VL: 8)
                                   <<<    SOFTWARE PIPELINING(IPC: 2.70, ITR: 96, MVE: 3, POL: S)
                                   <<< Loop-information  End >>>
             191     3  pp   2v                do 250 j=1,ni
             192     3               !byl            mx(jj,jj+2)=a(m,i+1,k)
             193     3   p   2v                  mx(jj,jj+2)=a(m,i+1)
             194     3   p   2v                  mx(jj+1,jj+3)=0.
             195     3   p   2v                  mx(jj+2,jj+4)=0.
             196     3   p   2v                  i=i+2
             197     3   p   2v                  jj=jj+3
             198     3   p   2v       250      continue
             199     3                           if (nn.ne.1) then
             200     3               !byl            mx(nn-3,nn-1)=a(m,i+1,k)
             201     3                           mx(nn-3,nn-1)=a(m,i+1)
             202     3                           mx(nn-2,nn)=0.
             203     3                           endif
             204     2                       endif
             205     1                     endif
             206                     !
             207                     !   copy upper half to lower half
             208                     !
             209                           jj=0
             210     1                     do 270 n=nn-1,1,-1
             211     1                       jj=jj+1
             212     2   s   4s              do 260 i=1,n
             213     2   s   4s                j=jj+i
             214     2   s   4s       260      mx(j,i)=mx(i,j)
             215     1                270  continue
             216                     !      call smetrix(mx,nn)
             217                     !
             218                           return
             219                           end

 Procedure information
   Lines      : 219
   Statements : 159
   Stack(byte): 5504
   Prefetch num: 0

 Scoping unit of external sub-program : coftrix
   Attribute and Cross reference of name
     a
      |(Class and Type) : variable name, REAL(8)
      |(Attributes)     : DIMENSION, dummy-argument
      |(Declaration)    : 1  24
      |(Definition)     : 
      |(Reference)      : 53  61  69  97  111  141  153  160  184  193  201
     b
      |(Class and Type) : variable name, REAL(8)
      |(Attributes)     : DIMENSION, dummy-argument
      |(Declaration)    : 1  24
      |(Definition)     : 
      |(Reference)      : 52  60  96  103  140  147  183
     c
      |(Class and Type) : variable name, REAL(8)
      |(Attributes)     : DIMENSION, dummy-argument
      |(Declaration)    : 1  24
      |(Definition)     : 
      |(Reference)      : 41  42  82  83  89  126  129  167  170  175
     coftrix
      |(Class and Type) : external subroutine name
      |(Attributes)     : 
      |(Declaration)    : 
      |(Definition)     : 1
      |(Reference)      : 
     i
      |(Class and Type) : variable name, INTEGER(4)-implicited
      |(Attributes)     : 
      |(Declaration)    : 
      |(Definition)     : 25  34  43  46  55  62  70  75  84  90  99  104  112  121  130  133  142  148  156  162  171  176  185  188  196  212
      |(Reference)      : 27  41  42  43  52  53  55  60  61  69  70  82  83  84  89  96  97  99  103  111  112  126  129  130  140  141  142  147  153  156  160  167  170  171  175  183  184  185  193  196  201  213  214  214
     int
      |(Class and Type) : intrinsic function name, INTEGER(4)
      |(Attributes)     : PURE, ELEMENTAL
      |(Declaration)    : 
      |(Definition)     : 
      |(Reference)      : 36  48  64  77  92  106  123  135  150  164  178  190
     isym
      |(Class and Type) : variable name, INTEGER(4)-implicited
      |(Attributes)     : dummy-argument
      |(Declaration)    : 1
      |(Definition)     : 
      |(Reference)      : 29  119
     j
      |(Class and Type) : variable name, INTEGER(4)-implicited
      |(Attributes)     : 
      |(Declaration)    : 
      |(Definition)     : 26  37  49  65  78  93  107  124  136  151  165  179  191  213
      |(Reference)      : 27  214  214
     jj
      |(Class and Type) : variable name, INTEGER(4)-implicited
      |(Attributes)     : 
      |(Declaration)    : 
      |(Definition)     : 35  44  47  56  63  71  76  85  91  100  105  113  122  131  134  143  149  157  163  172  177  186  189  197  209  211
      |(Reference)      : 38  38  41  41  42  42  44  52  52  53  53  54  54  56  66  66  67  67  69  69  71  79  79  82  82  83  83  85  96  96  97  97  98  98  100  108  108  109  109  111  111  113  126  126  127  127  129  129  131  137  137  140  140  141  141  143  153  153  154  154  155  155  157  167  167  168  168  170  170  172  180  180  183  183  184  184  186  193  193  194  194  195  195  197  211  213
     jtrun
      |(Class and Type) : variable name, INTEGER(4)-implicited
      |(Attributes)     : dummy-argument
      |(Declaration)    : 1
      |(Definition)     : 
      |(Reference)      : 24  24  24  24  24  24
     k
      |(Class and Type) : variable name, INTEGER(4)-implicited
      |(Attributes)     : dummy-argument
      |(Declaration)    : 1
      |(Definition)     : 
      |(Reference)      : 
     lev
      |(Class and Type) : variable name, INTEGER(4)-implicited
      |(Attributes)     : dummy-argument
      |(Declaration)    : 1
      |(Definition)     : 
      |(Reference)      : 
     m
      |(Class and Type) : variable name, INTEGER(4)-implicited
      |(Attributes)     : dummy-argument
      |(Declaration)    : 1
      |(Definition)     : 
      |(Reference)      : 34  41  42  46  52  53  60  61  62  69  75  82  83  89  90  96  97  103  104  111  121  126  129  133  140  141  147  148  153  160  162  167  170  175  176  183  184  188  193  201
     mod
      |(Class and Type) : intrinsic function name, INTEGER(4)
      |(Attributes)     : PURE, ELEMENTAL
      |(Declaration)    : 
      |(Definition)     : 
      |(Reference)      : 33  120
     mx
      |(Class and Type) : variable name, REAL(8)
      |(Attributes)     : DIMENSION, dummy-argument
      |(Declaration)    : 1  22
      |(Definition)     : 27  38  41  42  52  53  54  60  61  66  67  69  73  79  82  83  87  89  96  97  98  103  108  109  111  126  127  129  137  140  141  145  147  153  154  155  160  167  168  170  175  180  183  184  193  194  195  201  202  214
      |(Reference)      : 214
     n
      |(Class and Type) : variable name, INTEGER(4)-implicited
      |(Attributes)     : 
      |(Declaration)    : 
      |(Definition)     : 210
      |(Reference)      : 212
     ni
      |(Class and Type) : variable name, INTEGER(4)-implicited
      |(Attributes)     : 
      |(Declaration)    : 
      |(Definition)     : 36  48  64  77  92  106  123  135  150  164  178  190
      |(Reference)      : 37  49  65  78  93  107  124  136  151  165  179  191
     nn
      |(Class and Type) : variable name, INTEGER(4)-implicited
      |(Attributes)     : dummy-argument
      |(Declaration)    : 1
      |(Definition)     : 
      |(Reference)      : 22  22  25  26  33  36  48  60  60  61  61  64  73  73  77  87  87  89  89  92  103  103  106  120  123  135  145  145  147  147  150  160  160  164  175  175  178  190  199  201  201  202  202  210
   Cross reference of label
     (Label) (label-kind)               (line-no.)
     ------- ------------- ------------ ----------
         90  execution     (Definition) 28  
                           (Reference)  25  26
        110  execution     (Definition) 45  
                           (Reference)  37
        120  execution     (Definition) 57  
                           (Reference)  49
        130  execution     (Definition) 72  
                           (Reference)  65
        150  execution     (Definition) 86  
                           (Reference)  78
        160  execution     (Definition) 101  
                           (Reference)  93
        170  execution     (Definition) 114  
                           (Reference)  107
        190  execution     (Definition) 132  
                           (Reference)  124
        200  execution     (Definition) 144  
                           (Reference)  136
        210  execution     (Definition) 158  
                           (Reference)  151
        230  execution     (Definition) 173  
                           (Reference)  165
        240  execution     (Definition) 187  
                           (Reference)  179
        250  execution     (Definition) 198  
                           (Reference)  191
        260  execution     (Definition) 214  
                           (Reference)  212
        270  execution     (Definition) 215  
                           (Reference)  210

 Total information
   Procedures       : 1
   Total lines      : 219
   Total statements : 159
   Total stack(byte): 5504
   Total prefetch num: 0

