
 Fujitsu Fortran Version 4.6.1  Thu Dec 28 14:56:26 2023

 Compilation information
   Current directory : /IFS/nwpr/gfs/xb169/code_update/tco639l72_sp/src_4cpl
   Source file       : cuflx.f90

 Option information
   Command line options : -Kident_mpi -f2004 -c -X9 -Free -CcdRR8 -Cpp -Kfast,parallel,openmp,ocl,autoobjstack -x- -fw -Knofp_relaxed -SSL2BLAMP -Kopenmp,parallel -DTIMING -DUSE_FFTW -DRSM -DW3TAG -DGFDLMP_v2 -DCWBSUM -DSP -Ec -Nlst=a,lst=d,lst=i,lst=p,lst=t,lst=x -Koptmsg=2 -I. -I/users/xa09/pkg/fx1000/fftw-3.3.10/include -I/package/fx1000/netcdf-4.7.4/include -I/package/fx1000/g2lib-1.4.0_cwb/include -I/nwpr/gfs/xb157/CWBSUMc2/4cpl/components/coupler -I/nwpr/gfs/xb124/package/fx1000/MCT/include -DTIMCOMCPL -L/package/fx1000/netcdf-4.7.4/lib -lnetcdff -lnetcdf -L/package/fx1000/hdf5-1.10.7/lib -lhdf5_hl -lhdf5 -L/package/fx1000/dms/lib -lrdms -lgdbm -L/package/fx1000/operlib/lib -lnwp -L/users/xa09/pkg/fx1000/fftw-3.3.10/lib -lfftw3f_threads -lfftw3f -lfftw3_threads -lfftw3 -SSL2BLAMP -L/nwpr/gfs/xb124/CWBSUMc2/components/rsm/lib/cwb_mpmd -lmpmd -L/package/fx1000/g2lib-1.4.0_cwb/lib -lg2 -L/package/fx1000/libpng-1.6.37/lib -lpng -L/package/fx1000/jasper-1.900.1/lib -ljasper -L/nwpr/gfs/xb157/CWBSUMc2/4cpl/components/coupler -lcpl -L/nwpr/gfs/xb124/package/fx1000/MCT/lib -lmct -lmpeu -I/opt/FJSVxtclanga/.common/MELI025/include/mpi/fujitsu -I/opt/FJSVxtclanga/.common/MELI025/lib64 -Knointentopt
   Cpp options          : -DTIMING -DUSE_FFTW -DRSM -DW3TAG -DGFDLMP_v2 -DCWBSUM -DSP -I. -I/users/xa09/pkg/fx1000/fftw-3.3.10/include -I/package/fx1000/netcdf-4.7.4/include -I/package/fx1000/g2lib-1.4.0_cwb/include -I/nwpr/gfs/xb157/CWBSUMc2/4cpl/components/coupler -I/nwpr/gfs/xb124/package/fx1000/MCT/include -DTIMCOMCPL -I/opt/FJSVxtclanga/.common/MELI025/include/mpi/fujitsu -I/opt/FJSVxtclanga/.common/MELI025/lib64 -Dunix -Dlinux -D__FUJITSU -D__FRT_major__=4 -D__FRT_minor__=6 -D__FRT_patchlevel__=1 -D__FRT_version__="4.6.1" -D__aarch64__ -D__unix -D_OPENMP=201511 -D__frt_version=800 -D__ARM_ARCH=8 -D__ARM_FEATURE_SVE -D__ELF__ -D__unix__ -D__linux__ -D__linux -Asystem(unix) -otmp
   Effective options    : -fw -g0 -AE -Ec -Free -O3 -X9
                          -CcdRR8 -x- -xaccept=nomodule_allocatable
                          -KA64FX -KARMV8_3_A -KSVE -Kalign_commons
                          -Kalign_loops -Knoarray_declaration_opt
                          -Kassume=noshortloop -Kassume=nomemory_bandwidth
                          -Kassume=notime_saving_compilation -Kauto
                          -Kautoobjstack -Knocalleralloc -Kcmodel=small
                          -Keval -Keval_noconcurrent -Knoextract_stride_store
                          -Knofenv_access -Kfp_contract -Knofp_relaxed
                          -Kfsimple -Kfz -Khpctag -Kilfunc=procedure
                          -Knointentopt -Klargepage -Kloop_blocking
                          -Kloop_fission -Kloop_nofission_stripmining
                          -Kloop_fission_threshold=50 -Kloop_fusion
                          -Kloop_interchange -Kloop_part_parallel
                          -Kloop_part_simd -Kloop_perfect_nest
                          -Kloop_noversioning -Knolto -Kmfunc=1 -Kocl
                          -Komitfp -Knooptlib_string -Koptmsg=2
                          -Knopc_relative_literal_loads -Kplt -Knopreex
                          -Kprefetch_noconditional -Kprefetch_noindirect
                          -Kprefetch_sequential=auto -Kprefetch_nostride
                          -Kprefetch_cache_level=all -Kprefetch_noinfer
                          -Kprefetch_strong -Kprefetch_strong_L2 -Knopreload
                          -Ksch_post_ra -Ksch_pre_ra -Ksibling_calls
                          -Ksimd=auto -Ksimd_packed_promotion
                          -Ksimd_reduction_product -Ksimd_reg_size=512
                          -Ksimd_nouncounted_loop
                          -Ksimd_use_multiple_structures -Knostriping
                          -Knosubscript_opt -Kswp -Kswp_freg_rate=100
                          -Kswp_ireg_rate=100 -Kswp_preg_rate=100
                          -Kswp_policy=auto -Ktemparraystack -Kunroll
                          -Knounroll_and_jam -Knozfill
                          -Kopenmp -Kopenmp_noassume_norecurrence
                          -Kopenmp_nocollapse_except_innermost
                          -Kopenmp_noordered_reduction -Knoopenmp_simd
                          -Kthreadsafe -Kparallel -Kparallel_nofp_precision
                          -Knoarray_private -Knodynamic_iteration -Kreduction
                          -Kregion_extension
                          -Nallextput -Nnoalloc_assign
                          -Ncancel_overtime_compilation -Nnocheck_global
                          -Nnocoarray -Nnocompdisp -Nnocopyarg -Nnocoverage
                          -Nfjprof -Nfreealloc -Nf90move -Nnohook_func
                          -Nnohook_time -Nlibomp -Nline -Nlst -Nlst=a -Nlst=d
                          -Nlst=i -Nlst=p -Nlst=t -Nlst=x -Nnomallocfree
                          -Nnoobsfun -Nnoprivatealloc -Nquickdbg=noargchk
                          -Nquickdbg=nosubchk -Nquickdbg=noundef -NRnotrap
                          -Nnorecursive -Nnoreordered_variable_stack
                          -Nrt_notune -Nnosave -Nsetvalue=noheap
                          -Nsetvalue=nostack -Nsetvalue=noscalar
                          -Nsetvalue=noarray -Nsetvalue=nostruct -Nuse_rodata

 External subroutine subprogram "cuflx"
  (inc)(line-no.)(nest)(optimize)
               1                     !+ does the final calculation of convective fluxes
               2                     
               3                     !SUBROUTINE cuflx(klon,klev,klevp1,pqen,pqsen,ptenh,pqenh,&
               4                     SUBROUTINE cuflx(nxj,klon,klev,klevp1,pqen,pqsen,ptenh,pqenh,&
               5                     &   paphp1,pgeoh,kcbot,kctop,kdtop,ktype,lddraf,ldcum,pmfu,   &
               6                                      pmfd,pmfus,pmfds,pmfuq,pmfdq,pmful,plude,pdmfup,pdmfdp,prfl,prain,pten, &
               7                                      psfl,pdpmel,ktopm2,ztodt)
               8                     
               9                       ! Description:
              10                       !
              11                       ! Does the final calculation of convective fluxes.
              12                       !
              13                       ! Method:
              14                       !
              15                       ! This routine does the final calculation of convective
              16                       ! fluxes in the cloud layer and in the subcloud layer
              17                       !
              18                       ! This routine is called from *cumastr*.
              19                       !
              20                       ! Authors:
              21                       !
              22                       ! M. Tiedtke, ECMWF, July 1989, original source
              23                       ! M. Tiedtke, ECMWF, December 1989, changed
              24                       ! L. Kornblueh, MPI, May 1998, f90 rewrite
              25                       ! U. Schulzweida, MPI, May 1998, f90 rewrite
              26                       !
              27                       ! for more details see file AUTHORS
              28                       !
              29                     
              30                       USE shr_kind_mod, only: r8 => shr_kind_r8
              31                       USE mo_constants,     ONLY: cpd,   &! specific heat at constant pressure
              32                                                   alf,   &! latent heat for vaporisation
              33                                                   g,     &! gravity acceleration
              34                                                   tmelt   ! temperature of fusion of ice
              35                     ! USE time_manager,     ONLY: is_first_step,         &! initial run
              36                     !                             is_first_restart_step, &! restart run
              37                     !                             get_step_size           ! step size
              38                     !  use pmgrid,             only: plev, plevp !Needed for hypm passed to vd_inti
              39                     
              40                       IMPLICIT NONE
              41                     
              42                     ! #include <comhyb.h>
              43                     
              44                       !  Scalar arguments with intent(In):
              45                     !  INTEGER, INTENT (IN) :: klev, klevp1, klon
              46                       INTEGER, INTENT (IN) :: klev, klevp1, klon, nxj
              47                     
              48                       !  Array arguments with intent(In):
              49                       REAL(r8), INTENT (IN) :: paphp1(klon,klevp1), pgeoh(klon,klev), pqen(klon,klev), &
              50                                            pqenh(klon,klev), pqsen(klon,klev), pten(klon,klev),    &
              51                                            ptenh(klon,klev),ztodt
              52                       INTEGER, INTENT (IN) :: kcbot(klon), kctop(klon), kdtop(klon)
              53                       LOGICAL, INTENT (IN) :: ldcum(klon)
              54                     
              55                       !  Array arguments with intent(InOut):
              56                       REAL(r8), INTENT (INOUT) :: pdmfdp(klon,klev), pdmfup(klon,klev), pdpmel(klon,klev), &
              57                                               plude(klon,klev), pmfd(klon,klev), pmfdq(klon,klev),     &
              58                                               pmfds(klon,klev), &
              59                                               pmfu(klon,klev), pmful(klon,klev), pmfuq(klon,klev),     &
              60                                               pmfus(klon,klev), &
              61                     !pmfuxt(klon,klev,ktrac),               &
              62                                               prain(klon), prfl(klon), psfl(klon)
              63                       INTEGER, INTENT (INOUT) :: ktype(klon)
              64                       LOGICAL, INTENT (INOUT) :: lddraf(klon)
              65                     
              66                       !  Scalar arguments with intent(Out):
              67                       INTEGER, INTENT (OUT) :: ktopm2
              68                     
              69                       !  Local scalars:
              70                       REAL(r8) :: zcons1, zcons2, zcucov, zdpevap, zdrfl, zfac, zrfl, zrfln, zrmin, &
              71                               zrnew, zrsum, zsnmlt, ztmelp2, ztmst, zzp  ! zrsum new for AMIP2
              72                       INTEGER :: ikb, jk, jl, jt
              73                     
              74                       !  Local arrays:
              75                       REAL(r8) :: zpsubcl(klon)
              76                       REAL(r8) :: cevapcu(klev)
              77                     
              78                       !  Intrinsic functions
              79                       INTRINSIC MAX, MERGE, MIN, SQRT
              80                     
              81                     
              82                       !  Executable statements
              83                     
              84                       !  eta level for CAM
              85                     ! cevapcu(:)=1.93E-6*261.*SQRT(1.E3/(38.3*0.293)*SQRT(hyam(:)+hybm(:)))*0.5/g
                                   <<< Loop-information Start >>>
                                   <<<  [PARALLELIZATION]
                                   <<<    Standard iteration count: 2286
                                   <<<  [OPTIMIZATION]
                                   <<<    SIMD(VL: 8)
                                   <<<    PREFETCH(HARD) Expected by compiler :
                                   <<<      cevapcu
                                   <<< Loop-information  End >>>
              86        pp   4v         cevapcu(:)= 0.
              87                       !  Specify constants
              88                       ztmst = ztodt*0.5
              89                     ! IF (is_first_step()) ztmst = 0.5*ztodt
              90                       zcons1 = cpd/(alf*g*ztmst)
              91                       zcons2 = 1./(g*ztmst)
              92                       zcucov = 0.05
              93                       ztmelp2 = tmelt + 2.
              94                     
              95                     !-- 1. Determine final convective fluxes
              96                     
              97                     !  itop = klev
              98                     !  DO jl = 1, klon
                                   <<< Loop-information Start >>>
                                   <<<  [PARALLELIZATION]
                                   <<<    Standard iteration count: 616
                                   <<<  [OPTIMIZATION]
                                   <<<    SIMD(VL: 16)
                                   <<<    SOFTWARE PIPELINING(IPC: 0.61, ITR: 96, MVE: 2, POL: S)
                                   <<<    PREFETCH(HARD) Expected by compiler :
                                   <<<      kdtop, kctop, ldcum, lddraf, ktype
                                   <<< Loop-information  End >>>
              99     1  pp   2v        DO jl = 1, nxj
             100     1               !    itop = MIN(itop,kctop(jl))
             101     1   p   2v          IF ( .NOT. ldcum(jl) .OR. kdtop(jl)<kctop(jl)) lddraf(jl) = .FALSE.
             102     1   p   2v          IF ( .NOT. ldcum(jl)) ktype(jl) = 0
             103     1   p   2v        END DO
             104                     !  ktopm2 = itop - 2
             105                       ktopm2 = 2
                                   <<< Loop-information Start >>>
                                   <<<  [PARALLELIZATION]
                                   <<<    Standard iteration count: 2
                                   <<<  [OPTIMIZATION]
                                   <<<    PREFETCH(HARD) Expected by compiler :
                                   <<<      ldcum, kctop, pgeoh, ptenh, pqenh, pmfus
                                   <<<      lddraf, pmfu, plude, pdmfup, pmful
                                   <<<      pmfuq, kdtop, pmfdq, pmfds, pmfd
                                   <<<    PREFETCH(SOFT) : 4
                                   <<<     SEQUENTIAL : 4
                                   <<<      pdmfdp: 4
                                   <<< Loop-information  End >>>
             106     1  pp             DO jk = ktopm2, klev
             107     1               !DIR$ IVDEP
             108     1               !OCL NOVREC
             109     1               !    DO jl = 1, klon
                                   <<< Loop-information Start >>>
                                   <<<  [OPTIMIZATION]
                                   <<<    SIMD(VL: 8)
                                   <<<    SOFTWARE PIPELINING(IPC: 1.10, ITR: 32, MVE: 2, POL: L)
                                   <<<    PREFETCH(HARD) Expected by compiler :
                                   <<<      pmfus, pmfdq, pmfds, pmfd, kctop, pgeoh
                                   <<<      lddraf, ptenh, pqenh, pmfu, pmfuq, plude
                                   <<<      pdmfup, pmful, kdtop, ldcum
                                   <<<    PREFETCH(SOFT) : 4
                                   <<<     SEQUENTIAL : 4
                                   <<<      pdmfdp: 4
                                   <<< Loop-information  End >>>
             110     2   p    v          DO jl = 1, nxj
             111     3   p    v            IF (ldcum(jl) .AND. jk>=kctop(jl)-1) THEN
             112     3   p    v              pmfus(jl,jk) = pmfus(jl,jk) - pmfu(jl,jk)*(cpd*ptenh(jl,jk)+pgeoh(jl,jk))
             113     3   p    v              pmfuq(jl,jk) = pmfuq(jl,jk) - pmfu(jl,jk)*pqenh(jl,jk)
             114     4   p    v              IF (lddraf(jl) .AND. jk>=kdtop(jl)) THEN
             115     4   p    v                pmfds(jl,jk) = pmfds(jl,jk) - pmfd(jl,jk)*(cpd*ptenh(jl,jk)+pgeoh(jl,jk))
             116     4   p    v                pmfdq(jl,jk) = pmfdq(jl,jk) - pmfd(jl,jk)*pqenh(jl,jk)
             117     4   p    v              ELSE
             118     4   p    v                pmfd(jl,jk) = 0.
             119     4   p    v                pmfds(jl,jk) = 0.
             120     4   p    v                pmfdq(jl,jk) = 0.
             121     4   p    v                pdmfdp(jl,jk-1) = 0.
             122     4   p    v              END IF
             123     3   p    v            ELSE
             124     3   p    v              pmfu(jl,jk) = 0.
             125     3   p    v              pmfd(jl,jk) = 0.
             126     3   p    v              pmfus(jl,jk) = 0.
             127     3   p    v              pmfds(jl,jk) = 0.
             128     3   p    v              pmfuq(jl,jk) = 0.
             129     3   p    v              pmfdq(jl,jk) = 0.
             130     3   p    v              pmful(jl,jk) = 0.
             131     3   p    v              pdmfup(jl,jk-1) = 0.
             132     3   p    v              pdmfdp(jl,jk-1) = 0.
             133     3   p    v              plude(jl,jk-1) = 0.
             134     3   p    v            END IF
             135     2   p    v          END DO
             136     1               
             137     1   p             END DO
             138     1                 DO jk = ktopm2, klev
             139     1               !DIR$ IVDEP
             140     1               !OCL NOVREC
             141     1               !    DO jl = 1, klon
                                   <<< Loop-information Start >>>
                                   <<<  [PARALLELIZATION]
                                   <<<    Standard iteration count: 206
                                   <<<  [OPTIMIZATION]
                                   <<<    PREFETCH(HARD) Expected by compiler :
                                   <<<      ldcum
                                   <<< Loop-information  End >>>
             142     2  pp    s          DO jl = 1, nxj
             143     3   p    m            IF (ldcum(jl) .AND. jk>kcbot(jl)) THEN
             144     3   p    s              ikb = kcbot(jl)
             145     3   p    s              zzp = ((paphp1(jl,klevp1)-paphp1(jl,jk))/(paphp1(jl,klevp1)-paphp1(jl,ikb)))
             146     3   p    s              zzp = MERGE(zzp**2,zzp,ktype(jl)==3)
             147     3   p    s              pmfu(jl,jk) = pmfu(jl,ikb)*zzp
             148     3   p    s              pmfus(jl,jk) = pmfus(jl,ikb)*zzp
             149     3   p    s              pmfuq(jl,jk) = pmfuq(jl,ikb)*zzp
             150     3   p    s              pmful(jl,jk) = pmful(jl,ikb)*zzp
             151     3   p    v            END IF
             152     2   p    v          END DO
             153     1               
             154     1                 END DO
             155                     
             156                     !-- 2. Calculate rain/snow fall rates
             157                     !      Calculate melting of snow
             158                     !      Calculate evaporation of precip
             159                     
             160                     !  DO jl = 1, klon
                                   <<< Loop-information Start >>>
                                   <<<  [PARALLELIZATION]
                                   <<<    Standard iteration count: 1143
                                   <<<  [OPTIMIZATION]
                                   <<<    SIMD(VL: 8)
                                   <<<    PREFETCH(HARD) Expected by compiler :
                                   <<<      prfl, psfl, prain
                                   <<< Loop-information  End >>>
             161     1  pp   2v        DO jl = 1, nxj
             162     1   p   2v          prfl(jl) = 0.
             163     1   p   2v          psfl(jl) = 0.
             164     1   p   2v          prain(jl) = 0.
             165     1   p   2v        END DO
                                   <<< Loop-information Start >>>
                                   <<<  [OPTIMIZATION]
                                   <<<    PREFETCH(HARD) Expected by compiler :
                                   <<<      ldcum, pten, pdmfup, prain, pdmfdp, prfl
                                   <<<      psfl, paphp1, pdpmel
                                   <<< Loop-information  End >>>
             166     1                 DO jk = ktopm2, klev
             167     1               !    DO jl = 1, klon
                                   <<< Loop-information Start >>>
                                   <<<  [PARALLELIZATION]
                                   <<<    Standard iteration count: 196
                                   <<<  [OPTIMIZATION]
                                   <<<    SIMD(VL: 8)
                                   <<<    SOFTWARE PIPELINING(IPC: 0.47, ITR: 40, MVE: 2, POL: L)
                                   <<<    PREFETCH(HARD) Expected by compiler :
                                   <<<      pdmfdp, prfl, prain, pten, psfl, pdpmel
                                   <<<      pdmfup, paphp1, ldcum
                                   <<< Loop-information  End >>>
             168     2  pp    v          DO jl = 1, nxj
             169     3   p    v            IF (ldcum(jl)) THEN
             170     3   p    v              prain(jl) = prain(jl) + pdmfup(jl,jk)
             171     4   p    v              IF (pten(jl,jk)>tmelt) THEN
             172     4   p    v                prfl(jl) = prfl(jl) + pdmfup(jl,jk) + pdmfdp(jl,jk)
             173     5   p    v                IF (psfl(jl)>0. .AND. pten(jl,jk)>ztmelp2) THEN
             174     5   p    v                  zfac = zcons1*(paphp1(jl,jk+1)-paphp1(jl,jk))
             175     5   p    v                  zsnmlt = MIN(psfl(jl),zfac*(pten(jl,jk)-ztmelp2))
             176     5   p    v                  pdpmel(jl,jk) = zsnmlt
             177     5   p    v                  psfl(jl) = psfl(jl) - zsnmlt
             178     5   p    v                  prfl(jl) = prfl(jl) + zsnmlt
             179     5   p    v                END IF
             180     4   p    v              ELSE
             181     4   p    v                psfl(jl) = psfl(jl) + pdmfup(jl,jk) + pdmfdp(jl,jk)
             182     4   p    v              END IF
             183     3   p    v            END IF
             184     2   p    v          END DO
             185     1                 END DO
             186                     !  DO jl = 1, klon
                                   <<< Loop-information Start >>>
                                   <<<  [PARALLELIZATION]
                                   <<<    Standard iteration count: 433
                                   <<<  [OPTIMIZATION]
                                   <<<    SIMD(VL: 8)
                                   <<<    SOFTWARE PIPELINING(IPC: 2.10, ITR: 144, MVE: 5, POL: S)
                                   <<<    PREFETCH(HARD) Expected by compiler :
                                   <<<      psfl, prfl, zpsubcl
                                   <<< Loop-information  End >>>
             187     1  pp   2v        DO jl = 1, nxj
             188     1   p   2v          prfl(jl) = MAX(prfl(jl),0.)
             189     1   p   2v          psfl(jl) = MAX(psfl(jl),0.)
             190     1   p   2v          zpsubcl(jl) = prfl(jl) + psfl(jl)
             191     1   p   2v        END DO
             192     1                 DO jk = ktopm2, klev
             193     1               !    DO jl = 1, klon
                                   <<< Loop-information Start >>>
                                   <<<  [PARALLELIZATION]
                                   <<<    Standard iteration count: 147
                                   <<<  [OPTIMIZATION]
                                   <<<    PREFETCH(HARD) Expected by compiler :
                                   <<<      ldcum
                                   <<< Loop-information  End >>>
             194     2  pp    s          DO jl = 1, nxj
             195     3   p    m            IF (ldcum(jl) .AND. jk>=kcbot(jl) .AND. zpsubcl(jl)>1.E-20) THEN
             196     3   p    s              zrfl = zpsubcl(jl)
             197     3   p    s              zrnew = (MAX(0.,SQRT(zrfl/zcucov)-cevapcu(jk)*(paphp1(jl,jk+1)- &
             198     3                               paphp1(jl,jk))*MAX(0.,pqsen(jl,jk)-pqen(jl,jk))))**2*zcucov
             199     3   p    s              zrmin = zrfl - zcucov*MAX(0.,0.8*pqsen(jl,jk)-pqen(jl,jk))*zcons2* &
             200     3                               (paphp1(jl,jk+1)-paphp1(jl,jk))
             201     3   p    s              zrnew = MAX(zrnew,zrmin)
             202     3   p    s              zrfln = MAX(zrnew,0.)
             203     3   p    s              zdrfl = MIN(0.,zrfln-zrfl)
             204     3   p    s              pdmfup(jl,jk) = pdmfup(jl,jk) + zdrfl
             205     3   p    s              zpsubcl(jl) = zrfln
             206     3   p    v            END IF
             207     2   p    v          END DO
             208     1                 END DO
             209                     
             210                         ! ------ CORRECTION OF PRECIPITATION EVAPORATION ERROR (AMIP2) --------
             211                         !                (Found by M. Werner)
             212                     !    DO jl = 1, klon
                                   <<< Loop-information Start >>>
                                   <<<  [PARALLELIZATION]
                                   <<<    Standard iteration count: 400
                                   <<<  [OPTIMIZATION]
                                   <<<    SIMD(VL: 8)
                                   <<<    SOFTWARE PIPELINING(IPC: 0.41, ITR: 24, MVE: 2, POL: S)
                                   <<<    PREFETCH(HARD) Expected by compiler :
                                   <<<      zpsubcl, psfl, prfl
                                   <<< Loop-information  End >>>
             213     1  pp    v          DO jl = 1, nxj
             214     1   p    v            zrsum    = prfl(jl)+psfl(jl)
             215     1   p    v            zdpevap  = zpsubcl(jl) - zrsum
             216     1   p    v            prfl(jl) = prfl(jl) + zdpevap*prfl(jl)*(1./MAX(1.d-20,zrsum))
             217     1   p    v            psfl(jl) = psfl(jl) + zdpevap*psfl(jl)*(1./MAX(1.d-20,zrsum))
             218     1   p    v          END DO
             219                     
             220                       RETURN
             221                     END SUBROUTINE cuflx

 Procedure information
   Lines      : 221
   Statements : 120
   Stack(byte): 4112
   Prefetch num: 8

 Scoping unit of external sub-program : cuflx
   Attribute and Cross reference of name
     alf
      |(Class and Type) : variable name, REAL(8)
      |(Attributes)     : use-associated
      |(Declaration)    : 
      |(Definition)     : 
      |(Reference)      : 31  90
     cevapcu
      |(Class and Type) : variable name, REAL(8)
      |(Attributes)     : DIMENSION
      |(Declaration)    : 76
      |(Definition)     : 86
      |(Reference)      : 197
     cpd
      |(Class and Type) : variable name, REAL(8)
      |(Attributes)     : use-associated
      |(Declaration)    : 
      |(Definition)     : 
      |(Reference)      : 31  90  112  115
     cuflx
      |(Class and Type) : external subroutine name
      |(Attributes)     : 
      |(Declaration)    : 
      |(Definition)     : 4
      |(Reference)      : 221
     g
      |(Class and Type) : variable name, REAL(8)
      |(Attributes)     : use-associated
      |(Declaration)    : 
      |(Definition)     : 
      |(Reference)      : 31  90  91
     ikb
      |(Class and Type) : variable name, INTEGER(4)
      |(Attributes)     : 
      |(Declaration)    : 72
      |(Definition)     : 144
      |(Reference)      : 145  147  148  149  150
     jk
      |(Class and Type) : variable name, INTEGER(4)
      |(Attributes)     : 
      |(Declaration)    : 72
      |(Definition)     : 106  138  166  192
      |(Reference)      : 111  112  112  112  112  112  113  113  113  113  114  115  115  115  115  115  116  116  116  116  118  119  120  121  124  125  126  127  128  129  130  131  132  133  143  145  147  148  149  150  170  171  172  172  173  174  174  175  176  181  181  195  197  197  197  197  197  199  199  199  199  204  204
     jl
      |(Class and Type) : variable name, INTEGER(4)
      |(Attributes)     : 
      |(Declaration)    : 72
      |(Definition)     : 99  110  142  161  168  187  194  213
      |(Reference)      : 101  101  101  101  102  102  111  111  112  112  112  112  112  113  113  113  113  114  114  115  115  115  115  115  116  116  116  116  118  119  120  121  124  125  126  127  128  129  130  131  132  133  143  143  144  145  145  145  145  146  147  147  148  148  149  149  150  150  162  163  164  169  170  170  170  171  172  172  172  172  173  173  174  174  175  175  176  177  177  178  178  181  181  181  181  188  188  189  189  190  190  190  195  195  195  196  197  197  197  197  199  199  199  199  204  204  205  214  214  215  216  216  216  217  217  217
     jt
      |(Class and Type) : variable name, INTEGER(4)
      |(Attributes)     : 
      |(Declaration)    : 72
      |(Definition)     : 
      |(Reference)      : 
     kcbot
      |(Class and Type) : variable name, INTEGER(4)
      |(Attributes)     : DIMENSION, INTENT(IN), dummy-argument
      |(Declaration)    : 4  52
      |(Definition)     : 
      |(Reference)      : 143  144  195
     kctop
      |(Class and Type) : variable name, INTEGER(4)
      |(Attributes)     : DIMENSION, INTENT(IN), dummy-argument
      |(Declaration)    : 4  52
      |(Definition)     : 
      |(Reference)      : 101  111
     kdtop
      |(Class and Type) : variable name, INTEGER(4)
      |(Attributes)     : DIMENSION, INTENT(IN), dummy-argument
      |(Declaration)    : 4  52
      |(Definition)     : 
      |(Reference)      : 101  114
     klev
      |(Class and Type) : variable name, INTEGER(4)
      |(Attributes)     : INTENT(IN), dummy-argument
      |(Declaration)    : 4  46
      |(Definition)     : 
      |(Reference)      : 49  49  49  49  49  49  56  56  56  56  56  56  56  56  56  56  56  76  106  138  166  192
     klevp1
      |(Class and Type) : variable name, INTEGER(4)
      |(Attributes)     : INTENT(IN), dummy-argument
      |(Declaration)    : 4  46
      |(Definition)     : 
      |(Reference)      : 49  145  145
     klon
      |(Class and Type) : variable name, INTEGER(4)
      |(Attributes)     : INTENT(IN), dummy-argument
      |(Declaration)    : 4  46
      |(Definition)     : 
      |(Reference)      : 49  49  49  49  49  49  49  52  52  52  53  56  56  56  56  56  56  56  56  56  56  56  56  56  56  63  64  75
     ktopm2
      |(Class and Type) : variable name, INTEGER(4)
      |(Attributes)     : INTENT(OUT), dummy-argument
      |(Declaration)    : 4  67
      |(Definition)     : 105
      |(Reference)      : 106  138  166  192
     ktype
      |(Class and Type) : variable name, INTEGER(4)
      |(Attributes)     : DIMENSION, INTENT(INOUT), dummy-argument
      |(Declaration)    : 4  63
      |(Definition)     : 102
      |(Reference)      : 146
     ldcum
      |(Class and Type) : variable name, LOGICAL(4)
      |(Attributes)     : DIMENSION, INTENT(IN), dummy-argument
      |(Declaration)    : 4  53
      |(Definition)     : 
      |(Reference)      : 101  102  111  143  169  195
     lddraf
      |(Class and Type) : variable name, LOGICAL(4)
      |(Attributes)     : DIMENSION, INTENT(INOUT), dummy-argument
      |(Declaration)    : 4  64
      |(Definition)     : 101
      |(Reference)      : 114
     MAX
      |(Class and Type) : intrinsic function name, REAL(8)
      |(Attributes)     : INTRINSIC, PURE, ELEMENTAL
      |(Declaration)    : 79
      |(Definition)     : 
      |(Reference)      : 188  189  197  197  199  201  202  216  217
     MERGE
      |(Class and Type) : intrinsic function name, REAL(8)
      |(Attributes)     : INTRINSIC, PURE, ELEMENTAL
      |(Declaration)    : 79
      |(Definition)     : 
      |(Reference)      : 146
     MIN
      |(Class and Type) : intrinsic function name, REAL(8)
      |(Attributes)     : INTRINSIC, PURE, ELEMENTAL
      |(Declaration)    : 79
      |(Definition)     : 
      |(Reference)      : 175  203
     mo_constants
      |(Class and Type) : module name
      |(Attributes)     : 
      |(Declaration)    : 
      |(Definition)     : 
      |(Reference)      : 31
     nxj
      |(Class and Type) : variable name, INTEGER(4)
      |(Attributes)     : INTENT(IN), dummy-argument
      |(Declaration)    : 4  46
      |(Definition)     : 
      |(Reference)      : 99  110  142  161  168  187  194  213
     paphp1
      |(Class and Type) : variable name, REAL(8)
      |(Attributes)     : DIMENSION, INTENT(IN), dummy-argument
      |(Declaration)    : 4  49
      |(Definition)     : 
      |(Reference)      : 145  145  145  145  174  174  197  197  199  199
     pdmfdp
      |(Class and Type) : variable name, REAL(8)
      |(Attributes)     : DIMENSION, INTENT(INOUT), dummy-argument
      |(Declaration)    : 4  56
      |(Definition)     : 121  132
      |(Reference)      : 172  181
     pdmfup
      |(Class and Type) : variable name, REAL(8)
      |(Attributes)     : DIMENSION, INTENT(INOUT), dummy-argument
      |(Declaration)    : 4  56
      |(Definition)     : 131  204
      |(Reference)      : 170  172  181  204
     pdpmel
      |(Class and Type) : variable name, REAL(8)
      |(Attributes)     : DIMENSION, INTENT(INOUT), dummy-argument
      |(Declaration)    : 4  56
      |(Definition)     : 176
      |(Reference)      : 
     pgeoh
      |(Class and Type) : variable name, REAL(8)
      |(Attributes)     : DIMENSION, INTENT(IN), dummy-argument
      |(Declaration)    : 4  49
      |(Definition)     : 
      |(Reference)      : 112  115
     plude
      |(Class and Type) : variable name, REAL(8)
      |(Attributes)     : DIMENSION, INTENT(INOUT), dummy-argument
      |(Declaration)    : 4  56
      |(Definition)     : 133
      |(Reference)      : 
     pmfd
      |(Class and Type) : variable name, REAL(8)
      |(Attributes)     : DIMENSION, INTENT(INOUT), dummy-argument
      |(Declaration)    : 4  56
      |(Definition)     : 118  125
      |(Reference)      : 115  116
     pmfdq
      |(Class and Type) : variable name, REAL(8)
      |(Attributes)     : DIMENSION, INTENT(INOUT), dummy-argument
      |(Declaration)    : 4  56
      |(Definition)     : 116  120  129
      |(Reference)      : 116
     pmfds
      |(Class and Type) : variable name, REAL(8)
      |(Attributes)     : DIMENSION, INTENT(INOUT), dummy-argument
      |(Declaration)    : 4  56
      |(Definition)     : 115  119  127
      |(Reference)      : 115
     pmfu
      |(Class and Type) : variable name, REAL(8)
      |(Attributes)     : DIMENSION, INTENT(INOUT), dummy-argument
      |(Declaration)    : 4  56
      |(Definition)     : 124  147
      |(Reference)      : 112  113  147
     pmful
      |(Class and Type) : variable name, REAL(8)
      |(Attributes)     : DIMENSION, INTENT(INOUT), dummy-argument
      |(Declaration)    : 4  56
      |(Definition)     : 130  150
      |(Reference)      : 150
     pmfuq
      |(Class and Type) : variable name, REAL(8)
      |(Attributes)     : DIMENSION, INTENT(INOUT), dummy-argument
      |(Declaration)    : 4  56
      |(Definition)     : 113  128  149
      |(Reference)      : 113  149
     pmfus
      |(Class and Type) : variable name, REAL(8)
      |(Attributes)     : DIMENSION, INTENT(INOUT), dummy-argument
      |(Declaration)    : 4  56
      |(Definition)     : 112  126  148
      |(Reference)      : 112  148
     pqen
      |(Class and Type) : variable name, REAL(8)
      |(Attributes)     : DIMENSION, INTENT(IN), dummy-argument
      |(Declaration)    : 4  49
      |(Definition)     : 
      |(Reference)      : 197  199
     pqenh
      |(Class and Type) : variable name, REAL(8)
      |(Attributes)     : DIMENSION, INTENT(IN), dummy-argument
      |(Declaration)    : 4  49
      |(Definition)     : 
      |(Reference)      : 113  116
     pqsen
      |(Class and Type) : variable name, REAL(8)
      |(Attributes)     : DIMENSION, INTENT(IN), dummy-argument
      |(Declaration)    : 4  49
      |(Definition)     : 
      |(Reference)      : 197  199
     prain
      |(Class and Type) : variable name, REAL(8)
      |(Attributes)     : DIMENSION, INTENT(INOUT), dummy-argument
      |(Declaration)    : 4  56
      |(Definition)     : 164  170
      |(Reference)      : 170
     prfl
      |(Class and Type) : variable name, REAL(8)
      |(Attributes)     : DIMENSION, INTENT(INOUT), dummy-argument
      |(Declaration)    : 4  56
      |(Definition)     : 162  172  178  188  216
      |(Reference)      : 172  178  188  190  214  216  216
     psfl
      |(Class and Type) : variable name, REAL(8)
      |(Attributes)     : DIMENSION, INTENT(INOUT), dummy-argument
      |(Declaration)    : 4  56
      |(Definition)     : 163  177  181  189  217
      |(Reference)      : 173  175  177  181  189  190  214  217  217
     pten
      |(Class and Type) : variable name, REAL(8)
      |(Attributes)     : DIMENSION, INTENT(IN), dummy-argument
      |(Declaration)    : 4  49
      |(Definition)     : 
      |(Reference)      : 171  173  175
     ptenh
      |(Class and Type) : variable name, REAL(8)
      |(Attributes)     : DIMENSION, INTENT(IN), dummy-argument
      |(Declaration)    : 4  49
      |(Definition)     : 
      |(Reference)      : 112  115
     r8
      |(Class and Type) : named constant, INTEGER(4)
      |(Attributes)     : use-associated
      |(Declaration)    : 
      |(Definition)     : 
      |(Reference)      : 30  49  56  70  75  76
     SQRT
      |(Class and Type) : intrinsic function name, REAL(8)
      |(Attributes)     : INTRINSIC, PURE, ELEMENTAL
      |(Declaration)    : 79
      |(Definition)     : 
      |(Reference)      : 197
     shr_kind_mod
      |(Class and Type) : module name
      |(Attributes)     : 
      |(Declaration)    : 
      |(Definition)     : 
      |(Reference)      : 30
     shr_kind_r8
      |(Class and Type) : use name
      |(Attributes)     : 
      |(Declaration)    : 
      |(Definition)     : 
      |(Reference)      : 30
     tmelt
      |(Class and Type) : variable name, REAL(8)
      |(Attributes)     : use-associated
      |(Declaration)    : 
      |(Definition)     : 
      |(Reference)      : 31  93  171
     zcons1
      |(Class and Type) : variable name, REAL(8)
      |(Attributes)     : 
      |(Declaration)    : 70
      |(Definition)     : 90
      |(Reference)      : 174
     zcons2
      |(Class and Type) : variable name, REAL(8)
      |(Attributes)     : 
      |(Declaration)    : 70
      |(Definition)     : 91
      |(Reference)      : 199
     zcucov
      |(Class and Type) : variable name, REAL(8)
      |(Attributes)     : 
      |(Declaration)    : 70
      |(Definition)     : 92
      |(Reference)      : 197  197  199
     zdpevap
      |(Class and Type) : variable name, REAL(8)
      |(Attributes)     : 
      |(Declaration)    : 70
      |(Definition)     : 215
      |(Reference)      : 216  217
     zdrfl
      |(Class and Type) : variable name, REAL(8)
      |(Attributes)     : 
      |(Declaration)    : 70
      |(Definition)     : 203
      |(Reference)      : 204
     zfac
      |(Class and Type) : variable name, REAL(8)
      |(Attributes)     : 
      |(Declaration)    : 70
      |(Definition)     : 174
      |(Reference)      : 175
     zpsubcl
      |(Class and Type) : variable name, REAL(8)
      |(Attributes)     : DIMENSION
      |(Declaration)    : 75
      |(Definition)     : 190  205
      |(Reference)      : 195  196  215
     zrfl
      |(Class and Type) : variable name, REAL(8)
      |(Attributes)     : 
      |(Declaration)    : 70
      |(Definition)     : 196
      |(Reference)      : 197  199  203
     zrfln
      |(Class and Type) : variable name, REAL(8)
      |(Attributes)     : 
      |(Declaration)    : 70
      |(Definition)     : 202
      |(Reference)      : 203  205
     zrmin
      |(Class and Type) : variable name, REAL(8)
      |(Attributes)     : 
      |(Declaration)    : 70
      |(Definition)     : 199
      |(Reference)      : 201
     zrnew
      |(Class and Type) : variable name, REAL(8)
      |(Attributes)     : 
      |(Declaration)    : 70
      |(Definition)     : 197  201
      |(Reference)      : 201  202
     zrsum
      |(Class and Type) : variable name, REAL(8)
      |(Attributes)     : 
      |(Declaration)    : 70
      |(Definition)     : 214
      |(Reference)      : 215  216  217
     zsnmlt
      |(Class and Type) : variable name, REAL(8)
      |(Attributes)     : 
      |(Declaration)    : 70
      |(Definition)     : 175
      |(Reference)      : 176  177  178
     ztmelp2
      |(Class and Type) : variable name, REAL(8)
      |(Attributes)     : 
      |(Declaration)    : 70
      |(Definition)     : 93
      |(Reference)      : 173  175
     ztmst
      |(Class and Type) : variable name, REAL(8)
      |(Attributes)     : 
      |(Declaration)    : 70
      |(Definition)     : 88
      |(Reference)      : 90  91
     ztodt
      |(Class and Type) : variable name, REAL(8)
      |(Attributes)     : INTENT(IN), dummy-argument
      |(Declaration)    : 4  49
      |(Definition)     : 
      |(Reference)      : 88
     zzp
      |(Class and Type) : variable name, REAL(8)
      |(Attributes)     : 
      |(Declaration)    : 70
      |(Definition)     : 145  146
      |(Reference)      : 146  146  147  148  149  150

 Total information
   Procedures       : 1
   Total lines      : 221
   Total statements : 120
   Total stack(byte): 4112
   Total prefetch num: 8

