
 Fujitsu Fortran Version 4.6.1  Thu Dec 28 14:56:29 2023

 Compilation information
   Current directory : /IFS/nwpr/gfs/xb169/code_update/tco639l72_sp/src_4cpl
   Source file       : cutype_n.f90

 Option information
   Command line options : -Kident_mpi -f2004 -c -X9 -Free -CcdRR8 -Cpp -Kfast,parallel,openmp,ocl,autoobjstack -x- -fw -Knofp_relaxed -SSL2BLAMP -Kopenmp,parallel -DTIMING -DUSE_FFTW -DRSM -DW3TAG -DGFDLMP_v2 -DCWBSUM -DSP -Ec -Nlst=a,lst=d,lst=i,lst=p,lst=t,lst=x -Koptmsg=2 -I. -I/users/xa09/pkg/fx1000/fftw-3.3.10/include -I/package/fx1000/netcdf-4.7.4/include -I/package/fx1000/g2lib-1.4.0_cwb/include -I/nwpr/gfs/xb157/CWBSUMc2/4cpl/components/coupler -I/nwpr/gfs/xb124/package/fx1000/MCT/include -DTIMCOMCPL -L/package/fx1000/netcdf-4.7.4/lib -lnetcdff -lnetcdf -L/package/fx1000/hdf5-1.10.7/lib -lhdf5_hl -lhdf5 -L/package/fx1000/dms/lib -lrdms -lgdbm -L/package/fx1000/operlib/lib -lnwp -L/users/xa09/pkg/fx1000/fftw-3.3.10/lib -lfftw3f_threads -lfftw3f -lfftw3_threads -lfftw3 -SSL2BLAMP -L/nwpr/gfs/xb124/CWBSUMc2/components/rsm/lib/cwb_mpmd -lmpmd -L/package/fx1000/g2lib-1.4.0_cwb/lib -lg2 -L/package/fx1000/libpng-1.6.37/lib -lpng -L/package/fx1000/jasper-1.900.1/lib -ljasper -L/nwpr/gfs/xb157/CWBSUMc2/4cpl/components/coupler -lcpl -L/nwpr/gfs/xb124/package/fx1000/MCT/lib -lmct -lmpeu -I/opt/FJSVxtclanga/.common/MELI025/include/mpi/fujitsu -I/opt/FJSVxtclanga/.common/MELI025/lib64 -Knointentopt
   Cpp options          : -DTIMING -DUSE_FFTW -DRSM -DW3TAG -DGFDLMP_v2 -DCWBSUM -DSP -I. -I/users/xa09/pkg/fx1000/fftw-3.3.10/include -I/package/fx1000/netcdf-4.7.4/include -I/package/fx1000/g2lib-1.4.0_cwb/include -I/nwpr/gfs/xb157/CWBSUMc2/4cpl/components/coupler -I/nwpr/gfs/xb124/package/fx1000/MCT/include -DTIMCOMCPL -I/opt/FJSVxtclanga/.common/MELI025/include/mpi/fujitsu -I/opt/FJSVxtclanga/.common/MELI025/lib64 -Dunix -Dlinux -D__FUJITSU -D__FRT_major__=4 -D__FRT_minor__=6 -D__FRT_patchlevel__=1 -D__FRT_version__="4.6.1" -D__aarch64__ -D__unix -D_OPENMP=201511 -D__frt_version=800 -D__ARM_ARCH=8 -D__ARM_FEATURE_SVE -D__ELF__ -D__unix__ -D__linux__ -D__linux -Asystem(unix) -otmp
   Effective options    : -fw -g0 -AE -Ec -Free -O3 -X9
                          -CcdRR8 -x- -xaccept=nomodule_allocatable
                          -KA64FX -KARMV8_3_A -KSVE -Kalign_commons
                          -Kalign_loops -Knoarray_declaration_opt
                          -Kassume=noshortloop -Kassume=nomemory_bandwidth
                          -Kassume=notime_saving_compilation -Kauto
                          -Kautoobjstack -Knocalleralloc -Kcmodel=small
                          -Keval -Keval_noconcurrent -Knoextract_stride_store
                          -Knofenv_access -Kfp_contract -Knofp_relaxed
                          -Kfsimple -Kfz -Khpctag -Kilfunc=procedure
                          -Knointentopt -Klargepage -Kloop_blocking
                          -Kloop_fission -Kloop_nofission_stripmining
                          -Kloop_fission_threshold=50 -Kloop_fusion
                          -Kloop_interchange -Kloop_part_parallel
                          -Kloop_part_simd -Kloop_perfect_nest
                          -Kloop_noversioning -Knolto -Kmfunc=1 -Kocl
                          -Komitfp -Knooptlib_string -Koptmsg=2
                          -Knopc_relative_literal_loads -Kplt -Knopreex
                          -Kprefetch_noconditional -Kprefetch_noindirect
                          -Kprefetch_sequential=auto -Kprefetch_nostride
                          -Kprefetch_cache_level=all -Kprefetch_noinfer
                          -Kprefetch_strong -Kprefetch_strong_L2 -Knopreload
                          -Ksch_post_ra -Ksch_pre_ra -Ksibling_calls
                          -Ksimd=auto -Ksimd_packed_promotion
                          -Ksimd_reduction_product -Ksimd_reg_size=512
                          -Ksimd_nouncounted_loop
                          -Ksimd_use_multiple_structures -Knostriping
                          -Knosubscript_opt -Kswp -Kswp_freg_rate=100
                          -Kswp_ireg_rate=100 -Kswp_preg_rate=100
                          -Kswp_policy=auto -Ktemparraystack -Kunroll
                          -Knounroll_and_jam -Knozfill
                          -Kopenmp -Kopenmp_noassume_norecurrence
                          -Kopenmp_nocollapse_except_innermost
                          -Kopenmp_noordered_reduction -Knoopenmp_simd
                          -Kthreadsafe -Kparallel -Kparallel_nofp_precision
                          -Knoarray_private -Knodynamic_iteration -Kreduction
                          -Kregion_extension
                          -Nallextput -Nnoalloc_assign
                          -Ncancel_overtime_compilation -Nnocheck_global
                          -Nnocoarray -Nnocompdisp -Nnocopyarg -Nnocoverage
                          -Nfjprof -Nfreealloc -Nf90move -Nnohook_func
                          -Nnohook_time -Nlibomp -Nline -Nlst -Nlst=a -Nlst=d
                          -Nlst=i -Nlst=p -Nlst=t -Nlst=x -Nnomallocfree
                          -Nnoobsfun -Nnoprivatealloc -Nquickdbg=noargchk
                          -Nquickdbg=nosubchk -Nquickdbg=noundef -NRnotrap
                          -Nnorecursive -Nnoreordered_variable_stack
                          -Nrt_notune -Nnosave -Nsetvalue=noheap
                          -Nsetvalue=nostack -Nsetvalue=noscalar
                          -Nsetvalue=noarray -Nsetvalue=nostruct -Nuse_rodata

 External subroutine subprogram "cutype_n"
  (inc)(line-no.)(nest)(optimize)
               1                           subroutine cutype_n &
               2                          &   ( nxj,     klon,    klev,     klevp1,   klevm1,     pqen,&
               3                          &     ptenh,   pqenh,     pqsenh,    pgeoh,     paph,&
               4                          &       hfx,     qfx,       pgeo,    pqsen,      pap,&
               5                          &      pten,    lndj,       cutu,     cuqu,    culab,&
               6                          &     ldcum,   cubot,      cutop,    ktype,    wbase,    culu,   kdpl,&
               7                          &     p650,     jin    )
               8                     !      zhang & wang      iprc           2011-2013
               9                     !***purpose.
              10                     !   --------
              11                     !          to produce first guess updraught for cu-parameterizations
              12                     !          calculates condensation level, and sets updraught base variables and
              13                     !          first guess cloud type
              14                     !***interface
              15                     !   ---------
              16                     !          this routine is called from *cumastr*.
              17                     !          input are environm. values of t,q,p,phi at half levels.
              18                     !          it returns cloud types as follows;
              19                     !                 ktype=1 for deep cumulus
              20                     !                 ktype=2 for shallow cumulus
              21                     !***method.
              22                     !  --------
              23                     !          based on a simplified updraught equation
              24                     !            partial(hup)/partial(z)=eta(h - hup)
              25                     !            eta is the entrainment rate for test parcel
              26                     !            h stands for dry static energy or the total water specific humidity
              27                     !            references: christian jakob, 2003: a new subcloud model for
              28                     !            mass-flux convection schemes
              29                     !                        influence on triggering, updraft properties, and model
              30                     !                        climate, mon.wea.rev.
              31                     !                        131, 2765-2778
              32                     !            and
              33                     !                        ifs documentation - cy36r1,cy38r1
              34                     !***input variables:
              35                     !       ptenh [ztenh] - environment temperature on half levels. (cuini)
              36                     !       pqenh [zqenh] - env. specific humidity on half levels. (cuini)
              37                     !       pgeoh [zgeoh] - geopotential on half levels, (mssflx)
              38                     !       paph - pressure of half levels. (mssflx)
              39                     !       rho  - density of the lowest model level
              40                     !       qfx  - net upward moisture flux at the surface (kg/m^2/s)
              41                     !       hfx  - net upward heat flux at the surface (w/m^2)
              42                     !***variables output by cutype:
              43                     !       ktype - convection type - 1: penetrative  (cumastr)
              44                     !                                 2: stratocumulus (cumastr)
              45                     !                                 3: mid-level  (cuasc)
              46                     !       information for updraft parcel (ptu,pqu,plu,kcbot,klab,kdpl...)
              47                     ! ----------------------------------------------------------------
              48                       USE mo_constants,    ONLY: cpd,    &! specific heat at constant pressure
              49                                                  rcpd,   &! rcpd=1./cpd
              50                                                  vtmpc1, &! vtmpc1=rv/rd-1
              51                                                  zrg,    &! 1.0/g
              52                                                  ralfdcp,&
              53                                                  rd,     &
              54                                                  g,      &
              55                                                  c4les,  &
              56                                                  c5les,  &
              57                                                  c4ies,  &
              58                                                  c5ies
              59                       USE mo_cumulus_flux, ONLY: lmfdudv, & ! true if cumulus friction is switched on
              60                                                  zdnoprc
              61                     
              62                     !-------------------------------------------------------------------
              63                           implicit none
              64                     !-------------------------------------------------------------------
              65                           integer  klon, klev, klevp1, klevm1,nxj,p650,jin
              66                           real     foeewm,foealfa
              67                           real     ptenh(klon,klev),       pqenh(klon,klev),&
              68                          &         pqsen(klon,klev),       pqsenh(klon,klev),&
              69                          &         pgeoh(klon,klevp1),     paph(klon,klevp1),&
              70                          &         pap(klon,klev),         pqen(klon,klev)
              71                           real     pten(klon,klev)
              72                           real     ptu(klon,klev),pqu(klon,klev),plu(klon,klev)
              73                           real     pgeo(klon,klev)
              74                           integer  klab(klon,klev)
              75                           integer  kctop(klon),kcbot(klon)
              76                     
              77                           real     qfx(klon),hfx(klon)
              78                           real     zph(klon)
              79                           integer  lndj(klon)
              80                           logical  loflag(klon), deepflag(klon), resetflag(klon)
              81                     
              82                     ! output variables
              83                           real     cutu(klon,klev), cuqu(klon,klev), culu(klon,klev)
              84                           integer  culab(klon,klev)
              85                           real     wbase(klon)
              86                           integer  ktype(klon),cubot(klon),cutop(klon),kdpl(klon)
              87                           logical  ldcum(klon)
              88                     
              89                     ! local variables
              90                           real     zqold(klon)
              91                           real     rho, part1, part2, root, conw, deltt, deltq
              92                           real     eta(klon),dz(klon),coef(klon)
              93                           real     dhen(klon,klev), dh(klon,klev)
              94                           real     plude(klon,klev)
              95                           real     kup(klon,klev)
              96                           real     vptu(klon,klev),vten(klon,klev)
              97                           real     zbuo(klon,klev),abuoy(klon,klev)
              98                     
              99                           real     zz,zdken,zdq
             100                           real     fscale,crirh1,pp
             101                           real     atop1,atop2,abot
             102                           real     tmix,zmix,qmix,pmix
             103                           real     zlglac,dp,t13
             104                           integer  nk,is,ikb,ikt
             105                     
             106                           real     zqsu,zcor,zdp,zesdp,zalfaw,zfacw,zfaci,zfac,zdsdp,zdqsdt,zdtdp
             107                           real     zpdifftop, zpdiffbot
             108                           integer  zcbase(klon)
             109                           integer  jl,jk,ik,icall,levels
             110                           logical  needreset, lldcum(klon)
             111                     !--------------------------------------------------------------
             112                           t13 = 1.0/3.0
             113                     !xb110>
                                   <<< Loop-information Start >>>
                                   <<<  [PARALLELIZATION]
                                   <<<    Standard iteration count: 640
                                   <<<  [OPTIMIZATION]
                                   <<<    SIMD(VL: 8)
                                   <<<    PREFETCH(HARD) Expected by compiler :
                                   <<<      cutop, cubot, zcbase, zph, coef, dz, eta
                                   <<< Loop-information  End >>>
             114        pp    v            eta = 0.
             115         p    v            dz  = 0.
             116         p    v            coef = 0.
             117         p    v            zph  = 0.
             118         p    v            zcbase = 0.
             119                     
             120         p    v            cubot = -1
             121         p    v            cutop = -1
             122                     !xb110<
             123                     !
                                   <<< Loop-information Start >>>
                                   <<<  [PARALLELIZATION]
                                   <<<    Standard iteration count: 696
                                   <<<  [OPTIMIZATION]
                                   <<<    SIMD(VL: 8)
                                   <<<    PREFETCH(HARD) Expected by compiler :
                                   <<<      kcbot, kctop, kdpl, ktype, wbase, ldcum
                                   <<< Loop-information  End >>>
             124     1  pp   2v            do jl = 1, nxj
             125     1   p   2v              kcbot(jl)=klev
             126     1   p   2v              kctop(jl)=klev
             127     1   p   2v              kdpl(jl) =klev
             128     1   p   2v              ktype(jl)=0
             129     1   p   2v              wbase(jl)=0.
             130     1   p   2v              ldcum(jl)=.false.
             131     1   p   2v            end do
             132                     
             133                     !-----------------------------------------------------------
             134                     ! let's do test,and check the shallow convection first
             135                     ! the first level is klev
             136                     ! define deltat and deltaq
             137                     !-----------------------------------------------------------
                                   <<< Loop-information Start >>>
                                   <<<  [PARALLELIZATION]
                                   <<<    Standard iteration count: 2
                                   <<<  [OPTIMIZATION]
                                   <<<    PREFETCH(HARD) Expected by compiler :
                                   <<<      culab, cutu, cuqu, culu, ptu, zbuo, vten
                                   <<<      vptu, kup, dhen, dh, pqu, klab, plu
                                   <<<      abuoy
                                   <<< Loop-information  End >>>
             138     1  pp                 do jk=1,klev
                                   <<< Loop-information Start >>>
                                   <<<  [OPTIMIZATION]
                                   <<<    SIMD(VL: 8)
                                   <<<    SOFTWARE PIPELINING(IPC: 2.53, ITR: 40, MVE: 3, POL: S)
                                   <<<    PREFETCH(HARD) Expected by compiler :
                                   <<<      culu, cutu, ptu, zbuo, vten, vptu, kup
                                   <<<      dhen, dh, klab, culab, cuqu, pqu, plu
                                   <<<      abuoy
                                   <<< Loop-information  End >>>
             139     2   p    v             do jl = 1, nxj
             140     2   p    v                plu(jl,jk)=culu(jl,jk)  ! parcel liquid water
             141     2   p    v                ptu(jl,jk)=cutu(jl,jk)  ! parcel temperature
             142     2   p    v                pqu(jl,jk)=cuqu(jl,jk)  ! parcel specific humidity
             143     2   p    v                klab(jl,jk)=culab(jl,jk)
             144     2   p    v                 dh(jl,jk)=0.0  ! parcel dry static energy
             145     2   p    v               dhen(jl,jk)=0.0  ! environment dry static energy
             146     2   p    v                kup(jl,jk)=0.0  ! updraught kinetic energy for parcel
             147     2   p    v               vptu(jl,jk)=0.0  ! parcel virtual temperature considering water-loading
             148     2   p    v               vten(jl,jk)=0.0  ! environment virtual temperature
             149     2   p    v               zbuo(jl,jk)=0.0  ! parcel buoyancy
             150     2   p    v               abuoy(jl,jk)=0.0
             151     2   p    v            end do
             152     1   p                 end do
             153                     
                                   <<< Loop-information Start >>>
                                   <<<  [PARALLELIZATION]
                                   <<<    Standard iteration count: 1143
                                   <<<  [OPTIMIZATION]
                                   <<<    SIMD(VL: 8)
                                   <<<    PREFETCH(HARD) Expected by compiler :
                                   <<<      zqold, lldcum, loflag
                                   <<< Loop-information  End >>>
             154     1  pp   2v             do jl = 1, nxj
             155     1   p   2v               zqold(jl) = 0.
             156     1   p   2v               lldcum(jl) = .false.
             157     1   p   2v               loflag(jl) = .true.
             158     1   p   2v            end do
             159                     
             160                     ! check the levels from lowest level to second top level
             161     1                     do jk=klevm1,2,-1
             162     1               
             163     1               ! define the variables at the first level
             164     2                     if(jk .eq. klevm1) then
                                   <<< Loop-information Start >>>
                                   <<<  [PARALLELIZATION]
                                   <<<    Standard iteration count: 33
                                   <<<  [OPTIMIZATION]
                                   <<<    SIMD(VL: 8)
                                   <<<    PREFETCH(HARD) Expected by compiler :
                                   <<<      qfx, hfx, pten, ptenh, pgeoh, klab
                                   <<<      loflag, dhen, pqenh, pqen, paph, vten
                                   <<<      kup, ptu, dh
                                   <<<    PREFETCH(SOFT) : 6
                                   <<<     SEQUENTIAL : 6
                                   <<<      zbuo: 2, vptu: 2, pqu: 2
                                   <<< Loop-information  End >>>
             165     3  pp    v             do jl = 1, nxj
             166     3   p    v              rho=paph(jl,klev+1)/ &
             167     3                    &         (rd*(pten(jl,klev)*(1.+vtmpc1*pqen(jl,klev))))
             168     3   p    v              part1 = 1.5*0.4*(pgeoh(jl,klev)-pgeoh(jl,klev+1))/ &
             169     3                    &              (rho*pten(jl,klev))
             170     3   p    v              part2 = -hfx(jl)*rcpd-vtmpc1*pten(jl,klev)*qfx(jl)
             171     3   p    v              root  = 0.001-part1*part2
             172     4   p    v              if(part2 .lt. 0.) then
             173     4   p    v                 conw  = 1.2*(root)**t13
             174     4   p    v                 deltt = max(1.5*hfx(jl)/(rho*cpd*conw),0.)
             175     4   p    v                 deltq = max(1.5*qfx(jl)/(rho*conw),0.)
             176     4   p    v                 kup(jl,klev) = 0.5*(conw**2)
             177     4   p    v                 pqu(jl,klev)= pqenh(jl,klev) + deltq
             178     4   p    v                dhen(jl,klev)= pgeoh(jl,klev) + ptenh(jl,klev)*cpd
             179     4   p    v                 dh(jl,klev) = dhen(jl,klev)  + deltt*cpd
             180     4   p    v                ptu(jl,klev) = (dh(jl,klev)-pgeoh(jl,klev))*rcpd
             181     4   p    v                vptu(jl,klev)=ptu(jl,klev)*(1.+vtmpc1*pqu(jl,klev))
             182     4   p    v                vten(jl,klev)=ptenh(jl,klev)*(1.+vtmpc1*pqenh(jl,klev))
             183     4   p    v                zbuo(jl,klev)=(vptu(jl,klev)-vten(jl,klev))/vten(jl,klev)
             184     4   p    v                klab(jl,klev) = 1
             185     4   p    v              else
             186     4   p    v                loflag(jl) = .false.
             187     4   p    v              end if
             188     3   p    v            end do
             189     2                     end if
             190     1               
             191     1                     is=0
                                   <<< Loop-information Start >>>
                                   <<<  [PARALLELIZATION]
                                   <<<    Standard iteration count: 1067
                                   <<<  [OPTIMIZATION]
                                   <<<    SIMD(VL: 16)
                                   <<< Loop-information  End >>>
             192     2  pp    v             do jl = 1, nxj
             193     3   p    v               if(loflag(jl))then
             194     3   p                       is=is+1
             195     3   p    v               endif
             196     2   p    v            enddo
             197     1                     if(is.eq.0) exit
             198     1               
             199     1               ! the next levels, we use the variables at the first level as initial values
                                   <<< Loop-information Start >>>
                                   <<<  [PARALLELIZATION]
                                   <<<    Standard iteration count: 159
                                   <<<  [OPTIMIZATION]
                                   <<<    SIMD(VL: 8)
                                   <<<    PREFETCH(HARD) Expected by compiler :
                                   <<<      loflag, pgeo, eta, pgeoh, dz, coef
                                   <<<      ptenh, dhen, dh, pqu, pqenh, zqold
                                   <<<    PREFETCH(SOFT) : 8
                                   <<<     SEQUENTIAL : 8
                                   <<<      pqu: 2, paph: 2, ptu: 2, zph: 2
                                   <<<    SPILLS :
                                   <<<      GENERAL   : SPILL 0  FILL 1
                                   <<<      SIMD&FP   : SPILL 0  FILL 0
                                   <<<      SCALABLE  : SPILL 0  FILL 0
                                   <<<      PREDICATE : SPILL 0  FILL 0
                                   <<< Loop-information  End >>>
             200     2  pp    v             do jl = 1, nxj
             201     3   p    v            if(loflag(jl)) then
             202     3               !         eta(jl) = 0.55/((pgeoh(jl,jk)-pgeoh(jl,klev+1))*zrg)+1.0e-4
             203     3   p    v              eta(jl) = 0.8/(pgeo(jl,jk)*zrg)+2.e-4             !xb110, for more stable
             204     3   p    v              dz(jl)  = (pgeoh(jl,jk)-pgeoh(jl,jk+1))*zrg
             205     3   p    v              coef(jl)= 0.5*eta(jl)*dz(jl)
             206     3   p    v              dhen(jl,jk) = pgeoh(jl,jk) + cpd*ptenh(jl,jk)
             207     3   p    v              dh(jl,jk) = (coef(jl)*(dhen(jl,jk+1)+dhen(jl,jk))&
             208     3                    &              +(1.-coef(jl))*dh(jl,jk+1))/(1.+coef(jl))
             209     3   p    v              pqu(jl,jk) =(coef(jl)*(pqenh(jl,jk+1)+pqenh(jl,jk))&
             210     3                    &              +(1.-coef(jl))*pqu(jl,jk+1))/(1.+coef(jl))
             211     3   p    v              ptu(jl,jk) = (dh(jl,jk)-pgeoh(jl,jk))*rcpd
             212     3   p    v              zqold(jl) = pqu(jl,jk)
             213     3   p    v              zph(jl)=paph(jl,jk)
             214     3   p    v            end if
             215     2   p    v            end do
             216     1               ! check if the parcel is saturated
             217     1                     ik=jk
             218     1                     icall=1
             219     1                     call cuadjtq_n(nxj,klon,klev,ik,zph,ptu,pqu,loflag,icall)
                                   <<< Loop-information Start >>>
                                   <<<  [OPTIMIZATION]
                                   <<<    PREFETCH(HARD) Expected by compiler :
                                   <<<      loflag
                                   <<<    SPILLS :
                                   <<<      GENERAL   : SPILL 5  FILL 26
                                   <<<      SIMD&FP   : SPILL 0  FILL 0
                                   <<<      SCALABLE  : SPILL 0  FILL 0
                                   <<<      PREDICATE : SPILL 0  FILL 0
                                   <<< Loop-information  End >>>
             220     2   s    s              do jl = 1, nxj
             221     3   p    v              if( loflag(jl) ) then
             222     3   p    v                pqu(jl,jk) =max(pqu(jl,jk),0.) !xb110, to make sure that pqu is positive
             223     3   p    v                zdq = max((zqold(jl) - pqu(jl,jk)),0.)
             224     3   p    v                plu(jl,jk) = plu(jl,jk+1) + zdq
             225     3   s    s                zlglac=zdq*((1.-foealfa(ptu(jl,jk))) - &
             226     3                                     (1.-foealfa(ptu(jl,jk+1))))
             227     3   p    v                plu(jl,jk) = min(plu(jl,jk),5.e-3)
             228     3   m    m                dh(jl,jk) =  pgeoh(jl,jk) + cpd*(ptu(jl,jk)+ralfdcp*zlglac)
             229     3               ! compute the updraft speed
             230     3   m    m                vptu(jl,jk) = ptu(jl,jk)*(1.+vtmpc1*pqu(jl,jk)-plu(jl,jk))+&
             231     3                                       ralfdcp*zlglac
             232     3   m    m                vten(jl,jk) = ptenh(jl,jk)*(1.+vtmpc1*pqenh(jl,jk))
             233     3   p    v                zbuo(jl,jk) = (vptu(jl,jk) - vten(jl,jk))/vten(jl,jk)
             234     3   m    m                abuoy(jl,jk)=(zbuo(jl,jk)+zbuo(jl,jk+1))*0.5*g
             235     3   p    v                atop1 = 1.0 - 2.*coef(jl)
             236     3   p    v                atop2 = 2.0*dz(jl)*abuoy(jl,jk)
             237     3   p    v                abot =  1.0 + 2.*coef(jl)
             238     3   p    v                kup(jl,jk)  = (atop1*kup(jl,jk+1) + atop2) / abot
             239     3               
             240     3               ! let's find the exact cloud base
             241     4   p    v               if ( plu(jl,jk) > 0. .and. klab(jl,jk+1) == 1 ) then
             242     4   s    s                    ik = jk + 1
             243     4   s    s                    zqsu = foeewm(ptu(jl,ik))/paph(jl,ik)
             244     4   s    s                    zqsu = min(0.5,zqsu)
             245     4   m    m                    zcor = 1./(1.-vtmpc1*zqsu)
             246     4   p    v                    zqsu = zqsu*zcor
             247     4   p    v                    zdq = min(0.,pqu(jl,ik)-zqsu)
             248     4   s    s                    zalfaw = foealfa(ptu(jl,ik))
             249     4   s    s                    zfacw = c5les/((ptu(jl,ik)-c4les)**2)
             250     4   s    s                    zfaci = c5ies/((ptu(jl,ik)-c4ies)**2)
             251     4   p    v                    zfac = zalfaw*zfacw + (1.-zalfaw)*zfaci
             252     4   s    s                    zesdp = foeewm(ptu(jl,ik))/paph(jl,ik)
             253     4   s    s                    zcor = 1./(1.-vtmpc1*zesdp)
             254     4   s    s                    zdqsdt = zfac*zcor*zqsu
             255     4   s    s                    zdtdp = rd*ptu(jl,ik)/(cpd*paph(jl,ik))
             256     4   s    s                    zdp = zdq/(zdqsdt*zdtdp)
             257     4   m    m                    zcbase(jl) = paph(jl,ik) + zdp
             258     4               ! chose nearest half level as cloud base (jk or jk+1)
             259     4   p    v                    zpdifftop = zcbase(jl) - paph(jl,jk)
             260     4   p    v                    zpdiffbot = paph(jl,jk+1) - zcbase(jl)
             261     5   p    v                    if ( zpdifftop > zpdiffbot .and. kup(jl,jk+1) > 0. ) then
             262     5   p    v                      ikb = min(klev-1,jk+1)
             263     5   p    v                      klab(jl,ikb) = 2
             264     5   p    v                      klab(jl,jk) = 2
             265     5   p    v                      kcbot(jl) = ikb
             266     5   p    v                      plu(jl,jk+1) = 1.0e-8
             267     5   p    v                    else if ( zpdifftop <= zpdiffbot .and.kup(jl,jk) > 0. ) then
             268     5   p    v                      klab(jl,jk) = 2
             269     5   p    v                      kcbot(jl) = jk
             270     5   p    v                    end if
             271     4   p    v                end if
             272     3               
             273     4   p    v                if(kup(jl,jk) .lt. 0.)then
             274     4   p    v                  loflag(jl) = .false.
             275     5   p    v                  if(plu(jl,jk+1) .gt. 0.) then
             276     5   p    v                    kctop(jl) = jk
             277     5   p    v                    lldcum(jl) = .true.
             278     5   p    v                  else
             279     5   p    v                    lldcum(jl) = .false.
             280     5   p    v                  end if
             281     4   p    v                else if(plu(jl,jk) .gt. 0.)then
             282     4   p    v                    klab(jl,jk)=2
             283     4   p    v                else
             284     4   p    v                    klab(jl,jk)=1
             285     4   p    v                end if
             286     3   p    v              end if
             287     2   p    v            end do
             288     1               
             289     1                     end do ! end all the levels
             290                     
                                   <<< Loop-information Start >>>
                                   <<<  [PARALLELIZATION]
                                   <<<    Standard iteration count: 189
                                   <<<  [OPTIMIZATION]
                                   <<<    SIMD(VL: 8)
                                   <<<    SOFTWARE PIPELINING(IPC: 1.14, ITR: 72, MVE: 5, POL: S)
                                   <<<    PREFETCH(HARD) Expected by compiler :
                                   <<<      lldcum, wbase, cubot, cutop, ldcum
                                   <<<      ktype, kdpl, kcbot, kctop
                                   <<< Loop-information  End >>>
             291     1  pp    v            do jl = 1, nxj
             292     1   p    v              ikb = kcbot(jl)
             293     1   p    v              ikt = kctop(jl)
             294     1   p    v              if(paph(jl,ikb) - paph(jl,ikt) > zdnoprc) lldcum(jl) = .false.
             295     2   p    v              if(lldcum(jl)) then
             296     2   p    v                  ktype(jl) = 2
             297     2   p    v                  ldcum(jl) = .true.
             298     2   p    v                  wbase(jl) = sqrt(max(2.*kup(jl,ikb),0.))
             299     2   p    v                  cubot(jl) = ikb
             300     2   p    v                  cutop(jl) = ikt
             301     2   p    v                  kdpl(jl)  = klev
             302     2   p    v              else
             303     2   p    v                  cutop(jl) = -1
             304     2   p    v                  cubot(jl) = -1
             305     2   p    v                  kdpl(jl)  = klev - 1
             306     2   p    v                  ldcum(jl) = .false.
             307     2   p    v                  wbase(jl) = 0.
             308     2   p    v              end if
             309     1   p    v            end do
             310                     
                                   <<< Loop-information Start >>>
                                   <<<  [PARALLELIZATION]
                                   <<<    Standard iteration count: 2
                                   <<<  [OPTIMIZATION]
                                   <<<    PREFETCH(HARD) Expected by compiler :
                                   <<<      kctop, klab, ptu, pqu, plu, culab, cutu
                                   <<<      cuqu, culu
                                   <<< Loop-information  End >>>
             311     1  pp                 do jk=klev,1,-1
                                   <<< Loop-information Start >>>
                                   <<<  [OPTIMIZATION]
                                   <<<    SIMD(VL: 8)
                                   <<<    SOFTWARE PIPELINING(IPC: 2.85, ITR: 72, MVE: 4, POL: S)
                                   <<<    PREFETCH(HARD) Expected by compiler :
                                   <<<      kctop, ptu, pqu, klab, plu, culab, cutu
                                   <<<      cuqu, culu
                                   <<< Loop-information  End >>>
             312     2   p    v              do jl = 1, nxj
             313     2   p    v                 ikt = kctop(jl)
             314     3   p    v                 if(jk .ge. ikt)then
             315     3   p    v                   culab(jl,jk) = klab(jl,jk)
             316     3   p    v                   cutu(jl,jk)  = ptu(jl,jk)
             317     3   p    v                   cuqu(jl,jk)  = pqu(jl,jk)
             318     3   p    v                   culu(jl,jk)  = plu(jl,jk)
             319     3   p    v                 end if
             320     2   p    v             end do
             321     1   p                 end do
             322                     
             323                     !-----------------------------------------------------------
             324                     ! next, let's check the deep convection
             325                     ! the first level is klevm1-1
             326                     ! define deltat and deltaq
             327                     !----------------------------------------------------------
             328                     ! we check the parcel starting level by level
             329                     ! assume the mix-layer is 60hPa
             330                           deltt = 0.2
             331                           deltq = 1.0e-4
                                   <<< Loop-information Start >>>
                                   <<<  [PARALLELIZATION]
                                   <<<    Standard iteration count: 2000
                                   <<<  [OPTIMIZATION]
                                   <<<    SIMD(VL: 16)
                                   <<<    PREFETCH(HARD) Expected by compiler :
                                   <<<      deepflag
                                   <<< Loop-information  End >>>
             332     1  pp   4v            do jl = 1, nxj
             333     1   p   4v              deepflag(jl) = .false.
             334     1   p   4v            end do
             335                     
             336     1                     do levels=klevm1-1,p650,-1 ! loop starts
                                   <<< Loop-information Start >>>
                                   <<<  [PARALLELIZATION]
                                   <<<    Standard iteration count: 2
                                   <<< Loop-information  End >>>
             337     2  pp                   do jk=1,klev
                                   <<< Loop-information Start >>>
                                   <<<  [OPTIMIZATION]
                                   <<<    SIMD(VL: 8)
                                   <<<    PREFETCH(HARD) Expected by compiler :
                                   <<<      klab, zbuo, abuoy, vten, vptu, kup, dhen
                                   <<<      dh, pqu, ptu, plu
                                   <<< Loop-information  End >>>
             338     3   p    v                 do jl = 1, nxj
             339     3   p    v                   plu(jl,jk)=0.0  ! parcel liquid water
             340     3   p    v                   ptu(jl,jk)=0.0  ! parcel temperature
             341     3   p    v                   pqu(jl,jk)=0.0  ! parcel specific humidity
             342     3   p    v                   dh(jl,jk)=0.0   ! parcel dry static energy
             343     3   p    v                   dhen(jl,jk)=0.0  ! environment dry static energy
             344     3   p    v                   kup(jl,jk)=0.0   ! updraught kinetic energy for parcel
             345     3   p    v                   vptu(jl,jk)=0.0  ! parcel virtual temperature consideringwater-loading
             346     3   p    v                   vten(jl,jk)=0.0  ! environment virtual temperature
             347     3   p    v                   abuoy(jl,jk)=0.0
             348     3   p    v                   zbuo(jl,jk)=0.0
             349     3   p    v                   klab(jl,jk)=0
             350     3   p    v                end do
             351     2   p                   end do
             352     1               
                                   <<< Loop-information Start >>>
                                   <<<  [PARALLELIZATION]
                                   <<<    Standard iteration count: 593
                                   <<<  [OPTIMIZATION]
                                   <<<    SIMD(VL: 8)
                                   <<<    SOFTWARE PIPELINING(IPC: 2.28, ITR: 48, MVE: 3, POL: S)
                                   <<<    PREFETCH(HARD) Expected by compiler :
                                   <<<      deepflag, loflag, kcbot, kctop, zqold
                                   <<<      lldcum, resetflag
                                   <<< Loop-information  End >>>
             353     2  pp    v               do jl = 1, nxj
             354     2   p    v                 kcbot(jl)    =  levels
             355     2   p    v                 kctop(jl)    =  levels
             356     2   p    v                 zqold(jl)    = 0.
             357     2   p    v                 lldcum(jl)   = .false.
             358     2   p    v                 resetflag(jl)= .false.
             359     2   p    v                 loflag(jl)   = .not. deepflag(jl)
             360     2   p    v              end do
             361     1               
             362     1               ! start the inner loop to search the deep convection points
                                   <<< Loop-information Start >>>
                                   <<<  [OPTIMIZATION]
                                   <<<    PREFETCH(HARD) Expected by compiler :
                                   <<<      loflag, pqsen, pgeoh, pqenh, ptenh, dhen
                                   <<<      dh, pqu, eta, dz, coef
                                   <<<    PREFETCH(SOFT) : 10
                                   <<<     SEQUENTIAL : 10
                                   <<<      paph: 2, zqold: 2, ptu: 2, pqu: 2
                                   <<<      zph: 2
                                   <<< Loop-information  End >>>
             363     2                     do jk=levels,2,-1
             364     2                       is=0
                                   <<< Loop-information Start >>>
                                   <<<  [PARALLELIZATION]
                                   <<<    Standard iteration count: 1067
                                   <<<  [OPTIMIZATION]
                                   <<<    SIMD(VL: 16)
                                   <<< Loop-information  End >>>
             365     3  pp    v               do jl = 1, nxj
             366     4   p    v               if(loflag(jl))then
             367     4   p                       is=is+1
             368     4   p    v               endif
             369     3   p    v              enddo
             370     2                       if(is.eq.0) exit
             371     2               
             372     2               ! define the variables at the departure level
             373     3                       if(jk .eq. levels) then
                                   <<< Loop-information Start >>>
                                   <<<  [PARALLELIZATION]
                                   <<<    Standard iteration count: 2
                                   <<< Loop-information  End >>>
             374     4  pp                    do jl = 1,nxj
             375     5   p                     if(loflag(jl)) then
             376     6   p                       if((paph(jl,klev+1)-paph(jl,jk)) < 60.e2) then
             377     6   p                         tmix=0.
             378     6   p                         qmix=0.
             379     6   p                         zmix=0.
             380     6   p                         pmix=0.
             381     7   p   2s                    do nk=jk+2,jk,-1
             382     8   p   2s                    if(pmix < 50.e2) then
             383     8   p   2s                      dp = paph(jl,nk) - paph(jl,nk-1)
             384     8   p   2v                      tmix=tmix+dp*ptenh(jl,nk)
             385     8   p   2v                      qmix=qmix+dp*pqenh(jl,nk)
             386     8   p   2v                      zmix=zmix+dp*pgeoh(jl,nk)
             387     8   p   2s                      pmix=pmix+dp
             388     8   p   2v                    end if
             389     7   p   2v                    end do
             390     6   p                         tmix=tmix/pmix
             391     6   p                         qmix=qmix/pmix
             392     6   p                         zmix=zmix/pmix
             393     6   p                       else
             394     6   p                         tmix=ptenh(jl,jk+1)
             395     6   p                         qmix=pqenh(jl,jk+1)
             396     6   p                         zmix=pgeoh(jl,jk+1)
             397     6   p                       end if
             398     5               
             399     5   p                       pqu(jl,jk+1) = qmix + deltq
             400     5   p                       dhen(jl,jk+1)= zmix + tmix*cpd
             401     5   p                       dh(jl,jk+1)  = dhen(jl,jk+1) + deltt*cpd
             402     5   p                       ptu(jl,jk+1) = (dh(jl,jk+1)-pgeoh(jl,jk+1))*rcpd
             403     5   p                       kup(jl,jk+1) = 0.5
             404     5   p                       klab(jl,jk+1)= 1
             405     5   p                       vptu(jl,jk+1)=ptu(jl,jk+1)*(1.+vtmpc1*pqu(jl,jk+1))
             406     5   p                       vten(jl,jk+1)=ptenh(jl,jk+1)*(1.+vtmpc1*pqenh(jl,jk+1))
             407     5   p                       zbuo(jl,jk+1)=(vptu(jl,jk+1)-vten(jl,jk+1))/vten(jl,jk+1)
             408     5   p                     end if
             409     4   p                     end do
             410     3                       end if
             411     2               
             412     2               ! the next levels, we use the variables at the first level as initial values
                                   <<< Loop-information Start >>>
                                   <<<  [PARALLELIZATION]
                                   <<<    Standard iteration count: 151
                                   <<<  [OPTIMIZATION]
                                   <<<    SIMD(VL: 8)
                                   <<<    SOFTWARE PIPELINING(IPC: 0.90, ITR: 24, MVE: 2, POL: S)
                                   <<<    PREFETCH(HARD) Expected by compiler :
                                   <<<      pgeoh, loflag, ptenh, pqsen, dhen, pqenh
                                   <<<      dh, pqu, eta, dz, coef
                                   <<<    PREFETCH(SOFT) : 20
                                   <<<     SEQUENTIAL : 20
                                   <<<      paph: 4, zqold: 4, pqu: 4, ptu: 4
                                   <<<      zph: 4
                                   <<<    SPILLS :
                                   <<<      GENERAL   : SPILL 0  FILL 2
                                   <<<      SIMD&FP   : SPILL 0  FILL 0
                                   <<<      SCALABLE  : SPILL 0  FILL 0
                                   <<<      PREDICATE : SPILL 0  FILL 0
                                   <<< Loop-information  End >>>
             413     3  pp    v               do jl = 1, nxj
             414     4   p    v                 if(loflag(jl)) then
             415     4               ! define the fscale
             416     4   p    v                   fscale = min(1.,(pqsen(jl,jk)/pqsen(jl,levels))**3)
             417     4   p    v                   eta(jl) = 1.75e-3*fscale
             418     4   p    v                   dz(jl)  = (pgeoh(jl,jk)-pgeoh(jl,jk+1))*zrg
             419     4   p    v                   coef(jl)= 0.5*eta(jl)*dz(jl)
             420     4   p    v                   dhen(jl,jk) = pgeoh(jl,jk) + cpd*ptenh(jl,jk)
             421     4   p    v                   dh(jl,jk) = 0.5*coef(jl)*(dhen(jl,jk+1)+dhen(jl,jk))&
             422     4                    &                  +(1.-coef(jl))*dh(jl,jk+1)
             423     4   p    v                   pqu(jl,jk) =0.5*coef(jl)*(pqenh(jl,jk+1)+pqenh(jl,jk))&
             424     4                    &                  +(1.-coef(jl))*pqu(jl,jk+1)
             425     4   p    v                   ptu(jl,jk) = (dh(jl,jk)-pgeoh(jl,jk))*rcpd
             426     4   p    v                   zqold(jl) = pqu(jl,jk)
             427     4   p    v                   zph(jl)=paph(jl,jk)
             428     4   p    v                 end if
             429     3   p    v              end do
             430     2               ! check if the parcel is saturated
             431     2                       ik=jk
             432     2                       icall=1
             433     2                       call cuadjtq_n(nxj,klon,klev,ik,zph,ptu,pqu,loflag,icall)
             434     2               
                                   <<< Loop-information Start >>>
                                   <<<  [OPTIMIZATION]
                                   <<<    PREFETCH(HARD) Expected by compiler :
                                   <<<      loflag
                                   <<<    SPILLS :
                                   <<<      GENERAL   : SPILL 5  FILL 26
                                   <<<      SIMD&FP   : SPILL 1  FILL 1
                                   <<<      SCALABLE  : SPILL 0  FILL 0
                                   <<<      PREDICATE : SPILL 0  FILL 0
                                   <<< Loop-information  End >>>
             435     3   s    s              do jl = 1, nxj
             436     4   p    v              if( loflag(jl) ) then
             437     4   p    v                pqu(jl,jk) =max(pqu(jl,jk),0.) !xb110, to make sure that pqu is positive
             438     4   p    v                zdq = max((zqold(jl) - pqu(jl,jk)),0.)
             439     4   p    v                plu(jl,jk) = plu(jl,jk+1) + zdq
             440     4   s    s                zlglac=zdq*((1.-foealfa(ptu(jl,jk))) - &
             441     4                                     (1.-foealfa(ptu(jl,jk+1))))
             442     4   p    v                plu(jl,jk) = 0.5*plu(jl,jk)
             443     4   m    m                dh(jl,jk) =  pgeoh(jl,jk) + cpd*(ptu(jl,jk)+ralfdcp*zlglac)
             444     4               ! compute the updraft speed
             445     4   m    m                vptu(jl,jk) = ptu(jl,jk)*(1.+vtmpc1*pqu(jl,jk)-plu(jl,jk))+&
             446     4                                       ralfdcp*zlglac
             447     4   m    m                vten(jl,jk) = ptenh(jl,jk)*(1.+vtmpc1*pqenh(jl,jk))
             448     4   p    v                zbuo(jl,jk) = (vptu(jl,jk) - vten(jl,jk))/vten(jl,jk)
             449     4   m    m                abuoy(jl,jk)=(zbuo(jl,jk)+zbuo(jl,jk+1))*0.5*g
             450     4   p    v                atop1 = 1.0 - 2.*coef(jl)
             451     4   p    v                atop2 = 2.0*dz(jl)*abuoy(jl,jk)
             452     4   p    v                abot =  1.0 + 2.*coef(jl)
             453     4   p    v                kup(jl,jk)  = (atop1*kup(jl,jk+1) + atop2) / abot
             454     4               ! let's find the exact cloud base
             455     5   p    v                if ( plu(jl,jk) > 0. .and. klab(jl,jk+1) == 1 ) then
             456     5   s    s                    ik = jk + 1
             457     5   s    s                    zqsu = foeewm(ptu(jl,ik))/paph(jl,ik)
             458     5   s    s                    zqsu = min(0.5,zqsu)
             459     5   m    m                    zcor = 1./(1.-vtmpc1*zqsu)
             460     5   p    v                    zqsu = zqsu*zcor
             461     5   p    v                    zdq = min(0.,pqu(jl,ik)-zqsu)
             462     5   s    s                    zalfaw = foealfa(ptu(jl,ik))
             463     5   s    s                    zfacw = c5les/((ptu(jl,ik)-c4les)**2)
             464     5   s    s                    zfaci = c5ies/((ptu(jl,ik)-c4ies)**2)
             465     5   p    v                    zfac = zalfaw*zfacw + (1.-zalfaw)*zfaci
             466     5   s    s                    zesdp = foeewm(ptu(jl,ik))/paph(jl,ik)
             467     5   s    s                    zcor = 1./(1.-vtmpc1*zesdp)
             468     5   s    s                    zdqsdt = zfac*zcor*zqsu
             469     5   s    s                    zdtdp = rd*ptu(jl,ik)/(cpd*paph(jl,ik))
             470     5   s    s                    zdp = zdq/(zdqsdt*zdtdp)
             471     5   m    m                    zcbase(jl) = paph(jl,ik) + zdp
             472     5               ! chose nearest half level as cloud base (jk or jk+1)
             473     5   p    v                    zpdifftop = zcbase(jl) - paph(jl,jk)
             474     5   p    v                    zpdiffbot = paph(jl,jk+1) - zcbase(jl)
             475     6   p    v                    if ( zpdifftop > zpdiffbot .and. kup(jl,jk+1) > 0. ) then
             476     6   p    v                      ikb = min(klev-1,jk+1)
             477     6   p    v                      klab(jl,ikb) = 2
             478     6   p    v                      klab(jl,jk) = 2
             479     6   p    v                      kcbot(jl) = ikb
             480     6   p    v                      plu(jl,jk+1) = 1.0e-8
             481     6   p    v                    else if ( zpdifftop <= zpdiffbot .and.kup(jl,jk) > 0. ) then
             482     6   p    v                      klab(jl,jk) = 2
             483     6   p    v                      kcbot(jl) = jk
             484     6   p    v                    end if
             485     5   p    v                end if
             486     4               
             487     5   p    v                if(kup(jl,jk) .lt. 0.)then
             488     5   p    v                  loflag(jl) = .false.
             489     6   p    v                  if(plu(jl,jk+1) .gt. 0.) then
             490     6   p    v                    kctop(jl) = jk
             491     6   p    v                    lldcum(jl) = .true.
             492     6   p    v                  else
             493     6   p    v                    lldcum(jl) = .false.
             494     6   p    v                  end if
             495     5   p    v                else if(plu(jl,jk) .gt. 0.)then
             496     5   p    v                    klab(jl,jk)=2
             497     5   p    v                else
             498     5   p    v                    klab(jl,jk)=1
             499     5   p    v                end if
             500     4   p    v              end if
             501     3   p    v            end do
             502     2               
             503     2                     end do ! end all the levels
             504     1               
             505     1                     needreset = .false.
                                   <<< Loop-information Start >>>
                                   <<<  [PARALLELIZATION]
                                   <<<    Standard iteration count: 187
                                   <<<  [OPTIMIZATION]
                                   <<<    SIMD(VL: 8)
                                   <<< Loop-information  End >>>
             506     2  pp    v            do jl = 1, nxj
             507     2   p    v              ikb = kcbot(jl)
             508     2   p    v              ikt = kctop(jl)
             509     2   p    v              if(paph(jl,ikb) - paph(jl,ikt) < zdnoprc) lldcum(jl) = .false.
             510     3   p    v              if(lldcum(jl)) then
             511     3   p    v               ktype(jl)    = 1
             512     3   p    v               ldcum(jl)    = .true.
             513     3   p    v               deepflag(jl) = .true.
             514     3   p    v               wbase(jl)    = sqrt(max(2.*kup(jl,ikb),0.))
             515     3   p    v               cubot(jl)    = ikb
             516     3   p    v               cutop(jl)    = ikt
             517     3   p    v               kdpl(jl)     = levels+1
             518     3   p    v               needreset    = .true.
             519     3   p    v               resetflag(jl)= .true.
             520     3   p    v              end if
             521     2   p    v            end do
             522     1               
             523     2                     if(needreset) then
                                   <<< Loop-information Start >>>
                                   <<<  [PARALLELIZATION]
                                   <<<    Standard iteration count: 2
                                   <<<  [OPTIMIZATION]
                                   <<<    PREFETCH(HARD) Expected by compiler :
                                   <<<      resetflag, kdpl, kctop, klab, ptenh
                                   <<<      pqenh, ptu, pqu, plu, culab, culu, cutu
                                   <<<      cuqu
                                   <<< Loop-information  End >>>
             524     3  pp                 do jk=klev,1,-1
                                   <<< Loop-information Start >>>
                                   <<<  [OPTIMIZATION]
                                   <<<    SIMD(VL: 8)
                                   <<<    SOFTWARE PIPELINING(IPC: 1.04, ITR: 24, MVE: 2, POL: S)
                                   <<<    PREFETCH(HARD) Expected by compiler :
                                   <<<      resetflag, ptenh, pqenh, klab, ptu, pqu
                                   <<<      plu, kdpl, kctop, cutu, cuqu, culu
                                   <<<      culab
                                   <<<    SPILLS :
                                   <<<      GENERAL   : SPILL 0  FILL 2
                                   <<<      SIMD&FP   : SPILL 0  FILL 0
                                   <<<      SCALABLE  : SPILL 0  FILL 0
                                   <<<      PREDICATE : SPILL 0  FILL 0
                                   <<< Loop-information  End >>>
             525     4   p    v               do jl = 1, nxj
             526     5   p    v                if(resetflag(jl)) then
             527     5   p    v                  ikt = kctop(jl)
             528     5   p    v                  ikb = kdpl(jl)
             529     6   p    v                  if(jk .le. ikb .and. jk .ge. ikt )then
             530     6   p    v                   culab(jl,jk) = klab(jl,jk)
             531     6   p    v                   cutu(jl,jk)  = ptu(jl,jk)
             532     6   p    v                   cuqu(jl,jk)  = pqu(jl,jk)
             533     6   p    v                   culu(jl,jk)  = plu(jl,jk)
             534     6   p    v                  else
             535     6   p    v                   culab(jl,jk) = 1
             536     6   p    v                   cutu(jl,jk)  = ptenh(jl,jk)
             537     6   p    v                   cuqu(jl,jk)  = pqenh(jl,jk)
             538     6   p    v                   culu(jl,jk)  = 0.
             539     6   p    v                  end if
             540     5   p    v                  if ( jk .lt. ikt ) culab(jl,jk) = 0
             541     5   p    v                end if
             542     4   p    v              end do
             543     3   p                 end do
             544     2                     end if
             545     1               
             546     1                     end do ! end all cycles
             547                     
             548                           return
             549                           end subroutine cutype_n

 Procedure information
   Lines      : 549
   Statements : 411
   Stack(byte): 59456
   Prefetch num: 54

 Scoping unit of external sub-program : cutype_n
   Attribute and Cross reference of name
     abot
      |(Class and Type) : variable name, REAL(8)
      |(Attributes)     : 
      |(Declaration)    : 101
      |(Definition)     : 237  452
      |(Reference)      : 238  453
     abuoy
      |(Class and Type) : variable name, REAL(8)
      |(Attributes)     : DIMENSION
      |(Declaration)    : 97
      |(Definition)     : 150  234  347  449
      |(Reference)      : 236  451
     atop1
      |(Class and Type) : variable name, REAL(8)
      |(Attributes)     : 
      |(Declaration)    : 101
      |(Definition)     : 235  450
      |(Reference)      : 238  453
     atop2
      |(Class and Type) : variable name, REAL(8)
      |(Attributes)     : 
      |(Declaration)    : 101
      |(Definition)     : 236  451
      |(Reference)      : 238  453
     c4ies
      |(Class and Type) : variable name, REAL(8)
      |(Attributes)     : use-associated
      |(Declaration)    : 
      |(Definition)     : 
      |(Reference)      : 48  250  464
     c4les
      |(Class and Type) : variable name, REAL(8)
      |(Attributes)     : use-associated
      |(Declaration)    : 
      |(Definition)     : 
      |(Reference)      : 48  249  463
     c5ies
      |(Class and Type) : variable name, REAL(8)
      |(Attributes)     : use-associated
      |(Declaration)    : 
      |(Definition)     : 
      |(Reference)      : 48  250  464
     c5les
      |(Class and Type) : variable name, REAL(8)
      |(Attributes)     : use-associated
      |(Declaration)    : 
      |(Definition)     : 
      |(Reference)      : 48  249  463
     coef
      |(Class and Type) : variable name, REAL(8)
      |(Attributes)     : DIMENSION
      |(Declaration)    : 92
      |(Definition)     : 116  205  419
      |(Reference)      : 207  207  207  209  209  209  235  237  421  421  423  423  450  452
     conw
      |(Class and Type) : variable name, REAL(8)
      |(Attributes)     : 
      |(Declaration)    : 91
      |(Definition)     : 173
      |(Reference)      : 174  175  176
     cpd
      |(Class and Type) : variable name, REAL(8)
      |(Attributes)     : use-associated
      |(Declaration)    : 
      |(Definition)     : 
      |(Reference)      : 48  174  178  179  206  228  255  400  401  420  443  469
     crirh1
      |(Class and Type) : variable name, REAL(8)
      |(Attributes)     : 
      |(Declaration)    : 100
      |(Definition)     : 
      |(Reference)      : 
     cuadjtq_n
      |(Class and Type) : external subroutine name
      |(Attributes)     : 
      |(Declaration)    : 
      |(Definition)     : 
      |(Reference)      : 219  433
     cubot
      |(Class and Type) : variable name, INTEGER(4)
      |(Attributes)     : DIMENSION, dummy-argument
      |(Declaration)    : 1  86
      |(Definition)     : 120  299  304  515
      |(Reference)      : 
     culab
      |(Class and Type) : variable name, INTEGER(4)
      |(Attributes)     : DIMENSION, dummy-argument
      |(Declaration)    : 1  84
      |(Definition)     : 315  530  535  540
      |(Reference)      : 143
     culu
      |(Class and Type) : variable name, REAL(8)
      |(Attributes)     : DIMENSION, dummy-argument
      |(Declaration)    : 1  83
      |(Definition)     : 318  533  538
      |(Reference)      : 140
     cuqu
      |(Class and Type) : variable name, REAL(8)
      |(Attributes)     : DIMENSION, dummy-argument
      |(Declaration)    : 1  83
      |(Definition)     : 317  532  537
      |(Reference)      : 142
     cutop
      |(Class and Type) : variable name, INTEGER(4)
      |(Attributes)     : DIMENSION, dummy-argument
      |(Declaration)    : 1  86
      |(Definition)     : 121  300  303  516
      |(Reference)      : 
     cutu
      |(Class and Type) : variable name, REAL(8)
      |(Attributes)     : DIMENSION, dummy-argument
      |(Declaration)    : 1  83
      |(Definition)     : 316  531  536
      |(Reference)      : 141
     cutype_n
      |(Class and Type) : external subroutine name
      |(Attributes)     : 
      |(Declaration)    : 
      |(Definition)     : 1
      |(Reference)      : 549
     deepflag
      |(Class and Type) : variable name, LOGICAL(4)
      |(Attributes)     : DIMENSION
      |(Declaration)    : 80
      |(Definition)     : 333  513
      |(Reference)      : 359
     deltq
      |(Class and Type) : variable name, REAL(8)
      |(Attributes)     : 
      |(Declaration)    : 91
      |(Definition)     : 175  331
      |(Reference)      : 177  399
     deltt
      |(Class and Type) : variable name, REAL(8)
      |(Attributes)     : 
      |(Declaration)    : 91
      |(Definition)     : 174  330
      |(Reference)      : 179  401
     dh
      |(Class and Type) : variable name, REAL(8)
      |(Attributes)     : DIMENSION
      |(Declaration)    : 93
      |(Definition)     : 144  179  207  228  342  401  421  443
      |(Reference)      : 180  207  211  402  421  425
     dhen
      |(Class and Type) : variable name, REAL(8)
      |(Attributes)     : DIMENSION
      |(Declaration)    : 93
      |(Definition)     : 145  178  206  343  400  420
      |(Reference)      : 179  207  207  401  421  421
     dp
      |(Class and Type) : variable name, REAL(8)
      |(Attributes)     : 
      |(Declaration)    : 103
      |(Definition)     : 383
      |(Reference)      : 384  385  386  387
     dz
      |(Class and Type) : variable name, REAL(8)
      |(Attributes)     : DIMENSION
      |(Declaration)    : 92
      |(Definition)     : 115  204  418
      |(Reference)      : 205  236  419  451
     eta
      |(Class and Type) : variable name, REAL(8)
      |(Attributes)     : DIMENSION
      |(Declaration)    : 92
      |(Definition)     : 114  203  417
      |(Reference)      : 205  419
     foealfa
      |(Class and Type) : external function name, REAL(8)
      |(Attributes)     : 
      |(Declaration)    : 
      |(Definition)     : 
      |(Reference)      : 225  225  248  440  440  462
     foealfa
      |(Class and Type) : variable name, REAL(8)
      |(Attributes)     : 
      |(Declaration)    : 66
      |(Definition)     : 
      |(Reference)      : 
     foeewm
      |(Class and Type) : external function name, REAL(8)
      |(Attributes)     : 
      |(Declaration)    : 
      |(Definition)     : 
      |(Reference)      : 243  252  457  466
     foeewm
      |(Class and Type) : variable name, REAL(8)
      |(Attributes)     : 
      |(Declaration)    : 66
      |(Definition)     : 
      |(Reference)      : 
     fscale
      |(Class and Type) : variable name, REAL(8)
      |(Attributes)     : 
      |(Declaration)    : 100
      |(Definition)     : 416
      |(Reference)      : 417
     g
      |(Class and Type) : variable name, REAL(8)
      |(Attributes)     : use-associated
      |(Declaration)    : 
      |(Definition)     : 
      |(Reference)      : 48  234  449
     hfx
      |(Class and Type) : variable name, REAL(8)
      |(Attributes)     : DIMENSION, dummy-argument
      |(Declaration)    : 1  77
      |(Definition)     : 
      |(Reference)      : 170  174
     icall
      |(Class and Type) : variable name, INTEGER(4)
      |(Attributes)     : 
      |(Declaration)    : 109
      |(Definition)     : 218  219  432  433
      |(Reference)      : 
     ik
      |(Class and Type) : variable name, INTEGER(4)
      |(Attributes)     : 
      |(Declaration)    : 109
      |(Definition)     : 217  219  242  431  433  456
      |(Reference)      : 243  243  247  248  249  250  252  252  255  255  257  457  457  461  462  463  464  466  466  469  469  471
     ikb
      |(Class and Type) : variable name, INTEGER(4)
      |(Attributes)     : 
      |(Declaration)    : 104
      |(Definition)     : 262  292  476  507  528
      |(Reference)      : 263  265  294  298  299  477  479  509  514  515  529
     ikt
      |(Class and Type) : variable name, INTEGER(4)
      |(Attributes)     : 
      |(Declaration)    : 104
      |(Definition)     : 293  313  508  527
      |(Reference)      : 294  300  314  509  516  529  540
     is
      |(Class and Type) : variable name, INTEGER(4)
      |(Attributes)     : 
      |(Declaration)    : 104
      |(Definition)     : 191  194  364  367
      |(Reference)      : 194  197  367  370
     jin
      |(Class and Type) : variable name, INTEGER(4)
      |(Attributes)     : dummy-argument
      |(Declaration)    : 1  65
      |(Definition)     : 
      |(Reference)      : 
     jk
      |(Class and Type) : variable name, INTEGER(4)
      |(Attributes)     : 
      |(Declaration)    : 109
      |(Definition)     : 138  161  311  337  363  524
      |(Reference)      : 140  140  141  141  142  142  143  143  144  145  146  147  148  149  150  164  203  204  204  206  206  206  207  207  207  207  209  209  209  209  211  211  211  212  213  217  222  222  223  224  224  225  225  227  227  228  228  228  230  230  230  230  232  232  232  233  233  233  233  234  234  234  236  238  238  241  241  242  259  260  261  262  264  266  267  268  269  273  275  276  281  282  284  314  315  315  316  316  317  317  318  318  339  340  341  342  343  344  345  346  347  348  349  373  376  381  381  394  395  396  399  400  401  401  402  402  402  403  404  405  405  405  406  406  406  407  407  407  407  416  418  418  420  420  420  421  421  421  421  423  423  423  423  425  425  425  426  427  431  437  437  438  439  439  440  440  442  442  443  443  443  445  445  445  445  447  447  447  448  448  448  448  449  449  449  451  453  453  455  455  456  473  474  475  476  478  480  481  482  483  487  489  490  495  496  498  529  529  530  530  531  531  532  532  533  533  535  536  536  537  537  538  540  540
     jl
      |(Class and Type) : variable name, INTEGER(4)
      |(Attributes)     : 
      |(Declaration)    : 109
      |(Definition)     : 124  139  154  165  192  200  220  291  312  332  338  353  365  374  413  435  506  525
      |(Reference)      : 125  126  127  128  129  130  140  140  141  141  142  142  143  143  144  145  146  147  148  149  150  155  156  157  166  166  166  168  168  168  170  170  170  174  175  176  177  177  178  178  178  179  179  180  180  180  181  181  181  182  182  182  183  183  183  183  184  186  193  201  203  203  204  204  204  205  205  205  206  206  206  207  207  207  207  207  207  207  209  209  209  209  209  209  209  211  211  211  212  212  213  213  221  222  222  223  223  224  224  225  225  227  227  228  228  228  230  230  230  230  232  232  232  233  233  233  233  234  234  234  235  236  236  237  238  238  241  241  243  243  247  248  249  250  252  252  255  255  257  257  259  259  260  260  261  263  264  265  266  267  268  269  273  274  275  276  277  279  281  282  284  292  293  294  294  294  295  296  297  298  298  299  300  301  303  304  305  306  307  313  315  315  316  316  317  317  318  318  333  339  340  341  342  343  344  345  346  347  348  349  354  355  356  357  358  359  359  366  375  376  376  383  383  384  385  386  394  395  396  399  400  401  401  402  402  402  403  404  405  405  405  406  406  406  407  407  407  407  414  416  416  417  418  418  418  419  419  419  420  420  420  421  421  421  421  421  421  423  423  423  423  423  423  425  425  425  426  426  427  427  436  437  437  438  438  439  439  440  440  442  442  443  443  443  445  445  445  445  447  447  447  448  448  448  448  449  449  449  450  451  451  452  453  453  455  455  457  457  461  462  463  464  466  466  469  469  471  471  473  473  474  474  475  477  478  479  480  481  482  483  487  488  489  490  491  493  495  496  498  507  508  509  509  509  510  511  512  513  514  514  515  516  517  519  526  527  528  530  530  531  531  532  532  533  533  535  536  536  537  537  538  540
     kcbot
      |(Class and Type) : variable name, INTEGER(4)
      |(Attributes)     : DIMENSION
      |(Declaration)    : 75
      |(Definition)     : 125  265  269  354  479  483
      |(Reference)      : 292  507
     kctop
      |(Class and Type) : variable name, INTEGER(4)
      |(Attributes)     : DIMENSION
      |(Declaration)    : 75
      |(Definition)     : 126  276  355  490
      |(Reference)      : 293  313  508  527
     kdpl
      |(Class and Type) : variable name, INTEGER(4)
      |(Attributes)     : DIMENSION, dummy-argument
      |(Declaration)    : 1  86
      |(Definition)     : 127  301  305  517
      |(Reference)      : 528
     klab
      |(Class and Type) : variable name, INTEGER(4)
      |(Attributes)     : DIMENSION
      |(Declaration)    : 74
      |(Definition)     : 143  184  263  264  268  282  284  349  404  477  478  482  496  498
      |(Reference)      : 241  315  455  530
     klev
      |(Class and Type) : variable name, INTEGER(4)
      |(Attributes)     : dummy-argument
      |(Declaration)    : 1  65
      |(Definition)     : 219  433
      |(Reference)      : 67  67  67  67  67  67  71  72  72  72  73  74  83  83  83  84  93  93  94  95  96  96  97  97  125  126  127  138  166  166  166  168  168  168  170  176  177  177  178  178  178  179  179  180  180  180  181  181  181  182  182  182  183  183  183  183  184  262  301  305  311  337  376  476  524
     klevm1
      |(Class and Type) : variable name, INTEGER(4)
      |(Attributes)     : dummy-argument
      |(Declaration)    : 1  65
      |(Definition)     : 
      |(Reference)      : 161  164  336
     klevp1
      |(Class and Type) : variable name, INTEGER(4)
      |(Attributes)     : dummy-argument
      |(Declaration)    : 1  65
      |(Definition)     : 
      |(Reference)      : 67  67
     klon
      |(Class and Type) : variable name, INTEGER(4)
      |(Attributes)     : dummy-argument
      |(Declaration)    : 1  65
      |(Definition)     : 219  433
      |(Reference)      : 67  67  67  67  67  67  67  67  71  72  72  72  73  74  75  75  77  77  78  79  80  80  80  83  83  83  84  85  86  86  86  86  87  90  92  92  92  93  93  94  95  96  96  97  97  108  110
     ktype
      |(Class and Type) : variable name, INTEGER(4)
      |(Attributes)     : DIMENSION, dummy-argument
      |(Declaration)    : 1  86
      |(Definition)     : 128  296  511
      |(Reference)      : 
     kup
      |(Class and Type) : variable name, REAL(8)
      |(Attributes)     : DIMENSION
      |(Declaration)    : 95
      |(Definition)     : 146  176  238  344  403  453
      |(Reference)      : 238  261  267  273  298  453  475  481  487  514
     ldcum
      |(Class and Type) : variable name, LOGICAL(4)
      |(Attributes)     : DIMENSION, dummy-argument
      |(Declaration)    : 1  87
      |(Definition)     : 130  297  306  512
      |(Reference)      : 
     levels
      |(Class and Type) : variable name, INTEGER(4)
      |(Attributes)     : 
      |(Declaration)    : 109
      |(Definition)     : 336
      |(Reference)      : 354  355  363  373  416  517
     lldcum
      |(Class and Type) : variable name, LOGICAL(4)
      |(Attributes)     : DIMENSION
      |(Declaration)    : 110
      |(Definition)     : 156  277  279  294  357  491  493  509
      |(Reference)      : 295  510
     lmfdudv
      |(Class and Type) : variable name, LOGICAL(4)
      |(Attributes)     : use-associated
      |(Declaration)    : 
      |(Definition)     : 
      |(Reference)      : 59
     lndj
      |(Class and Type) : variable name, INTEGER(4)
      |(Attributes)     : DIMENSION, dummy-argument
      |(Declaration)    : 1  79
      |(Definition)     : 
      |(Reference)      : 
     loflag
      |(Class and Type) : variable name, LOGICAL(4)
      |(Attributes)     : DIMENSION
      |(Declaration)    : 80
      |(Definition)     : 157  186  219  274  359  433  488
      |(Reference)      : 193  201  221  366  375  414  436
     max
      |(Class and Type) : intrinsic function name, REAL(8)
      |(Attributes)     : PURE, ELEMENTAL
      |(Declaration)    : 
      |(Definition)     : 
      |(Reference)      : 174  175  222  223  298  437  438  514
     min
      |(Class and Type) : intrinsic function name, INTEGER(4)
      |(Attributes)     : PURE, ELEMENTAL
      |(Declaration)    : 
      |(Definition)     : 
      |(Reference)      : 227  244  247  262  416  458  461  476
     mo_constants
      |(Class and Type) : module name
      |(Attributes)     : 
      |(Declaration)    : 
      |(Definition)     : 
      |(Reference)      : 48
     mo_cumulus_flux
      |(Class and Type) : module name
      |(Attributes)     : 
      |(Declaration)    : 
      |(Definition)     : 
      |(Reference)      : 59
     needreset
      |(Class and Type) : variable name, LOGICAL(4)
      |(Attributes)     : 
      |(Declaration)    : 110
      |(Definition)     : 505  518
      |(Reference)      : 523
     nk
      |(Class and Type) : variable name, INTEGER(4)
      |(Attributes)     : 
      |(Declaration)    : 104
      |(Definition)     : 381
      |(Reference)      : 383  383  384  385  386
     nxj
      |(Class and Type) : variable name, INTEGER(4)
      |(Attributes)     : dummy-argument
      |(Declaration)    : 1  65
      |(Definition)     : 219  433
      |(Reference)      : 124  139  154  165  192  200  220  291  312  332  338  353  365  374  413  435  506  525
     p650
      |(Class and Type) : variable name, INTEGER(4)
      |(Attributes)     : dummy-argument
      |(Declaration)    : 1  65
      |(Definition)     : 
      |(Reference)      : 336
     pap
      |(Class and Type) : variable name, REAL(8)
      |(Attributes)     : DIMENSION, dummy-argument
      |(Declaration)    : 1  67
      |(Definition)     : 
      |(Reference)      : 
     paph
      |(Class and Type) : variable name, REAL(8)
      |(Attributes)     : DIMENSION, dummy-argument
      |(Declaration)    : 1  67
      |(Definition)     : 
      |(Reference)      : 166  213  243  252  255  257  259  260  294  294  376  376  383  383  427  457  466  469  471  473  474  509  509
     part1
      |(Class and Type) : variable name, REAL(8)
      |(Attributes)     : 
      |(Declaration)    : 91
      |(Definition)     : 168
      |(Reference)      : 171
     part2
      |(Class and Type) : variable name, REAL(8)
      |(Attributes)     : 
      |(Declaration)    : 91
      |(Definition)     : 170
      |(Reference)      : 171  172
     pgeo
      |(Class and Type) : variable name, REAL(8)
      |(Attributes)     : DIMENSION, dummy-argument
      |(Declaration)    : 1  73
      |(Definition)     : 
      |(Reference)      : 203
     pgeoh
      |(Class and Type) : variable name, REAL(8)
      |(Attributes)     : DIMENSION, dummy-argument
      |(Declaration)    : 1  67
      |(Definition)     : 
      |(Reference)      : 168  168  178  180  204  204  206  211  228  386  396  402  418  418  420  425  443
     plu
      |(Class and Type) : variable name, REAL(8)
      |(Attributes)     : DIMENSION
      |(Declaration)    : 72
      |(Definition)     : 140  224  227  266  339  439  442  480
      |(Reference)      : 224  227  230  241  275  281  318  439  442  445  455  489  495  533
     plude
      |(Class and Type) : variable name, REAL(8)
      |(Attributes)     : DIMENSION
      |(Declaration)    : 94
      |(Definition)     : 
      |(Reference)      : 
     pmix
      |(Class and Type) : variable name, REAL(8)
      |(Attributes)     : 
      |(Declaration)    : 102
      |(Definition)     : 380  387
      |(Reference)      : 382  387  390  391  392
     pp
      |(Class and Type) : variable name, REAL(8)
      |(Attributes)     : 
      |(Declaration)    : 100
      |(Definition)     : 
      |(Reference)      : 
     pqen
      |(Class and Type) : variable name, REAL(8)
      |(Attributes)     : DIMENSION, dummy-argument
      |(Declaration)    : 1  67
      |(Definition)     : 
      |(Reference)      : 166
     pqenh
      |(Class and Type) : variable name, REAL(8)
      |(Attributes)     : DIMENSION, dummy-argument
      |(Declaration)    : 1  67
      |(Definition)     : 
      |(Reference)      : 177  182  209  209  232  385  395  406  423  423  447  537
     pqsen
      |(Class and Type) : variable name, REAL(8)
      |(Attributes)     : DIMENSION, dummy-argument
      |(Declaration)    : 1  67
      |(Definition)     : 
      |(Reference)      : 416  416
     pqsenh
      |(Class and Type) : variable name, REAL(8)
      |(Attributes)     : DIMENSION, dummy-argument
      |(Declaration)    : 1  67
      |(Definition)     : 
      |(Reference)      : 
     pqu
      |(Class and Type) : variable name, REAL(8)
      |(Attributes)     : DIMENSION
      |(Declaration)    : 72
      |(Definition)     : 142  177  209  219  222  341  399  423  433  437
      |(Reference)      : 181  209  212  222  223  230  247  317  405  423  426  437  438  445  461  532
     pten
      |(Class and Type) : variable name, REAL(8)
      |(Attributes)     : DIMENSION, dummy-argument
      |(Declaration)    : 1  71
      |(Definition)     : 
      |(Reference)      : 166  168  170
     ptenh
      |(Class and Type) : variable name, REAL(8)
      |(Attributes)     : DIMENSION, dummy-argument
      |(Declaration)    : 1  67
      |(Definition)     : 
      |(Reference)      : 178  182  206  232  384  394  406  420  447  536
     ptu
      |(Class and Type) : variable name, REAL(8)
      |(Attributes)     : DIMENSION
      |(Declaration)    : 72
      |(Definition)     : 141  180  211  219  225  225  243  248  252  340  402  425  433  440  440  457  462  466
      |(Reference)      : 181  228  230  249  250  255  316  405  443  445  463  464  469  531
     qfx
      |(Class and Type) : variable name, REAL(8)
      |(Attributes)     : DIMENSION, dummy-argument
      |(Declaration)    : 1  77
      |(Definition)     : 
      |(Reference)      : 170  175
     qmix
      |(Class and Type) : variable name, REAL(8)
      |(Attributes)     : 
      |(Declaration)    : 102
      |(Definition)     : 378  385  391  395
      |(Reference)      : 385  391  399
     ralfdcp
      |(Class and Type) : variable name, REAL(8)
      |(Attributes)     : use-associated
      |(Declaration)    : 
      |(Definition)     : 
      |(Reference)      : 48  228  230  443  445
     rcpd
      |(Class and Type) : variable name, REAL(8)
      |(Attributes)     : use-associated
      |(Declaration)    : 
      |(Definition)     : 
      |(Reference)      : 48  170  180  211  402  425
     rd
      |(Class and Type) : variable name, REAL(8)
      |(Attributes)     : use-associated
      |(Declaration)    : 
      |(Definition)     : 
      |(Reference)      : 48  166  255  469
     resetflag
      |(Class and Type) : variable name, LOGICAL(4)
      |(Attributes)     : DIMENSION
      |(Declaration)    : 80
      |(Definition)     : 358  519
      |(Reference)      : 526
     rho
      |(Class and Type) : variable name, REAL(8)
      |(Attributes)     : 
      |(Declaration)    : 91
      |(Definition)     : 166
      |(Reference)      : 168  174  175
     root
      |(Class and Type) : variable name, REAL(8)
      |(Attributes)     : 
      |(Declaration)    : 91
      |(Definition)     : 171
      |(Reference)      : 173
     sqrt
      |(Class and Type) : intrinsic function name, REAL(8)
      |(Attributes)     : PURE, ELEMENTAL
      |(Declaration)    : 
      |(Definition)     : 
      |(Reference)      : 298  514
     t13
      |(Class and Type) : variable name, REAL(8)
      |(Attributes)     : 
      |(Declaration)    : 103
      |(Definition)     : 112
      |(Reference)      : 173
     tmix
      |(Class and Type) : variable name, REAL(8)
      |(Attributes)     : 
      |(Declaration)    : 102
      |(Definition)     : 377  384  390  394
      |(Reference)      : 384  390  400
     vptu
      |(Class and Type) : variable name, REAL(8)
      |(Attributes)     : DIMENSION
      |(Declaration)    : 96
      |(Definition)     : 147  181  230  345  405  445
      |(Reference)      : 183  233  407  448
     vten
      |(Class and Type) : variable name, REAL(8)
      |(Attributes)     : DIMENSION
      |(Declaration)    : 96
      |(Definition)     : 148  182  232  346  406  447
      |(Reference)      : 183  183  233  233  407  407  448  448
     vtmpc1
      |(Class and Type) : variable name, REAL(8)
      |(Attributes)     : use-associated
      |(Declaration)    : 
      |(Definition)     : 
      |(Reference)      : 48  166  170  181  182  230  232  245  253  405  406  445  447  459  467
     wbase
      |(Class and Type) : variable name, REAL(8)
      |(Attributes)     : DIMENSION, dummy-argument
      |(Declaration)    : 1  85
      |(Definition)     : 129  298  307  514
      |(Reference)      : 
     zalfaw
      |(Class and Type) : variable name, REAL(8)
      |(Attributes)     : 
      |(Declaration)    : 106
      |(Definition)     : 248  462
      |(Reference)      : 251  251  465  465
     zbuo
      |(Class and Type) : variable name, REAL(8)
      |(Attributes)     : DIMENSION
      |(Declaration)    : 97
      |(Definition)     : 149  183  233  348  407  448
      |(Reference)      : 234  234  449  449
     zcbase
      |(Class and Type) : variable name, INTEGER(4)
      |(Attributes)     : DIMENSION
      |(Declaration)    : 108
      |(Definition)     : 118  257  471
      |(Reference)      : 259  260  473  474
     zcor
      |(Class and Type) : variable name, REAL(8)
      |(Attributes)     : 
      |(Declaration)    : 106
      |(Definition)     : 245  253  459  467
      |(Reference)      : 246  254  460  468
     zdken
      |(Class and Type) : variable name, REAL(8)
      |(Attributes)     : 
      |(Declaration)    : 99
      |(Definition)     : 
      |(Reference)      : 
     zdnoprc
      |(Class and Type) : variable name, REAL(8)
      |(Attributes)     : use-associated
      |(Declaration)    : 
      |(Definition)     : 
      |(Reference)      : 59  294  509
     zdp
      |(Class and Type) : variable name, REAL(8)
      |(Attributes)     : 
      |(Declaration)    : 106
      |(Definition)     : 256  470
      |(Reference)      : 257  471
     zdq
      |(Class and Type) : variable name, REAL(8)
      |(Attributes)     : 
      |(Declaration)    : 99
      |(Definition)     : 223  247  438  461
      |(Reference)      : 224  225  256  439  440  470
     zdqsdt
      |(Class and Type) : variable name, REAL(8)
      |(Attributes)     : 
      |(Declaration)    : 106
      |(Definition)     : 254  468
      |(Reference)      : 256  470
     zdsdp
      |(Class and Type) : variable name, REAL(8)
      |(Attributes)     : 
      |(Declaration)    : 106
      |(Definition)     : 
      |(Reference)      : 
     zdtdp
      |(Class and Type) : variable name, REAL(8)
      |(Attributes)     : 
      |(Declaration)    : 106
      |(Definition)     : 255  469
      |(Reference)      : 256  470
     zesdp
      |(Class and Type) : variable name, REAL(8)
      |(Attributes)     : 
      |(Declaration)    : 106
      |(Definition)     : 252  466
      |(Reference)      : 253  467
     zfac
      |(Class and Type) : variable name, REAL(8)
      |(Attributes)     : 
      |(Declaration)    : 106
      |(Definition)     : 251  465
      |(Reference)      : 254  468
     zfaci
      |(Class and Type) : variable name, REAL(8)
      |(Attributes)     : 
      |(Declaration)    : 106
      |(Definition)     : 250  464
      |(Reference)      : 251  465
     zfacw
      |(Class and Type) : variable name, REAL(8)
      |(Attributes)     : 
      |(Declaration)    : 106
      |(Definition)     : 249  463
      |(Reference)      : 251  465
     zlglac
      |(Class and Type) : variable name, REAL(8)
      |(Attributes)     : 
      |(Declaration)    : 103
      |(Definition)     : 225  440
      |(Reference)      : 228  230  443  445
     zmix
      |(Class and Type) : variable name, REAL(8)
      |(Attributes)     : 
      |(Declaration)    : 102
      |(Definition)     : 379  386  392  396
      |(Reference)      : 386  392  400
     zpdiffbot
      |(Class and Type) : variable name, REAL(8)
      |(Attributes)     : 
      |(Declaration)    : 107
      |(Definition)     : 260  474
      |(Reference)      : 261  267  475  481
     zpdifftop
      |(Class and Type) : variable name, REAL(8)
      |(Attributes)     : 
      |(Declaration)    : 107
      |(Definition)     : 259  473
      |(Reference)      : 261  267  475  481
     zph
      |(Class and Type) : variable name, REAL(8)
      |(Attributes)     : DIMENSION
      |(Declaration)    : 78
      |(Definition)     : 117  213  219  427  433
      |(Reference)      : 
     zqold
      |(Class and Type) : variable name, REAL(8)
      |(Attributes)     : DIMENSION
      |(Declaration)    : 90
      |(Definition)     : 155  212  356  426
      |(Reference)      : 223  438
     zqsu
      |(Class and Type) : variable name, REAL(8)
      |(Attributes)     : 
      |(Declaration)    : 106
      |(Definition)     : 243  244  246  457  458  460
      |(Reference)      : 244  245  246  247  254  458  459  460  461  468
     zrg
      |(Class and Type) : variable name, REAL(8)
      |(Attributes)     : use-associated
      |(Declaration)    : 
      |(Definition)     : 
      |(Reference)      : 48  203  204  418
     zz
      |(Class and Type) : variable name, REAL(8)
      |(Attributes)     : 
      |(Declaration)    : 99
      |(Definition)     : 
      |(Reference)      : 

 Total information
   Procedures       : 1
   Total lines      : 549
   Total statements : 411
   Total stack(byte): 59456
   Total prefetch num: 54

