
 Fujitsu Fortran Version 4.6.1  Fri Mar  1 11:14:22 2024

 Compilation information
   Current directory : /IFS/nwpr/gfs/xb169/code_update/tco639l72_sp/src_4cpl
   Source file       : get_phi.f90

 Option information
   Command line options : -Kident_mpi -f2004 -c -X9 -Free -CcdRR8 -Cpp -Kfast,parallel,openmp,ocl,autoobjstack -x- -fw -Knofp_relaxed -SSL2BLAMP -Kopenmp,parallel -DTIMING -DUSE_FFTW -DRSM -DW3TAG -DGFDLMP_v2 -DCWBSUM -DSP -Ec -Nlst=a,lst=d,lst=i,lst=p,lst=t,lst=x -Koptmsg=2 -I. -I/users/xa09/pkg/fx1000/fftw-3.3.10/include -I/package/fx1000/netcdf-4.7.4/include -I/package/fx1000/g2lib-1.4.0_cwb/include -I/nwpr/gfs/xb157/CWBSUMc2/4cpl/components/coupler -I/nwpr/gfs/xb124/package/fx1000/MCT/include -DTIMCOMCPL -L/package/fx1000/netcdf-4.7.4/lib -lnetcdff -lnetcdf -L/package/fx1000/hdf5-1.10.7/lib -lhdf5_hl -lhdf5 -L/package/fx1000/dms/lib -lrdms -lgdbm -L/package/fx1000/operlib/lib -lnwp -L/users/xa09/pkg/fx1000/fftw-3.3.10/lib -lfftw3f_threads -lfftw3f -lfftw3_threads -lfftw3 -SSL2BLAMP -L/nwpr/gfs/xb124/CWBSUMc2/components/rsm/lib/cwb_mpmd -lmpmd -L/package/fx1000/g2lib-1.4.0_cwb/lib -lg2 -L/package/fx1000/libpng-1.6.37/lib -lpng -L/package/fx1000/jasper-1.900.1/lib -ljasper -L/nwpr/gfs/xb157/CWBSUMc2/4cpl/components/coupler -lcpl -L/nwpr/gfs/xb124/package/fx1000/MCT/lib -lmct -lmpeu -I/opt/FJSVxtclanga/.common/MELI025/include/mpi/fujitsu -I/opt/FJSVxtclanga/.common/MELI025/lib64 -Knointentopt
   Cpp options          : -DTIMING -DUSE_FFTW -DRSM -DW3TAG -DGFDLMP_v2 -DCWBSUM -DSP -I. -I/users/xa09/pkg/fx1000/fftw-3.3.10/include -I/package/fx1000/netcdf-4.7.4/include -I/package/fx1000/g2lib-1.4.0_cwb/include -I/nwpr/gfs/xb157/CWBSUMc2/4cpl/components/coupler -I/nwpr/gfs/xb124/package/fx1000/MCT/include -DTIMCOMCPL -I/opt/FJSVxtclanga/.common/MELI025/include/mpi/fujitsu -I/opt/FJSVxtclanga/.common/MELI025/lib64 -Dunix -Dlinux -D__FUJITSU -D__FRT_major__=4 -D__FRT_minor__=6 -D__FRT_patchlevel__=1 -D__FRT_version__="4.6.1" -D__aarch64__ -D__unix -D_OPENMP=201511 -D__frt_version=800 -D__ARM_ARCH=8 -D__ARM_FEATURE_SVE -D__ELF__ -D__unix__ -D__linux__ -D__linux -Asystem(unix) -otmp
   Effective options    : -fw -g0 -AE -Ec -Free -O3 -X9
                          -CcdRR8 -x- -xaccept=nomodule_allocatable
                          -KA64FX -KARMV8_3_A -KSVE -Kalign_commons
                          -Kalign_loops -Knoarray_declaration_opt
                          -Kassume=noshortloop -Kassume=nomemory_bandwidth
                          -Kassume=notime_saving_compilation -Kauto
                          -Kautoobjstack -Knocalleralloc -Kcmodel=small
                          -Keval -Keval_noconcurrent -Knoextract_stride_store
                          -Knofenv_access -Kfp_contract -Knofp_relaxed
                          -Kfsimple -Kfz -Khpctag -Kilfunc=procedure
                          -Knointentopt -Klargepage -Kloop_blocking
                          -Kloop_fission -Kloop_nofission_stripmining
                          -Kloop_fission_threshold=50 -Kloop_fusion
                          -Kloop_interchange -Kloop_part_parallel
                          -Kloop_part_simd -Kloop_perfect_nest
                          -Kloop_noversioning -Knolto -Kmfunc=1 -Kocl
                          -Komitfp -Knooptlib_string -Koptmsg=2
                          -Knopc_relative_literal_loads -Kplt -Knopreex
                          -Kprefetch_noconditional -Kprefetch_noindirect
                          -Kprefetch_sequential=auto -Kprefetch_nostride
                          -Kprefetch_cache_level=all -Kprefetch_noinfer
                          -Kprefetch_strong -Kprefetch_strong_L2 -Knopreload
                          -Ksch_post_ra -Ksch_pre_ra -Ksibling_calls
                          -Ksimd=auto -Ksimd_packed_promotion
                          -Ksimd_reduction_product -Ksimd_reg_size=512
                          -Ksimd_nouncounted_loop
                          -Ksimd_use_multiple_structures -Knostriping
                          -Knosubscript_opt -Kswp -Kswp_freg_rate=100
                          -Kswp_ireg_rate=100 -Kswp_preg_rate=100
                          -Kswp_policy=auto -Ktemparraystack -Kunroll
                          -Knounroll_and_jam -Knozfill
                          -Kopenmp -Kopenmp_noassume_norecurrence
                          -Kopenmp_nocollapse_except_innermost
                          -Kopenmp_noordered_reduction -Knoopenmp_simd
                          -Kthreadsafe -Kparallel -Kparallel_nofp_precision
                          -Knoarray_private -Knodynamic_iteration -Kreduction
                          -Kregion_extension
                          -Nallextput -Nnoalloc_assign
                          -Ncancel_overtime_compilation -Nnocheck_global
                          -Nnocoarray -Nnocompdisp -Nnocopyarg -Nnocoverage
                          -Nfjprof -Nfreealloc -Nf90move -Nnohook_func
                          -Nnohook_time -Nlibomp -Nline -Nlst -Nlst=a -Nlst=d
                          -Nlst=i -Nlst=p -Nlst=t -Nlst=x -Nnomallocfree
                          -Nnoobsfun -Nnoprivatealloc -Nquickdbg=noargchk
                          -Nquickdbg=nosubchk -Nquickdbg=noundef -NRnotrap
                          -Nnorecursive -Nnoreordered_variable_stack
                          -Nrt_notune -Nnosave -Nsetvalue=noheap
                          -Nsetvalue=nostack -Nsetvalue=noscalar
                          -Nsetvalue=noarray -Nsetvalue=nostruct -Nuse_rodata

 External subroutine subprogram "get_phi"
  (inc)(line-no.)(nest)(optimize)
               1                            subroutine get_phi(nxj,nx,lev,ptop,cp,r,g,sgeo,pk,pk2,tt,qt,  &
               2                                               phii,phi)
               3                     !
               4                             use const, only : RTYPE
               5                     !
               6                     
               7                             integer nxj,nx,lev,i,k,kc
               8                             real    ptop,cp,r,g,pkd(nx),pk2d(nx)
               9                             real    pk2x(nx,lev),pkx(nx,lev),dhgtz(nx,lev),     &
              10                                     ppd,ppp,ppu,ttv,dhgt,theda(nx,lev)
              11                     
              12                             real    phii(nx,lev+1)
              13                             real(kind=RTYPE) tt(nx,lev),qt(nx,lev),phi(nx,lev), &
              14                                              sgeo(nx),pk(nx,lev),pk2(nx,lev)
              15                     !
              16                     ! geopotential height at model interface
              17                     !
                                   <<< Loop-information Start >>>
                                   <<<  [OPTIMIZATION]
                                   <<<    PREFETCH(HARD) Expected by compiler :
                                   <<<      pk, pk2, pkx, pk2x, pkd, pk2d
                                   <<< Loop-information  End >>>
              18     1                     do k=1,lev
                                   <<< Loop-information Start >>>
                                   <<<  [PARALLELIZATION]
                                   <<<    Standard iteration count: 667
                                   <<<  [OPTIMIZATION]
                                   <<<    SIMD(VL: 8)
                                   <<<    SOFTWARE PIPELINING(IPC: 3.16, ITR: 112, MVE: 3, POL: S)
                                   <<<    PREFETCH(HARD) Expected by compiler :
                                   <<<      pkd, pk, pk2, pk2d
                                   <<< Loop-information  End >>>
              19     1  pp   2v            pkd(:) =pk(:,k)
              20     1   p   2v            pk2d(:)=pk2(:,k)
              21     1                     call vlog(pk2x(1,k),pk2d,nxj)
              22     1                     call vlog(pkx(1,k), pkd, nxj)
              23     1               
                                   <<< Loop-information Start >>>
                                   <<<  [PARALLELIZATION]
                                   <<<    Standard iteration count: 762
                                   <<<  [OPTIMIZATION]
                                   <<<    SIMD(VL: 8)
                                   <<<    SOFTWARE PIPELINING(IPC: 2.66, ITR: 144, MVE: 5, POL: S)
                                   <<<    PREFETCH(HARD) Expected by compiler :
                                   <<<      pk2x, pkx
                                   <<< Loop-information  End >>>
              24     2  pp   2v            do i=1,nxj
              25     2   p   2v              pk2x(i,k)=pk2x(i,k)*(cp/r)
              26     2   p   2v              pkx(i,k) = pkx(i,k)*(cp/r)
              27     2   p   2v            enddo
              28     1                     call vexp(pk2x(1,k),pk2x(1,k),nxj)
              29     1                     call vexp(pkx(1,k), pkx(1,k), nxj)
              30     1                     enddo
              31                     !
                                   <<< Loop-information Start >>>
                                   <<<  [PARALLELIZATION]
                                   <<<    Standard iteration count: 400
                                   <<<  [OPTIMIZATION]
                                   <<<    SIMD(VL: 8)
                                   <<<    SOFTWARE PIPELINING(IPC: 0.53, ITR: 24, MVE: 2, POL: S)
                                   <<<    PREFETCH(HARD) Expected by compiler :
                                   <<<      pkx, tt, pk2x, qt, dhgtz
                                   <<< Loop-information  End >>>
              32     1  pp    v            do 105 i = 1, nxj
              33     1   p    v            ppd = pk2x(i,1) * 1000.
              34     1   p    v            dhgt = ( ppd - ptop ) * 100. / g
              35     1   p    v            ppp = pkx(i,1) * 1000.
              36     1   p    v            ttv = tt(i,1)*(1.+0.608*qt(i,1))
              37     1               !      ttv = tt(i,1)
              38     1   p    v            dhgtz(i,1)= dhgt * r * ttv / (100.*ppp)
              39     1   p    v        105 continue
              40                     !
                                   <<< Loop-information Start >>>
                                   <<<  [PARALLELIZATION]
                                   <<<    Standard iteration count: 2
                                   <<<  [OPTIMIZATION]
                                   <<<    PREFETCH(HARD) Expected by compiler :
                                   <<<      pkx, tt, pk2x, qt, dhgtz
                                   <<< Loop-information  End >>>
              41     1  pp                 do 110 k=2, lev
                                   <<< Loop-information Start >>>
                                   <<<  [OPTIMIZATION]
                                   <<<    SIMD(VL: 8)
                                   <<<    SOFTWARE PIPELINING(IPC: 0.56, ITR: 24, MVE: 2, POL: S)
                                   <<<    PREFETCH(HARD) Expected by compiler :
                                   <<<      pkx, tt, pk2x, qt, dhgtz
                                   <<< Loop-information  End >>>
              42     2   p    v            do 110 i=1, nxj
              43     2   p    v            ppu=pk2x(i,k-1) * 1000.
              44     2   p    v            ppd=pk2x(i,k) * 1000.
              45     2   p    v            dhgt = ( ppd - ppu ) * 100. / g
              46     2   p    v            ppp = pkx(i,k) * 1000.
              47     2   p    v            ttv = tt(i,k)*(1.+0.608*qt(i,k))
              48     2               !      ttv = tt(i,k)
              49     2   p    v            dhgtz(i,k)= dhgt * r * ttv / (100.*ppp)
              50     1   p    v        110 continue
              51                     !
                                   <<< Loop-information Start >>>
                                   <<<  [PARALLELIZATION]
                                   <<<    Standard iteration count: 2000
                                   <<<  [OPTIMIZATION]
                                   <<<    SIMD(VL: 8)
                                   <<<    PREFETCH(HARD) Expected by compiler :
                                   <<<      phii
                                   <<< Loop-information  End >>>
              52     1  pp   4v            do i=1,nxj
              53     1   p   4v               phii(i,1)=0.
              54     1   p   4v            enddo
                                   <<< Loop-information Start >>>
                                   <<<  [OPTIMIZATION]
                                   <<<    PREFETCH(HARD) Expected by compiler :
                                   <<<      phii, dhgtz
                                   <<< Loop-information  End >>>
              55     1                      do k=lev,1,-1
              56     1                        kc=lev-k+2
                                   <<< Loop-information Start >>>
                                   <<<  [PARALLELIZATION]
                                   <<<    Standard iteration count: 843
                                   <<<  [OPTIMIZATION]
                                   <<<    SIMD(VL: 8)
                                   <<<    SOFTWARE PIPELINING(IPC: 3.50, ITR: 144, MVE: 4, POL: S)
                                   <<<    PREFETCH(HARD) Expected by compiler :
                                   <<<      phii, dhgtz
                                   <<< Loop-information  End >>>
              57     2  pp   2v             do i = 1, nxj
              58     2   p   2v                phii(i,kc)=phii(i,kc-1)+dhgtz(i,k)*g
              59     2   p   2v            enddo
              60     1                     enddo
              61                     !
              62                     !
              63                     ! geopotential height at model layer
              64                     !
                                   <<< Loop-information Start >>>
                                   <<<  [PARALLELIZATION]
                                   <<<    Standard iteration count: 2
                                   <<<  [OPTIMIZATION]
                                   <<<    PREFETCH(HARD) Expected by compiler :
                                   <<<      tt, pk, qt, theda
                                   <<< Loop-information  End >>>
              65     1  pp                 do k = 1, lev
                                   <<< Loop-information Start >>>
                                   <<<  [OPTIMIZATION]
                                   <<<    SIMD(VL: 8)
                                   <<<    SOFTWARE PIPELINING(IPC: 0.65, ITR: 48, MVE: 2, POL: S)
                                   <<<    PREFETCH(HARD) Expected by compiler :
                                   <<<      qt, tt, pk, theda
                                   <<< Loop-information  End >>>
              66     2   p   2v              do i = 1, nxj
              67     2   p   2v                theda(i,k) = tt(i,k)*(1.0+0.608*qt(i,k))/pk(i,k)
              68     2   p   2v              enddo
              69     1   p                 enddo
              70                     !
                                   <<< Loop-information Start >>>
                                   <<<  [PARALLELIZATION]
                                   <<<    Standard iteration count: 433
                                   <<<  [OPTIMIZATION]
                                   <<<    SIMD(VL: 8)
                                   <<<    SOFTWARE PIPELINING(IPC: 2.42, ITR: 64, MVE: 2, POL: S)
                                   <<<    PREFETCH(HARD) Expected by compiler :
                                   <<<      pk2, pk, theda, sgeo, phi
                                   <<< Loop-information  End >>>
              71     1  pp    v            do i = 1 ,nxj
              72     1   p    v              phi(i,lev) = sgeo(i)+cp*theda(i,lev)*(pk2(i,lev)-pk(i,lev))
              73     1   p    v            enddo
              74                     !
                                   <<< Loop-information Start >>>
                                   <<<  [OPTIMIZATION]
                                   <<<    PREFETCH(HARD) Expected by compiler :
                                   <<<      pk, pk2, theda, phi
                                   <<< Loop-information  End >>>
              75     1                     do k = lev-1, 1, -1
                                   <<< Loop-information Start >>>
                                   <<<  [PARALLELIZATION]
                                   <<<    Standard iteration count: 327
                                   <<<  [OPTIMIZATION]
                                   <<<    SIMD(VL: 8)
                                   <<<    SOFTWARE PIPELINING(IPC: 3.42, ITR: 104, MVE: 4, POL: S)
                                   <<<    PREFETCH(HARD) Expected by compiler :
                                   <<<      theda, pk, pk2, phi
                                   <<< Loop-information  End >>>
              76     2  pp    v              do i = 1,nxj
              77     2   p    v                phi(i,k) = phi(i,k+1) +cp*(theda(i,k)*(pk2(i,k)-pk(i,k)) &
              78     2                                   +theda(i,k+1)*(pk(i,k+1)-pk2(i,k)))
              79     2   p    v              enddo
              80     1                     enddo
              81                     !
              82                           return
              83                           end

 Procedure information
   Lines      : 83
   Statements : 59
   Stack(byte): 2848
   Prefetch num: 0

 Scoping unit of external sub-program : get_phi
   Attribute and Cross reference of name
     const
      |(Class and Type) : module name
      |(Attributes)     : 
      |(Declaration)    : 
      |(Definition)     : 
      |(Reference)      : 4
     cp
      |(Class and Type) : variable name, REAL(8)
      |(Attributes)     : dummy-argument
      |(Declaration)    : 1  8
      |(Definition)     : 
      |(Reference)      : 25  26  72  77
     dhgt
      |(Class and Type) : variable name, REAL(8)
      |(Attributes)     : 
      |(Declaration)    : 9
      |(Definition)     : 34  45
      |(Reference)      : 38  49
     dhgtz
      |(Class and Type) : variable name, REAL(8)
      |(Attributes)     : DIMENSION
      |(Declaration)    : 9
      |(Definition)     : 38  49
      |(Reference)      : 58
     g
      |(Class and Type) : variable name, REAL(8)
      |(Attributes)     : dummy-argument
      |(Declaration)    : 1  8
      |(Definition)     : 
      |(Reference)      : 34  45  58
     get_phi
      |(Class and Type) : external subroutine name
      |(Attributes)     : 
      |(Declaration)    : 
      |(Definition)     : 1
      |(Reference)      : 
     i
      |(Class and Type) : variable name, INTEGER(4)
      |(Attributes)     : 
      |(Declaration)    : 7
      |(Definition)     : 24  32  42  52  57  66  71  76
      |(Reference)      : 25  25  26  26  33  35  36  36  38  43  44  46  47  47  49  53  58  58  58  67  67  67  67  72  72  72  72  72  77  77  77  77  77  77  77  77
     k
      |(Class and Type) : variable name, INTEGER(4)
      |(Attributes)     : 
      |(Declaration)    : 7
      |(Definition)     : 18  41  55  65  75
      |(Reference)      : 19  20  21  22  25  25  26  26  28  28  29  29  43  44  46  47  47  49  56  58  67  67  67  67  77  77  77  77  77  77  77  77
     kc
      |(Class and Type) : variable name, INTEGER(4)
      |(Attributes)     : 
      |(Declaration)    : 7
      |(Definition)     : 56
      |(Reference)      : 58  58
     lev
      |(Class and Type) : variable name, INTEGER(4)
      |(Attributes)     : dummy-argument
      |(Declaration)    : 1  7
      |(Definition)     : 
      |(Reference)      : 9  9  9  9  12  13  13  13  13  13  18  41  55  56  65  72  72  72  72  75
     nx
      |(Class and Type) : variable name, INTEGER(4)
      |(Attributes)     : dummy-argument
      |(Declaration)    : 1  7
      |(Definition)     : 
      |(Reference)      : 8  8  9  9  9  9  12  13  13  13  13  13  13
     nxj
      |(Class and Type) : variable name, INTEGER(4)
      |(Attributes)     : dummy-argument
      |(Declaration)    : 1  7
      |(Definition)     : 21  22  28  29
      |(Reference)      : 24  32  42  52  57  66  71  76
     phi
      |(Class and Type) : variable name, REAL(4)
      |(Attributes)     : DIMENSION, dummy-argument
      |(Declaration)    : 1  13
      |(Definition)     : 72  77
      |(Reference)      : 77
     phii
      |(Class and Type) : variable name, REAL(8)
      |(Attributes)     : DIMENSION, dummy-argument
      |(Declaration)    : 1  12
      |(Definition)     : 53  58
      |(Reference)      : 58
     pk
      |(Class and Type) : variable name, REAL(4)
      |(Attributes)     : DIMENSION, dummy-argument
      |(Declaration)    : 1  13
      |(Definition)     : 
      |(Reference)      : 19  67  72  77  77
     pk2
      |(Class and Type) : variable name, REAL(4)
      |(Attributes)     : DIMENSION, dummy-argument
      |(Declaration)    : 1  13
      |(Definition)     : 
      |(Reference)      : 20  72  77  77
     pk2d
      |(Class and Type) : variable name, REAL(8)
      |(Attributes)     : DIMENSION
      |(Declaration)    : 8
      |(Definition)     : 20  21
      |(Reference)      : 
     pk2x
      |(Class and Type) : variable name, REAL(8)
      |(Attributes)     : DIMENSION
      |(Declaration)    : 9
      |(Definition)     : 21  25  28  28
      |(Reference)      : 25  33  43  44
     pkd
      |(Class and Type) : variable name, REAL(8)
      |(Attributes)     : DIMENSION
      |(Declaration)    : 8
      |(Definition)     : 19  22
      |(Reference)      : 
     pkx
      |(Class and Type) : variable name, REAL(8)
      |(Attributes)     : DIMENSION
      |(Declaration)    : 9
      |(Definition)     : 22  26  29  29
      |(Reference)      : 26  35  46
     ppd
      |(Class and Type) : variable name, REAL(8)
      |(Attributes)     : 
      |(Declaration)    : 9
      |(Definition)     : 33  44
      |(Reference)      : 34  45
     ppp
      |(Class and Type) : variable name, REAL(8)
      |(Attributes)     : 
      |(Declaration)    : 9
      |(Definition)     : 35  46
      |(Reference)      : 38  49
     ppu
      |(Class and Type) : variable name, REAL(8)
      |(Attributes)     : 
      |(Declaration)    : 9
      |(Definition)     : 43
      |(Reference)      : 45
     ptop
      |(Class and Type) : variable name, REAL(8)
      |(Attributes)     : dummy-argument
      |(Declaration)    : 1  8
      |(Definition)     : 
      |(Reference)      : 34
     qt
      |(Class and Type) : variable name, REAL(4)
      |(Attributes)     : DIMENSION, dummy-argument
      |(Declaration)    : 1  13
      |(Definition)     : 
      |(Reference)      : 36  47  67
     RTYPE
      |(Class and Type) : named constant, INTEGER(4)
      |(Attributes)     : use-associated
      |(Declaration)    : 
      |(Definition)     : 
      |(Reference)      : 4  13
     r
      |(Class and Type) : variable name, REAL(8)
      |(Attributes)     : dummy-argument
      |(Declaration)    : 1  8
      |(Definition)     : 
      |(Reference)      : 25  26  38  49
     sgeo
      |(Class and Type) : variable name, REAL(4)
      |(Attributes)     : DIMENSION, dummy-argument
      |(Declaration)    : 1  13
      |(Definition)     : 
      |(Reference)      : 72
     theda
      |(Class and Type) : variable name, REAL(8)
      |(Attributes)     : DIMENSION
      |(Declaration)    : 9
      |(Definition)     : 67
      |(Reference)      : 72  77  77
     tt
      |(Class and Type) : variable name, REAL(4)
      |(Attributes)     : DIMENSION, dummy-argument
      |(Declaration)    : 1  13
      |(Definition)     : 
      |(Reference)      : 36  47  67
     ttv
      |(Class and Type) : variable name, REAL(8)
      |(Attributes)     : 
      |(Declaration)    : 9
      |(Definition)     : 36  47
      |(Reference)      : 38  49
     vexp
      |(Class and Type) : external subroutine name
      |(Attributes)     : 
      |(Declaration)    : 
      |(Definition)     : 
      |(Reference)      : 28  29
     vlog
      |(Class and Type) : external subroutine name
      |(Attributes)     : 
      |(Declaration)    : 
      |(Definition)     : 
      |(Reference)      : 21  22
   Cross reference of label
     (Label) (label-kind)               (line-no.)
     ------- ------------- ------------ ----------
        105  execution     (Definition) 39  
                           (Reference)  32
        110  execution     (Definition) 50  
                           (Reference)  41  42

 Total information
   Procedures       : 1
   Total lines      : 83
   Total statements : 59
   Total stack(byte): 2848
   Total prefetch num: 0

