
 Fujitsu Fortran Version 4.6.1  Fri Dec  1 17:11:45 2023

 Compilation information
   Current directory : /IFS/nwpr/gfs/xb169/code_update/tco639l72_sp/src_4cpl
   Source file       : minp.f90

 Option information
   Command line options : -Kident_mpi -f2004 -c -X9 -Free -CcdRR8 -Cpp -Kfast,parallel,openmp,ocl,autoobjstack -x- -fw -Knofp_relaxed -SSL2BLAMP -Kopenmp,parallel -DTIMING -DUSE_FFTW -DRSM -DW3TAG -DGFDLMP_v2 -DCWBSUM -DSP -Ec -Nlst=a,lst=d,lst=i,lst=p,lst=t,lst=x -Koptmsg=2 -I. -I/users/xa09/pkg/fx1000/fftw-3.3.10/include -I/package/fx1000/netcdf-4.7.4/include -I/package/fx1000/g2lib-1.4.0_cwb/include -I/nwpr/gfs/xb157/CWBSUMc2/4cpl/components/coupler -I/nwpr/gfs/xb124/package/fx1000/MCT/include -DTIMCOMCPL -L/package/fx1000/netcdf-4.7.4/lib -lnetcdff -lnetcdf -L/package/fx1000/hdf5-1.10.7/lib -lhdf5_hl -lhdf5 -L/package/fx1000/dms/lib -lrdms -lgdbm -L/package/fx1000/operlib/lib -lnwp -L/users/xa09/pkg/fx1000/fftw-3.3.10/lib -lfftw3f_threads -lfftw3f -lfftw3_threads -lfftw3 -SSL2BLAMP -L/nwpr/gfs/xb124/CWBSUMc2/components/rsm/lib/cwb_mpmd -lmpmd -L/package/fx1000/g2lib-1.4.0_cwb/lib -lg2 -L/package/fx1000/libpng-1.6.37/lib -lpng -L/package/fx1000/jasper-1.900.1/lib -ljasper -L/nwpr/gfs/xb157/CWBSUMc2/4cpl/components/coupler -lcpl -L/nwpr/gfs/xb124/package/fx1000/MCT/lib -lmct -lmpeu -I/opt/FJSVxtclanga/.common/MELI025/include/mpi/fujitsu -I/opt/FJSVxtclanga/.common/MELI025/lib64 -Knointentopt
   Cpp options          : -DTIMING -DUSE_FFTW -DRSM -DW3TAG -DGFDLMP_v2 -DCWBSUM -DSP -I. -I/users/xa09/pkg/fx1000/fftw-3.3.10/include -I/package/fx1000/netcdf-4.7.4/include -I/package/fx1000/g2lib-1.4.0_cwb/include -I/nwpr/gfs/xb157/CWBSUMc2/4cpl/components/coupler -I/nwpr/gfs/xb124/package/fx1000/MCT/include -DTIMCOMCPL -I/opt/FJSVxtclanga/.common/MELI025/include/mpi/fujitsu -I/opt/FJSVxtclanga/.common/MELI025/lib64 -Dunix -Dlinux -D__FUJITSU -D__FRT_major__=4 -D__FRT_minor__=6 -D__FRT_patchlevel__=1 -D__FRT_version__="4.6.1" -D__aarch64__ -D__unix -D_OPENMP=201511 -D__frt_version=800 -D__ARM_ARCH=8 -D__ARM_FEATURE_SVE -D__ELF__ -D__unix__ -D__linux__ -D__linux -Asystem(unix) -otmp
   Effective options    : -fw -g0 -AE -Ec -Free -O3 -X9
                          -CcdRR8 -x- -xaccept=nomodule_allocatable
                          -KA64FX -KARMV8_3_A -KSVE -Kalign_commons
                          -Kalign_loops -Knoarray_declaration_opt
                          -Kassume=noshortloop -Kassume=nomemory_bandwidth
                          -Kassume=notime_saving_compilation -Kauto
                          -Kautoobjstack -Knocalleralloc -Kcmodel=small
                          -Keval -Keval_noconcurrent -Knoextract_stride_store
                          -Knofenv_access -Kfp_contract -Knofp_relaxed
                          -Kfsimple -Kfz -Khpctag -Kilfunc=procedure
                          -Knointentopt -Klargepage -Kloop_blocking
                          -Kloop_fission -Kloop_nofission_stripmining
                          -Kloop_fission_threshold=50 -Kloop_fusion
                          -Kloop_interchange -Kloop_part_parallel
                          -Kloop_part_simd -Kloop_perfect_nest
                          -Kloop_noversioning -Knolto -Kmfunc=1 -Kocl
                          -Komitfp -Knooptlib_string -Koptmsg=2
                          -Knopc_relative_literal_loads -Kplt -Knopreex
                          -Kprefetch_noconditional -Kprefetch_noindirect
                          -Kprefetch_sequential=auto -Kprefetch_nostride
                          -Kprefetch_cache_level=all -Kprefetch_noinfer
                          -Kprefetch_strong -Kprefetch_strong_L2 -Knopreload
                          -Ksch_post_ra -Ksch_pre_ra -Ksibling_calls
                          -Ksimd=auto -Ksimd_packed_promotion
                          -Ksimd_reduction_product -Ksimd_reg_size=512
                          -Ksimd_nouncounted_loop
                          -Ksimd_use_multiple_structures -Knostriping
                          -Knosubscript_opt -Kswp -Kswp_freg_rate=100
                          -Kswp_ireg_rate=100 -Kswp_preg_rate=100
                          -Kswp_policy=auto -Ktemparraystack -Kunroll
                          -Knounroll_and_jam -Knozfill
                          -Kopenmp -Kopenmp_noassume_norecurrence
                          -Kopenmp_nocollapse_except_innermost
                          -Kopenmp_noordered_reduction -Knoopenmp_simd
                          -Kthreadsafe -Kparallel -Kparallel_nofp_precision
                          -Knoarray_private -Knodynamic_iteration -Kreduction
                          -Kregion_extension
                          -Nallextput -Nnoalloc_assign
                          -Ncancel_overtime_compilation -Nnocheck_global
                          -Nnocoarray -Nnocompdisp -Nnocopyarg -Nnocoverage
                          -Nfjprof -Nfreealloc -Nf90move -Nnohook_func
                          -Nnohook_time -Nlibomp -Nline -Nlst -Nlst=a -Nlst=d
                          -Nlst=i -Nlst=p -Nlst=t -Nlst=x -Nnomallocfree
                          -Nnoobsfun -Nnoprivatealloc -Nquickdbg=noargchk
                          -Nquickdbg=nosubchk -Nquickdbg=noundef -NRnotrap
                          -Nnorecursive -Nnoreordered_variable_stack
                          -Nrt_notune -Nnosave -Nsetvalue=noheap
                          -Nsetvalue=nostack -Nsetvalue=noscalar
                          -Nsetvalue=noarray -Nsetvalue=nostruct -Nuse_rodata

 External subroutine subprogram "minp"
  (inc)(line-no.)(nest)(optimize)
               1                           subroutine minp ( mn,aa,amn,imn )
               2                     !
               3                     !     find out the min value and location of the array aa
               4                     !
               5                           implicit  none
               6                           integer   mn,imn,i
               7                           real      aa(mn),amn
               8                     !
               9                           imn = 1
              10                           amn = aa(1)
                                   <<< Loop-information Start >>>
                                   <<<  [PARALLELIZATION]
                                   <<<    Standard iteration count: 696
                                   <<< Loop-information  End >>>
              11     1  pp    s            do 100 i = 2, mn
              12     2   p    v            if ( aa(i) .lt. amn )  then
              13     2   p    m               imn = i
              14     2   p    s               amn = aa(i)
              15     2   p    m            endif
              16     1   p    s        100 continue
              17                     !
              18                     !ccc  imn = ismin ( mn,aa,1 )
              19                     !ccc  amn = aa(imn)
              20                     !
              21                           return
              22                           end

 Procedure information
   Lines      : 22
   Statements : 14
   Stack(byte): 27376
   Prefetch num: 0

 Scoping unit of external sub-program : minp
   Attribute and Cross reference of name
     aa
      |(Class and Type) : variable name, REAL(8)
      |(Attributes)     : DIMENSION, dummy-argument
      |(Declaration)    : 1  7
      |(Definition)     : 
      |(Reference)      : 10  12  14
     amn
      |(Class and Type) : variable name, REAL(8)
      |(Attributes)     : dummy-argument
      |(Declaration)    : 1  7
      |(Definition)     : 10  14
      |(Reference)      : 12
     i
      |(Class and Type) : variable name, INTEGER(4)
      |(Attributes)     : 
      |(Declaration)    : 6
      |(Definition)     : 11
      |(Reference)      : 12  13  14
     imn
      |(Class and Type) : variable name, INTEGER(4)
      |(Attributes)     : dummy-argument
      |(Declaration)    : 1  6
      |(Definition)     : 9  13
      |(Reference)      : 
     minp
      |(Class and Type) : external subroutine name
      |(Attributes)     : 
      |(Declaration)    : 
      |(Definition)     : 1
      |(Reference)      : 
     mn
      |(Class and Type) : variable name, INTEGER(4)
      |(Attributes)     : dummy-argument
      |(Declaration)    : 1  6
      |(Definition)     : 
      |(Reference)      : 7  11
   Cross reference of label
     (Label) (label-kind)               (line-no.)
     ------- ------------- ------------ ----------
        100  execution     (Definition) 16  
                           (Reference)  11

 External subroutine subprogram "minpp2"
  (inc)(line-no.)(nest)(optimize)
              23                     
              24                     !fj add
              25                     
              26                           subroutine minpp2( nx,my,my_max,aa,amn,imn,jmn )
              27                     !     include '../include/index.h'
              28                     !     include '../include/mpe.h'
              29                           use index
              30                           use mpe
              31                     
              32                           implicit  none
              33                           integer   nx,my,imn,jmn,jj,j,i,idummy,my_max,nxj
              34                           real      aa(nx,my_max),amn
              35                     !
              36                           amn = 1.797693134862316d+308
              37                           imn=0 ; jmn=0
              38     1                     do jj =1,jlistnum
              39     1                     j=jlist1(jj)
              40     1                     nxj=nxdef(j)
                                   <<< Loop-information Start >>>
                                   <<<  [PARALLELIZATION]
                                   <<<    Standard iteration count: 616
                                   <<< Loop-information  End >>>
              41     2  pp    s            do i=1,nxj
              42     3   p    v              if (aa(i,jj).lt.amn) then
              43     3   p    s                amn = aa(i,jj)
              44     3   p    m                imn = i
              45     3   p    v                jmn = j
              46     3   p    m              end if
              47     2   p    s            end do
              48     1                     end do
              49                     !
              50                           call mpe_global_minloc(amn,2,imn,jmn,idummy,idummy,mpe_double)
              51                     !
              52                           return
              53                           end

 Procedure information
   Lines      : 31
   Statements : 23
   Stack(byte): 40704
   Prefetch num: 0

 Scoping unit of external sub-program : minpp2
   Attribute and Cross reference of name
     aa
      |(Class and Type) : variable name, REAL(8)
      |(Attributes)     : DIMENSION, dummy-argument
      |(Declaration)    : 26  34
      |(Definition)     : 
      |(Reference)      : 42  43
     amn
      |(Class and Type) : variable name, REAL(8)
      |(Attributes)     : dummy-argument
      |(Declaration)    : 26  34
      |(Definition)     : 36  43  50
      |(Reference)      : 42
     i
      |(Class and Type) : variable name, INTEGER(4)
      |(Attributes)     : 
      |(Declaration)    : 33
      |(Definition)     : 41
      |(Reference)      : 42  43  44
     idummy
      |(Class and Type) : variable name, INTEGER(4)
      |(Attributes)     : 
      |(Declaration)    : 33
      |(Definition)     : 50  50
      |(Reference)      : 
     imn
      |(Class and Type) : variable name, INTEGER(4)
      |(Attributes)     : dummy-argument
      |(Declaration)    : 26  33
      |(Definition)     : 37  44  50
      |(Reference)      : 
     index
      |(Class and Type) : module name
      |(Attributes)     : 
      |(Declaration)    : 
      |(Definition)     : 
      |(Reference)      : 29
     j
      |(Class and Type) : variable name, INTEGER(4)
      |(Attributes)     : 
      |(Declaration)    : 33
      |(Definition)     : 39
      |(Reference)      : 40  45
     jj
      |(Class and Type) : variable name, INTEGER(4)
      |(Attributes)     : 
      |(Declaration)    : 33
      |(Definition)     : 38
      |(Reference)      : 39  42  43
     jlist1
      |(Class and Type) : variable name, INTEGER(4)
      |(Attributes)     : ALLOCATABLE, DIMENSION, SAVE, use-associated
      |(Declaration)    : 
      |(Definition)     : 
      |(Reference)      : 39
     jlistnum
      |(Class and Type) : variable name, INTEGER(4)
      |(Attributes)     : common-block-object, use-associated
      |(Declaration)    : 
      |(Definition)     : 
      |(Reference)      : 38
     jmn
      |(Class and Type) : variable name, INTEGER(4)
      |(Attributes)     : dummy-argument
      |(Declaration)    : 26  33
      |(Definition)     : 37  45  50
      |(Reference)      : 
     minpp2
      |(Class and Type) : external subroutine name
      |(Attributes)     : 
      |(Declaration)    : 
      |(Definition)     : 26
      |(Reference)      : 
     mpe
      |(Class and Type) : module name
      |(Attributes)     : 
      |(Declaration)    : 
      |(Definition)     : 
      |(Reference)      : 30
     mpe_double
      |(Class and Type) : named constant, INTEGER(4)
      |(Attributes)     : use-associated
      |(Declaration)    : 
      |(Definition)     : 
      |(Reference)      : 50
     mpe_global_minloc
      |(Class and Type) : generic name
      |(Attributes)     : use-associated
      |(Declaration)    : 
      |(Definition)     : 
      |(Reference)      : 50
     my
      |(Class and Type) : variable name, INTEGER(4)
      |(Attributes)     : dummy-argument
      |(Declaration)    : 26  33
      |(Definition)     : 
      |(Reference)      : 
     my_max
      |(Class and Type) : variable name, INTEGER(4)
      |(Attributes)     : dummy-argument
      |(Declaration)    : 26  33
      |(Definition)     : 
      |(Reference)      : 34
     nx
      |(Class and Type) : variable name, INTEGER(4)
      |(Attributes)     : dummy-argument
      |(Declaration)    : 26  33
      |(Definition)     : 
      |(Reference)      : 34
     nxdef
      |(Class and Type) : variable name, INTEGER(4)
      |(Attributes)     : ALLOCATABLE, DIMENSION, SAVE, use-associated
      |(Declaration)    : 
      |(Definition)     : 
      |(Reference)      : 40
     nxj
      |(Class and Type) : variable name, INTEGER(4)
      |(Attributes)     : 
      |(Declaration)    : 33
      |(Definition)     : 40
      |(Reference)      : 41

 External subroutine subprogram "minpp2l"
  (inc)(line-no.)(nest)(optimize)
              54                     
              55                           subroutine minpp2l( lev,my,aa,amn,kmn,jmn )
              56                     !     include '../include/index.h'
              57                     !     include '../include/mpe.h'
              58                           use index
              59                           use mpe
              60                     
              61                           implicit  none
              62                           integer   lev,my,kmn,jmn,k,j
              63                           real      aa(my,lev),amn
              64                     !
              65                           amn = 1.797693134862316d+308
              66                           kmn=0 ; jmn=0
                                   <<< Loop-information Start >>>
                                   <<<  [PARALLELIZATION]
                                   <<<    Standard iteration count: 4
                                   <<< Loop-information  End >>>
              67     1  pp                 do k =2,lev
                                   <<< Loop-information Start >>>
                                   <<<  [OPTIMIZATION]
                                   <<<    PREFETCH(HARD) Expected by compiler :
                                   <<<      aa
                                   <<< Loop-information  End >>>
              68     2   p   4s            do j =1,my
              69     3   p   4v              if (aa(j,k).lt.amn) then
              70     3   p   4s                amn = aa(j,k)
              71     3   p   4m                kmn = k
              72     3   p   4v                jmn = j
              73     3   p   4m              end if
              74     2   p   4s            end do
              75     1   p                 end do
              76                     !
              77                     !      call mpe_global_minloc(amn,2,kmn,jmn,idummy,idummy,mpe_double)
              78                     !
              79                           return
              80                           end

 Procedure information
   Lines      : 27
   Statements : 20
   Stack(byte): 40704
   Prefetch num: 0

 Scoping unit of external sub-program : minpp2l
   Attribute and Cross reference of name
     aa
      |(Class and Type) : variable name, REAL(8)
      |(Attributes)     : DIMENSION, dummy-argument
      |(Declaration)    : 55  63
      |(Definition)     : 
      |(Reference)      : 69  70
     amn
      |(Class and Type) : variable name, REAL(8)
      |(Attributes)     : dummy-argument
      |(Declaration)    : 55  63
      |(Definition)     : 65  70
      |(Reference)      : 69
     index
      |(Class and Type) : module name
      |(Attributes)     : 
      |(Declaration)    : 
      |(Definition)     : 
      |(Reference)      : 58
     j
      |(Class and Type) : variable name, INTEGER(4)
      |(Attributes)     : 
      |(Declaration)    : 62
      |(Definition)     : 68
      |(Reference)      : 69  70  72
     jmn
      |(Class and Type) : variable name, INTEGER(4)
      |(Attributes)     : dummy-argument
      |(Declaration)    : 55  62
      |(Definition)     : 66  72
      |(Reference)      : 
     k
      |(Class and Type) : variable name, INTEGER(4)
      |(Attributes)     : 
      |(Declaration)    : 62
      |(Definition)     : 67
      |(Reference)      : 69  70  71
     kmn
      |(Class and Type) : variable name, INTEGER(4)
      |(Attributes)     : dummy-argument
      |(Declaration)    : 55  62
      |(Definition)     : 66  71
      |(Reference)      : 
     lev
      |(Class and Type) : variable name, INTEGER(4)
      |(Attributes)     : dummy-argument
      |(Declaration)    : 55  62
      |(Definition)     : 
      |(Reference)      : 63  67
     minpp2l
      |(Class and Type) : external subroutine name
      |(Attributes)     : 
      |(Declaration)    : 
      |(Definition)     : 55
      |(Reference)      : 
     mpe
      |(Class and Type) : module name
      |(Attributes)     : 
      |(Declaration)    : 
      |(Definition)     : 
      |(Reference)      : 59
     my
      |(Class and Type) : variable name, INTEGER(4)
      |(Attributes)     : dummy-argument
      |(Declaration)    : 55  62
      |(Definition)     : 
      |(Reference)      : 63  68

 External subroutine subprogram "minpp2_2d"
  (inc)(line-no.)(nest)(optimize)
              81                     !------------------------------------------------------------------
              82                     !ch for 2dMPI with array(nx_partial,my_partial)
              83                     
              84                           subroutine minpp2_2d( aa,amn,imn,jmn )
              85                           use index
              86                           use param, only : my, my_max
              87                           use mpe
              88                     
              89                           implicit  none
              90                           integer   imn,jmn,jj,j,i,nxj,idummy
              91                           real      aa(nxp,my_max),amn
              92                     
              93                           amn = 1.797693134862316d+308
              94                           imn=0 ; jmn=0
              95     1                     do jj =1,jlistnum
              96     1                     j=jlist1(jj)
              97     1                     nxj=nxdef_2d(j)
                                   <<< Loop-information Start >>>
                                   <<<  [OPTIMIZATION]
                                   <<<    PREFETCH(HARD) Expected by compiler :
                                   <<<      aa
                                   <<< Loop-information  End >>>
              98     2   s   2s            do i=1,nxj
              99     3   m   2m              if (aa(i,jj).lt.amn) then
             100     3   s   2s                amn = aa(i,jj)
             101     3               !ch       imn = i
             102     3   p   2v                imn = map2to1(i,j)
             103     3   p   2v                jmn = j
             104     3   p   2v              end if
             105     2   p   2v            end do
             106     1                     end do
             107                     
             108                           call mpe_global_minloc(amn,2,imn,jmn,idummy,idummy,mpe_double)
             109                     
             110                           return
             111                           end

 Procedure information
   Lines      : 31
   Statements : 24
   Stack(byte): 368
   Prefetch num: 0

 Scoping unit of external sub-program : minpp2_2d
   Attribute and Cross reference of name
     aa
      |(Class and Type) : variable name, REAL(8)
      |(Attributes)     : DIMENSION, dummy-argument
      |(Declaration)    : 84  91
      |(Definition)     : 
      |(Reference)      : 99  100
     amn
      |(Class and Type) : variable name, REAL(8)
      |(Attributes)     : dummy-argument
      |(Declaration)    : 84  91
      |(Definition)     : 93  100  108
      |(Reference)      : 99
     i
      |(Class and Type) : variable name, INTEGER(4)
      |(Attributes)     : 
      |(Declaration)    : 90
      |(Definition)     : 98
      |(Reference)      : 99  100  102
     idummy
      |(Class and Type) : variable name, INTEGER(4)
      |(Attributes)     : 
      |(Declaration)    : 90
      |(Definition)     : 108  108
      |(Reference)      : 
     imn
      |(Class and Type) : variable name, INTEGER(4)
      |(Attributes)     : dummy-argument
      |(Declaration)    : 84  90
      |(Definition)     : 94  102  108
      |(Reference)      : 
     index
      |(Class and Type) : module name
      |(Attributes)     : 
      |(Declaration)    : 
      |(Definition)     : 
      |(Reference)      : 85
     j
      |(Class and Type) : variable name, INTEGER(4)
      |(Attributes)     : 
      |(Declaration)    : 90
      |(Definition)     : 96
      |(Reference)      : 97  102  103
     jj
      |(Class and Type) : variable name, INTEGER(4)
      |(Attributes)     : 
      |(Declaration)    : 90
      |(Definition)     : 95
      |(Reference)      : 96  99  100
     jlist1
      |(Class and Type) : variable name, INTEGER(4)
      |(Attributes)     : ALLOCATABLE, DIMENSION, SAVE, use-associated
      |(Declaration)    : 
      |(Definition)     : 
      |(Reference)      : 96
     jlistnum
      |(Class and Type) : variable name, INTEGER(4)
      |(Attributes)     : common-block-object, use-associated
      |(Declaration)    : 
      |(Definition)     : 
      |(Reference)      : 95
     jmn
      |(Class and Type) : variable name, INTEGER(4)
      |(Attributes)     : dummy-argument
      |(Declaration)    : 84  90
      |(Definition)     : 94  103  108
      |(Reference)      : 
     map2to1
      |(Class and Type) : variable name, INTEGER(4)
      |(Attributes)     : ALLOCATABLE, DIMENSION, SAVE, use-associated
      |(Declaration)    : 
      |(Definition)     : 
      |(Reference)      : 102
     minpp2_2d
      |(Class and Type) : external subroutine name
      |(Attributes)     : 
      |(Declaration)    : 
      |(Definition)     : 84
      |(Reference)      : 
     mpe
      |(Class and Type) : module name
      |(Attributes)     : 
      |(Declaration)    : 
      |(Definition)     : 
      |(Reference)      : 87
     mpe_double
      |(Class and Type) : named constant, INTEGER(4)
      |(Attributes)     : use-associated
      |(Declaration)    : 
      |(Definition)     : 
      |(Reference)      : 108
     mpe_global_minloc
      |(Class and Type) : generic name
      |(Attributes)     : use-associated
      |(Declaration)    : 
      |(Definition)     : 
      |(Reference)      : 108
     my
      |(Class and Type) : variable name, INTEGER(4)
      |(Attributes)     : common-block-object, use-associated
      |(Declaration)    : 
      |(Definition)     : 
      |(Reference)      : 86
     my_max
      |(Class and Type) : variable name, INTEGER(4)
      |(Attributes)     : common-block-object, use-associated
      |(Declaration)    : 
      |(Definition)     : 
      |(Reference)      : 86  91
     nxdef_2d
      |(Class and Type) : variable name, INTEGER(4)
      |(Attributes)     : ALLOCATABLE, DIMENSION, SAVE, use-associated
      |(Declaration)    : 
      |(Definition)     : 
      |(Reference)      : 97
     nxj
      |(Class and Type) : variable name, INTEGER(4)
      |(Attributes)     : 
      |(Declaration)    : 90
      |(Definition)     : 97
      |(Reference)      : 98
     nxp
      |(Class and Type) : variable name, INTEGER(4)
      |(Attributes)     : common-block-object, use-associated
      |(Declaration)    : 
      |(Definition)     : 
      |(Reference)      : 91
     param
      |(Class and Type) : module name
      |(Attributes)     : 
      |(Declaration)    : 
      |(Definition)     : 
      |(Reference)      : 86

 Total information
   Procedures       : 4
   Total lines      : 111
   Total statements : 81
   Total stack(byte): 109152
   Total prefetch num: 0

