
 Fujitsu Fortran Version 4.6.1  Tue Aug  8 17:26:42 2023

 Compilation information
   Current directory : /IFS/nwpr/gfs/xb169/code_update/tco639l72/src_4cpl
   Source file       : readclx.f90

 Option information
   Command line options : -Kident_mpi -f2004 -c -X9 -Free -CcdRR8 -Cpp -Kfast,parallel,openmp,ocl,autoobjstack -x- -fw -Knofp_relaxed -SSL2BLAMP -Kopenmp,parallel -DTIMING -DUSE_FFTW -DRSM -DW3TAG -DGFDLMP_v2 -DCWBSUM -Ec -Nlst=a,lst=d,lst=i,lst=p,lst=t,lst=x -Koptmsg=2 -I. -I/users/xa09/pkg/fx1000/fftw-3.3.10/include -I/package/fx1000/netcdf-4.7.4/include -I/package/fx1000/g2lib-1.4.0_cwb/include -I/nwpr/gfs/xb157/CWBSUMc2/4cpl/components/coupler -I/nwpr/gfs/xb124/package/fx1000/MCT/include -DTIMCOMCPL -L/package/fx1000/netcdf-4.7.4/lib -lnetcdff -lnetcdf -L/package/fx1000/hdf5-1.10.7/lib -lhdf5_hl -lhdf5 -L/package/fx1000/dms/lib -lrdms -lgdbm -L/package/fx1000/operlib/lib -lnwp -L/users/xa09/pkg/fx1000/fftw-3.3.10/lib -lfftw3f_threads -lfftw3f -lfftw3_threads -lfftw3 -SSL2BLAMP -L/nwpr/gfs/xb124/CWBSUMc2/components/rsm/lib/cwb_mpmd -lmpmd -L/package/fx1000/g2lib-1.4.0_cwb/lib -lg2 -L/package/fx1000/libpng-1.6.37/lib -lpng -L/package/fx1000/jasper-1.900.1/lib -ljasper -L/nwpr/gfs/xb157/CWBSUMc2/4cpl/components/coupler -lcpl -L/nwpr/gfs/xb124/package/fx1000/MCT/lib -lmct -lmpeu -I/opt/FJSVxtclanga/.common/MELI025/include/mpi/fujitsu -I/opt/FJSVxtclanga/.common/MELI025/lib64 -Knointentopt
   Cpp options          : -DTIMING -DUSE_FFTW -DRSM -DW3TAG -DGFDLMP_v2 -DCWBSUM -I. -I/users/xa09/pkg/fx1000/fftw-3.3.10/include -I/package/fx1000/netcdf-4.7.4/include -I/package/fx1000/g2lib-1.4.0_cwb/include -I/nwpr/gfs/xb157/CWBSUMc2/4cpl/components/coupler -I/nwpr/gfs/xb124/package/fx1000/MCT/include -DTIMCOMCPL -I/opt/FJSVxtclanga/.common/MELI025/include/mpi/fujitsu -I/opt/FJSVxtclanga/.common/MELI025/lib64 -Dunix -Dlinux -D__FUJITSU -D__FRT_major__=4 -D__FRT_minor__=6 -D__FRT_patchlevel__=1 -D__FRT_version__="4.6.1" -D__aarch64__ -D__unix -D_OPENMP=201511 -D__frt_version=800 -D__ARM_ARCH=8 -D__ARM_FEATURE_SVE -D__ELF__ -D__unix__ -D__linux__ -D__linux -Asystem(unix) -otmp
   Effective options    : -fw -g0 -AE -Ec -Free -O3 -X9
                          -CcdRR8 -x- -xaccept=nomodule_allocatable
                          -KA64FX -KARMV8_3_A -KSVE -Kalign_commons
                          -Kalign_loops -Knoarray_declaration_opt
                          -Kassume=noshortloop -Kassume=nomemory_bandwidth
                          -Kassume=notime_saving_compilation -Kauto
                          -Kautoobjstack -Knocalleralloc -Kcmodel=small
                          -Keval -Keval_noconcurrent -Knoextract_stride_store
                          -Knofenv_access -Kfp_contract -Knofp_relaxed
                          -Kfsimple -Kfz -Khpctag -Kilfunc=procedure
                          -Knointentopt -Klargepage -Kloop_blocking
                          -Kloop_fission -Kloop_nofission_stripmining
                          -Kloop_fission_threshold=50 -Kloop_fusion
                          -Kloop_interchange -Kloop_part_parallel
                          -Kloop_part_simd -Kloop_perfect_nest
                          -Kloop_noversioning -Knolto -Kmfunc=1 -Kocl
                          -Komitfp -Knooptlib_string -Koptmsg=2
                          -Knopc_relative_literal_loads -Kplt -Knopreex
                          -Kprefetch_noconditional -Kprefetch_noindirect
                          -Kprefetch_sequential=auto -Kprefetch_nostride
                          -Kprefetch_cache_level=all -Kprefetch_noinfer
                          -Kprefetch_strong -Kprefetch_strong_L2 -Knopreload
                          -Ksch_post_ra -Ksch_pre_ra -Ksibling_calls
                          -Ksimd=auto -Ksimd_packed_promotion
                          -Ksimd_reduction_product -Ksimd_reg_size=512
                          -Ksimd_nouncounted_loop
                          -Ksimd_use_multiple_structures -Knostriping
                          -Knosubscript_opt -Kswp -Kswp_freg_rate=100
                          -Kswp_ireg_rate=100 -Kswp_preg_rate=100
                          -Kswp_policy=auto -Ktemparraystack -Kunroll
                          -Knounroll_and_jam -Knozfill
                          -Kopenmp -Kopenmp_noassume_norecurrence
                          -Kopenmp_nocollapse_except_innermost
                          -Kopenmp_noordered_reduction -Knoopenmp_simd
                          -Kthreadsafe -Kparallel -Kparallel_nofp_precision
                          -Knoarray_private -Knodynamic_iteration -Kreduction
                          -Kregion_extension
                          -Nallextput -Nnoalloc_assign
                          -Ncancel_overtime_compilation -Nnocheck_global
                          -Nnocoarray -Nnocompdisp -Nnocopyarg -Nnocoverage
                          -Nfjprof -Nfreealloc -Nf90move -Nnohook_func
                          -Nnohook_time -Nlibomp -Nline -Nlst -Nlst=a -Nlst=d
                          -Nlst=i -Nlst=p -Nlst=t -Nlst=x -Nnomallocfree
                          -Nnoobsfun -Nnoprivatealloc -Nquickdbg=noargchk
                          -Nquickdbg=nosubchk -Nquickdbg=noundef -NRnotrap
                          -Nnorecursive -Nnoreordered_variable_stack
                          -Nrt_notune -Nnosave -Nsetvalue=noheap
                          -Nsetvalue=nostack -Nsetvalue=noscalar
                          -Nsetvalue=noarray -Nsetvalue=nostruct -Nuse_rodata

 External subroutine subprogram "readclx"
  (inc)(line-no.)(nest)(optimize)
               1                           subroutine readclx(nx,my,my_max,julian,land,sea,ice,solt,wet,z0, &
               2                                              alb,sst,bckfile,sigmaf,istyp,ivegtyp,ls       &
               3                                             ,shdmax,shdmin,slopetyp,snoalb,ggdef,isot,ivegsrc)
               4                     !
               5                     !  read climt data from data base
               6                     !
               7                     !----------------------------------------------------------------
               8                     !  input :
               9                     !         nx     : dimension of e-w direction
              10                     !         my     : dimension of s-n direction
              11                     !         julian : julian day
              12                     !  output :
              13                     !         land   : index of bare soil or not (logical)
              14                     !         sea    : index of open water or not (logical)
              15                     !         ice    : index of ice cover or not (logical)
              16                     !         solt   : soil temperature ( i.e. ground temp.) (k)
              17                     !         wet    : ground wetness
              18                     !         z0     : surface roughness  (m)
              19                     !         alb    : surface albedo
              20                     !         sst    : sea surface temperature (k)
              21                     !         sigmaf : vegetation fraction
              22                     !         istyp  : soil type(1-9)
              23                     !         ivegtyp: vegetation type(1-13)
              24                     !-----------------------------------------------------------------
              25                     !
              26                           use index
              27                           use namelist_soilveg
              28                     !helio>
              29                           use mpe
              30                           use phygrid, only : ls_full,ls_redu
              31                     !helio<
              32                     !
              33                           implicit  none
              34                     
              35                           integer   nx,my,my_max,julian,isot,ivegsrc
              36                     
              37                           real      solt(nxp,my_max),wet(nxp,my_max),z0(nxp,my_max),alb(nxp,my_max),  &
              38                                     sst(nxp,my_max)                           &
              39                     !soil
              40                                    ,sigmaf(nxp,my_max)                        &
              41                     !noah
              42                                    ,shdmax(nxp,my_max),shdmin(nxp,my_max) &
              43                                    ,snoalb(nxp,my_max)
              44                     
              45                           integer slopetyp(nxp,my_max)
              46                     
              47                           integer istyp(nxp,my_max),ivegtyp(nxp,my_max)
              48                     
              49                     !
              50                           logical land(nxp,my_max),sea(nxp,my_max),ice(nxp,my_max)
              51                     !
              52                     !  working array as climt data base
              53                     !
              54                           real    glob(nx,my)
              55                           real      sstcl(nxp,my_max,2),soltcl(nxp,my_max,2),    &
              56                                     wetcl(nxp,my_max,2),albcl(nxp,my_max,2),     &
              57                                     z0cl(nxp,my_max,2),                          &
              58                     !soil
              59                                     vfrcl(nxp,my_max,2)
              60                     !soil
              61                           integer   ls(nxp,my_max),icex(nxp,my_max),iglob(nx,my)
              62                     
              63                           character bckfile*80,lrec*26,blnk*1,ggdef*4
              64                           integer   mon(12),mondy(13)
              65                           data mon/15,46,74,105,135,166,196,227,258,288,319,349/
              66                           data mondy/0,31,59,90,120,151,181,212,243,273,304,334,365/
              67                           data blnk/' '/
              68                     
              69                           integer   i,j,k,jul,nxj,mm,istat,monidex,lncrec,jj,ii
              70                           real      coef1,coef2
              71                     !
              72                           lncrec=nx*my
              73                     !
              74                           jul=julian
              75                           if(jul .ge. 366)jul=365
              76                     !
              77                     !  what month is it ?
              78                     !
                                   <<< Loop-information Start >>>
                                   <<<  [PARALLELIZATION]
                                   <<<    Standard iteration count: 640
                                   <<<  [OPTIMIZATION]
                                   <<<    SIMD(VL: 16)
                                   <<< Loop-information  End >>>
              79     1   s    v            do k=1,12
              80     1   p                 if(jul .gt. mondy(k) .and. jul .le. mondy(k+1))monidex=k
              81     1   p    v            end do
              82                     !
              83                       11  format('W00100','gbck',a4,4x,i2.2,6x)  ! W10
              84                       12  format('S9M100','gbck',a4,4x,i2.2,6x)  ! X10
              85                       14  format('S00030','gbck',a4,4x,i2.2,6x)  ! S35
              86                       15  format('S00040','gbck',a4,4x,i2.2,6x)  ! S44
              87                       16  format('S00070','gbck',a4,11x,a1) ! S07
              88                       17  format('S00090','gbck',a4,4x,i2.2,6x) ! S09
              89                     !soil
              90                       13  format('S9M5B0','gbck',a4,4x,i2.2,6x)  ! for new soil
              91                       18  format('S000ST','gbck',a4,11x,a1)      ! for new soil
              92                       19  format('S000VF','gbck',a4,4x,i2.2,6x)  ! for new soil
              93                       21  format('S000VT','gbck',a4,11x,a1)      ! for new soil
              94                       22  format('S9Y100','gbck',a4,11x,a1)      ! for new soil
              95                     !soil
              96                       23  format('S000VX','gbck',a4,11x,a1)      ! for new soil
              97                       24  format('S000VN','gbck',a4,11x,a1)      ! for new soil
              98                       25  format('S00063','gbck',a4,11x,a1)      ! for new soil
              99                       26  format('S0003X','gbck',a4,11x,a1)      ! for new soil
             100                     !source 2(19-soil, 20-veg)
             101                       28  format('S00XST','gbck',a4,11x,a1)      ! for new soil
             102                       31  format('S00XVT','gbck',a4,11x,a1)      ! for new soil
             103                     !source 3(19-soil, 20-veg)
             104                       29  format('S00WST','gbck',a4,11x,a1)      ! for new soil from MODIS
             105                       32  format('S00WVT','gbck',a4,11x,a1)      ! for new soil from MODIS
             106                       33  format('S00WVF','gbck',a4,4x,i2.2,6x)      ! for new soil from MODIS
             107                     !
             108                     !  to interpolat linearly based on julian day
             109                     !
             110                     !-- climat dataset has 12 months
             111                     
             112                           if(jul .le. mon(1))jul=jul+365
             113     1                     if(jul .gt. mon(12))then
             114     1               !                                -- read dmsfile --
             115     1                     mm=12
             116     1                     write(lrec,11)ggdef,mm
             117     1                     call dmsread(nx,my,lrec,lncrec,'H',bckfile,glob,istat)
             118     1                     call unify_reducepick(nx,my,my_max,glob,sstcl(1,1,1))
             119     1               
             120     1               !ch?  write(lrec,12)ggdef,mm
             121     1               !ch?  call dmsread(nx,my,lrec,lncrec,'H',bckfile,soltcl(1,1,1),istat)
             122     1               !ch?  if( lreduce.eq.1 ) call reducepick (soltcl(1,1,1),nxdef,nx,my)
             123     1               
             124     1                     write(lrec,14)ggdef,mm
             125     1                     call dmsread(nx,my,lrec,lncrec,'H',bckfile,glob,istat)
             126     1                     call unify_reducepick(nx,my,my_max,glob,albcl(1,1,1))
             127     1               
             128     1                     write(lrec,15)ggdef,mm
             129     1                     call dmsread(nx,my,lrec,lncrec,'H',bckfile,glob,istat)
             130     1                     call unify_reducepick(nx,my,my_max,glob,z0cl(1,1,1))
             131     1               
             132     1                     write(lrec,13)ggdef,mm
             133     1                     call dmsread(nx,my,lrec,lncrec,'H',bckfile,glob,istat)
             134     1                     call unify_reducepick(nx,my,my_max,glob,wetcl(1,1,1))
             135     1               
             136     1               !soil
             137     1                     if(ivegsrc .le. 1)write(lrec,19)ggdef,mm
             138     1                     if(ivegsrc .eq. 2)write(lrec,33)ggdef,mm
             139     1                     call dmsread(nx,my,lrec,lncrec,'H',bckfile,glob,istat)
             140     1                     call unify_reducepick(nx,my,my_max,glob,vfrcl(1,1,1))
             141     1               !soil
             142     1                     mm=1
             143     1                     write(lrec,11)ggdef,mm
             144     1                     call dmsread(nx,my,lrec,lncrec,'H',bckfile,glob,istat)
             145     1                     call unify_reducepick(nx,my,my_max,glob,sstcl(1,1,2))
             146     1               
             147     1               !ch?  write(lrec,12)ggdef,mm
             148     1               !ch?  call dmsread(nx,my,lrec,lncrec,'H',bckfile,soltcl(1,1,2),istat)
             149     1               !ch?  if( lreduce.eq.1 ) call reducepick (soltcl(1,1,2),nxdef,nx,my)
             150     1               
             151     1                     write(lrec,14)ggdef,mm
             152     1                     call dmsread(nx,my,lrec,lncrec,'H',bckfile,glob,istat)
             153     1                     call unify_reducepick(nx,my,my_max,glob,albcl(1,1,2))
             154     1               
             155     1                     write(lrec,15)ggdef,mm
             156     1                     call dmsread(nx,my,lrec,lncrec,'H',bckfile,glob,istat)
             157     1                     call unify_reducepick(nx,my,my_max,glob,z0cl(1,1,2))
             158     1               
             159     1                     write(lrec,13)ggdef,mm
             160     1                     call dmsread(nx,my,lrec,lncrec,'H',bckfile,glob,istat)
             161     1                     call unify_reducepick(nx,my,my_max,glob,wetcl(1,1,2))
             162     1               !soil
             163     1                     if(ivegsrc .le. 1)write(lrec,19)ggdef,mm
             164     1                     if(ivegsrc .eq. 2)write(lrec,33)ggdef,mm
             165     1                     call dmsread(nx,my,lrec,lncrec,'H',bckfile,glob,istat)
             166     1                     call unify_reducepick(nx,my,my_max,glob,vfrcl(1,1,2))
             167     1               !soil
             168     1               !
             169     1                     coef1=float(jul-mon(12))/float(380-mon(12))
             170     1                     coef2=1.-coef1
                                   <<< Loop-information Start >>>
                                   <<<  [PARALLELIZATION]
                                   <<<    Standard iteration count: 2
                                   <<<  [OPTIMIZATION]
                                   <<<    PREFETCH(HARD) Expected by compiler :
                                   <<<      albcl, wetcl, sstcl, z0cl, vfrcl, alb
                                   <<<      wet, z0, sst, sigmaf
                                   <<< Loop-information  End >>>
             171     2  pp                 do jj=1,jlistnum
             172     2   p                    j=jlist1(jj)
             173     2   p                    nxj=nxdef_2d(j)
                                   <<< Loop-information Start >>>
                                   <<<  [OPTIMIZATION]
                                   <<<    SIMD(VL: 8)
                                   <<<    SOFTWARE PIPELINING(IPC: 3.58, ITR: 56, MVE: 4, POL: S)
                                   <<<    PREFETCH(HARD) Expected by compiler :
                                   <<<      wetcl, z0cl, vfrcl, alb, albcl, sstcl
                                   <<<      wet, z0, sst, sigmaf
                                   <<<    SPILLS :
                                   <<<      GENERAL   : SPILL 0  FILL 16
                                   <<<      SIMD&FP   : SPILL 0  FILL 0
                                   <<<      SCALABLE  : SPILL 0  FILL 0
                                   <<<      PREDICATE : SPILL 0  FILL 0
                                   <<< Loop-information  End >>>
             174     3   p    v               do i=1,nxj
             175     3   p    v                  sst(i,jj) =coef1*sstcl(i,jj,2) +coef2*sstcl(i,jj,1)
             176     3               !ch?        solt(i,jj)=coef1*soltcl(ii,j,2)+coef2*soltcl(ii,j,1)
             177     3   p    v                  alb(i,jj) =coef1*albcl(i,jj,2) +coef2*albcl(i,jj,1)
             178     3   p    v                  z0(i,jj)=coef1*z0cl(i,jj,2)+coef2*z0cl(i,jj,1)
             179     3   p    v                  wet(i,jj)=coef1*wetcl(i,jj,2)+coef2*wetcl(i,jj,1)
             180     3               !soil
             181     3   p    v                sigmaf(i,jj)=coef1*vfrcl(i,jj,2)+coef2*vfrcl(i,jj,1)
             182     3               !soil
             183     3   p    v              enddo
             184     2   p                 enddo
             185     1                     end if
             186                     !
             187     1                     do 30 k=2,12
             188     2                     if(jul .gt. mon(k-1) .and. jul .le. mon(k))then
             189     2               !                                -- read dmsfile --
             190     2                     write(lrec,11)ggdef,k-1
             191     2                     call dmsread(nx,my,lrec,lncrec,'H',bckfile,glob,istat)
             192     2                     call unify_reducepick(nx,my,my_max,glob,sstcl(1,1,1))
             193     2               
             194     2               !ch?  write(lrec,12)ggdef,k-1
             195     2               !ch?  call dmsread(nx,my,lrec,lncrec,'H',bckfile,soltcl(1,1,1),istat)
             196     2               !ch?  if( lreduce.eq.1 ) call reducepick (soltcl(1,1,1),nxdef,nx,my)
             197     2               
             198     2                     write(lrec,14)ggdef,k-1
             199     2                     call dmsread(nx,my,lrec,lncrec,'H',bckfile,glob,istat)
             200     2                     call unify_reducepick(nx,my,my_max,glob,albcl(1,1,1))
             201     2               
             202     2                     write(lrec,15)ggdef,k-1
             203     2                     call dmsread(nx,my,lrec,lncrec,'H',bckfile,glob,istat)
             204     2                     call unify_reducepick(nx,my,my_max,glob,z0cl(1,1,1))
             205     2               
             206     2                     write(lrec,13)ggdef,k-1
             207     2                     call dmsread(nx,my,lrec,lncrec,'H',bckfile,glob,istat)
             208     2                     call unify_reducepick(nx,my,my_max,glob,wetcl(1,1,1))
             209     2               !soil
             210     2                     if(ivegsrc .le. 1)write(lrec,19)ggdef,k-1
             211     2                     if(ivegsrc .eq. 2)write(lrec,33)ggdef,k-1
             212     2                     call dmsread(nx,my,lrec,lncrec,'H',bckfile,glob,istat)
             213     2                     call unify_reducepick(nx,my,my_max,glob,vfrcl(1,1,1))
             214     2               !soil
             215     2                     write(lrec,11)ggdef,k
             216     2                     call dmsread(nx,my,lrec,lncrec,'H',bckfile,glob,istat)
             217     2                     call unify_reducepick(nx,my,my_max,glob,sstcl(1,1,2))
             218     2               
             219     2               !ch?  write(lrec,12)ggdef,k
             220     2               !ch?  call dmsread(nx,my,lrec,lncrec,'H',bckfile,soltcl(1,1,2),istat)
             221     2               !ch?  if( lreduce.eq.1 ) call reducepick (soltcl(1,1,2),nxdef,nx,my)
             222     2               !
             223     2                     write(lrec,14)ggdef,k
             224     2                     call dmsread(nx,my,lrec,lncrec,'H',bckfile,glob,istat)
             225     2                     call unify_reducepick(nx,my,my_max,glob,albcl(1,1,2))
             226     2               
             227     2                     write(lrec,15)ggdef,k
             228     2                     call dmsread(nx,my,lrec,lncrec,'H',bckfile,glob,istat)
             229     2                     call unify_reducepick(nx,my,my_max,glob,z0cl(1,1,2))
             230     2               
             231     2                     write(lrec,13)ggdef,k
             232     2                     call dmsread(nx,my,lrec,lncrec,'H',bckfile,glob,istat)
             233     2                     call unify_reducepick(nx,my,my_max,glob,wetcl(1,1,2))
             234     2               !soil
             235     2                     if(ivegsrc .le. 1)write(lrec,19)ggdef,k
             236     2                     if(ivegsrc .eq. 2)write(lrec,33)ggdef,k
             237     2                     call dmsread(nx,my,lrec,lncrec,'H',bckfile,glob,istat)
             238     2                     call unify_reducepick(nx,my,my_max,glob,vfrcl(1,1,2))
             239     2               !soil
             240     2               
             241     2               !
             242     2                     coef1=float(jul-mon(k-1))/float(mon(k)-mon(k-1))
             243     2                     coef2=1.-coef1
                                   <<< Loop-information Start >>>
                                   <<<  [PARALLELIZATION]
                                   <<<    Standard iteration count: 2
                                   <<<  [OPTIMIZATION]
                                   <<<    PREFETCH(HARD) Expected by compiler :
                                   <<<      albcl, wetcl, sstcl, z0cl, vfrcl, alb
                                   <<<      wet, z0, sst, sigmaf
                                   <<< Loop-information  End >>>
             244     3  pp                 do jj=1,jlistnum
             245     3   p                    j=jlist1(jj)
             246     3   p                    nxj=nxdef_2d(j)
                                   <<< Loop-information Start >>>
                                   <<<  [OPTIMIZATION]
                                   <<<    SIMD(VL: 8)
                                   <<<    SOFTWARE PIPELINING(IPC: 3.58, ITR: 56, MVE: 4, POL: S)
                                   <<<    PREFETCH(HARD) Expected by compiler :
                                   <<<      wetcl, z0cl, vfrcl, alb, albcl, sstcl
                                   <<<      wet, z0, sst, sigmaf
                                   <<<    SPILLS :
                                   <<<      GENERAL   : SPILL 0  FILL 16
                                   <<<      SIMD&FP   : SPILL 0  FILL 0
                                   <<<      SCALABLE  : SPILL 0  FILL 0
                                   <<<      PREDICATE : SPILL 0  FILL 0
                                   <<< Loop-information  End >>>
             247     4   p    v               do i=1,nxj
             248     4   p    v                  sst(i,jj) =coef1*sstcl(i,jj,2) +coef2*sstcl(i,jj,1)
             249     4               !ch?        solt(i,jj)=coef1*soltcl(i,jj,2)+coef2*soltcl(i,jj,1)
             250     4   p    v                  alb(i,jj) =coef1*albcl(i,jj,2) +coef2*albcl(i,jj,1)
             251     4   p    v                  z0(i,jj)=coef1*z0cl(i,jj,2)+coef2*z0cl(i,jj,1)
             252     4   p    v                  wet(i,jj)=coef1*wetcl(i,jj,2)+coef2*wetcl(i,jj,1)
             253     4               !soil
             254     4   p    v                  sigmaf(i,jj)=coef1*vfrcl(i,jj,2)+coef2*vfrcl(i,jj,1)
             255     4               !soil
             256     4   p    v               enddo
             257     3   p                 enddo
             258     2                     end if
             259     1                 30  continue
             260                     !
             261                     !-- climat dataset has 2 half years
             262                     !                                  -- read dmsfile --
             263                     !
             264                     !-- land, sea and ice table
             265                     !                                   -- read dmsflie --
             266                           write(lrec,17)ggdef,monidex
             267                           call dmsreadi(nx,my,lrec,lncrec,'I',bckfile,iglob,istat)
             268                           call unify_reducepicki(nx,my,my_max,iglob,icex)
             269                     
             270                           write(lrec,16)ggdef,blnk
             271                           call dmsreadi(nx,my,lrec,lncrec,'I',bckfile,iglob,istat)
             272                     !helio>
             273                     
                                   <<< Loop-information Start >>>
                                   <<<  [OPTIMIZATION]
                                   <<<    PREFETCH(HARD) Expected by compiler :
                                   <<<      iglob, ls_full, ls, ls_redu
                                   <<< Loop-information  End >>>
             274     1                     do jj = 1, jlistnum
             275     1                        j=jlist1(jj)
             276     1                        ii=nxjstart(j)
             277     1                        nxj=nxdef_2d(j)
                                   <<< Loop-information Start >>>
                                   <<<  [PARALLELIZATION]
                                   <<<    Standard iteration count: 1231
                                   <<<  [OPTIMIZATION]
                                   <<<    SIMD(VL: 16)
                                   <<<    SOFTWARE PIPELINING(IPC: 3.00, ITR: 288, MVE: 5, POL: S)
                                   <<<    PREFETCH(HARD) Expected by compiler :
                                   <<<      iglob, ls_full
                                   <<< Loop-information  End >>>
             278     1  pp   2v               ls_full(:,jj) = iglob(:,j)
             279     1                        if(lreduce.eq.1) call reducepicki (iglob(1,j),nxdef(j),nx,1)
                                   <<< Loop-information Start >>>
                                   <<<  [PARALLELIZATION]
                                   <<<    Standard iteration count: 942
                                   <<<  [OPTIMIZATION]
                                   <<<    SIMD(VL: 16)
                                   <<<    SOFTWARE PIPELINING(IPC: 3.00, ITR: 288, MVE: 5, POL: S)
                                   <<<    PREFETCH(HARD) Expected by compiler :
                                   <<<      iglob, ls
                                   <<< Loop-information  End >>>
             280     2  pp   2v               do i = 1, nxj
             281     2   p   2v                  ls(i,jj) = iglob(ii,j)
             282     2   p   2v                  ii=ii+1
             283     2   p   2v               enddo
                                   <<< Loop-information Start >>>
                                   <<<  [PARALLELIZATION]
                                   <<<    Standard iteration count: 1231
                                   <<<  [OPTIMIZATION]
                                   <<<    SIMD(VL: 16)
                                   <<<    SOFTWARE PIPELINING(IPC: 3.00, ITR: 288, MVE: 5, POL: S)
                                   <<<    PREFETCH(HARD) Expected by compiler :
                                   <<<      iglob, ls_redu
                                   <<< Loop-information  End >>>
             284     1  pp   2v               ls_redu(:,jj) = iglob(:,j)
             285     1                     enddo
             286                     
             287                     !helio<
             288                     
             289                     
             290                     !soil
             291                     !-- soiltyp
             292                     !      write(lrec,18)ggdef,blnk
             293                           if(isot .eq. 0)write(lrec,18)ggdef,blnk
             294                           if(isot .eq. 1)write(lrec,28)ggdef,blnk
             295                           if(isot .eq. 2)write(lrec,29)ggdef,blnk
             296                     !
             297                           call dmsreadi(nx,my,lrec,lncrec,'I',bckfile,iglob,istat)
             298                           call unify_reducepicki(nx,my,my_max,iglob,istyp)
             299                     !-- vegtyp
             300                     !      write(lrec,21)ggdef,blnk
             301                           if(ivegsrc .eq. 0)write(lrec,21)ggdef,blnk
             302                           if(ivegsrc .eq. 1)write(lrec,31)ggdef,blnk
             303                           if(ivegsrc .eq. 2)write(lrec,32)ggdef,blnk
             304                     !
             305                           call dmsreadi(nx,my,lrec,lncrec,'I',bckfile,iglob,istat)
             306                           call unify_reducepicki(nx,my,my_max,iglob,ivegtyp)
             307                     ! the value of z0 is followed from new veg.type, read in lookup table.
             308     1                      if (ivegsrc .ge. 1)then
                                   <<< Loop-information Start >>>
                                   <<<  [PARALLELIZATION]
                                   <<<    Standard iteration count: 3
                                   <<<  [OPTIMIZATION]
                                   <<<    PREFETCH(HARD) Expected by compiler :
                                   <<<      ivegtyp, z0
                                   <<< Loop-information  End >>>
             309     2  pp                  do jj=1,jlistnum
             310     2   p                     j=jlist1(jj)
             311     2   p                     nxj=nxdef_2d(j)
                                   <<< Loop-information Start >>>
                                   <<<  [OPTIMIZATION]
                                   <<<    SIMD(VL: 8)
                                   <<<    SOFTWARE PIPELINING(IPC: 2.75, ITR: 224, MVE: 6, POL: S)
                                   <<<    PREFETCH(HARD) Expected by compiler :
                                   <<<      ivegtyp, z0
                                   <<< Loop-information  End >>>
             312     3   p   2v                do i=1,nxj
             313     3   p   2v                   z0(i,jj)=z0_data(ivegtyp(i,jj))
             314     3   p   2v                enddo
             315     2   p                  enddo
             316     1                      endif
             317                     !-- annual mean Tg
             318                           write(lrec,22)ggdef,blnk
             319                           call dmsread(nx,my,lrec,lncrec,'H',bckfile,glob,istat)
             320                           call unify_reducepick(nx,my,my_max,glob,solt)
             321                     
             322                     !soil
             323                     !noah
             324                     !-- shdmax
             325                           write(lrec,23)ggdef,blnk
             326                           call dmsread(nx,my,lrec,lncrec,'H',bckfile,glob,istat)
             327                           call unify_reducepick(nx,my,my_max,glob,shdmax)
             328                     !      call dmsread(nx,my,lrec,lncrec,'H',bckfile,shdmax,istat)
             329                     !      if( lreduce.eq.1 ) call reducepick (shdmax,nxdef,nx,my)
             330                     !-- shdmin
             331                           write(lrec,24)ggdef,blnk
             332                           call dmsread(nx,my,lrec,lncrec,'H',bckfile,glob,istat)
             333                           call unify_reducepick(nx,my,my_max,glob,shdmin)
             334                     !      call dmsread(nx,my,lrec,lncrec,'H',bckfile,shdmin,istat)
             335                     !      if( lreduce.eq.1 ) call reducepick (shdmin,nxdef,nx,my)
             336                     !-- slopetyp
             337                           write(lrec,25)ggdef,blnk
             338                           call dmsreadi(nx,my,lrec,lncrec,'I',bckfile,iglob,istat)
             339                           call unify_reducepicki(nx,my,my_max,iglob,slopetyp)
             340                     !-- snoalb
             341                           write(lrec,26)ggdef,blnk
             342                           call dmsread(nx,my,lrec,lncrec,'H',bckfile,glob,istat)
             343                           call unify_reducepick(nx,my,my_max,glob,snoalb)
             344                     !      call dmsread(nx,my,lrec,lncrec,'H',bckfile,snoalb,istat)
             345                     !      if( lreduce.eq.1 ) call reducepick (snoalb,nxdef,nx,my)
             346                     
             347                     
                                   <<< Loop-information Start >>>
                                   <<<  [PARALLELIZATION]
                                   <<<    Standard iteration count: 2
                                   <<<  [OPTIMIZATION]
                                   <<<    PREFETCH(HARD) Expected by compiler :
                                   <<<      ls, slopetyp, icex, sea, land, ice, solt
                                   <<< Loop-information  End >>>
             348     1  pp                 do jj=1,jlistnum
             349     1   p                    j=jlist1(jj)
             350     1               !byl         ii=nxjstart(j)
             351     1   p                    nxj=nxdef_2d(j)
                                   <<< Loop-information Start >>>
                                   <<<  [OPTIMIZATION]
                                   <<<    SIMD(VL: 8)
                                   <<<    SOFTWARE PIPELINING(IPC: 0.91, ITR: 24, MVE: 2, POL: S)
                                   <<<    PREFETCH(HARD) Expected by compiler :
                                   <<<      slopetyp, icex, ls, solt, sea, land, ice
                                   <<< Loop-information  End >>>
             352     2   p    v               do i=1,nxj
             353     2   p    v                  ice(i,jj) =.false.
             354     2   p    v                  land(i,jj)=.false.
             355     2   p    v                  sea(i,jj) =.false.
             356     2   p    v                  if(ls(i,jj) .eq. 0)sea(i,jj) =.true.
             357     2   p    v                  if(ls(i,jj) .eq. 1)land(i,jj)=.true.
             358     2   p    v                  if(ls(i,jj) .eq. 1)slopetyp(i,jj)=max(1,slopetyp(i,jj))
             359     2   p    v                  if( (ls(i,jj).eq.0) .and. (icex(i,jj).eq.1) ) solt(i,jj)=271.2
             360     2               !soil if(icex(i,j) .eq. 1)then
             361     2               !soil sea(i,j)=.false.
             362     2               !soil land(i,j)=.false.
             363     2               !soil ice(i,j)=.true.
             364     2               !soil end if
             365     2   p    v              enddo
             366     1   p                 enddo
             367                     !
             368                     !  modify albedo base on ground wetness
             369                     !
             370                     !      do 51 j=1,my
             371                     !       nxj=nxdef(j)
             372                     !      do 51 i=1,nxj
             373                     !     xt=0.31-0.17*wet(i,1)
             374                     !     if(alb(i,j).lt.xt)alb(i,j)=xt
             375                     !51   continue
             376                     !
             377                     !  modify deep soil temp for sea-ice points (=271.2)
             378                     !
                                   <<< Loop-information Start >>>
                                   <<<  [PARALLELIZATION]
                                   <<<    Standard iteration count: 3
                                   <<<  [OPTIMIZATION]
                                   <<<    PREFETCH(HARD) Expected by compiler :
                                   <<<      ls, icex, ice, sea
                                   <<< Loop-information  End >>>
             379     1  pp                 do 52 jj=1,jlistnum
             380     1   p                   j=jlist1(jj)
             381     1   p                  nxj=nxdef_2d(j)
                                   <<< Loop-information Start >>>
                                   <<<  [OPTIMIZATION]
                                   <<<    SIMD(VL: 16)
                                   <<<    SOFTWARE PIPELINING(IPC: 0.50, ITR: 96, MVE: 2, POL: S)
                                   <<<    PREFETCH(HARD) Expected by compiler :
                                   <<<      icex, ls, ice, sea
                                   <<< Loop-information  End >>>
             382     2   p   2v            do 52 i=1,nxj
             383     3   p   2v            if ( (ls(i,jj).eq.0) .and. (icex(i,jj).eq.1) ) then
             384     3               !soil
             385     3               ! in new soil model, ice present sea-ice
             386     3   p   2v            ice(i,jj)=.true.        !sea ice
             387     3   p   2v            sea(i,jj)=.false.
             388     3               !soil
             389     3   p   2v            endif
             390     1   p   2v        52  continue
             391                     !
             392                           return
             393                           end

 Procedure information
   Lines      : 393
   Statements : 221
   Stack(byte): 8720
   Prefetch num: 0

 Scoping unit of external sub-program : readclx
   Attribute and Cross reference of name
     alb
      |(Class and Type) : variable name, REAL(8)
      |(Attributes)     : DIMENSION, dummy-argument
      |(Declaration)    : 1  37
      |(Definition)     : 177  250
      |(Reference)      : 
     albcl
      |(Class and Type) : variable name, REAL(8)
      |(Attributes)     : DIMENSION
      |(Declaration)    : 55
      |(Definition)     : 126  153  200  225
      |(Reference)      : 177  177  250  250
     bckfile
      |(Class and Type) : variable name, CHARACTER(80,1)
      |(Attributes)     : dummy-argument
      |(Declaration)    : 1  63
      |(Definition)     : 117  125  129  133  139  144  152  156  160  165  191  199  203  207  212  216  224  228  232  237  267  271  297  305  319  326  332  338  342
      |(Reference)      : 
     blnk
      |(Class and Type) : variable name, CHARACTER(1,1)
      |(Attributes)     : initialized
      |(Declaration)    : 63  67
      |(Definition)     : 
      |(Reference)      : 270  293  294  295  301  302  303  318  325  331  337  341
     coef1
      |(Class and Type) : variable name, REAL(8)
      |(Attributes)     : 
      |(Declaration)    : 70
      |(Definition)     : 169  242
      |(Reference)      : 170  175  177  178  179  181  243  248  250  251  252  254
     coef2
      |(Class and Type) : variable name, REAL(8)
      |(Attributes)     : 
      |(Declaration)    : 70
      |(Definition)     : 170  243
      |(Reference)      : 175  177  178  179  181  248  250  251  252  254
     dmsread
      |(Class and Type) : external subroutine name
      |(Attributes)     : 
      |(Declaration)    : 
      |(Definition)     : 
      |(Reference)      : 117  125  129  133  139  144  152  156  160  165  191  199  203  207  212  216  224  228  232  237  319  326  332  342
     dmsreadi
      |(Class and Type) : external subroutine name
      |(Attributes)     : 
      |(Declaration)    : 
      |(Definition)     : 
      |(Reference)      : 267  271  297  305  338
     float
      |(Class and Type) : intrinsic function name, REAL(8)
      |(Attributes)     : PURE, ELEMENTAL
      |(Declaration)    : 
      |(Definition)     : 
      |(Reference)      : 169  169  242  242
     ggdef
      |(Class and Type) : variable name, CHARACTER(4,1)
      |(Attributes)     : dummy-argument
      |(Declaration)    : 1  63
      |(Definition)     : 
      |(Reference)      : 116  124  128  132  137  138  143  151  155  159  163  164  190  198  202  206  210  211  215  223  227  231  235  236  266  270  293  294  295  301  302  303  318  325  331  337  341
     glob
      |(Class and Type) : variable name, REAL(8)
      |(Attributes)     : DIMENSION
      |(Declaration)    : 54
      |(Definition)     : 117  118  125  126  129  130  133  134  139  140  144  145  152  153  156  157  160  161  165  166  191  192  199  200  203  204  207  208  212  213  216  217  224  225  228  229  232  233  237  238  319  320  326  327  332  333  342  343
      |(Reference)      : 
     i
      |(Class and Type) : variable name, INTEGER(4)
      |(Attributes)     : 
      |(Declaration)    : 69
      |(Definition)     : 174  247  280  312  352  382
      |(Reference)      : 175  175  175  177  177  177  178  178  178  179  179  179  181  181  181  248  248  248  250  250  250  251  251  251  252  252  252  254  254  254  281  313  313  353  354  355  356  356  357  357  358  358  358  359  359  359  383  383  386  387
     ice
      |(Class and Type) : variable name, LOGICAL(4)
      |(Attributes)     : DIMENSION, dummy-argument
      |(Declaration)    : 1  50
      |(Definition)     : 353  386
      |(Reference)      : 
     icex
      |(Class and Type) : variable name, INTEGER(4)
      |(Attributes)     : DIMENSION
      |(Declaration)    : 61
      |(Definition)     : 268
      |(Reference)      : 359  383
     iglob
      |(Class and Type) : variable name, INTEGER(4)
      |(Attributes)     : DIMENSION
      |(Declaration)    : 61
      |(Definition)     : 267  268  271  279  297  298  305  306  338  339
      |(Reference)      : 278  281  284
     ii
      |(Class and Type) : variable name, INTEGER(4)
      |(Attributes)     : 
      |(Declaration)    : 69
      |(Definition)     : 276  282
      |(Reference)      : 281  282
     index
      |(Class and Type) : module name
      |(Attributes)     : 
      |(Declaration)    : 
      |(Definition)     : 
      |(Reference)      : 26
     isot
      |(Class and Type) : variable name, INTEGER(4)
      |(Attributes)     : dummy-argument
      |(Declaration)    : 1  35
      |(Definition)     : 
      |(Reference)      : 293  294  295
     istat
      |(Class and Type) : variable name, INTEGER(4)
      |(Attributes)     : 
      |(Declaration)    : 69
      |(Definition)     : 117  125  129  133  139  144  152  156  160  165  191  199  203  207  212  216  224  228  232  237  267  271  297  305  319  326  332  338  342
      |(Reference)      : 
     istyp
      |(Class and Type) : variable name, INTEGER(4)
      |(Attributes)     : DIMENSION, dummy-argument
      |(Declaration)    : 1  47
      |(Definition)     : 298
      |(Reference)      : 
     ivegsrc
      |(Class and Type) : variable name, INTEGER(4)
      |(Attributes)     : dummy-argument
      |(Declaration)    : 1  35
      |(Definition)     : 
      |(Reference)      : 137  138  163  164  210  211  235  236  301  302  303  308
     ivegtyp
      |(Class and Type) : variable name, INTEGER(4)
      |(Attributes)     : DIMENSION, dummy-argument
      |(Declaration)    : 1  47
      |(Definition)     : 306
      |(Reference)      : 313
     j
      |(Class and Type) : variable name, INTEGER(4)
      |(Attributes)     : 
      |(Declaration)    : 69
      |(Definition)     : 172  245  275  310  349  380
      |(Reference)      : 173  246  276  277  278  279  279  281  284  311  351  381
     jj
      |(Class and Type) : variable name, INTEGER(4)
      |(Attributes)     : 
      |(Declaration)    : 69
      |(Definition)     : 171  244  274  309  348  379
      |(Reference)      : 172  175  175  175  177  177  177  178  178  178  179  179  179  181  181  181  245  248  248  248  250  250  250  251  251  251  252  252  252  254  254  254  275  278  281  284  310  313  313  349  353  354  355  356  356  357  357  358  358  358  359  359  359  380  383  383  386  387
     jlist1
      |(Class and Type) : variable name, INTEGER(4)
      |(Attributes)     : ALLOCATABLE, DIMENSION, SAVE, use-associated
      |(Declaration)    : 
      |(Definition)     : 
      |(Reference)      : 172  245  275  310  349  380
     jlistnum
      |(Class and Type) : variable name, INTEGER(4)
      |(Attributes)     : common-block-object, use-associated
      |(Declaration)    : 
      |(Definition)     : 
      |(Reference)      : 171  244  274  309  348  379
     jul
      |(Class and Type) : variable name, INTEGER(4)
      |(Attributes)     : 
      |(Declaration)    : 69
      |(Definition)     : 74  75  112
      |(Reference)      : 75  80  80  112  112  113  169  188  188  242
     julian
      |(Class and Type) : variable name, INTEGER(4)
      |(Attributes)     : dummy-argument
      |(Declaration)    : 1  35
      |(Definition)     : 
      |(Reference)      : 74
     k
      |(Class and Type) : variable name, INTEGER(4)
      |(Attributes)     : 
      |(Declaration)    : 69
      |(Definition)     : 79  187
      |(Reference)      : 80  80  80  188  188  190  198  202  206  210  211  215  223  227  231  235  236  242  242  242
     land
      |(Class and Type) : variable name, LOGICAL(4)
      |(Attributes)     : DIMENSION, dummy-argument
      |(Declaration)    : 1  50
      |(Definition)     : 354  357
      |(Reference)      : 
     lncrec
      |(Class and Type) : variable name, INTEGER(4)
      |(Attributes)     : 
      |(Declaration)    : 69
      |(Definition)     : 72  117  125  129  133  139  144  152  156  160  165  191  199  203  207  212  216  224  228  232  237  267  271  297  305  319  326  332  338  342
      |(Reference)      : 
     lrec
      |(Class and Type) : variable name, CHARACTER(26,1)
      |(Attributes)     : 
      |(Declaration)    : 63
      |(Definition)     : 116  117  124  125  128  129  132  133  137  138  139  143  144  151  152  155  156  159  160  163  164  165  190  191  198  199  202  203  206  207  210  211  212  215  216  223  224  227  228  231  232  235  236  237  266  267  270  271  293  294  295  297  301  302  303  305  318  319  325  326  331  332  337  338  341  342
      |(Reference)      : 
     lreduce
      |(Class and Type) : variable name, INTEGER(4)
      |(Attributes)     : common-block-object, use-associated
      |(Declaration)    : 
      |(Definition)     : 
      |(Reference)      : 279
     ls
      |(Class and Type) : variable name, INTEGER(4)
      |(Attributes)     : DIMENSION, dummy-argument
      |(Declaration)    : 1  61
      |(Definition)     : 281
      |(Reference)      : 356  357  358  359  383
     ls_full
      |(Class and Type) : variable name, INTEGER(4)
      |(Attributes)     : ALLOCATABLE, DIMENSION, SAVE, use-associated
      |(Declaration)    : 
      |(Definition)     : 278
      |(Reference)      : 30
     ls_redu
      |(Class and Type) : variable name, INTEGER(4)
      |(Attributes)     : ALLOCATABLE, DIMENSION, SAVE, use-associated
      |(Declaration)    : 
      |(Definition)     : 284
      |(Reference)      : 30
     max
      |(Class and Type) : intrinsic function name, INTEGER(4)
      |(Attributes)     : PURE, ELEMENTAL
      |(Declaration)    : 
      |(Definition)     : 
      |(Reference)      : 358
     mm
      |(Class and Type) : variable name, INTEGER(4)
      |(Attributes)     : 
      |(Declaration)    : 69
      |(Definition)     : 115  142
      |(Reference)      : 116  124  128  132  137  138  143  151  155  159  163  164
     mon
      |(Class and Type) : variable name, INTEGER(4)
      |(Attributes)     : DIMENSION, initialized
      |(Declaration)    : 64  65
      |(Definition)     : 
      |(Reference)      : 112  113  169  169  188  188  242  242  242
     mondy
      |(Class and Type) : variable name, INTEGER(4)
      |(Attributes)     : DIMENSION, initialized
      |(Declaration)    : 64  66
      |(Definition)     : 
      |(Reference)      : 80  80
     monidex
      |(Class and Type) : variable name, INTEGER(4)
      |(Attributes)     : 
      |(Declaration)    : 69
      |(Definition)     : 80
      |(Reference)      : 266
     mpe
      |(Class and Type) : module name
      |(Attributes)     : 
      |(Declaration)    : 
      |(Definition)     : 
      |(Reference)      : 29
     my
      |(Class and Type) : variable name, INTEGER(4)
      |(Attributes)     : dummy-argument
      |(Declaration)    : 1  35
      |(Definition)     : 117  118  125  126  129  130  133  134  139  140  144  145  152  153  156  157  160  161  165  166  191  192  199  200  203  204  207  208  212  213  216  217  224  225  228  229  232  233  237  238  267  268  271  297  298  305  306  319  320  326  327  332  333  338  339  342  343
      |(Reference)      : 54  61  72
     my_max
      |(Class and Type) : variable name, INTEGER(4)
      |(Attributes)     : dummy-argument
      |(Declaration)    : 1  35
      |(Definition)     : 118  126  130  134  140  145  153  157  161  166  192  200  204  208  213  217  225  229  233  238  268  298  306  320  327  333  339  343
      |(Reference)      : 37  37  37  37  37  37  37  37  37  45  47  47  50  50  50  55  55  55  55  55  55  61  61
     namelist_soilveg
      |(Class and Type) : module name
      |(Attributes)     : 
      |(Declaration)    : 
      |(Definition)     : 
      |(Reference)      : 27
     nx
      |(Class and Type) : variable name, INTEGER(4)
      |(Attributes)     : dummy-argument
      |(Declaration)    : 1  35
      |(Definition)     : 117  118  125  126  129  130  133  134  139  140  144  145  152  153  156  157  160  161  165  166  191  192  199  200  203  204  207  208  212  213  216  217  224  225  228  229  232  233  237  238  267  268  271  279  297  298  305  306  319  320  326  327  332  333  338  339  342  343
      |(Reference)      : 54  61  72
     nxdef
      |(Class and Type) : variable name, INTEGER(4)
      |(Attributes)     : ALLOCATABLE, DIMENSION, SAVE, use-associated
      |(Declaration)    : 
      |(Definition)     : 279
      |(Reference)      : 
     nxdef_2d
      |(Class and Type) : variable name, INTEGER(4)
      |(Attributes)     : ALLOCATABLE, DIMENSION, SAVE, use-associated
      |(Declaration)    : 
      |(Definition)     : 
      |(Reference)      : 173  246  277  311  351  381
     nxj
      |(Class and Type) : variable name, INTEGER(4)
      |(Attributes)     : 
      |(Declaration)    : 69
      |(Definition)     : 173  246  277  311  351  381
      |(Reference)      : 174  247  280  312  352  382
     nxjstart
      |(Class and Type) : variable name, INTEGER(4)
      |(Attributes)     : ALLOCATABLE, DIMENSION, SAVE, use-associated
      |(Declaration)    : 
      |(Definition)     : 
      |(Reference)      : 276
     nxp
      |(Class and Type) : variable name, INTEGER(4)
      |(Attributes)     : common-block-object, use-associated
      |(Declaration)    : 
      |(Definition)     : 
      |(Reference)      : 37  37  37  37  37  37  37  37  37  45  47  47  50  50  50  55  55  55  55  55  55  61  61
     phygrid
      |(Class and Type) : module name
      |(Attributes)     : 
      |(Declaration)    : 
      |(Definition)     : 
      |(Reference)      : 30
     readclx
      |(Class and Type) : external subroutine name
      |(Attributes)     : 
      |(Declaration)    : 
      |(Definition)     : 1
      |(Reference)      : 
     reducepicki
      |(Class and Type) : external subroutine name
      |(Attributes)     : 
      |(Declaration)    : 
      |(Definition)     : 
      |(Reference)      : 279
     sea
      |(Class and Type) : variable name, LOGICAL(4)
      |(Attributes)     : DIMENSION, dummy-argument
      |(Declaration)    : 1  50
      |(Definition)     : 355  356  387
      |(Reference)      : 
     shdmax
      |(Class and Type) : variable name, REAL(8)
      |(Attributes)     : DIMENSION, dummy-argument
      |(Declaration)    : 1  37
      |(Definition)     : 327
      |(Reference)      : 
     shdmin
      |(Class and Type) : variable name, REAL(8)
      |(Attributes)     : DIMENSION, dummy-argument
      |(Declaration)    : 1  37
      |(Definition)     : 333
      |(Reference)      : 
     sigmaf
      |(Class and Type) : variable name, REAL(8)
      |(Attributes)     : DIMENSION, dummy-argument
      |(Declaration)    : 1  37
      |(Definition)     : 181  254
      |(Reference)      : 
     slopetyp
      |(Class and Type) : variable name, INTEGER(4)
      |(Attributes)     : DIMENSION, dummy-argument
      |(Declaration)    : 1  45
      |(Definition)     : 339  358
      |(Reference)      : 358
     snoalb
      |(Class and Type) : variable name, REAL(8)
      |(Attributes)     : DIMENSION, dummy-argument
      |(Declaration)    : 1  37
      |(Definition)     : 343
      |(Reference)      : 
     solt
      |(Class and Type) : variable name, REAL(8)
      |(Attributes)     : DIMENSION, dummy-argument
      |(Declaration)    : 1  37
      |(Definition)     : 320  359
      |(Reference)      : 
     soltcl
      |(Class and Type) : variable name, REAL(8)
      |(Attributes)     : DIMENSION
      |(Declaration)    : 55
      |(Definition)     : 
      |(Reference)      : 
     sst
      |(Class and Type) : variable name, REAL(8)
      |(Attributes)     : DIMENSION, dummy-argument
      |(Declaration)    : 1  37
      |(Definition)     : 175  248
      |(Reference)      : 
     sstcl
      |(Class and Type) : variable name, REAL(8)
      |(Attributes)     : DIMENSION
      |(Declaration)    : 55
      |(Definition)     : 118  145  192  217
      |(Reference)      : 175  175  248  248
     unify_reducepick
      |(Class and Type) : external subroutine name
      |(Attributes)     : 
      |(Declaration)    : 
      |(Definition)     : 
      |(Reference)      : 118  126  130  134  140  145  153  157  161  166  192  200  204  208  213  217  225  229  233  238  320  327  333  343
     unify_reducepicki
      |(Class and Type) : external subroutine name
      |(Attributes)     : 
      |(Declaration)    : 
      |(Definition)     : 
      |(Reference)      : 268  298  306  339
     vfrcl
      |(Class and Type) : variable name, REAL(8)
      |(Attributes)     : DIMENSION
      |(Declaration)    : 55
      |(Definition)     : 140  166  213  238
      |(Reference)      : 181  181  254  254
     wet
      |(Class and Type) : variable name, REAL(8)
      |(Attributes)     : DIMENSION, dummy-argument
      |(Declaration)    : 1  37
      |(Definition)     : 179  252
      |(Reference)      : 
     wetcl
      |(Class and Type) : variable name, REAL(8)
      |(Attributes)     : DIMENSION
      |(Declaration)    : 55
      |(Definition)     : 134  161  208  233
      |(Reference)      : 179  179  252  252
     Z0_DATA
      |(Class and Type) : variable name, REAL(8)
      |(Attributes)     : DIMENSION, use-associated
      |(Declaration)    : 
      |(Definition)     : 
      |(Reference)      : 313
     z0
      |(Class and Type) : variable name, REAL(8)
      |(Attributes)     : DIMENSION, dummy-argument
      |(Declaration)    : 1  37
      |(Definition)     : 178  251  313
      |(Reference)      : 
     z0cl
      |(Class and Type) : variable name, REAL(8)
      |(Attributes)     : DIMENSION
      |(Declaration)    : 55
      |(Definition)     : 130  157  204  229
      |(Reference)      : 178  178  251  251
   Cross reference of label
     (Label) (label-kind)               (line-no.)
     ------- ------------- ------------ ----------
         11  format        (Definition) 83  
                           (Reference)  116  143  190  215
         12  format        (Definition) 84
         13  format        (Definition) 90  
                           (Reference)  132  159  206  231
         14  format        (Definition) 85  
                           (Reference)  124  151  198  223
         15  format        (Definition) 86  
                           (Reference)  128  155  202  227
         16  format        (Definition) 87  
                           (Reference)  270
         17  format        (Definition) 88  
                           (Reference)  266
         18  format        (Definition) 91  
                           (Reference)  293
         19  format        (Definition) 92  
                           (Reference)  137  163  210  235
         21  format        (Definition) 93  
                           (Reference)  301
         22  format        (Definition) 94  
                           (Reference)  318
         23  format        (Definition) 96  
                           (Reference)  325
         24  format        (Definition) 97  
                           (Reference)  331
         25  format        (Definition) 98  
                           (Reference)  337
         26  format        (Definition) 99  
                           (Reference)  341
         28  format        (Definition) 101  
                           (Reference)  294
         29  format        (Definition) 104  
                           (Reference)  295
         30  execution     (Definition) 259  
                           (Reference)  187
         31  format        (Definition) 102  
                           (Reference)  302
         32  format        (Definition) 105  
                           (Reference)  303
         33  format        (Definition) 106  
                           (Reference)  138  164  211  236
         52  execution     (Definition) 390  
                           (Reference)  379  382

 Total information
   Procedures       : 1
   Total lines      : 393
   Total statements : 221
   Total stack(byte): 8720
   Total prefetch num: 0

