
 Fujitsu Fortran Version 4.6.1  Fri Mar  1 11:16:02 2024

 Compilation information
   Current directory : /IFS/nwpr/gfs/xb169/code_update/tco639l72_sp/src_4cpl
   Source file       : rrtmg.f90

 Option information
   Command line options : -Kident_mpi -f2004 -c -X9 -Free -CcdRR8 -Cpp -Kfast,parallel,openmp,ocl,autoobjstack -x- -fw -Knofp_relaxed -SSL2BLAMP -Kopenmp,parallel -DTIMING -DUSE_FFTW -DRSM -DW3TAG -DGFDLMP_v2 -DCWBSUM -DSP -Ec -Nlst=a,lst=d,lst=i,lst=p,lst=t,lst=x -Koptmsg=2 -I. -I/users/xa09/pkg/fx1000/fftw-3.3.10/include -I/package/fx1000/netcdf-4.7.4/include -I/package/fx1000/g2lib-1.4.0_cwb/include -I/nwpr/gfs/xb157/CWBSUMc2/4cpl/components/coupler -I/nwpr/gfs/xb124/package/fx1000/MCT/include -DTIMCOMCPL -L/package/fx1000/netcdf-4.7.4/lib -lnetcdff -lnetcdf -L/package/fx1000/hdf5-1.10.7/lib -lhdf5_hl -lhdf5 -L/package/fx1000/dms/lib -lrdms -lgdbm -L/package/fx1000/operlib/lib -lnwp -L/users/xa09/pkg/fx1000/fftw-3.3.10/lib -lfftw3f_threads -lfftw3f -lfftw3_threads -lfftw3 -SSL2BLAMP -L/nwpr/gfs/xb124/CWBSUMc2/components/rsm/lib/cwb_mpmd -lmpmd -L/package/fx1000/g2lib-1.4.0_cwb/lib -lg2 -L/package/fx1000/libpng-1.6.37/lib -lpng -L/package/fx1000/jasper-1.900.1/lib -ljasper -L/nwpr/gfs/xb157/CWBSUMc2/4cpl/components/coupler -lcpl -L/nwpr/gfs/xb124/package/fx1000/MCT/lib -lmct -lmpeu -I/opt/FJSVxtclanga/.common/MELI025/include/mpi/fujitsu -I/opt/FJSVxtclanga/.common/MELI025/lib64 -Knointentopt
   Cpp options          : -DTIMING -DUSE_FFTW -DRSM -DW3TAG -DGFDLMP_v2 -DCWBSUM -DSP -I. -I/users/xa09/pkg/fx1000/fftw-3.3.10/include -I/package/fx1000/netcdf-4.7.4/include -I/package/fx1000/g2lib-1.4.0_cwb/include -I/nwpr/gfs/xb157/CWBSUMc2/4cpl/components/coupler -I/nwpr/gfs/xb124/package/fx1000/MCT/include -DTIMCOMCPL -I/opt/FJSVxtclanga/.common/MELI025/include/mpi/fujitsu -I/opt/FJSVxtclanga/.common/MELI025/lib64 -Dunix -Dlinux -D__FUJITSU -D__FRT_major__=4 -D__FRT_minor__=6 -D__FRT_patchlevel__=1 -D__FRT_version__="4.6.1" -D__aarch64__ -D__unix -D_OPENMP=201511 -D__frt_version=800 -D__ARM_ARCH=8 -D__ARM_FEATURE_SVE -D__ELF__ -D__unix__ -D__linux__ -D__linux -Asystem(unix) -otmp
   Effective options    : -fw -g0 -AE -Ec -Free -O3 -X9
                          -CcdRR8 -x- -xaccept=nomodule_allocatable
                          -KA64FX -KARMV8_3_A -KSVE -Kalign_commons
                          -Kalign_loops -Knoarray_declaration_opt
                          -Kassume=noshortloop -Kassume=nomemory_bandwidth
                          -Kassume=notime_saving_compilation -Kauto
                          -Kautoobjstack -Knocalleralloc -Kcmodel=small
                          -Keval -Keval_noconcurrent -Knoextract_stride_store
                          -Knofenv_access -Kfp_contract -Knofp_relaxed
                          -Kfsimple -Kfz -Khpctag -Kilfunc=procedure
                          -Knointentopt -Klargepage -Kloop_blocking
                          -Kloop_fission -Kloop_nofission_stripmining
                          -Kloop_fission_threshold=50 -Kloop_fusion
                          -Kloop_interchange -Kloop_part_parallel
                          -Kloop_part_simd -Kloop_perfect_nest
                          -Kloop_noversioning -Knolto -Kmfunc=1 -Kocl
                          -Komitfp -Knooptlib_string -Koptmsg=2
                          -Knopc_relative_literal_loads -Kplt -Knopreex
                          -Kprefetch_noconditional -Kprefetch_noindirect
                          -Kprefetch_sequential=auto -Kprefetch_nostride
                          -Kprefetch_cache_level=all -Kprefetch_noinfer
                          -Kprefetch_strong -Kprefetch_strong_L2 -Knopreload
                          -Ksch_post_ra -Ksch_pre_ra -Ksibling_calls
                          -Ksimd=auto -Ksimd_packed_promotion
                          -Ksimd_reduction_product -Ksimd_reg_size=512
                          -Ksimd_nouncounted_loop
                          -Ksimd_use_multiple_structures -Knostriping
                          -Knosubscript_opt -Kswp -Kswp_freg_rate=100
                          -Kswp_ireg_rate=100 -Kswp_preg_rate=100
                          -Kswp_policy=auto -Ktemparraystack -Kunroll
                          -Knounroll_and_jam -Knozfill
                          -Kopenmp -Kopenmp_noassume_norecurrence
                          -Kopenmp_nocollapse_except_innermost
                          -Kopenmp_noordered_reduction -Knoopenmp_simd
                          -Kthreadsafe -Kparallel -Kparallel_nofp_precision
                          -Knoarray_private -Knodynamic_iteration -Kreduction
                          -Kregion_extension
                          -Nallextput -Nnoalloc_assign
                          -Ncancel_overtime_compilation -Nnocheck_global
                          -Nnocoarray -Nnocompdisp -Nnocopyarg -Nnocoverage
                          -Nfjprof -Nfreealloc -Nf90move -Nnohook_func
                          -Nnohook_time -Nlibomp -Nline -Nlst -Nlst=a -Nlst=d
                          -Nlst=i -Nlst=p -Nlst=t -Nlst=x -Nnomallocfree
                          -Nnoobsfun -Nnoprivatealloc -Nquickdbg=noargchk
                          -Nquickdbg=nosubchk -Nquickdbg=noundef -NRnotrap
                          -Nnorecursive -Nnoreordered_variable_stack
                          -Nrt_notune -Nnosave -Nsetvalue=noheap
                          -Nsetvalue=nostack -Nsetvalue=noscalar
                          -Nsetvalue=noarray -Nsetvalue=nostruct -Nuse_rodata

 External subroutine subprogram "rrtmg"
  (inc)(line-no.)(nest)(optimize)
               1                           subroutine rrtmg                                              &
               2                     ! -------------------------------------------------------------------
               3                     !    -  inputs:
               4                                ( sigma,pst,plt,std,tt,qt,o3l,sd,tg,                     &
               5                                  slimsk,cice,xtice,snr,sncover,snoalb,z0,               &
               6                                  alvsg,alnsg,alvwg,alnwg,facsg,facwg,                   &
               7                                  curate,icsdswg,icsdlwg,                                &
               8                                  sinlj,coslj,xlatj,xlonr,jdat,d2r,xkapa,                &
               9                                  ptop,dtlw,dtsw,lsswr,lslwr,lssav,                      &
              10                                  nfxr,j,                                                &
              11                                  nx,nxj,lev,ncld,lprnt,ipt,kdt,solhr,                   &
              12                                  uni_cloud,lmfshal,lmfdeep2,                            &
              13                                  deltaq,sup,cnvw,cnvc,                                  &
              14                                  ftp,ftp1,fqp,fqp1,nmmiph,                              &
              15                     !    -  outputs:
              16                                  asol,olr,ss,rs,sld,rld,tsflwr,                         &
              17                                  ctot,chig,cmid,clow,                                   &
              18                                  cldcov,htrsw,htrlw,                                    &
              19                                  fusl,fdsl,fuir,fdir,                                   &
              20                     ! -------------------------------------------------------------------
              21                                  fuslr,fdslr,fuirr,fdirr,                               &
              22                                  htrsw0,htrlw0,cosz,                                    &
              23                                  asol_clr,olr_clr,ss_clr,rs_clr,                        &
              24                                  sld_clr,rld_clr,sfalb_g,semis_g )
              25                     ! -------------------------------------------------------------------
              26                     ! --- for RRTMG scheme :
              27                     !
              28                           use physpara
              29                           use module_radiation_driver, only : grrad
              30                     ! -------------------------------------------------------------------
              31                           use mpe
              32                           use rank
              33                           use index
              34                           use radn
              35                           use const, only: RTYPE
              36                     ! -------------------------------------------------------------------
              37                     ! --- for rrtmg input :
              38                     !
              39                           integer i,k,kc,n
              40                           integer ntrac,nfxr,nx,nxj,lev,ipt,ncld,kdt,nmmiph,nclds
              41                     ! --- 3d parameters
              42                     !
              43                           real    plt(nx,lev),std(nx),tg(nx),                         &
              44                                   tt(nx,lev),sd(nx,lev)
              45                           real(kind=RTYPE)    qt(nx,lev*ncld),o3l(nx,lev),pst(nx),    &
              46                                               sigma(lev+1,2)
              47                     !
              48                     ! --- 2d parameters
              49                     !
              50                           real    slimsk(nx),cice(nx),xtice(nx),snr(nx),sncover(nx),  &
              51                                   snoalb(nx),z0(nx)
              52                           real    alvsg(nx),alvwg(nx),alnsg(nx),alnwg(nx),facsg(nx),  &
              53                                   facwg(nx),curate(nx),xlonr(nx),tsflwr(nx),cosz(nx)
              54                           integer icsdlwg(nx),icsdswg(nx),jdat(8),j
              55                           real    sinlj,coslj,xlatj,ptop,dtlw,dtsw,d2r,xkapa,solhr
              56                           logical lsswr,lslwr,lssav,lprnt
              57                           logical uni_cloud,lmfshal,lmfdeep2
              58                           real    www,cmax,cmin,imax,imin,tem1,tem2
              59                     
              60                     
              61                     ! --- for grrad input/output (local) :
              62                     !
              63                     ! --- 3d
              64                     !
              65                           real    prsi(nx,lev+1)                      !for even levels
              66                           real    prslk(nx,lev),prsl(nx,lev)          !for odd levels
              67                           real    qgrs(nx,lev),tgrs(nx,lev)           !for odd levels
              68                     !      real    tracer(nx,lev,ncld),vvl(nx,lev)
              69                           real    vvl(nx,lev)
              70                           real, dimension(:,:,:), allocatable ::  tracer
              71                     
              72                           real    slmsk(nxj),xlon(nxj),xlat(nxj),tsfc(nxj),            &
              73                                   snowd(nxj),sncovr(nxj),zorl(nxj),hprim(nxj),         &
              74                                   cv(nxj),cvt(nxj),cvb(nxj),snalb(nxj)
              75                     
              76                           real    alvsf(nxj),alvwf(nxj),alnsf(nxj),alnwf(nxj),         &
              77                                   facsf(nxj),facwf(nxj),                               &
              78                                   fice(nxj),tisfc(nxj),sinlat(nxj),coslat(nxj)
              79                     
              80                           real    sfalb(nxj),coszen(nxj),coszdg(nxj)
              81                           real    tsflw(nxj),semis(nxj)
              82                     
              83                           integer icsdlw(nxj),icsdsw(nxj)
              84                     ! --- for pdf cloud
              85                           real    sup
              86                           real    deltaq(nx,lev),cnvw(nx,lev),cnvc(nx,lev)
              87                     ! --- for WSM6 & Thompson & GFDL MP
              88                           real    ftp(nx,lev),ftp1(nx,lev),fqp(nx,lev),fqp1(nx,lev)
              89                           real    phy3d(nxj,lev,5)
              90                     
              91                     ! -------------------------------------------------------------------
              92                     ! --- for rrtmg output:
              93                           real    asol(nx),olr(nx),ss(nx),rs(nx),sld(nx),rld(nx)
              94                           real    sfalb_g(nx),semis_g(nx)
              95                     !
              96                     ! --- 3d
              97                     !
              98                           real    htrsw(nx,lev),htrlw(nx,lev)
              99                           real    fusl(nx,lev+1),fdsl(nx,lev+1)
             100                           real    fuir(nx,lev+1),fdir(nx,lev+1)
             101                     
             102                           real    dummy1(nx,lev),dummy2(nx,lev)
             103                           real    work1(nx,lev+1),work2(nx,lev+1)
             104                           real    work3(nx,lev+1),work4(nx,lev+1)
             105                     !
             106                     ! --- 2d
             107                     !
             108                     !      real    dtrad(nx,lev)
             109                           real    ctot(nx),chig(nx),cmid(nx),clow(nx),csbl(nx)
             110                     
             111                     ! for WSM6 & Thompson & GFDL MP
             112                           real    cldcov(nx,lev)   ! input/output layer cloud fraction
             113                           real    dummy3(nxj,lev)
             114                     
             115                     
             116                     !
             117                     ! --- for clear sky
             118                     !
             119                           real    asol_clr(nx),olr_clr(nx),ss_clr(nx),rs_clr(nx)
             120                           real    sld_clr(nx),rld_clr(nx)
             121                     !
             122                     ! --- 3d
             123                     !
             124                           real    htrsw0(nx,lev),htrlw0(nx,lev)
             125                           real    fuslr(nx,lev+1),fdslr(nx,lev+1)
             126                           real    fuirr(nx,lev+1),fdirr(nx,lev+1)
             127                     !
             128                           real    dummy4(nx,lev),dummy5(nx,lev)
             129                           real    work5(nx,lev+1),work6(nx,lev+1)
             130                           real    work7(nx,lev+1),work8(nx,lev+1)
             131                     !
             132                     ! --- 2d
             133                     !
             134                           real    fluxr(nx,nfxr)
             135                     !
             136                     !     if (myrank .eq. 0) print *,'### in rrtmg.f ###'
             137                     !     if (myrank .eq. 0) print *,'### j=',j
             138                     ! -------------------------------------------------------------------
             139                     !    to set variables  for grrad input
             140                     ! -------------------------------------------------------------------
             141                     
             142     1                     if(ntoz.eq.0)then
             143     1                       ntrac=ncld+1
             144     1                     else
             145     1                       ntrac=ncld
             146     1                     endif
             147                           allocate(tracer(nx,lev,ntrac))
             148                     
                                   <<< Loop-information Start >>>
                                   <<<  [PARALLELIZATION]
                                   <<<    Standard iteration count: 800
                                   <<<  [OPTIMIZATION]
                                   <<<    SIMD(VL: 8)
                                   <<<    SOFTWARE PIPELINING(IPC: 2.42, ITR: 128, MVE: 2, POL: S)
                                   <<<    PREFETCH(HARD) Expected by compiler :
                                   <<<      pst, prsi
                                   <<< Loop-information  End >>>
             149     1  pp   2v            do i=1,nxj
             150     1   p   2v              prsi(i,lev+1)=(sigma(1,1)*pst(i)+sigma(1,2)+ptop)*0.1
             151     1   p   2v            enddo
             152                     
                                   <<< Loop-information Start >>>
                                   <<<  [PARALLELIZATION]
                                   <<<    Standard iteration count: 2
                                   <<<  [OPTIMIZATION]
                                   <<<    PREFETCH(HARD) Expected by compiler :
                                   <<<      plt, cldcov, dummy3, prsl, pst, qt, qgrs
                                   <<<      tt, sd, prslk, tgrs, prsi, vvl
                                   <<< Loop-information  End >>>
             153     1  pp                 do k=1,lev
             154     1   p                    kc=lev-k+1
                                   <<< Loop-information Start >>>
                                   <<<  [OPTIMIZATION]
                                   <<<    SIMD(VL: 8)
                                   <<<    SOFTWARE PIPELINING(IPC: 1.09, ITR: 56, MVE: 3, POL: L)
                                   <<<    PREFETCH(HARD) Expected by compiler :
                                   <<<      dummy3, pst, qt, prslk, prsi, tt, sd
                                   <<<      qgrs, prsl, vvl, tgrs, plt, cldcov
                                   <<<    SPILLS :
                                   <<<      GENERAL   : SPILL 0  FILL 0
                                   <<<      SIMD&FP   : SPILL 0  FILL 0
                                   <<<      SCALABLE  : SPILL 0  FILL 24
                                   <<<      PREDICATE : SPILL 0  FILL 0
                                   <<< Loop-information  End >>>
             155     2   p    v            do i=1,nxj
             156     2   p    v               prsi(i,kc)=(sigma(k+1,1)*pst(i)+sigma(k+1,2)+ptop)*0.1
             157     2   p    v               prsl(i,kc)=plt(i,k)*0.1 ! change to cb
             158     2   p    v               prslk(i,kc)=(plt(i,k)/1000.)**xkapa
             159     2   p    v               tgrs(i,kc)=tt(i,k)
             160     2   p    v               qgrs(i,kc)=qt(i,k)
             161     2   p    v               vvl(i,kc)=sd(i,k)*0.1                !cb/sec
             162     2   p    v               dummy3(i,kc)=cldcov(i,k)
             163     2   p    v            enddo
             164     1   p                 enddo
             165                     
                                   <<< Loop-information Start >>>
                                   <<<  [PARALLELIZATION]
                                   <<<    Standard iteration count: 2
                                   <<< Loop-information  End >>>
             166     1  pp                 do n = 1, ntrac
                                   <<< Loop-information Start >>>
                                   <<<  [OPTIMIZATION]
                                   <<<    PREFETCH(HARD) Expected by compiler :
                                   <<<      qt, tracer
                                   <<< Loop-information  End >>>
             167     2   p                 do k = 1, lev
             168     2   p                    kc=lev-k+1
                                   <<< Loop-information Start >>>
                                   <<<  [OPTIMIZATION]
                                   <<<    SIMD(VL: 8)
                                   <<<    SOFTWARE PIPELINING(IPC: 3.66, ITR: 192, MVE: 5, POL: S)
                                   <<<    PREFETCH(HARD) Expected by compiler :
                                   <<<      qt, tracer
                                   <<< Loop-information  End >>>
             169     3   p   2v            do i = 1, nxj
             170     3   p   2v               tracer(i,kc,n) = qt(i,k+(n-1)*lev)
             171     3   p   2v            enddo
             172     2   p                 enddo
             173     1   p                 enddo
             174                     !     if (myrank .eq. 0) print *,'### j=',j
             175                     !     if (myrank .eq. 0) print *,'tracer(1,60,1)=',tracer(1,60,1)
             176                     !     if (myrank .eq. 0) print *,'tracer(1,60,2)=',tracer(1,60,2)
             177                     
             178                     !      do k = 1, lev
             179                     !         kc=lev-k+1
             180                     !      do i = 1, nxj
             181                     !         tracer(i,kc,ntoz) = o3l(i,k)
             182                     !      enddo
             183                     !      enddo
             184                     !
             185                     !      no need the reduction of O3 concentration over model top.
             186                     !      02/23/2024 proposed by Jen-Her Chen
             187                     !
             188                     !      do k=1,8
             189                     !         fac_o3=k*0.1
             190                     !         if(fac_o3 .le. 0.3) fac_o3=0.3
             191                     !         kc=lev-k+1
             192                     !      do i = 1, nxj
             193                     !!       tracer(i,kc,ntoz) = o3l(i,k)*fac_o3
             194                     !       tracer(i,kc,ntoz) = tracer(i,kc,ntoz)*fac_o3
             195                     !      end do
             196                     !      end do
             197     1                     if ( nmmiph.eq.6 .or. nmmiph.eq.8 .or. nmmiph.eq.18 ) then
             198     1                       nclds=3
             199     1               ! for MP WSM6 & Thompson effective radius
                                   <<< Loop-information Start >>>
                                   <<<  [PARALLELIZATION]
                                   <<<    Standard iteration count: 2
                                   <<<  [OPTIMIZATION]
                                   <<<    PREFETCH(HARD) Expected by compiler :
                                   <<<      ftp1, fqp, ftp, phy3d
                                   <<< Loop-information  End >>>
             200     2  pp                   do k = 1, lev
                                   <<< Loop-information Start >>>
                                   <<<  [OPTIMIZATION]
                                   <<<    SIMD(VL: 8)
                                   <<<    SOFTWARE PIPELINING(IPC: 2.33, ITR: 64, MVE: 2, POL: S)
                                   <<<    PREFETCH(HARD) Expected by compiler :
                                   <<<      phy3d, fqp, ftp, ftp1
                                   <<< Loop-information  End >>>
             201     3   p   2v                do i = 1, nxj
             202     3   p   2v                  phy3d(i,k,1) = ftp(i,k)
             203     3   p   2v                  phy3d(i,k,2) = ftp1(i,k)
             204     3   p   2v                  phy3d(i,k,3) = fqp(i,k)
             205     3   p   2v                enddo
             206     2   p                   enddo
             207     1                     endif
             208                     
             209     1                     if ( nmmiph.eq.11 .or. nmmiph.eq.12 .or. nmmiph.eq.13 ) then
             210     1               ! for MP GFDL effective radius
             211     1                       nclds = 5  ! number of effective cloud condensates used in radiation processes
                                   <<< Loop-information Start >>>
                                   <<<  [PARALLELIZATION]
                                   <<<    Standard iteration count: 2
                                   <<<  [OPTIMIZATION]
                                   <<<    PREFETCH(HARD) Expected by compiler :
                                   <<<      fqp1, fqp, ftp, ftp1, phy3d
                                   <<< Loop-information  End >>>
             212     2  pp                   do k = 1, lev
                                   <<< Loop-information Start >>>
                                   <<<  [OPTIMIZATION]
                                   <<<    SIMD(VL: 8)
                                   <<<    SOFTWARE PIPELINING(IPC: 2.83, ITR: 40, MVE: 3, POL: S)
                                   <<<    PREFETCH(HARD) Expected by compiler :
                                   <<<      fqp1, ftp, phy3d, fqp, ftp1
                                   <<< Loop-information  End >>>
             213     3   p    v                do i = 1, nxj
             214     3   p    v                  phy3d(i,k,1) = ftp(i,k)    ! effective radius for liquid water (micron)
             215     3   p    v                  phy3d(i,k,2) = ftp1(i,k)   ! effective radius for ice water    (micron)
             216     3   p    v                  phy3d(i,k,3) = fqp(i,k)    ! effective radius for snow water   (micron)
             217     3   p    v                  phy3d(i,k,4) = fqp1(i,k)   ! effective radius for rain water   (micron)
             218     3   p    v                enddo
             219     2   p                   enddo
             220     1                     endif
             221                     
             222     1                     if ( nmmiph.eq.15 .or. nmmiph.eq.16) then
             223     1               ! for MP Goddard (GCE) effective radius
             224     1                       nclds = 6
                                   <<< Loop-information Start >>>
                                   <<<  [PARALLELIZATION]
                                   <<<    Standard iteration count: 2
                                   <<<  [OPTIMIZATION]
                                   <<<    PREFETCH(HARD) Expected by compiler :
                                   <<<      fqp1, fqp, ftp, ftp1, phy3d
                                   <<< Loop-information  End >>>
             225     2  pp                   do k = 1, lev
                                   <<< Loop-information Start >>>
                                   <<<  [OPTIMIZATION]
                                   <<<    SIMD(VL: 8)
                                   <<<    SOFTWARE PIPELINING(IPC: 2.83, ITR: 40, MVE: 3, POL: S)
                                   <<<    PREFETCH(HARD) Expected by compiler :
                                   <<<      fqp1, ftp, phy3d, fqp, ftp1
                                   <<< Loop-information  End >>>
             226     3   p    v                do i = 1, nxj
             227     3   p    v                  phy3d(i,k,1) = ftp(i,k)    ! effective radius for liquid water (micron)
             228     3   p    v                  phy3d(i,k,2) = ftp1(i,k)   ! effective radius for ice water    (micron)
             229     3   p    v                  phy3d(i,k,3) = fqp(i,k)    ! effective radius for snow water   (micron)
             230     3   p    v                  phy3d(i,k,4) = fqp1(i,k)   ! effective radius for rain water   (micron)
             231     3   p    v                enddo
             232     2   p                   enddo
             233     1                     endif
             234                     
             235     1                     if ( nmmiph.eq.2 ) then
             236     1                       nclds=1
                                   <<< Loop-information Start >>>
                                   <<<  [PARALLELIZATION]
                                   <<<    Standard iteration count: 1778
                                   <<<  [OPTIMIZATION]
                                   <<<    COLLAPSED
                                   <<<    SIMD(VL: 8)
                                   <<<    PREFETCH(HARD) Expected by compiler :
                                   <<<      phy3d
                                   <<< Loop-information  End >>>
             237     1  pp   4v              phy3d=0.
             238     1                     endif
             239                     !
             240                     !     if (myrank .eq. 0) print *,'### j=',j
             241                     !     if (myrank .eq. 0) print *,'tracer(1,60,3)=',tracer(1,60,3)
             242                     
             243                     !--------------------------------------------------------------------
             244                     !    to set xlat(nx), sinlat(nx), coslat(nx) for grrad : input
             245                     !    to set qgrs(nx,lev), tgrs(nx,lev) for grrad : input
             246                     !--------------------------------------------------------------------
             247                     
                                   <<< Loop-information Start >>>
                                   <<<  [PARALLELIZATION]
                                   <<<    Standard iteration count: 125
                                   <<<  [OPTIMIZATION]
                                   <<<    SIMD(VL: 8)
                                   <<<    PREFETCH(HARD) Expected by compiler :
                                   <<<      icsdlwg, icsdlw, icsdswg, icsdsw, coslat
                                   <<<      sinlat, xtice, tisfc, cice, fice, facwg
                                   <<<      facwf, facsg, facsf, alnwg, alnwf
                                   <<<    PREFETCH(SOFT) : 50
                                   <<<     SEQUENTIAL : 50
                                   <<<      alvwg: 2, alvwf: 2, alnsg: 2, alnsf: 2
                                   <<<      alvsg: 2, alvsf: 2, std: 2, hprim: 2
                                   <<<      z0: 2, zorl: 2, snoalb: 2, snalb: 2
                                   <<<      sncover: 2, sncovr: 2, snr: 2, snowd: 2
                                   <<<      tg: 2, xlonr: 2, tsfc: 2, slimsk: 2
                                   <<<      xlat: 2, xlon: 2, slmsk: 2, cvt: 2
                                   <<<      cvb: 2
                                   <<<    SPILLS :
                                   <<<      GENERAL   : SPILL 0  FILL 17
                                   <<<      SIMD&FP   : SPILL 0  FILL 0
                                   <<<      SCALABLE  : SPILL 0  FILL 0
                                   <<<      PREDICATE : SPILL 0  FILL 0
                                   <<< Loop-information  End >>>
             248     1  pp    v            do i = 1, nxj
             249     1   p    v               slmsk(i)=slimsk(i)
             250     1   p    v               xlon(i)=xlonr(i)
             251     1   p    v               xlat(i)=xlatj*d2r
             252     1               !        tsfc(i)=tt(i,lev)          !surface temp in k
             253     1   p    v               tsfc(i)=tg(i)
             254     1   p    v               snowd(i)=snr(i)
             255     1   p    v               sncovr(i)=sncover(i)
             256     1   p    v               snalb(i)=snoalb(i)
             257     1   p    v               zorl(i)=z0(i)*100.         !surface roughness in cm
             258     1   p    v               hprim(i)=std(i)
             259     1   p    v               alvsf(i)=alvsg(i)
             260     1   p    v               alnsf(i)=alnsg(i)
             261     1   p    v               alvwf(i)=alvwg(i)
             262     1   p    v               alnwf(i)=alnwg(i)
             263     1   p    v               facsf(i)=facsg(i)
             264     1   p    v               facwf(i)=facwg(i)
             265     1   p    v               fice(i)=cice(i)
             266     1   p    v               tisfc(i)=xtice(i)
             267     1   p    v               sinlat(i)=sinlj
             268     1   p    v               coslat(i)=coslj
             269     1   p    v               cvt(i)=0.
             270     1   p    v               cvb(i)=0.
             271     1   p    v               icsdsw(i)=icsdswg(i)
             272     1   p    v               icsdlw(i)=icsdlwg(i)
             273     1   p    v            enddo
             274                     
             275                     !     if (myrank .eq. 0) print *,'### j=',j
             276                     !     if (myrank .eq. 0) print *,'xlatj=',xlatj
             277                     !     if (myrank .eq. 0) print *,'xlatj=',xlat(1)
             278                     
             279                     !     if (myrank .eq. 0) print *,'### j=',j
             280                     !     if (myrank .eq. 0) print *,'sinlj=',sinlj
             281                     !     if (myrank .eq. 0) print *,'coslj=',coslj
             282                     !     if (myrank .eq. 0) print *,'sinlat(1)=',sinlat(1)
             283                     !     if (myrank .eq. 0) print *,'coslat(1)=',coslat(1)
             284                     
             285                     !     if (myrank .eq. 0) print *,'### j=',j
             286                     !     if (myrank .eq. 0) print *,'qgrs(1,1)=',qgrs(1,1)
             287                     !     if (myrank .eq. 0) print *,'qgrs(1,lev)=',qgrs(1,lev)
             288                     !     if (myrank .eq. 0) print *,'qgrs(ipt,1)=',qgrs(ipt,1)
             289                     !     if (myrank .eq. 0) print *,'qgrs(ipt,lev)=',qgrs(ipt,lev)
             290                     !     if (myrank .eq. 0) print *,'tgrs(1,1)=',tgrs(1,1)
             291                     !     if (myrank .eq. 0) print *,'tgrs(1,lev)=',tgrs(1,lev)
             292                     !     if (myrank .eq. 0) print *,'tgrs(ipt,1)=',tgrs(ipt,1)
             293                     !     if (myrank .eq. 0) print *,'tgrs(ipt,lev)=',tgrs(ipt,lev)
             294                     !------------------------------------------------------------------------
             295                     
             296                           cmax=-1.0e+25
             297                           cmin=1.0e+25
             298                           imin=1
             299                           imax=1
                                   <<< Loop-information Start >>>
                                   <<<  [PARALLELIZATION]
                                   <<<    Standard iteration count: 42
                                   <<<  [OPTIMIZATION]
                                   <<<    SIMD(VL: 8)
                                   <<<    SOFTWARE PIPELINING(IPC: 1.78, ITR: 112, MVE: 7, POL: L)
                                   <<<    PREFETCH(HARD) Expected by compiler :
                                   <<<      cv, curate, (unknown)
                                   <<<    SPILLS :
                                   <<<      GENERAL   : SPILL 0  FILL 0
                                   <<<      SIMD&FP   : SPILL 0  FILL 0
                                   <<<      SCALABLE  : SPILL 0  FILL 77
                                   <<<      PREDICATE : SPILL 0  FILL 0
                                   <<< Loop-information  End >>>
             300     1  pp    m            do i = 1, nxj
             301     1   p    s            www = curate(i) * 0.0416667 * 0.1
             302     1   p    v            www = max ( www, 5.531e-04 )
             303     1   p    v            cv(i) = 0.93 + 0.124*log(www)
             304     2   p    s            if(cv(i) .gt. cmax) then
             305     2   p    s               cmax = cv(i)
             306     2   p    m               imax = i
             307     2   p    v            endif
             308     2   p    s            if(cv(i) .lt. cmin) then
             309     2   p    s               cmin = cv(i)
             310     2   p    s               imin = i
             311     2   p    v            endif
             312     1   p    v            enddo
             313                     
             314                     !     if (myrank .eq. 0) then
             315                     !     if (myrank .eq. 0) print *,'### j=',j
             316                     !         print *,'### iter=',iter
             317                     !         print *,'### cloud fraction : cv-max =',cmax,' imax=',imax
             318                     !         print *,'### cloud fraction : cv-min =',cmin,' imin=',imin
             319                     !     endif
             320                     
             321                           tem1= 0.1
             322                           tem2= 0.8
                                   <<< Loop-information Start >>>
                                   <<<  [PARALLELIZATION]
                                   <<<    Standard iteration count: 942
                                   <<<  [OPTIMIZATION]
                                   <<<    SIMD(VL: 8)
                                   <<<    SOFTWARE PIPELINING(IPC: 1.87, ITR: 176, MVE: 6, POL: S)
                                   <<<    PREFETCH(HARD) Expected by compiler :
                                   <<<      cv
                                   <<< Loop-information  End >>>
             323     1  pp   2v            do i = 1, nxj
             324     1   p   2v            if ( cv(i) .lt. tem1 )  cv(i) = 0.0
             325     1   p   2v            if ( cv(i) .gt. tem2 )  cv(i) = tem2 + 0.01
             326     1   p   2v            enddo
             327                     !
             328                     !--------------------------------------------------------------------
             329                     !      if (myrank .eq. 0) then
             330                     !     print *,'ptop=', ptop
             331                     !     pstmax=-1.0e10
             332                     !     pstmin=1.0e10
             333                     !     imax=1
             334                     !     imin=1
             335                     !     do i=1,nxj
             336                     !        if (pst(i) .gt. pstmax) then
             337                     !            pstmax=pst(i)
             338                     !            imax=i
             339                     !        endif
             340                     !        if (pst(i) .lt. pstmin ) then
             341                     !            pstmin=pst(i)
             342                     !            imin=i
             343                     !        endif
             344                     !     enddo
             345                     !     if (myrank .eq. 0) print *,'### j=',j
             346                     !     print *,'pst-max=',pstmax,' imax=',imax
             347                     !     print *,'pst-min=',pstmin,' imin=',imin
             348                     !     endif
             349                     !
             350                     !     if (myrank .eq. 0) then
             351                     !     pmax=-1.0e10
             352                     !     pmin=1.0e10
             353                     !     imax=1
             354                     !     imin=1
             355                     !     kmax=1
             356                     !     kmin=1
             357                     !     do k=1,lev+1
             358                     !     do i=1,nxj
             359                     !        if (prsi(i,k) .gt. pmax) then
             360                     !            pmax=prsi(i,k)
             361                     !            imax=i
             362                     !            kmax=k
             363                     !        endif
             364                     !        if (prsi(i,k) .lt. pmin) then
             365                     !            pmin=prsi(i,k)
             366                     !            imin=i
             367                     !            kmin=k
             368                     !        endif
             369                     !     enddo
             370                     !     enddo
             371                     !     if (myrank .eq. 0) print *,'### j=',j
             372                     !     print *,'### prsi : pressure at even level(ptop/pbot)###'
             373                     !     print *,'prsi-max=',pmax,' imax=',imax,' kmax=',kmax
             374                     !     print *,'prsi-min=',pmin,' imin=',imin,' kmin=',kmin
             375                     !     print *,'prsi(ipt,lev+1)=',prsi(ipt,lev+1)
             376                     !     endif
             377                     !--------------------------------------------------------------------
             378                     !     if (myrank .eq. 0) then
             379                     !     pmax=-1.0e10
             380                     !     pmin=1.0e10
             381                     !     imax=1
             382                     !     imin=1
             383                     !     kmax=1
             384                     !     kmin=1
             385                     !     do k=1,lev
             386                     !     do i=1,nxj
             387                     !        if (prsl(i,k) .gt. pmax) then
             388                     !            pmax=prsl(i,k)
             389                     !            imax=i
             390                     !            kmax=k
             391                     !        endif
             392                     !        if (prsl(i,k) .lt. pmin) then
             393                     !            pmin=prsl(i,k)
             394                     !            imin=i
             395                     !            kmin=k
             396                     !        endif
             397                     !     enddo
             398                     !     enddo
             399                     !     if (myrank .eq. 0) print *,'### j=',j
             400                     !     print *,'### prsl : pressure at odd level(mid-level)##'
             401                     !     print *,'prsl-max=',pmax,' imax=',imax,' kmax=',kmax
             402                     !     print *,'prsl-min=',pmin,' imin=',imin,' kmin=',kmin
             403                     !     print *,'prsl(ipt,lev)=',prsl(ipt,lev)
             404                     !     endif
             405                     !--------------------------------------------------------------------
             406                     !     if (myrank .eq. 0) then
             407                     !     pmax=-1.0e10
             408                     !     pmin=1.0e10
             409                     !     imax=1
             410                     !     imin=1
             411                     !     kmax=1
             412                     !     kmin=1
             413                     !     do k=1,lev
             414                     !     do i=1,nxj
             415                     !        if (prslk(i,k) .gt. pmax) then
             416                     !            pmax=prslk(i,k)
             417                     !            imax=i
             418                     !            kmax=k
             419                     !        endif
             420                     !        if (prslk(i,k) .lt. pmin) then
             421                     !            pmin=prslk(i,k)
             422                     !            imin=i
             423                     !            kmin=k
             424                     !        endif
             425                     !     enddo
             426                     !     enddo
             427                     !     if (myrank .eq. 0) print *,'### j=',j
             428                     !     print *,'### prslk : (p_odd/1000.)**xkapa ###'
             429                     !     print *,'prslk-max=',pmax,' imax=',imax,' kmax=',kmax
             430                     !     print *,'prslk-min=',pmin,' imin=',imin,' kmin=',kmin
             431                     !     print *,'prslk(ipt,lev)=',prslk(ipt,lev)
             432                     !     endif
             433                     !--------------------------------------------------------------------
             434                     !     if (myrank .eq. 0) then
             435                     !     pmax=-1.0e10
             436                     !     pmin=1.0e10
             437                     !     imax=1
             438                     !     imin=1
             439                     !     kmax=1
             440                     !     kmin=1
             441                     !     do k=1,lev
             442                     !     do i=1,nxj
             443                     !        if (plt(i,k) .gt. pmax) then
             444                     !            pmax=plt(i,k)
             445                     !            imax=i
             446                     !            kmax=k
             447                     !        endif
             448                     !        if (plt(i,k) .lt. pmin) then
             449                     !            pmin=plt(i,k)
             450                     !            imin=i
             451                     !            kmin=k
             452                     !        endif
             453                     !     enddo
             454                     !     enddo
             455                     !     if (myrank .eq. 0) print *,'### j=',j
             456                     !     print *,'plt-max=',pmax,' imax=',imax,' kmax=',kmax
             457                     !     print *,'plt-min=',pmin,' imin=',imin,' kmin=',kmin
             458                     !     print *,'plt(ipt,lev)=',plt(ipt,lev)
             459                     !     endif
             460                     !--------------------------------------------------------------------
             461                               call grrad(prsi,prsl,prslk,tgrs,qgrs,tracer,vvl,slmsk,     &
             462                                  xlon,xlat,tsfc,snowd,sncovr,snalb,zorl,hprim,           &
             463                                  alvsf,alnsf,alvwf,alnwf,facsf,facwf,fice,tisfc,         &
             464                                  sinlat,coslat,solhr,jdat,solcon,                        &
             465                                  cv,cvt,cvb,                                             &
             466                                  icsdsw,icsdlw,ntcw,nclds,ntoz,ntrac,nfxr,               &
             467                                  dtlw,dtsw,lsswr,lslwr,lssav,                            &
             468                                  nx,nxj,lev,me,lprnt,ipt,kdt,myrank,                     &
             469                                  ntiw,ntrw,ntsw,ntgl,uni_cloud,lmfshal,lmfdeep2,         &
             470                                  deltaq,sup,cnvw,cnvc,phy3d,                             &
             471                     !  ---  outputs:
             472                                  dummy1,sfalb,coszen,coszdg,                             &
             473                                  dummy2,tsflw,semis,                                     &
             474                     !  ---  input/output:
             475                                  dummy3,fluxr,                                           &
             476                     !  ---  optional outputs:
             477                                  dummy4,dummy5,                                          &
             478                                  work1,work2,work3,work4,                                &
             479                                  work5,work6,work7,work8                                 &
             480                                  )
             481                     
             482                     !       if (myrank .eq. 0) print *,'grrad ok!'
             483                     
                                   <<< Loop-information Start >>>
                                   <<<  [PARALLELIZATION]
                                   <<<    Standard iteration count: 132
                                   <<<  [OPTIMIZATION]
                                   <<<    SIMD(VL: 8)
                                   <<<    PREFETCH(HARD) Expected by compiler :
                                   <<<      semis, semis_g, sfalb, sfalb_g, fluxr
                                   <<<      ctot, clow, cmid, chig, olr_clr, rld_clr
                                   <<<    PREFETCH(SOFT) : 42
                                   <<<     SEQUENTIAL : 42
                                   <<<      fluxr: 22, rs_clr: 2, ss_clr: 2
                                   <<<      sld_clr: 2, olr: 2, asol_clr: 2, asol: 2
                                   <<<      rld: 2, rs: 2, ss: 2, sld: 2
                                   <<<    SPILLS :
                                   <<<      GENERAL   : SPILL 0  FILL 10
                                   <<<      SIMD&FP   : SPILL 0  FILL 0
                                   <<<      SCALABLE  : SPILL 0  FILL 0
                                   <<<      PREDICATE : SPILL 0  FILL 0
                                   <<< Loop-information  End >>>
             484     1  pp    v             do i=1,nxj
             485     1               !
             486     1               ! total sky
             487     1               !
             488     1   p    v                ss(i)   = fluxr(i,4)-fluxr(i,5)
             489     1   p    v                rs(i)   = fluxr(i,7)-fluxr(i,6)
             490     1   p    v                asol(i) = fluxr(i,1)-fluxr(i,2)
             491     1   p    v                olr(i)  = fluxr(i,3)
             492     1   p    v                sld(i)  = fluxr(i,4)
             493     1   p    v                rld(i)  = fluxr(i,6)
             494     1               ! clear sky
             495     1   p    v                ss_clr(i)   = fluxr(i,24)-fluxr(i,25)
             496     1   p    v                rs_clr(i)   = fluxr(i,27)-fluxr(i,26)
             497     1   p    v                asol_clr(i) = fluxr(i,1 )-fluxr(i,22)
             498     1   p    v                olr_clr(i)  = fluxr(i,23)
             499     1   p    v                sld_clr(i)  = fluxr(i,24)
             500     1   p    v                rld_clr(i)  = fluxr(i,26)
             501     1               !
             502     1               ! cloud fraction
             503     1               !
             504     1   p    v                chig(i)=fluxr(i,8)   ! high cloud fraction
             505     1   p    v                cmid(i)=fluxr(i,9)   ! middle cloud fraction
             506     1   p    v                clow(i)=fluxr(i,10)  ! low cloud fraction
             507     1   p    v                ctot(i)=fluxr(i,20)  ! total cloud fraction
             508     1               !
             509     1   p    v                sfalb_g(i)=sfalb(i)
             510     1   p    v                semis_g(i)=semis(i)  ! surface emissivity
             511     1   p    v             enddo
             512                     
                                   <<< Loop-information Start >>>
                                   <<<  [PARALLELIZATION]
                                   <<<    Standard iteration count: 2
                                   <<<  [OPTIMIZATION]
                                   <<<    PREFETCH(HARD) Expected by compiler :
                                   <<<      dummy2, dummy5, dummy4, dummy1, dummy3
                                   <<<      cldcov, htrlw0, htrsw0, htrlw, htrsw
                                   <<< Loop-information  End >>>
             513     1  pp                  do k = 1, lev
             514     1   p                     kc=lev-k+1
                                   <<< Loop-information Start >>>
                                   <<<  [OPTIMIZATION]
                                   <<<    SIMD(VL: 8)
                                   <<<    SOFTWARE PIPELINING(IPC: 3.12, ITR: 40, MVE: 2, POL: S)
                                   <<<    PREFETCH(HARD) Expected by compiler :
                                   <<<      dummy4, htrlw0, dummy3, dummy2, dummy5
                                   <<<      dummy1, htrsw0, cldcov, htrlw, htrsw
                                   <<< Loop-information  End >>>
             515     2   p    v             do i = 1, nxj
             516     2   p    v                htrsw(i,kc)=dummy1(i,k)*86400.
             517     2   p    v                htrlw(i,kc)=dummy2(i,k)*86400.
             518     2   p    v                cldcov(i,kc)=dummy3(i,k)
             519     2   p    v                htrsw0(i,kc)=dummy4(i,k)*86400.
             520     2   p    v                htrlw0(i,kc)=dummy5(i,k)*86400.
             521     2   p    v             enddo
             522     1   p                  enddo
             523                     
             524                     !       do k = 1, lev
                                   <<< Loop-information Start >>>
                                   <<<  [PARALLELIZATION]
                                   <<<    Standard iteration count: 942
                                   <<<  [OPTIMIZATION]
                                   <<<    SIMD(VL: 8)
                                   <<<    SOFTWARE PIPELINING(IPC: 2.33, ITR: 80, MVE: 3, POL: S)
                                   <<<    PREFETCH(HARD) Expected by compiler :
                                   <<<      coszen, tsflw, cosz, tsflwr
                                   <<< Loop-information  End >>>
             525     1  pp   2v             do i = 1, nxj
             526     1               !          dtrad(i,k)=htrsw(i,k)+htrlw(i,k)
             527     1   p   2v                tsflwr(i)=tsflw(i)
             528     1   p   2v                cosz(i)  =coszen(i)
             529     1   p   2v             enddo
             530                     !       enddo
             531                     
                                   <<< Loop-information Start >>>
                                   <<<  [PARALLELIZATION]
                                   <<<    Standard iteration count: 2
                                   <<<  [OPTIMIZATION]
                                   <<<    PREFETCH(HARD) Expected by compiler :
                                   <<<      work8, work3, work5, work7, work6, work4
                                   <<<      work2, work1, fdirr, fuirr, fdslr, fuslr
                                   <<<      fdir, fuir, fdsl, fusl
                                   <<< Loop-information  End >>>
             532     1  pp                  do k = 1, lev+1
             533     1   p                     kc=lev-k+2
                                   <<< Loop-information Start >>>
                                   <<<  [OPTIMIZATION]
                                   <<<    SIMD(VL: 8)
                                   <<<    SOFTWARE PIPELINING(IPC: 2.91, ITR: 24, MVE: 2, POL: S)
                                   <<<    PREFETCH(HARD) Expected by compiler :
                                   <<<      work8, work1, fdirr, fuirr, work7, work6
                                   <<<      fdslr, fuslr, work5, work4, fdir, fuir
                                   <<<      work3, work2, fdsl, fusl
                                   <<< Loop-information  End >>>
             534     2   p    v             do i = 1, nxj
             535     2   p    v                fusl(i,kc)=work1(i,k)
             536     2   p    v                fdsl(i,kc)=work2(i,k)
             537     2   p    v                fuir(i,kc)=work3(i,k)
             538     2   p    v                fdir(i,kc)=work4(i,k)
             539     2   p    v                fuslr(i,kc)=work5(i,k)
             540     2   p    v                fdslr(i,kc)=work6(i,k)
             541     2   p    v                fuirr(i,kc)=work7(i,k)
             542     2   p    v                fdirr(i,kc)=work8(i,k)
             543     2   p    v             enddo
             544     1   p                  enddo
             545                            deallocate(tracer)
             546                     
             547                            return
             548                            end

 Procedure information
   Lines      : 548
   Statements : 217
   Stack(byte): 6400
   Prefetch num: 92

 Scoping unit of external sub-program : rrtmg
   Attribute and Cross reference of name
     alnsf
      |(Class and Type) : variable name, REAL(8)
      |(Attributes)     : DIMENSION
      |(Declaration)    : 76
      |(Definition)     : 260
      |(Reference)      : 461
     alnsg
      |(Class and Type) : variable name, REAL(8)
      |(Attributes)     : DIMENSION, dummy-argument
      |(Declaration)    : 1  52
      |(Definition)     : 
      |(Reference)      : 260
     alnwf
      |(Class and Type) : variable name, REAL(8)
      |(Attributes)     : DIMENSION
      |(Declaration)    : 76
      |(Definition)     : 262
      |(Reference)      : 461
     alnwg
      |(Class and Type) : variable name, REAL(8)
      |(Attributes)     : DIMENSION, dummy-argument
      |(Declaration)    : 1  52
      |(Definition)     : 
      |(Reference)      : 262
     alvsf
      |(Class and Type) : variable name, REAL(8)
      |(Attributes)     : DIMENSION
      |(Declaration)    : 76
      |(Definition)     : 259
      |(Reference)      : 461
     alvsg
      |(Class and Type) : variable name, REAL(8)
      |(Attributes)     : DIMENSION, dummy-argument
      |(Declaration)    : 1  52
      |(Definition)     : 
      |(Reference)      : 259
     alvwf
      |(Class and Type) : variable name, REAL(8)
      |(Attributes)     : DIMENSION
      |(Declaration)    : 76
      |(Definition)     : 261
      |(Reference)      : 461
     alvwg
      |(Class and Type) : variable name, REAL(8)
      |(Attributes)     : DIMENSION, dummy-argument
      |(Declaration)    : 1  52
      |(Definition)     : 
      |(Reference)      : 261
     asol
      |(Class and Type) : variable name, REAL(8)
      |(Attributes)     : DIMENSION, dummy-argument
      |(Declaration)    : 1  93
      |(Definition)     : 490
      |(Reference)      : 
     asol_clr
      |(Class and Type) : variable name, REAL(8)
      |(Attributes)     : DIMENSION, dummy-argument
      |(Declaration)    : 1  119
      |(Definition)     : 497
      |(Reference)      : 
     chig
      |(Class and Type) : variable name, REAL(8)
      |(Attributes)     : DIMENSION, dummy-argument
      |(Declaration)    : 1  109
      |(Definition)     : 504
      |(Reference)      : 
     cice
      |(Class and Type) : variable name, REAL(8)
      |(Attributes)     : DIMENSION, dummy-argument
      |(Declaration)    : 1  50
      |(Definition)     : 
      |(Reference)      : 265
     cldcov
      |(Class and Type) : variable name, REAL(8)
      |(Attributes)     : DIMENSION, dummy-argument
      |(Declaration)    : 1  112
      |(Definition)     : 518
      |(Reference)      : 162
     clow
      |(Class and Type) : variable name, REAL(8)
      |(Attributes)     : DIMENSION, dummy-argument
      |(Declaration)    : 1  109
      |(Definition)     : 506
      |(Reference)      : 
     cmax
      |(Class and Type) : variable name, REAL(8)
      |(Attributes)     : 
      |(Declaration)    : 58
      |(Definition)     : 296  305
      |(Reference)      : 304
     cmid
      |(Class and Type) : variable name, REAL(8)
      |(Attributes)     : DIMENSION, dummy-argument
      |(Declaration)    : 1  109
      |(Definition)     : 505
      |(Reference)      : 
     cmin
      |(Class and Type) : variable name, REAL(8)
      |(Attributes)     : 
      |(Declaration)    : 58
      |(Definition)     : 297  309
      |(Reference)      : 308
     cnvc
      |(Class and Type) : variable name, REAL(8)
      |(Attributes)     : DIMENSION, dummy-argument
      |(Declaration)    : 1  86
      |(Definition)     : 
      |(Reference)      : 461
     cnvw
      |(Class and Type) : variable name, REAL(8)
      |(Attributes)     : DIMENSION, dummy-argument
      |(Declaration)    : 1  86
      |(Definition)     : 
      |(Reference)      : 461
     const
      |(Class and Type) : module name
      |(Attributes)     : 
      |(Declaration)    : 
      |(Definition)     : 
      |(Reference)      : 35
     coslat
      |(Class and Type) : variable name, REAL(8)
      |(Attributes)     : DIMENSION
      |(Declaration)    : 76
      |(Definition)     : 268
      |(Reference)      : 461
     coslj
      |(Class and Type) : variable name, REAL(8)
      |(Attributes)     : dummy-argument
      |(Declaration)    : 1  55
      |(Definition)     : 
      |(Reference)      : 268
     cosz
      |(Class and Type) : variable name, REAL(8)
      |(Attributes)     : DIMENSION, dummy-argument
      |(Declaration)    : 1  52
      |(Definition)     : 528
      |(Reference)      : 
     coszdg
      |(Class and Type) : variable name, REAL(8)
      |(Attributes)     : DIMENSION
      |(Declaration)    : 80
      |(Definition)     : 461
      |(Reference)      : 
     coszen
      |(Class and Type) : variable name, REAL(8)
      |(Attributes)     : DIMENSION
      |(Declaration)    : 80
      |(Definition)     : 461
      |(Reference)      : 528
     csbl
      |(Class and Type) : variable name, REAL(8)
      |(Attributes)     : DIMENSION
      |(Declaration)    : 109
      |(Definition)     : 
      |(Reference)      : 
     ctot
      |(Class and Type) : variable name, REAL(8)
      |(Attributes)     : DIMENSION, dummy-argument
      |(Declaration)    : 1  109
      |(Definition)     : 507
      |(Reference)      : 
     curate
      |(Class and Type) : variable name, REAL(8)
      |(Attributes)     : DIMENSION, dummy-argument
      |(Declaration)    : 1  52
      |(Definition)     : 
      |(Reference)      : 301
     cv
      |(Class and Type) : variable name, REAL(8)
      |(Attributes)     : DIMENSION
      |(Declaration)    : 72
      |(Definition)     : 303  324  325
      |(Reference)      : 304  305  308  309  324  325  461
     cvb
      |(Class and Type) : variable name, REAL(8)
      |(Attributes)     : DIMENSION
      |(Declaration)    : 72
      |(Definition)     : 270
      |(Reference)      : 461
     cvt
      |(Class and Type) : variable name, REAL(8)
      |(Attributes)     : DIMENSION
      |(Declaration)    : 72
      |(Definition)     : 269
      |(Reference)      : 461
     d2r
      |(Class and Type) : variable name, REAL(8)
      |(Attributes)     : dummy-argument
      |(Declaration)    : 1  55
      |(Definition)     : 
      |(Reference)      : 251
     deltaq
      |(Class and Type) : variable name, REAL(8)
      |(Attributes)     : DIMENSION, dummy-argument
      |(Declaration)    : 1  86
      |(Definition)     : 
      |(Reference)      : 461
     dtlw
      |(Class and Type) : variable name, REAL(8)
      |(Attributes)     : dummy-argument
      |(Declaration)    : 1  55
      |(Definition)     : 
      |(Reference)      : 461
     dtsw
      |(Class and Type) : variable name, REAL(8)
      |(Attributes)     : dummy-argument
      |(Declaration)    : 1  55
      |(Definition)     : 
      |(Reference)      : 461
     dummy1
      |(Class and Type) : variable name, REAL(8)
      |(Attributes)     : DIMENSION
      |(Declaration)    : 102
      |(Definition)     : 461
      |(Reference)      : 516
     dummy2
      |(Class and Type) : variable name, REAL(8)
      |(Attributes)     : DIMENSION
      |(Declaration)    : 102
      |(Definition)     : 461
      |(Reference)      : 517
     dummy3
      |(Class and Type) : variable name, REAL(8)
      |(Attributes)     : DIMENSION
      |(Declaration)    : 113
      |(Definition)     : 162  461
      |(Reference)      : 518
     dummy4
      |(Class and Type) : variable name, REAL(8)
      |(Attributes)     : DIMENSION
      |(Declaration)    : 128
      |(Definition)     : 461
      |(Reference)      : 519
     dummy5
      |(Class and Type) : variable name, REAL(8)
      |(Attributes)     : DIMENSION
      |(Declaration)    : 128
      |(Definition)     : 461
      |(Reference)      : 520
     facsf
      |(Class and Type) : variable name, REAL(8)
      |(Attributes)     : DIMENSION
      |(Declaration)    : 76
      |(Definition)     : 263
      |(Reference)      : 461
     facsg
      |(Class and Type) : variable name, REAL(8)
      |(Attributes)     : DIMENSION, dummy-argument
      |(Declaration)    : 1  52
      |(Definition)     : 
      |(Reference)      : 263
     facwf
      |(Class and Type) : variable name, REAL(8)
      |(Attributes)     : DIMENSION
      |(Declaration)    : 76
      |(Definition)     : 264
      |(Reference)      : 461
     facwg
      |(Class and Type) : variable name, REAL(8)
      |(Attributes)     : DIMENSION, dummy-argument
      |(Declaration)    : 1  52
      |(Definition)     : 
      |(Reference)      : 264
     fdir
      |(Class and Type) : variable name, REAL(8)
      |(Attributes)     : DIMENSION, dummy-argument
      |(Declaration)    : 1  100
      |(Definition)     : 538
      |(Reference)      : 
     fdirr
      |(Class and Type) : variable name, REAL(8)
      |(Attributes)     : DIMENSION, dummy-argument
      |(Declaration)    : 1  126
      |(Definition)     : 542
      |(Reference)      : 
     fdsl
      |(Class and Type) : variable name, REAL(8)
      |(Attributes)     : DIMENSION, dummy-argument
      |(Declaration)    : 1  99
      |(Definition)     : 536
      |(Reference)      : 
     fdslr
      |(Class and Type) : variable name, REAL(8)
      |(Attributes)     : DIMENSION, dummy-argument
      |(Declaration)    : 1  125
      |(Definition)     : 540
      |(Reference)      : 
     fice
      |(Class and Type) : variable name, REAL(8)
      |(Attributes)     : DIMENSION
      |(Declaration)    : 76
      |(Definition)     : 265
      |(Reference)      : 461
     fluxr
      |(Class and Type) : variable name, REAL(8)
      |(Attributes)     : DIMENSION
      |(Declaration)    : 134
      |(Definition)     : 461
      |(Reference)      : 488  488  489  489  490  490  491  492  493  495  495  496  496  497  497  498  499  500  504  505  506  507
     fqp
      |(Class and Type) : variable name, REAL(8)
      |(Attributes)     : DIMENSION, dummy-argument
      |(Declaration)    : 1  88
      |(Definition)     : 
      |(Reference)      : 204  216  229
     fqp1
      |(Class and Type) : variable name, REAL(8)
      |(Attributes)     : DIMENSION, dummy-argument
      |(Declaration)    : 1  88
      |(Definition)     : 
      |(Reference)      : 217  230
     ftp
      |(Class and Type) : variable name, REAL(8)
      |(Attributes)     : DIMENSION, dummy-argument
      |(Declaration)    : 1  88
      |(Definition)     : 
      |(Reference)      : 202  214  227
     ftp1
      |(Class and Type) : variable name, REAL(8)
      |(Attributes)     : DIMENSION, dummy-argument
      |(Declaration)    : 1  88
      |(Definition)     : 
      |(Reference)      : 203  215  228
     fuir
      |(Class and Type) : variable name, REAL(8)
      |(Attributes)     : DIMENSION, dummy-argument
      |(Declaration)    : 1  100
      |(Definition)     : 537
      |(Reference)      : 
     fuirr
      |(Class and Type) : variable name, REAL(8)
      |(Attributes)     : DIMENSION, dummy-argument
      |(Declaration)    : 1  126
      |(Definition)     : 541
      |(Reference)      : 
     fusl
      |(Class and Type) : variable name, REAL(8)
      |(Attributes)     : DIMENSION, dummy-argument
      |(Declaration)    : 1  99
      |(Definition)     : 535
      |(Reference)      : 
     fuslr
      |(Class and Type) : variable name, REAL(8)
      |(Attributes)     : DIMENSION, dummy-argument
      |(Declaration)    : 1  125
      |(Definition)     : 539
      |(Reference)      : 
     grrad
      |(Class and Type) : module subroutine name
      |(Attributes)     : use-associated
      |(Declaration)    : 
      |(Definition)     : 
      |(Reference)      : 29  461
     hprim
      |(Class and Type) : variable name, REAL(8)
      |(Attributes)     : DIMENSION
      |(Declaration)    : 72
      |(Definition)     : 258
      |(Reference)      : 461
     htrlw
      |(Class and Type) : variable name, REAL(8)
      |(Attributes)     : DIMENSION, dummy-argument
      |(Declaration)    : 1  98
      |(Definition)     : 517
      |(Reference)      : 
     htrlw0
      |(Class and Type) : variable name, REAL(8)
      |(Attributes)     : DIMENSION, dummy-argument
      |(Declaration)    : 1  124
      |(Definition)     : 520
      |(Reference)      : 
     htrsw
      |(Class and Type) : variable name, REAL(8)
      |(Attributes)     : DIMENSION, dummy-argument
      |(Declaration)    : 1  98
      |(Definition)     : 516
      |(Reference)      : 
     htrsw0
      |(Class and Type) : variable name, REAL(8)
      |(Attributes)     : DIMENSION, dummy-argument
      |(Declaration)    : 1  124
      |(Definition)     : 519
      |(Reference)      : 
     i
      |(Class and Type) : variable name, INTEGER(4)
      |(Attributes)     : 
      |(Declaration)    : 39
      |(Definition)     : 149  155  169  201  213  226  248  300  323  484  515  525  534
      |(Reference)      : 150  150  156  156  157  157  158  158  159  159  160  160  161  161  162  162  170  170  202  202  203  203  204  204  214  214  215  215  216  216  217  217  227  227  228  228  229  229  230  230  249  249  250  250  251  253  253  254  254  255  255  256  256  257  257  258  258  259  259  260  260  261  261  262  262  263  263  264  264  265  265  266  266  267  268  269  270  271  271  272  272  301  303  304  305  306  308  309  310  324  324  325  325  488  488  488  489  489  489  490  490  490  491  491  492  492  493  493  495  495  495  496  496  496  497  497  497  498  498  499  499  500  500  504  504  505  505  506  506  507  507  509  509  510  510  516  516  517  517  518  518  519  519  520  520  527  527  528  528  535  535  536  536  537  537  538  538  539  539  540  540  541  541  542  542
     icsdlw
      |(Class and Type) : variable name, INTEGER(4)
      |(Attributes)     : DIMENSION
      |(Declaration)    : 83
      |(Definition)     : 272
      |(Reference)      : 461
     icsdlwg
      |(Class and Type) : variable name, INTEGER(4)
      |(Attributes)     : DIMENSION, dummy-argument
      |(Declaration)    : 1  54
      |(Definition)     : 
      |(Reference)      : 272
     icsdsw
      |(Class and Type) : variable name, INTEGER(4)
      |(Attributes)     : DIMENSION
      |(Declaration)    : 83
      |(Definition)     : 271
      |(Reference)      : 461
     icsdswg
      |(Class and Type) : variable name, INTEGER(4)
      |(Attributes)     : DIMENSION, dummy-argument
      |(Declaration)    : 1  54
      |(Definition)     : 
      |(Reference)      : 271
     imax
      |(Class and Type) : variable name, REAL(8)
      |(Attributes)     : 
      |(Declaration)    : 58
      |(Definition)     : 299  306
      |(Reference)      : 
     imin
      |(Class and Type) : variable name, REAL(8)
      |(Attributes)     : 
      |(Declaration)    : 58
      |(Definition)     : 298  310
      |(Reference)      : 
     index
      |(Class and Type) : module name
      |(Attributes)     : 
      |(Declaration)    : 
      |(Definition)     : 
      |(Reference)      : 33
     ipt
      |(Class and Type) : variable name, INTEGER(4)
      |(Attributes)     : dummy-argument
      |(Declaration)    : 1  40
      |(Definition)     : 
      |(Reference)      : 461
     j
      |(Class and Type) : variable name, INTEGER(4)
      |(Attributes)     : dummy-argument
      |(Declaration)    : 1  54
      |(Definition)     : 
      |(Reference)      : 
     jdat
      |(Class and Type) : variable name, INTEGER(4)
      |(Attributes)     : DIMENSION, dummy-argument
      |(Declaration)    : 1  54
      |(Definition)     : 
      |(Reference)      : 461
     k
      |(Class and Type) : variable name, INTEGER(4)
      |(Attributes)     : 
      |(Declaration)    : 39
      |(Definition)     : 153  167  200  212  225  513  532
      |(Reference)      : 154  156  156  157  158  159  160  161  162  168  170  202  202  203  203  204  204  214  214  215  215  216  216  217  217  227  227  228  228  229  229  230  230  514  516  517  518  519  520  533  535  536  537  538  539  540  541  542
     kc
      |(Class and Type) : variable name, INTEGER(4)
      |(Attributes)     : 
      |(Declaration)    : 39
      |(Definition)     : 154  168  514  533
      |(Reference)      : 156  157  158  159  160  161  162  170  516  517  518  519  520  535  536  537  538  539  540  541  542
     kdt
      |(Class and Type) : variable name, INTEGER(4)
      |(Attributes)     : dummy-argument
      |(Declaration)    : 1  40
      |(Definition)     : 
      |(Reference)      : 461
     lev
      |(Class and Type) : variable name, INTEGER(4)
      |(Attributes)     : dummy-argument
      |(Declaration)    : 1  40
      |(Definition)     : 
      |(Reference)      : 43  43  43  45  45  45  65  66  66  67  67  69  86  86  86  88  88  88  88  89  98  98  99  99  100  100  102  102  103  103  104  104  112  113  124  124  125  125  126  126  128  128  129  129  130  130  147  150  153  154  167  168  170  200  212  225  461  513  514  532  533
     lmfdeep2
      |(Class and Type) : variable name, LOGICAL(4)
      |(Attributes)     : dummy-argument
      |(Declaration)    : 1  57
      |(Definition)     : 461
      |(Reference)      : 
     lmfshal
      |(Class and Type) : variable name, LOGICAL(4)
      |(Attributes)     : dummy-argument
      |(Declaration)    : 1  57
      |(Definition)     : 461
      |(Reference)      : 
     log
      |(Class and Type) : intrinsic function name, REAL(8)
      |(Attributes)     : PURE, ELEMENTAL
      |(Declaration)    : 
      |(Definition)     : 
      |(Reference)      : 303
     lprnt
      |(Class and Type) : variable name, LOGICAL(4)
      |(Attributes)     : dummy-argument
      |(Declaration)    : 1  56
      |(Definition)     : 
      |(Reference)      : 461
     lslwr
      |(Class and Type) : variable name, LOGICAL(4)
      |(Attributes)     : dummy-argument
      |(Declaration)    : 1  56
      |(Definition)     : 
      |(Reference)      : 461
     lssav
      |(Class and Type) : variable name, LOGICAL(4)
      |(Attributes)     : dummy-argument
      |(Declaration)    : 1  56
      |(Definition)     : 
      |(Reference)      : 461
     lsswr
      |(Class and Type) : variable name, LOGICAL(4)
      |(Attributes)     : dummy-argument
      |(Declaration)    : 1  56
      |(Definition)     : 
      |(Reference)      : 461
     max
      |(Class and Type) : intrinsic function name, REAL(8)
      |(Attributes)     : PURE, ELEMENTAL
      |(Declaration)    : 
      |(Definition)     : 
      |(Reference)      : 302
     me
      |(Class and Type) : variable name, INTEGER(4)
      |(Attributes)     : SAVE, use-associated
      |(Declaration)    : 
      |(Definition)     : 
      |(Reference)      : 461
     module_radiation_driver
      |(Class and Type) : module name
      |(Attributes)     : 
      |(Declaration)    : 
      |(Definition)     : 
      |(Reference)      : 29
     mpe
      |(Class and Type) : module name
      |(Attributes)     : 
      |(Declaration)    : 
      |(Definition)     : 
      |(Reference)      : 31
     myrank
      |(Class and Type) : variable name, INTEGER(4)
      |(Attributes)     : common-block-object, use-associated
      |(Declaration)    : 
      |(Definition)     : 
      |(Reference)      : 461
     n
      |(Class and Type) : variable name, INTEGER(4)
      |(Attributes)     : 
      |(Declaration)    : 39
      |(Definition)     : 166
      |(Reference)      : 170  170
     ncld
      |(Class and Type) : variable name, INTEGER(4)
      |(Attributes)     : dummy-argument
      |(Declaration)    : 1  40
      |(Definition)     : 
      |(Reference)      : 45  143  145
     nclds
      |(Class and Type) : variable name, INTEGER(4)
      |(Attributes)     : 
      |(Declaration)    : 40
      |(Definition)     : 198  211  224  236
      |(Reference)      : 461
     nfxr
      |(Class and Type) : variable name, INTEGER(4)
      |(Attributes)     : dummy-argument
      |(Declaration)    : 1  40
      |(Definition)     : 
      |(Reference)      : 134  461
     nmmiph
      |(Class and Type) : variable name, INTEGER(4)
      |(Attributes)     : dummy-argument
      |(Declaration)    : 1  40
      |(Definition)     : 
      |(Reference)      : 197  197  197  209  209  209  222  222  235
     ntcw
      |(Class and Type) : variable name, INTEGER(4)
      |(Attributes)     : SAVE, use-associated
      |(Declaration)    : 
      |(Definition)     : 
      |(Reference)      : 461
     ntgl
      |(Class and Type) : variable name, INTEGER(4)
      |(Attributes)     : SAVE, use-associated
      |(Declaration)    : 
      |(Definition)     : 
      |(Reference)      : 461
     ntiw
      |(Class and Type) : variable name, INTEGER(4)
      |(Attributes)     : SAVE, use-associated
      |(Declaration)    : 
      |(Definition)     : 
      |(Reference)      : 461
     ntoz
      |(Class and Type) : variable name, INTEGER(4)
      |(Attributes)     : SAVE, use-associated
      |(Declaration)    : 
      |(Definition)     : 
      |(Reference)      : 142  461
     ntrac
      |(Class and Type) : variable name, INTEGER(4)
      |(Attributes)     : 
      |(Declaration)    : 40
      |(Definition)     : 143  145
      |(Reference)      : 147  166  461
     ntrw
      |(Class and Type) : variable name, INTEGER(4)
      |(Attributes)     : SAVE, use-associated
      |(Declaration)    : 
      |(Definition)     : 
      |(Reference)      : 461
     ntsw
      |(Class and Type) : variable name, INTEGER(4)
      |(Attributes)     : SAVE, use-associated
      |(Declaration)    : 
      |(Definition)     : 
      |(Reference)      : 461
     nx
      |(Class and Type) : variable name, INTEGER(4)
      |(Attributes)     : dummy-argument
      |(Declaration)    : 1  40
      |(Definition)     : 
      |(Reference)      : 43  43  43  43  43  45  45  45  50  50  50  50  50  50  50  52  52  52  52  52  52  52  52  52  52  54  54  65  66  66  67  67  69  86  86  86  88  88  88  88  93  93  93  93  93  93  94  94  98  98  99  99  100  100  102  102  103  103  104  104  109  109  109  109  109  112  119  119  119  119  120  120  124  124  125  125  126  126  128  128  129  129  130  130  134  147  461
     nxj
      |(Class and Type) : variable name, INTEGER(4)
      |(Attributes)     : dummy-argument
      |(Declaration)    : 1  40
      |(Definition)     : 
      |(Reference)      : 72  72  72  72  72  72  72  72  72  72  72  72  76  76  76  76  76  76  76  76  76  76  80  80  80  81  81  83  83  89  113  149  155  169  201  213  226  248  300  323  461  484  515  525  534
     o3l
      |(Class and Type) : variable name, REAL(4)
      |(Attributes)     : DIMENSION, dummy-argument
      |(Declaration)    : 1  45
      |(Definition)     : 
      |(Reference)      : 
     olr
      |(Class and Type) : variable name, REAL(8)
      |(Attributes)     : DIMENSION, dummy-argument
      |(Declaration)    : 1  93
      |(Definition)     : 491
      |(Reference)      : 
     olr_clr
      |(Class and Type) : variable name, REAL(8)
      |(Attributes)     : DIMENSION, dummy-argument
      |(Declaration)    : 1  119
      |(Definition)     : 498
      |(Reference)      : 
     phy3d
      |(Class and Type) : variable name, REAL(8)
      |(Attributes)     : DIMENSION
      |(Declaration)    : 89
      |(Definition)     : 202  203  204  214  215  216  217  227  228  229  230  237  461
      |(Reference)      : 
     physpara
      |(Class and Type) : module name
      |(Attributes)     : 
      |(Declaration)    : 
      |(Definition)     : 
      |(Reference)      : 28
     plt
      |(Class and Type) : variable name, REAL(8)
      |(Attributes)     : DIMENSION, dummy-argument
      |(Declaration)    : 1  43
      |(Definition)     : 
      |(Reference)      : 157  158
     prsi
      |(Class and Type) : variable name, REAL(8)
      |(Attributes)     : DIMENSION
      |(Declaration)    : 65
      |(Definition)     : 150  156
      |(Reference)      : 461
     prsl
      |(Class and Type) : variable name, REAL(8)
      |(Attributes)     : DIMENSION
      |(Declaration)    : 66
      |(Definition)     : 157
      |(Reference)      : 461
     prslk
      |(Class and Type) : variable name, REAL(8)
      |(Attributes)     : DIMENSION
      |(Declaration)    : 66
      |(Definition)     : 158
      |(Reference)      : 461
     pst
      |(Class and Type) : variable name, REAL(4)
      |(Attributes)     : DIMENSION, dummy-argument
      |(Declaration)    : 1  45
      |(Definition)     : 
      |(Reference)      : 150  156
     ptop
      |(Class and Type) : variable name, REAL(8)
      |(Attributes)     : dummy-argument
      |(Declaration)    : 1  55
      |(Definition)     : 
      |(Reference)      : 150  156
     qgrs
      |(Class and Type) : variable name, REAL(8)
      |(Attributes)     : DIMENSION
      |(Declaration)    : 67
      |(Definition)     : 160
      |(Reference)      : 461
     qt
      |(Class and Type) : variable name, REAL(4)
      |(Attributes)     : DIMENSION, dummy-argument
      |(Declaration)    : 1  45
      |(Definition)     : 
      |(Reference)      : 160  170
     RTYPE
      |(Class and Type) : named constant, INTEGER(4)
      |(Attributes)     : use-associated
      |(Declaration)    : 
      |(Definition)     : 
      |(Reference)      : 35  45
     radn
      |(Class and Type) : module name
      |(Attributes)     : 
      |(Declaration)    : 
      |(Definition)     : 
      |(Reference)      : 34
     rank
      |(Class and Type) : module name
      |(Attributes)     : 
      |(Declaration)    : 
      |(Definition)     : 
      |(Reference)      : 32
     rld
      |(Class and Type) : variable name, REAL(8)
      |(Attributes)     : DIMENSION, dummy-argument
      |(Declaration)    : 1  93
      |(Definition)     : 493
      |(Reference)      : 
     rld_clr
      |(Class and Type) : variable name, REAL(8)
      |(Attributes)     : DIMENSION, dummy-argument
      |(Declaration)    : 1  120
      |(Definition)     : 500
      |(Reference)      : 
     rrtmg
      |(Class and Type) : external subroutine name
      |(Attributes)     : 
      |(Declaration)    : 
      |(Definition)     : 1
      |(Reference)      : 
     rs
      |(Class and Type) : variable name, REAL(8)
      |(Attributes)     : DIMENSION, dummy-argument
      |(Declaration)    : 1  93
      |(Definition)     : 489
      |(Reference)      : 
     rs_clr
      |(Class and Type) : variable name, REAL(8)
      |(Attributes)     : DIMENSION, dummy-argument
      |(Declaration)    : 1  119
      |(Definition)     : 496
      |(Reference)      : 
     sd
      |(Class and Type) : variable name, REAL(8)
      |(Attributes)     : DIMENSION, dummy-argument
      |(Declaration)    : 1  43
      |(Definition)     : 
      |(Reference)      : 161
     semis
      |(Class and Type) : variable name, REAL(8)
      |(Attributes)     : DIMENSION
      |(Declaration)    : 81
      |(Definition)     : 461
      |(Reference)      : 510
     semis_g
      |(Class and Type) : variable name, REAL(8)
      |(Attributes)     : DIMENSION, dummy-argument
      |(Declaration)    : 1  94
      |(Definition)     : 510
      |(Reference)      : 
     sfalb
      |(Class and Type) : variable name, REAL(8)
      |(Attributes)     : DIMENSION
      |(Declaration)    : 80
      |(Definition)     : 461
      |(Reference)      : 509
     sfalb_g
      |(Class and Type) : variable name, REAL(8)
      |(Attributes)     : DIMENSION, dummy-argument
      |(Declaration)    : 1  94
      |(Definition)     : 509
      |(Reference)      : 
     sigma
      |(Class and Type) : variable name, REAL(4)
      |(Attributes)     : DIMENSION, dummy-argument
      |(Declaration)    : 1  45
      |(Definition)     : 
      |(Reference)      : 150  150  156  156
     sinlat
      |(Class and Type) : variable name, REAL(8)
      |(Attributes)     : DIMENSION
      |(Declaration)    : 76
      |(Definition)     : 267
      |(Reference)      : 461
     sinlj
      |(Class and Type) : variable name, REAL(8)
      |(Attributes)     : dummy-argument
      |(Declaration)    : 1  55
      |(Definition)     : 
      |(Reference)      : 267
     sld
      |(Class and Type) : variable name, REAL(8)
      |(Attributes)     : DIMENSION, dummy-argument
      |(Declaration)    : 1  93
      |(Definition)     : 492
      |(Reference)      : 
     sld_clr
      |(Class and Type) : variable name, REAL(8)
      |(Attributes)     : DIMENSION, dummy-argument
      |(Declaration)    : 1  120
      |(Definition)     : 499
      |(Reference)      : 
     slimsk
      |(Class and Type) : variable name, REAL(8)
      |(Attributes)     : DIMENSION, dummy-argument
      |(Declaration)    : 1  50
      |(Definition)     : 
      |(Reference)      : 249
     slmsk
      |(Class and Type) : variable name, REAL(8)
      |(Attributes)     : DIMENSION
      |(Declaration)    : 72
      |(Definition)     : 249
      |(Reference)      : 461
     snalb
      |(Class and Type) : variable name, REAL(8)
      |(Attributes)     : DIMENSION
      |(Declaration)    : 72
      |(Definition)     : 256
      |(Reference)      : 461
     sncover
      |(Class and Type) : variable name, REAL(8)
      |(Attributes)     : DIMENSION, dummy-argument
      |(Declaration)    : 1  50
      |(Definition)     : 
      |(Reference)      : 255
     sncovr
      |(Class and Type) : variable name, REAL(8)
      |(Attributes)     : DIMENSION
      |(Declaration)    : 72
      |(Definition)     : 255
      |(Reference)      : 461
     snoalb
      |(Class and Type) : variable name, REAL(8)
      |(Attributes)     : DIMENSION, dummy-argument
      |(Declaration)    : 1  50
      |(Definition)     : 
      |(Reference)      : 256
     snowd
      |(Class and Type) : variable name, REAL(8)
      |(Attributes)     : DIMENSION
      |(Declaration)    : 72
      |(Definition)     : 254
      |(Reference)      : 461
     snr
      |(Class and Type) : variable name, REAL(8)
      |(Attributes)     : DIMENSION, dummy-argument
      |(Declaration)    : 1  50
      |(Definition)     : 
      |(Reference)      : 254
     solcon
      |(Class and Type) : variable name, REAL(8)
      |(Attributes)     : SAVE, use-associated
      |(Declaration)    : 
      |(Definition)     : 
      |(Reference)      : 461
     solhr
      |(Class and Type) : variable name, REAL(8)
      |(Attributes)     : dummy-argument
      |(Declaration)    : 1  55
      |(Definition)     : 
      |(Reference)      : 461
     ss
      |(Class and Type) : variable name, REAL(8)
      |(Attributes)     : DIMENSION, dummy-argument
      |(Declaration)    : 1  93
      |(Definition)     : 488
      |(Reference)      : 
     ss_clr
      |(Class and Type) : variable name, REAL(8)
      |(Attributes)     : DIMENSION, dummy-argument
      |(Declaration)    : 1  119
      |(Definition)     : 495
      |(Reference)      : 
     std
      |(Class and Type) : variable name, REAL(8)
      |(Attributes)     : DIMENSION, dummy-argument
      |(Declaration)    : 1  43
      |(Definition)     : 
      |(Reference)      : 258
     sup
      |(Class and Type) : variable name, REAL(8)
      |(Attributes)     : dummy-argument
      |(Declaration)    : 1  85
      |(Definition)     : 
      |(Reference)      : 461
     tem1
      |(Class and Type) : variable name, REAL(8)
      |(Attributes)     : 
      |(Declaration)    : 58
      |(Definition)     : 321
      |(Reference)      : 324
     tem2
      |(Class and Type) : variable name, REAL(8)
      |(Attributes)     : 
      |(Declaration)    : 58
      |(Definition)     : 322
      |(Reference)      : 325  325
     tg
      |(Class and Type) : variable name, REAL(8)
      |(Attributes)     : DIMENSION, dummy-argument
      |(Declaration)    : 1  43
      |(Definition)     : 
      |(Reference)      : 253
     tgrs
      |(Class and Type) : variable name, REAL(8)
      |(Attributes)     : DIMENSION
      |(Declaration)    : 67
      |(Definition)     : 159
      |(Reference)      : 461
     tisfc
      |(Class and Type) : variable name, REAL(8)
      |(Attributes)     : DIMENSION
      |(Declaration)    : 76
      |(Definition)     : 266
      |(Reference)      : 461
     tracer
      |(Class and Type) : variable name, REAL(8)
      |(Attributes)     : ALLOCATABLE, DIMENSION
      |(Declaration)    : 70
      |(Definition)     : 147  170  545
      |(Reference)      : 461
     tsfc
      |(Class and Type) : variable name, REAL(8)
      |(Attributes)     : DIMENSION
      |(Declaration)    : 72
      |(Definition)     : 253
      |(Reference)      : 461
     tsflw
      |(Class and Type) : variable name, REAL(8)
      |(Attributes)     : DIMENSION
      |(Declaration)    : 81
      |(Definition)     : 461
      |(Reference)      : 527
     tsflwr
      |(Class and Type) : variable name, REAL(8)
      |(Attributes)     : DIMENSION, dummy-argument
      |(Declaration)    : 1  52
      |(Definition)     : 527
      |(Reference)      : 
     tt
      |(Class and Type) : variable name, REAL(8)
      |(Attributes)     : DIMENSION, dummy-argument
      |(Declaration)    : 1  43
      |(Definition)     : 
      |(Reference)      : 159
     uni_cloud
      |(Class and Type) : variable name, LOGICAL(4)
      |(Attributes)     : dummy-argument
      |(Declaration)    : 1  57
      |(Definition)     : 461
      |(Reference)      : 
     vvl
      |(Class and Type) : variable name, REAL(8)
      |(Attributes)     : DIMENSION
      |(Declaration)    : 69
      |(Definition)     : 161
      |(Reference)      : 461
     work1
      |(Class and Type) : variable name, REAL(8)
      |(Attributes)     : DIMENSION
      |(Declaration)    : 103
      |(Definition)     : 461
      |(Reference)      : 535
     work2
      |(Class and Type) : variable name, REAL(8)
      |(Attributes)     : DIMENSION
      |(Declaration)    : 103
      |(Definition)     : 461
      |(Reference)      : 536
     work3
      |(Class and Type) : variable name, REAL(8)
      |(Attributes)     : DIMENSION
      |(Declaration)    : 104
      |(Definition)     : 461
      |(Reference)      : 537
     work4
      |(Class and Type) : variable name, REAL(8)
      |(Attributes)     : DIMENSION
      |(Declaration)    : 104
      |(Definition)     : 461
      |(Reference)      : 538
     work5
      |(Class and Type) : variable name, REAL(8)
      |(Attributes)     : DIMENSION
      |(Declaration)    : 129
      |(Definition)     : 461
      |(Reference)      : 539
     work6
      |(Class and Type) : variable name, REAL(8)
      |(Attributes)     : DIMENSION
      |(Declaration)    : 129
      |(Definition)     : 461
      |(Reference)      : 540
     work7
      |(Class and Type) : variable name, REAL(8)
      |(Attributes)     : DIMENSION
      |(Declaration)    : 130
      |(Definition)     : 461
      |(Reference)      : 541
     work8
      |(Class and Type) : variable name, REAL(8)
      |(Attributes)     : DIMENSION
      |(Declaration)    : 130
      |(Definition)     : 461
      |(Reference)      : 542
     www
      |(Class and Type) : variable name, REAL(8)
      |(Attributes)     : 
      |(Declaration)    : 58
      |(Definition)     : 301  302
      |(Reference)      : 302  303
     xkapa
      |(Class and Type) : variable name, REAL(8)
      |(Attributes)     : dummy-argument
      |(Declaration)    : 1  55
      |(Definition)     : 
      |(Reference)      : 158
     xlat
      |(Class and Type) : variable name, REAL(8)
      |(Attributes)     : DIMENSION
      |(Declaration)    : 72
      |(Definition)     : 251
      |(Reference)      : 461
     xlatj
      |(Class and Type) : variable name, REAL(8)
      |(Attributes)     : dummy-argument
      |(Declaration)    : 1  55
      |(Definition)     : 
      |(Reference)      : 251
     xlon
      |(Class and Type) : variable name, REAL(8)
      |(Attributes)     : DIMENSION
      |(Declaration)    : 72
      |(Definition)     : 250
      |(Reference)      : 461
     xlonr
      |(Class and Type) : variable name, REAL(8)
      |(Attributes)     : DIMENSION, dummy-argument
      |(Declaration)    : 1  52
      |(Definition)     : 
      |(Reference)      : 250
     xtice
      |(Class and Type) : variable name, REAL(8)
      |(Attributes)     : DIMENSION, dummy-argument
      |(Declaration)    : 1  50
      |(Definition)     : 
      |(Reference)      : 266
     z0
      |(Class and Type) : variable name, REAL(8)
      |(Attributes)     : DIMENSION, dummy-argument
      |(Declaration)    : 1  50
      |(Definition)     : 
      |(Reference)      : 257
     zorl
      |(Class and Type) : variable name, REAL(8)
      |(Attributes)     : DIMENSION
      |(Declaration)    : 72
      |(Definition)     : 257
      |(Reference)      : 461

 Total information
   Procedures       : 1
   Total lines      : 548
   Total statements : 217
   Total stack(byte): 6400
   Total prefetch num: 92

