
 Fujitsu Fortran Version 4.6.1  Mon Dec  4 10:57:38 2023

 Compilation information
   Current directory : /IFS/nwpr/gfs/xb169/code_update/tco639l72_sp/src_4cpl
   Source file       : tendget.f90

 Option information
   Command line options : -Kident_mpi -f2004 -c -X9 -Free -CcdRR8 -Cpp -Kfast,parallel,openmp,ocl,autoobjstack -x- -fw -Knofp_relaxed -SSL2BLAMP -Kopenmp,parallel -DTIMING -DUSE_FFTW -DRSM -DW3TAG -DGFDLMP_v2 -DCWBSUM -DSP -Ec -Nlst=a,lst=d,lst=i,lst=p,lst=t,lst=x -Koptmsg=2 -I. -I/users/xa09/pkg/fx1000/fftw-3.3.10/include -I/package/fx1000/netcdf-4.7.4/include -I/package/fx1000/g2lib-1.4.0_cwb/include -I/nwpr/gfs/xb157/CWBSUMc2/4cpl/components/coupler -I/nwpr/gfs/xb124/package/fx1000/MCT/include -DTIMCOMCPL -L/package/fx1000/netcdf-4.7.4/lib -lnetcdff -lnetcdf -L/package/fx1000/hdf5-1.10.7/lib -lhdf5_hl -lhdf5 -L/package/fx1000/dms/lib -lrdms -lgdbm -L/package/fx1000/operlib/lib -lnwp -L/users/xa09/pkg/fx1000/fftw-3.3.10/lib -lfftw3f_threads -lfftw3f -lfftw3_threads -lfftw3 -SSL2BLAMP -L/nwpr/gfs/xb124/CWBSUMc2/components/rsm/lib/cwb_mpmd -lmpmd -L/package/fx1000/g2lib-1.4.0_cwb/lib -lg2 -L/package/fx1000/libpng-1.6.37/lib -lpng -L/package/fx1000/jasper-1.900.1/lib -ljasper -L/nwpr/gfs/xb157/CWBSUMc2/4cpl/components/coupler -lcpl -L/nwpr/gfs/xb124/package/fx1000/MCT/lib -lmct -lmpeu -I/opt/FJSVxtclanga/.common/MELI025/include/mpi/fujitsu -I/opt/FJSVxtclanga/.common/MELI025/lib64 -Knointentopt
   Cpp options          : -DTIMING -DUSE_FFTW -DRSM -DW3TAG -DGFDLMP_v2 -DCWBSUM -DSP -I. -I/users/xa09/pkg/fx1000/fftw-3.3.10/include -I/package/fx1000/netcdf-4.7.4/include -I/package/fx1000/g2lib-1.4.0_cwb/include -I/nwpr/gfs/xb157/CWBSUMc2/4cpl/components/coupler -I/nwpr/gfs/xb124/package/fx1000/MCT/include -DTIMCOMCPL -I/opt/FJSVxtclanga/.common/MELI025/include/mpi/fujitsu -I/opt/FJSVxtclanga/.common/MELI025/lib64 -Dunix -Dlinux -D__FUJITSU -D__FRT_major__=4 -D__FRT_minor__=6 -D__FRT_patchlevel__=1 -D__FRT_version__="4.6.1" -D__aarch64__ -D__unix -D_OPENMP=201511 -D__frt_version=800 -D__ARM_ARCH=8 -D__ARM_FEATURE_SVE -D__ELF__ -D__unix__ -D__linux__ -D__linux -Asystem(unix) -otmp
   Effective options    : -fw -g0 -AE -Ec -Free -O3 -X9
                          -CcdRR8 -x- -xaccept=nomodule_allocatable
                          -KA64FX -KARMV8_3_A -KSVE -Kalign_commons
                          -Kalign_loops -Knoarray_declaration_opt
                          -Kassume=noshortloop -Kassume=nomemory_bandwidth
                          -Kassume=notime_saving_compilation -Kauto
                          -Kautoobjstack -Knocalleralloc -Kcmodel=small
                          -Keval -Keval_noconcurrent -Knoextract_stride_store
                          -Knofenv_access -Kfp_contract -Knofp_relaxed
                          -Kfsimple -Kfz -Khpctag -Kilfunc=procedure
                          -Knointentopt -Klargepage -Kloop_blocking
                          -Kloop_fission -Kloop_nofission_stripmining
                          -Kloop_fission_threshold=50 -Kloop_fusion
                          -Kloop_interchange -Kloop_part_parallel
                          -Kloop_part_simd -Kloop_perfect_nest
                          -Kloop_noversioning -Knolto -Kmfunc=1 -Kocl
                          -Komitfp -Knooptlib_string -Koptmsg=2
                          -Knopc_relative_literal_loads -Kplt -Knopreex
                          -Kprefetch_noconditional -Kprefetch_noindirect
                          -Kprefetch_sequential=auto -Kprefetch_nostride
                          -Kprefetch_cache_level=all -Kprefetch_noinfer
                          -Kprefetch_strong -Kprefetch_strong_L2 -Knopreload
                          -Ksch_post_ra -Ksch_pre_ra -Ksibling_calls
                          -Ksimd=auto -Ksimd_packed_promotion
                          -Ksimd_reduction_product -Ksimd_reg_size=512
                          -Ksimd_nouncounted_loop
                          -Ksimd_use_multiple_structures -Knostriping
                          -Knosubscript_opt -Kswp -Kswp_freg_rate=100
                          -Kswp_ireg_rate=100 -Kswp_preg_rate=100
                          -Kswp_policy=auto -Ktemparraystack -Kunroll
                          -Knounroll_and_jam -Knozfill
                          -Kopenmp -Kopenmp_noassume_norecurrence
                          -Kopenmp_nocollapse_except_innermost
                          -Kopenmp_noordered_reduction -Knoopenmp_simd
                          -Kthreadsafe -Kparallel -Kparallel_nofp_precision
                          -Knoarray_private -Knodynamic_iteration -Kreduction
                          -Kregion_extension
                          -Nallextput -Nnoalloc_assign
                          -Ncancel_overtime_compilation -Nnocheck_global
                          -Nnocoarray -Nnocompdisp -Nnocopyarg -Nnocoverage
                          -Nfjprof -Nfreealloc -Nf90move -Nnohook_func
                          -Nnohook_time -Nlibomp -Nline -Nlst -Nlst=a -Nlst=d
                          -Nlst=i -Nlst=p -Nlst=t -Nlst=x -Nnomallocfree
                          -Nnoobsfun -Nnoprivatealloc -Nquickdbg=noargchk
                          -Nquickdbg=nosubchk -Nquickdbg=noundef -NRnotrap
                          -Nnorecursive -Nnoreordered_variable_stack
                          -Nrt_notune -Nnosave -Nsetvalue=noheap
                          -Nsetvalue=nostack -Nsetvalue=noscalar
                          -Nsetvalue=noarray -Nsetvalue=nostruct -Nuse_rodata

 External subroutine subprogram "tendget"
  (inc)(line-no.)(nest)(optimize)
               1                           subroutine tendget (phiten)
               2                     
               3                     !CWB2021 ndsl single precision test
               4                     
               5                     !
               6                     !  purpose : compute tendency of vorticity,divergence and geopotential
               7                     !            using subroutine of forecast model
               8                     !-----------------------------------------------------------------------
               9                     !  **** input *****
              10                     !  the input are pass bye those '*.h' files (see below)
              11                     !
              12                     !  **** output *****
              13                     !  phiten   : geopotential tendency array
              14                     !  other output are pass by 'spec.h'
              15                     !-----------------------------------------------------------------------
              16                           use param
              17                           use mpe
              18                           use rank
              19                           use index
              20                           use const
              21                           use spec
              22                           use grid
              23                     
              24                           implicit none
              25                     
              26                           integer  m,mf,j,jj,k,n,l,mlst,nxj,nk,kk,kl,i,ii,nl
              27                           real     sqhaf
              28                     
              29                           real(kind=RTYPE) phiten(levp,2,jtrun,jtmax)
              30                     !byl      real tbar(lev),qbar(lev*ncld)
              31                           real(kind=RTYPE) sdpbl(nxp,my_max)
              32                     
              33                     ! for Semi-Lagrangian
              34                           real(kind=RTYPE) deldm(nxp,my_max)
              35                     
              36                     !CWB2021 ndsl single precision test
              37                           real(kind=RTYPE) uum_sl(nx,levp,my_max)              &
              38                           ,vvm_sl(nx,levp,my_max)                              &
              39                           ,ttm_sl(nx,levp,my_max)                              &
              40                           ,pten_sl(nx,levp,my_max)                             &
              41                           ,qm_sl(nx,levp*ncld,my_max)                          &
              42                           ,pdot(nxp,lev+1,latpart)                             &
              43                           ,vdmerdr(nxp,lev,my_max),vdzonlr(nxp,lev,my_max)     &
              44                           ,vdmerd(nxp,lev,my_max),vdzonl(nxp,lev,my_max)       &
              45                           ,ddtemp(nxp,lev,my_max),qvadv(nxp,lev*ncld,my_max)   &
              46                           ,diveng(nxp,lev,my_max),pten(nxp,lev,my_max)
              47                     
              48                     !byl      real cc(nx+2,levp,1+ncld,my_max)
              49                           real(kind=RTYPE) cc(nx+2,levp,1,my_max),dummy
              50                     !byl,wss(levp,2,1+ncld,jtrun,jtmax)
              51                     !
              52                           integer   ierr
              53                           real(kind=RTYPE) dta
              54                           real(kind=RTYPE) ww1(nx,my_max)
              55                     
              56                     !for 2dMPI
              57                           real(kind=RTYPE) temten1(lev,2,jtrun,jtmax)
              58                           real(kind=RTYPE) phiten1(lev,2,jtrun,jtmax)
              59                           logical forward
              60                           forward = .false.
                                   <<< Loop-information Start >>>
                                   <<<  [PARALLELIZATION]
                                   <<<    Standard iteration count: 2
                                   <<<  [OPTIMIZATION]
                                   <<<    SIMD(VL: 16)
                                   <<<    PREFETCH(HARD) Expected by compiler :
                                   <<<      phiten1
                                   <<< Loop-information  End >>>
              61        pp   4v            phiten1=0.
              62                     
              63                     !
              64                     !  global mean tempertures (tbar)
              65                     !
              66                           sqhaf= sqrt(0.5)
              67                     !byl      tbar=0. ; qbar=0.
              68                     !     do 160 m = 1, mlistnum
              69                     !      mf=mlist(m)
              70                     !      if ( mf.eq.1) then
              71                     !       do 161 k=1,lev
              72                     !         tbar(k)= sqhaf*temnow(k,1,1,m)
              73                     ! 161   continue
              74                     !       do 162 k=1,lev*ncld
              75                     !         qbar(k)= sqhaf*qnow(k,1,1,m)
              76                     ! 162   continue
              77                     !      endif
              78                     ! 160 continue
              79                     !
              80                     
              81                     !2dMPI
              82                     !byl      do 160 m = 1, mlistnum
              83                     !byl       mf=mlist(m)
              84                     !byl       if ( mf.eq.1) then
              85                     !byl        do 161 k=1,levp
              86                     !byl          KK=Llist(k)
              87                     !byl          tbar(KK)= sqhaf*temnow(k,1,1,m)
              88                     !byl  161   continue
              89                     !byl        do 162 n=1,ncld
              90                     !byl           nk=(n-1)*levp
              91                     !byl           nL=(n-1)*lev
              92                     !byl        do 162 k=1,levp
              93                     !byl           KK=nk+k
              94                     !byl           KL=nL+Llist(k)
              95                     !byl          qbar(KL)= sqhaf*qnow(KK,1,1,m)
              96                     !byl  162   continue
              97                     !byl       endif
              98                     !byl  160 continue
              99                     
             100                     !byl      call mpe_global_sum(tbar,lev,mpe_double)
             101                     !byl      call mpe_global_sum(qbar,lev*ncld,mpe_double)
             102                     !
                                   <<< Loop-information Start >>>
                                   <<<  [PARALLELIZATION]
                                   <<<    Standard iteration count: 2
                                   <<< Loop-information  End >>>
             103     1  pp                 do 170 m = 1, mlistnum
             104     1   p                    mf=mlist(m)
                                   <<< Loop-information Start >>>
                                   <<<  [OPTIMIZATION]
                                   <<<    SIMD(VL: 16)
                                   <<<    PREFETCH(HARD) Expected by compiler :
                                   <<<      plten
                                   <<< Loop-information  End >>>
             105     2   p   2v            do 170 n = mf, jtrun
             106     2   p   2v            plten(n,m,1) = 0.0
             107     2   p   2v            plten(n,m,2) = 0.0
             108     1   p   2v        170 continue
             109                     !
                                   <<< Loop-information Start >>>
                                   <<<  [PARALLELIZATION]
                                   <<<    Standard iteration count: 2
                                   <<< Loop-information  End >>>
             110     1  pp                 do 180 m = 1, mlistnum
             111     1   p                    mf=mlist(m)
             112     2   p                 do 180 n = mf, jtrun
                                   <<< Loop-information Start >>>
                                   <<<  [OPTIMIZATION]
                                   <<<    SIMD(VL: 16)
                                   <<<    PREFETCH(HARD) Expected by compiler :
                                   <<<      hldten, temten, phiten, vorten, divten
                                   <<<    SPILLS :
                                   <<<      GENERAL   : SPILL 0  FILL 5
                                   <<<      SIMD&FP   : SPILL 0  FILL 0
                                   <<<      SCALABLE  : SPILL 0  FILL 0
                                   <<<      PREDICATE : SPILL 0  FILL 0
                                   <<< Loop-information  End >>>
             113     3   p    v            do 180 k = 1, levp
             114     3   p    v            divten(k,1,n,m) = 0.0
             115     3   p    v            divten(k,2,n,m) = 0.0
             116     3   p    v            vorten(k,1,n,m) = 0.0
             117     3   p    v            vorten(k,2,n,m) = 0.0
             118     3   p    v            temten(k,1,n,m) = 0.0
             119     3   p    v            temten(k,2,n,m) = 0.0
             120     3               !ncld qten(k,1,n,m) = 0.0
             121     3   p    v            hldten(k,1,n,m) = 0.0
             122     3   p    v            hldten(k,2,n,m) = 0.0
             123     3   p    v            phiten(k,1,n,m) = 0.0
             124     3   p    v            phiten(k,2,n,m) = 0.0
             125     1   p    v        180 continue
             126                     !
             127                     !!      do 183 m = 1, mlistnum
             128                     !!         mf=mlist(m)
             129                     !!      do 183 n = mf, jtrun
             130                     !!      do 183 k = 1, levp*ncld*2
             131                     !!      qten(k,1,n,m) = 0.0
             132                     !!  183 continue
             133                     !
                                   <<< Loop-information Start >>>
                                   <<<  [PARALLELIZATION]
                                   <<<    Standard iteration count: 2
                                   <<<  [OPTIMIZATION]
                                   <<<    SIMD(VL: 16)
                                   <<<    PREFETCH(HARD) Expected by compiler :
                                   <<<      pdot
                                   <<< Loop-information  End >>>
             134        pp   4v             pdot=0.
                                   <<< Loop-information Start >>>
                                   <<<  [PARALLELIZATION]
                                   <<<    Standard iteration count: 2
                                   <<<  [OPTIMIZATION]
                                   <<<    SIMD(VL: 16)
                                   <<<    PREFETCH(HARD) Expected by compiler :
                                   <<<      vdzonl, vdmerd
                                   <<< Loop-information  End >>>
             135        pp   2v             vdmerd=0.
             136         p   2v             vdzonl=0.
                                   <<< Loop-information Start >>>
                                   <<<  [PARALLELIZATION]
                                   <<<    Standard iteration count: 2
                                   <<<  [OPTIMIZATION]
                                   <<<    SIMD(VL: 16)
                                   <<<    PREFETCH(HARD) Expected by compiler :
                                   <<<      qvadv
                                   <<< Loop-information  End >>>
             137        pp   4v             qvadv=0.
                                   <<< Loop-information Start >>>
                                   <<<  [PARALLELIZATION]
                                   <<<    Standard iteration count: 2
                                   <<<  [OPTIMIZATION]
                                   <<<    SIMD(VL: 16)
                                   <<<    PREFETCH(HARD) Expected by compiler :
                                   <<<      pten, ddtemp
                                   <<< Loop-information  End >>>
             138        pp   2v             ddtemp=0.
             139         p   2v             pten=0.
             140                     !
             141                            dta=0.5*dt
             142                     !
                                   <<< Loop-information Start >>>
                                   <<<  [PARALLELIZATION]
                                   <<<    Standard iteration count: 2
                                   <<< Loop-information  End >>>
             143     1  pp                 do jj = 1, jlistnum
             144     1   p                   j=jlist1(jj)
             145     1   p                   nxj=nxdef_2d(j)
                                   <<< Loop-information Start >>>
                                   <<<  [OPTIMIZATION]
                                   <<<    PREFETCH(HARD) Expected by compiler :
                                   <<<      tt, vt, ut, ttp, vp, up
                                   <<< Loop-information  End >>>
             146     2   p                   do k = 1, lev
                                   <<< Loop-information Start >>>
                                   <<<  [OPTIMIZATION]
                                   <<<    SIMD(VL: 16)
                                   <<<    SOFTWARE PIPELINING(IPC: 2.71, ITR: 64, MVE: 2, POL: S)
                                   <<<    PREFETCH(HARD) Expected by compiler :
                                   <<<      tt, vt, ut, ttp, vp, up
                                   <<< Loop-information  End >>>
             147     3   p    v                do i = 1, nxj
             148     3   p    v                  up(i,k,jj) = ut(i,k,jj)
             149     3   p    v                  vp(i,k,jj) = vt(i,k,jj)
             150     3   p    v                  ttp(i,k,jj)= tt(i,k,jj)
             151     3   p    v                enddo
             152     2   p                   enddo
                                   <<< Loop-information Start >>>
                                   <<<  [OPTIMIZATION]
                                   <<<    PREFETCH(HARD) Expected by compiler :
                                   <<<      qt, qm
                                   <<< Loop-information  End >>>
             153     2   p                   do k = 1, lev*ncld
                                   <<< Loop-information Start >>>
                                   <<<  [OPTIMIZATION]
                                   <<<    SIMD(VL: 16)
                                   <<<    SOFTWARE PIPELINING(IPC: 3.00, ITR: 288, MVE: 5, POL: S)
                                   <<<    PREFETCH(HARD) Expected by compiler :
                                   <<<      qt, qm
                                   <<< Loop-information  End >>>
             154     3   p   2v                do i = 1, nxj
             155     3   p   2v                  qm(i,k,jj) = qt(i,k,jj)
             156     3   p   2v                enddo
             157     2   p                   enddo
             158     1               !!        do i = 1, nxj
             159     1               !!          ptp(i,jj)= pt(i,jj)
             160     1               !!        enddo
             161     1   p                 enddo
             162                     !ch>
             163                     ! transpose partial to full: ut -> ut_sl, vt -> vt_sl, ttm -> ttm_sl, qp -> qm_sl
             164                     
             165                     !#ifdef MULTIPLE
             166                     !      call mpe2d_transpose_ndsl_p2f_multi(ut   ,vt   ,ttp   ,dummy,dummy,qp,    &
             167                     !                                    ut_sl,vt_sl,ttm_sl,dummy,dummy,qm_sl, &
             168                     !                                    nxp,nx,levf,levp,ncld,myf,my_max,jlistnum,jlen,nsizex,row_comm,4)
             169                     !#else
             170                           call mpe2d_transpose_ndsl_p2f(ut,ut_sl,    &
             171                                                         nxp,nx,levf,levp,1,   myf,my_max,jlistnum,jlen,nsizex,row_comm)
             172                           call mpe2d_transpose_ndsl_p2f(vt,vt_sl,    &
             173                                                         nxp,nx,levf,levp,1,   myf,my_max,jlistnum,jlen,nsizex,row_comm)
             174                           call mpe2d_transpose_ndsl_p2f(ttp,ttm_sl,  &
             175                                                         nxp,nx,levf,levp,1,   myf,my_max,jlistnum,jlen,nsizex,row_comm)
             176                           call mpe2d_transpose_ndsl_p2f(qm,qm_sl,    &
             177                                                         nxp,nx,levf,levp,ncld,myf,my_max,jlistnum,jlen,nsizex,row_comm)
             178                     !#endif
             179                     
             180                     !!    call mpe2d_unify_nx(pt_sl,pt)
                                   <<< Loop-information Start >>>
                                   <<<  [PARALLELIZATION]
                                   <<<    Standard iteration count: 2
                                   <<<  [OPTIMIZATION]
                                   <<<    SIMD(VL: 16)
                                   <<<    SOFTWARE PIPELINING(IPC: 2.66, ITR: 160, MVE: 3, POL: S)
                                   <<<    PREFETCH(HARD) Expected by compiler :
                                   <<<      vt_sl, ut_sl, vvm_sl, uum_sl
                                   <<< Loop-information  End >>>
             181        pp   2v            uum_sl=ut_sl
             182         p   2v            vvm_sl=vt_sl
             183                     !!    ptp_sl=pt_sl
             184                     !ch<
             185                     
             186                     !
             187                     !     Semi-Lagrangian
             188                     !       Horizontal Advection
             189                     
             190                             call ndslfv_monoadvh2(ttm_sl,qm_sl,pten_sl,uum_sl,vvm_sl,nxdef &
             191                                                  ,dta,levp)
             192                     
             193                     !ch>
             194                     ! transpose full to partial: ttm_sl -> ddtemp,  pten_sl -> pten, uum_sl -> vdzonl
             195                     !                            vvm_sl -> vdmerd,  qm_sl -> qvadv
             196                     
             197                     !#ifdef MULTIPLE
             198                     !      call mpe2d_transpose_ndsl_f2p_multi(ttm_sl,pten_sl,uum_sl,vvm_sl,qm_sl, &
             199                     !                                    ddtemp   ,pten   ,vdzonl   ,vdmerd   ,qvadv   , &
             200                     !                                    nxp,nx,levf,levp,ncld,myf,my_max,jlistnum,jlen,nsizex,row_comm)
             201                     !#else
             202                           call mpe2d_transpose_ndsl_f2p(ttm_sl,ddtemp, &
             203                                                         nxp,nx,levf,levp,1,   myf,my_max,jlistnum,jlen,nsizex,row_comm)
             204                           call mpe2d_transpose_ndsl_f2p(pten_sl,pten, &
             205                                                         nxp,nx,levf,levp,1,   myf,my_max,jlistnum,jlen,nsizex,row_comm)
             206                           call mpe2d_transpose_ndsl_f2p(uum_sl,vdzonl, &
             207                                                         nxp,nx,levf,levp,1,   myf,my_max,jlistnum,jlen,nsizex,row_comm)
             208                           call mpe2d_transpose_ndsl_f2p(vvm_sl,vdmerd, &
             209                                                         nxp,nx,levf,levp,1,   myf,my_max,jlistnum,jlen,nsizex,row_comm)
             210                           call mpe2d_transpose_ndsl_f2p(qm_sl,qvadv,   &
             211                                                         nxp,nx,levf,levp,ncld,myf,my_max,jlistnum,jlen,nsizex,row_comm)
             212                     !#endif
             213                     
             214                     !ch<
             215                     
                                   <<< Loop-information Start >>>
                                   <<<  [OPTIMIZATION]
                                   <<<    SPILLS :
                                   <<<      GENERAL   : SPILL 20  FILL 31
                                   <<<      SIMD&FP   : SPILL 0  FILL 0
                                   <<<      SCALABLE  : SPILL 0  FILL 0
                                   <<<      PREDICATE : SPILL 0  FILL 0
                                   <<< Loop-information  End >>>
             216     1                     do jj =1, jlistnum
             217     1                     j=jlist1(jj)
             218     1               !     nxj=nxdef(j)
             219     1               !
             220     1               !  p**capa quantities
             221     1               !
             222     1                      call prexp_hybrid_cwb (nxjp(j),nxp,lev,ptop,sigma,pt(1,jj),   &
             223     1                                         pk(1,1,jj),pk2(1,1,jj),plt(1,1,jj))
             224     1               !
             225     1               ! Calculate Vertical velocity & Stream Functions
             226     1               !
             227     1                       call gridnl_hybrid_ndsl (nxjp(j),nxp,lev,ncld                  &
             228     1                       , cp,radsq,ut(1,1,jj),vt(1,1,jj),rdiv(1,1,jj),tt(1,1,jj)       &
             229     1                       , qt(1,1,jj),phi(1,1,jj),pt(1,jj),dtpl(1,jj),dlpl(1,jj),sinl(j)&
             230     1                       , pk(1,1,jj),pk2(1,1,jj),dsigma,sigma,onocos(j),cor(j)         &
             231     1                       , diveng(1,1,jj),vdmerdr(1,1,jj),vdzonlr(1,1,jj),pten(1,1,jj)  &
             232     1                       , deldm(1,jj),sdpbl(1,jj),sd(1,1,jj),pdot(1,1,jj),vvel(1,1,jj) &
             233     1                       , sgeo(1,jj) )
             234     1               
             235     1                     enddo !jj = 1,jlistnum
             236                     !
             237                     !CWB2021 for single precision test
             238                             call joinrs(cc,diveng,dummy,dummy,dummy,nx,my_max,lev,jlistnum,1,1)
             239                             call tranrs(jtrun,jtmax,nx,my,my_max,levp,poly,weight,cc       &
             240                                        ,hldten,1,nsizey)
             241                     
             242                             call trngra3(jtrun,jtmax,nx,levp,my,my_max,cim,poly,dpoly      &
             243                                        ,hldten,dlphi,dtphi,nsizey)
             244                     !
             245                     !       update all horizontal informations
             246                     !
                                   <<< Loop-information Start >>>
                                   <<<  [PARALLELIZATION]
                                   <<<    Standard iteration count: 2
                                   <<< Loop-information  End >>>
             247     1  pp                   do jj = 1, jlistnum
             248     1   p                     j=jlist1(jj)
             249     1   p                     nxj=nxdef_2d(j)
                                   <<< Loop-information Start >>>
                                   <<<  [OPTIMIZATION]
                                   <<<    INTERCHANGED(nest: 3)
                                   <<<    SIMD(VL: 8)
                                   <<<    SOFTWARE PIPELINING(IPC: 3.50, ITR: 120, MVE: 7, POL: S)
                                   <<<    PREFETCH(HARD) Expected by compiler :
                                   <<<      vdzonlr, dtphi, dlphi, vdmerdr
                                   <<< Loop-information  End >>>
             250     2   p    v                do i=1,nxj
                                   <<< Loop-information Start >>>
                                   <<<  [OPTIMIZATION]
                                   <<<    INTERCHANGED(nest: 2)
                                   <<<    PREFETCH(HARD) Expected by compiler :
                                   <<<      vdzonlr, dlphi, dtphi, vdmerdr
                                   <<< Loop-information  End >>>
             251     3   p                       do k=1,lev
             252     3   p    v                    vdmerdr(i,k,jj)=vdmerdr(i,k,jj)-dtphi(i,k,jj)/radsq/onocos(j)! &
             253     3               !                             -ut(i,k,jj)*cor(j)-(ut(i,k,jj)*ut(i,k,jj)      &
             254     3               !                             +vt(i,k,jj)*vt(i,k,jj))*onocos(j)*sinl(j)
             255     3               
             256     3   p    v                    vdzonlr(i,k,jj)=vdzonlr(i,k,jj)-dlphi(i,k,jj)/radsq!           &
             257     3               !                             +vt(i,k,jj)*cor(j)
             258     3   p                       enddo
             259     2   p                     enddo
             260     1   p                   enddo !jj = 1,jlistnum
             261                           call ndslfv_update(nxjp,vdzonl,vdmerd,vdzonlr,vdmerdr,dta,forward)
             262                     
             263                     !CWB2021 ndsl single precision test
             264                     !
             265                     !
             266                     !       Vertical Advection
             267                     !
             268                           call ndslfv_monoadvv(ddtemp,qvadv,vdzonl,vdmerd,pdot,pt,nxjp,dta,forward)
             269                     
             270                     !CWB2021 ndsl single precision test
             271                     
             272                     !
                                   <<< Loop-information Start >>>
                                   <<<  [PARALLELIZATION]
                                   <<<    Standard iteration count: 2
                                   <<< Loop-information  End >>>
             273     1  pp                 do jj = 1, jlistnum
             274     1   p                   j=jlist1(jj)
             275     1   p                   nxj=nxdef_2d(j)
                                   <<< Loop-information Start >>>
                                   <<<  [OPTIMIZATION]
                                   <<<    PREFETCH(HARD) Expected by compiler :
                                   <<<      vdzonl, ttp, vp, up, vdmerd, ddtemp
                                   <<< Loop-information  End >>>
             276     2   p                   do k = 1, lev
                                   <<< Loop-information Start >>>
                                   <<<  [OPTIMIZATION]
                                   <<<    SIMD(VL: 8)
                                   <<<    SOFTWARE PIPELINING(IPC: 3.10, ITR: 88, MVE: 6, POL: S)
                                   <<<    PREFETCH(HARD) Expected by compiler :
                                   <<<      vp, up, vdzonl, ttp, ddtemp, vdmerd
                                   <<< Loop-information  End >>>
             277     3   p    v                do i = 1, nxj
             278     3   p    v                  vdzonl(i,k,jj) = (vdzonl(i,k,jj)- up(i,k,jj))/dt
             279     3   p    v                  vdmerd(i,k,jj) = (vp(i,k,jj)- vdmerd(i,k,jj))/dt
             280     3   p    v                  ddtemp(i,k,jj)=  (ddtemp(i,k,jj)-ttp(i,k,jj))/dt
             281     3   p    v                enddo
             282     2   p                   enddo
             283     1   p                 enddo
             284                     !
             285                     !  combine non-linear grid point terms via gaussian quadrature
             286                     !
             287                           call joinrs(cc,ddtemp,dummy,dummy,dummy,nx,my_max,lev,jlistnum,1,1)
             288                           call tranrs(jtrun,jtmax,nx,my,my_max,levp,poly,weight,cc  &
             289                                        ,temten,1,nsizey)
             290                     !!      call joinrs(cc,ddtemp,qvadv,dummy,dummy,nx,my_max,lev           &
             291                     !!                 ,jlistnum,2,ncld)
             292                     !!      call tranrs(jtrun,jtmax,nx,my,my_max,lev,poly,weight,cc         &
             293                     !!                 ,wss,1+ncld,nsize)
             294                     !!      call ujoinrs(wss,temten,qten,dummy,dummy,jtrun,jtmax,lev        &
             295                     !!                 ,mlistnum,2,ncld)
             296                           call mpe2d_unify_nx(ww1,deldm)
             297                           call tranrs1(jtrun,jtmax,nx,my,my_max,poly,weight,ww1           &
             298                                      ,plten,nsizey)
             299                     !
             300                     !CWB2021 for single precision test
             301                           call rstrandz (jtrun,jtmax,nx,my,my_max,levp,vdmerd,vdzonl      &
             302                                         ,weight,cim,onocos,poly,dpoly,divten,vorten,nsizey)
             303                     !
             304                     !  no tendency of zero mode
             305                     !
                                   <<< Loop-information Start >>>
                                   <<<  [PARALLELIZATION]
                                   <<<    Standard iteration count: 2
                                   <<< Loop-information  End >>>
             306     1  pp                 do 96 m =1,mlistnum
             307     1   p                   mf=mlist(m)
             308     2   p                   if ( mf.eq.1) then
                                   <<< Loop-information Start >>>
                                   <<<  [OPTIMIZATION]
                                   <<<    SIMD(VL: 16)
                                   <<<    PREFETCH(HARD) Expected by compiler :
                                   <<<      temten, divten, vorten
                                   <<< Loop-information  End >>>
             309     3   p   2v              do k = 1, levp
             310     3   p   2v               vorten(k,1,1,m)= 0.
             311     3   p   2v               vorten(k,2,1,m)= 0.
             312     3   p   2v               divten(k,1,1,m)= 0.
             313     3   p   2v               divten(k,2,1,m)= 0.
             314     3   p   2v               temten(k,1,1,m)= 0.
             315     3   p   2v               temten(k,2,1,m)= 0.
             316     3   p   2v              enddo
             317     2   p                   endif
             318     1   p            96   continue
             319                     !
             320                     !  compute phiten from temden and plten
             321                     !
             322                              mlst=ilist(1)
             323     1                        if(mlst .ne. 0) then
             324     1                          plten(1,mlst,1)= 0.
             325     1                          plten(1,mlst,2)= 0.
             326     1                        endif
             327                     !
             328                     !       do 100 m =1,mlistnum
             329                     !        mf=mlist(m)
             330                     !       do 100 n  = mf,jtrun
             331                     !       do 99 k = 1, lev
             332                     !         phiten(k,1,n,m) = spalm(k)*plten(n,m,1)
             333                     !         phiten(k,2,n,m) = spalm(k)*plten(n,m,2)
             334                     !       do 98 l = 1, lev
             335                     !         phiten(k,1,n,m) = phiten(k,1,n,m)+arrhyd(k,l)*temten(l,1,n,m)
             336                     !         phiten(k,2,n,m) = phiten(k,2,n,m)+arrhyd(k,l)*temten(l,2,n,m)
             337                     !98     continue
             338                     !99     continue
             339                     !100    continue
             340                     !
             341                     !ch>
             342                             call mpe2d_unify_lev(temten,temten1,lev,levp,jtrun,jtmax,mlistnum,nsizex,row_comm)
             343                     
                                   <<< Loop-information Start >>>
                                   <<<  [PARALLELIZATION]
                                   <<<    Standard iteration count: 2
                                   <<< Loop-information  End >>>
             344     1  pp                   do 100 m =1,mlistnum
             345     1   p                    mf=mlist(m)
                                   <<< Loop-information Start >>>
                                   <<<  [OPTIMIZATION]
                                   <<<    PREFETCH(HARD) Expected by compiler :
                                   <<<      spalm, phiten1
                                   <<< Loop-information  End >>>
             346     2   p                   do 100 n  = mf,jtrun
                                   <<< Loop-information Start >>>
                                   <<<  [OPTIMIZATION]
                                   <<<    SOFTWARE PIPELINING(IPC: 2.85, ITR: 14, MVE: 4, POL: S)
                                   <<<    PREFETCH(HARD) Expected by compiler :
                                   <<<      spalm, phiten1, arrhyd
                                   <<< Loop-information  End >>>
             347     3   p   2               do 99 k = 1, lev
             348     3   p   2                 phiten1(k,1,n,m) = spalm(k)*plten(n,m,1)
             349     3   p   2                 phiten1(k,2,n,m) = spalm(k)*plten(n,m,2)
                                   <<< Loop-information Start >>>
                                   <<<  [OPTIMIZATION]
                                   <<<    INTERCHANGED(nest: 3)
                                   <<<    PREFETCH(HARD) Expected by compiler :
                                   <<<      arrhyd, phiten1
                                   <<< Loop-information  End >>>
             350     4   p   2               do 98 L = 1, lev
             351     4   p   2                 phiten1(k,1,n,m) = phiten1(k,1,n,m)+arrhyd(k,L)*temten1(L,1,n,m)
             352     4   p   2                 phiten1(k,2,n,m) = phiten1(k,2,n,m)+arrhyd(k,L)*temten1(L,2,n,m)
             353     4   p   2        98     continue
             354     3   p   2        99     continue
             355     1   p            100    continue
             356                     
                                   <<< Loop-information Start >>>
                                   <<<  [PARALLELIZATION]
                                   <<<    Standard iteration count: 2
                                   <<< Loop-information  End >>>
             357     1  pp                   do m=1,mlistnum
             358     1   p                     mf=mlist(m)
                                   <<< Loop-information Start >>>
                                   <<<  [OPTIMIZATION]
                                   <<<    PREFETCH(HARD) Expected by compiler :
                                   <<<      Llist, phiten
                                   <<< Loop-information  End >>>
             359     2   p                     do n=mf,jtrun
                                   <<< Loop-information Start >>>
                                   <<<  [OPTIMIZATION]
                                   <<<    SIMD(VL: 16)
                                   <<<    SOFTWARE PIPELINING(IPC: 1.50, ITR: 224, MVE: 3, POL: S)
                                   <<<    PREFETCH(HARD) Expected by compiler :
                                   <<<      Llist, phiten
                                   <<< Loop-information  End >>>
             360     3   p   2v                  do k = 1, levp
             361     3   p   2v                     kk=Llist(k)
             362     3   p   2v                     phiten(k,1,n,m) = phiten1(kk,1,n,m)
             363     3   p   2v                     phiten(k,2,n,m) = phiten1(kk,2,n,m)
             364     3   p   2v                  enddo
             365     2   p                     enddo
             366     1   p                   enddo
             367                     !ch<
             368                     
             369                           return
             370                           end

 Procedure information
   Lines      : 370
   Statements : 160
   Stack(byte): 4944
   Prefetch num: 0

 Scoping unit of external sub-program : tendget
   Attribute and Cross reference of name
     arrhyd
      |(Class and Type) : variable name, REAL(4)
      |(Attributes)     : ALLOCATABLE, DIMENSION, SAVE, use-associated
      |(Declaration)    : 
      |(Definition)     : 
      |(Reference)      : 351  352
     cc
      |(Class and Type) : variable name, REAL(4)
      |(Attributes)     : DIMENSION
      |(Declaration)    : 49
      |(Definition)     : 238  239  287  288
      |(Reference)      : 
     cim
      |(Class and Type) : variable name, REAL(4)
      |(Attributes)     : ALLOCATABLE, DIMENSION, SAVE, use-associated
      |(Declaration)    : 
      |(Definition)     : 242  301
      |(Reference)      : 
     const
      |(Class and Type) : module name
      |(Attributes)     : 
      |(Declaration)    : 
      |(Definition)     : 
      |(Reference)      : 20
     cor
      |(Class and Type) : variable name, REAL(4)
      |(Attributes)     : ALLOCATABLE, DIMENSION, SAVE, use-associated
      |(Declaration)    : 
      |(Definition)     : 227
      |(Reference)      : 
     cp
      |(Class and Type) : variable name, REAL(8)
      |(Attributes)     : common-block-object, use-associated
      |(Declaration)    : 
      |(Definition)     : 227
      |(Reference)      : 
     ddtemp
      |(Class and Type) : variable name, REAL(4)
      |(Attributes)     : DIMENSION
      |(Declaration)    : 37
      |(Definition)     : 138  202  268  280  287
      |(Reference)      : 280
     deldm
      |(Class and Type) : variable name, REAL(4)
      |(Attributes)     : DIMENSION
      |(Declaration)    : 34
      |(Definition)     : 227  296
      |(Reference)      : 
     diveng
      |(Class and Type) : variable name, REAL(4)
      |(Attributes)     : DIMENSION
      |(Declaration)    : 37
      |(Definition)     : 227  238
      |(Reference)      : 
     divten
      |(Class and Type) : variable name, REAL(4)
      |(Attributes)     : ALLOCATABLE, DIMENSION, SAVE, use-associated
      |(Declaration)    : 
      |(Definition)     : 114  115  301  312  313
      |(Reference)      : 
     dlphi
      |(Class and Type) : variable name, REAL(4)
      |(Attributes)     : ALLOCATABLE, DIMENSION, SAVE, use-associated
      |(Declaration)    : 
      |(Definition)     : 242
      |(Reference)      : 256
     dlpl
      |(Class and Type) : variable name, REAL(4)
      |(Attributes)     : ALLOCATABLE, DIMENSION, SAVE, use-associated
      |(Declaration)    : 
      |(Definition)     : 227
      |(Reference)      : 
     dpoly
      |(Class and Type) : variable name, REAL(4)
      |(Attributes)     : ALLOCATABLE, DIMENSION, SAVE, use-associated
      |(Declaration)    : 
      |(Definition)     : 242  301
      |(Reference)      : 
     dsigma
      |(Class and Type) : variable name, REAL(4)
      |(Attributes)     : ALLOCATABLE, DIMENSION, SAVE, use-associated
      |(Declaration)    : 
      |(Definition)     : 227
      |(Reference)      : 
     dt
      |(Class and Type) : variable name, REAL(8)
      |(Attributes)     : common-block-object, use-associated
      |(Declaration)    : 
      |(Definition)     : 
      |(Reference)      : 141  278  279  280
     dta
      |(Class and Type) : variable name, REAL(4)
      |(Attributes)     : 
      |(Declaration)    : 53
      |(Definition)     : 141  190  261  268
      |(Reference)      : 
     dtphi
      |(Class and Type) : variable name, REAL(4)
      |(Attributes)     : ALLOCATABLE, DIMENSION, SAVE, use-associated
      |(Declaration)    : 
      |(Definition)     : 242
      |(Reference)      : 252
     dtpl
      |(Class and Type) : variable name, REAL(4)
      |(Attributes)     : ALLOCATABLE, DIMENSION, SAVE, use-associated
      |(Declaration)    : 
      |(Definition)     : 227
      |(Reference)      : 
     dummy
      |(Class and Type) : variable name, REAL(4)
      |(Attributes)     : 
      |(Declaration)    : 49
      |(Definition)     : 238  238  238  287  287  287
      |(Reference)      : 
     forward
      |(Class and Type) : variable name, LOGICAL(4)
      |(Attributes)     : 
      |(Declaration)    : 59
      |(Definition)     : 60  261  268
      |(Reference)      : 
     grid
      |(Class and Type) : module name
      |(Attributes)     : 
      |(Declaration)    : 
      |(Definition)     : 
      |(Reference)      : 22
     gridnl_hybrid_ndsl
      |(Class and Type) : external subroutine name
      |(Attributes)     : 
      |(Declaration)    : 
      |(Definition)     : 
      |(Reference)      : 227
     hldten
      |(Class and Type) : variable name, REAL(4)
      |(Attributes)     : ALLOCATABLE, DIMENSION, SAVE, use-associated
      |(Declaration)    : 
      |(Definition)     : 121  122  239  242
      |(Reference)      : 
     i
      |(Class and Type) : variable name, INTEGER(4)
      |(Attributes)     : 
      |(Declaration)    : 26
      |(Definition)     : 147  154  250  277
      |(Reference)      : 148  148  149  149  150  150  155  155  252  252  252  256  256  256  278  278  278  279  279  279  280  280  280
     ierr
      |(Class and Type) : variable name, INTEGER(4)
      |(Attributes)     : 
      |(Declaration)    : 52
      |(Definition)     : 
      |(Reference)      : 
     ii
      |(Class and Type) : variable name, INTEGER(4)
      |(Attributes)     : 
      |(Declaration)    : 26
      |(Definition)     : 
      |(Reference)      : 
     ilist
      |(Class and Type) : variable name, INTEGER(4)
      |(Attributes)     : ALLOCATABLE, DIMENSION, SAVE, use-associated
      |(Declaration)    : 
      |(Definition)     : 
      |(Reference)      : 322
     index
      |(Class and Type) : module name
      |(Attributes)     : 
      |(Declaration)    : 
      |(Definition)     : 
      |(Reference)      : 19
     j
      |(Class and Type) : variable name, INTEGER(4)
      |(Attributes)     : 
      |(Declaration)    : 26
      |(Definition)     : 144  217  248  274
      |(Reference)      : 145  222  227  227  227  227  249  252  275
     jj
      |(Class and Type) : variable name, INTEGER(4)
      |(Attributes)     : 
      |(Declaration)    : 26
      |(Definition)     : 143  216  247  273
      |(Reference)      : 144  148  148  149  149  150  150  155  155  217  222  222  222  222  227  227  227  227  227  227  227  227  227  227  227  227  227  227  227  227  227  227  227  227  227  248  252  252  252  256  256  256  274  278  278  278  279  279  279  280  280  280
     jlen
      |(Class and Type) : variable name, INTEGER(4)
      |(Attributes)     : common-block-object, use-associated
      |(Declaration)    : 
      |(Definition)     : 170  172  174  176  202  204  206  208  210
      |(Reference)      : 
     jlist1
      |(Class and Type) : variable name, INTEGER(4)
      |(Attributes)     : ALLOCATABLE, DIMENSION, SAVE, use-associated
      |(Declaration)    : 
      |(Definition)     : 
      |(Reference)      : 144  217  248  274
     jlistnum
      |(Class and Type) : variable name, INTEGER(4)
      |(Attributes)     : common-block-object, use-associated
      |(Declaration)    : 
      |(Definition)     : 170  172  174  176  202  204  206  208  210  238  287
      |(Reference)      : 143  216  247  273
     joinrs
      |(Class and Type) : external subroutine name
      |(Attributes)     : 
      |(Declaration)    : 
      |(Definition)     : 
      |(Reference)      : 238  287
     jtmax
      |(Class and Type) : variable name, INTEGER(4)
      |(Attributes)     : common-block-object, use-associated
      |(Declaration)    : 
      |(Definition)     : 239  242  288  297  301  342
      |(Reference)      : 29  57  58
     jtrun
      |(Class and Type) : variable name, INTEGER(4)
      |(Attributes)     : common-block-object, use-associated
      |(Declaration)    : 
      |(Definition)     : 239  242  288  297  301  342
      |(Reference)      : 29  57  58  105  112  346  359
     k
      |(Class and Type) : variable name, INTEGER(4)
      |(Attributes)     : 
      |(Declaration)    : 26
      |(Definition)     : 113  146  153  251  276  309  347  360
      |(Reference)      : 114  115  116  117  118  119  121  122  123  124  148  148  149  149  150  150  155  155  252  252  252  256  256  256  278  278  278  279  279  279  280  280  280  310  311  312  313  314  315  348  348  349  349  351  351  351  352  352  352  361  362  363
     kk
      |(Class and Type) : variable name, INTEGER(4)
      |(Attributes)     : 
      |(Declaration)    : 26
      |(Definition)     : 361
      |(Reference)      : 362  363
     kl
      |(Class and Type) : variable name, INTEGER(4)
      |(Attributes)     : 
      |(Declaration)    : 26
      |(Definition)     : 
      |(Reference)      : 
     Llist
      |(Class and Type) : variable name, INTEGER(4)
      |(Attributes)     : ALLOCATABLE, DIMENSION, SAVE, use-associated
      |(Declaration)    : 
      |(Definition)     : 
      |(Reference)      : 361
     l
      |(Class and Type) : variable name, INTEGER(4)
      |(Attributes)     : 
      |(Declaration)    : 26
      |(Definition)     : 350
      |(Reference)      : 351  351  352  352
     latpart
      |(Class and Type) : variable name, INTEGER(4)
      |(Attributes)     : use-associated
      |(Declaration)    : 
      |(Definition)     : 
      |(Reference)      : 37
     lev
      |(Class and Type) : variable name, INTEGER(4)
      |(Attributes)     : common-block-object, use-associated
      |(Declaration)    : 
      |(Definition)     : 222  227  238  287  342
      |(Reference)      : 37  37  37  37  37  37  37  37  37  57  58  146  153  251  276  347  350
     levf
      |(Class and Type) : variable name, INTEGER(4)
      |(Attributes)     : common-block-object, use-associated
      |(Declaration)    : 
      |(Definition)     : 170  172  174  176  202  204  206  208  210
      |(Reference)      : 
     levp
      |(Class and Type) : variable name, INTEGER(4)
      |(Attributes)     : common-block-object, use-associated
      |(Declaration)    : 
      |(Definition)     : 170  172  174  176  190  202  204  206  208  210  239  242  288  301  342
      |(Reference)      : 29  37  37  37  37  37  49  113  309  360
     m
      |(Class and Type) : variable name, INTEGER(4)
      |(Attributes)     : 
      |(Declaration)    : 26
      |(Definition)     : 103  110  306  344  357
      |(Reference)      : 104  106  107  111  114  115  116  117  118  119  121  122  123  124  307  310  311  312  313  314  315  345  348  348  349  349  351  351  351  352  352  352  358  362  362  363  363
     mf
      |(Class and Type) : variable name, INTEGER(4)
      |(Attributes)     : 
      |(Declaration)    : 26
      |(Definition)     : 104  111  307  345  358
      |(Reference)      : 105  112  308  346  359
     mlist
      |(Class and Type) : variable name, INTEGER(4)
      |(Attributes)     : ALLOCATABLE, DIMENSION, SAVE, use-associated
      |(Declaration)    : 
      |(Definition)     : 
      |(Reference)      : 104  111  307  345  358
     mlistnum
      |(Class and Type) : variable name, INTEGER(4)
      |(Attributes)     : common-block-object, use-associated
      |(Declaration)    : 
      |(Definition)     : 342
      |(Reference)      : 103  110  306  344  357
     mlst
      |(Class and Type) : variable name, INTEGER(4)
      |(Attributes)     : 
      |(Declaration)    : 26
      |(Definition)     : 322
      |(Reference)      : 323  324  325
     mpe
      |(Class and Type) : module name
      |(Attributes)     : 
      |(Declaration)    : 
      |(Definition)     : 
      |(Reference)      : 17
     mpe2d_transpose_ndsl_f2p
      |(Class and Type) : external subroutine name
      |(Attributes)     : 
      |(Declaration)    : 
      |(Definition)     : 
      |(Reference)      : 202  204  206  208  210
     mpe2d_transpose_ndsl_p2f
      |(Class and Type) : external subroutine name
      |(Attributes)     : 
      |(Declaration)    : 
      |(Definition)     : 
      |(Reference)      : 170  172  174  176
     mpe2d_unify_lev
      |(Class and Type) : external subroutine name
      |(Attributes)     : 
      |(Declaration)    : 
      |(Definition)     : 
      |(Reference)      : 342
     mpe2d_unify_nx
      |(Class and Type) : external subroutine name
      |(Attributes)     : 
      |(Declaration)    : 
      |(Definition)     : 
      |(Reference)      : 296
     my
      |(Class and Type) : variable name, INTEGER(4)
      |(Attributes)     : common-block-object, use-associated
      |(Declaration)    : 
      |(Definition)     : 239  242  288  297  301
      |(Reference)      : 
     my_max
      |(Class and Type) : variable name, INTEGER(4)
      |(Attributes)     : common-block-object, use-associated
      |(Declaration)    : 
      |(Definition)     : 170  172  174  176  202  204  206  208  210  238  239  242  287  288  297  301
      |(Reference)      : 31  34  37  37  37  37  37  37  37  37  37  37  37  37  37  49  54
     myf
      |(Class and Type) : variable name, INTEGER(4)
      |(Attributes)     : common-block-object, use-associated
      |(Declaration)    : 
      |(Definition)     : 170  172  174  176  202  204  206  208  210
      |(Reference)      : 
     n
      |(Class and Type) : variable name, INTEGER(4)
      |(Attributes)     : 
      |(Declaration)    : 26
      |(Definition)     : 105  112  346  359
      |(Reference)      : 106  107  114  115  116  117  118  119  121  122  123  124  348  348  349  349  351  351  351  352  352  352  362  362  363  363
     ncld
      |(Class and Type) : variable name, INTEGER(4)
      |(Attributes)     : common-block-object, use-associated
      |(Declaration)    : 
      |(Definition)     : 176  210  227
      |(Reference)      : 37  37  153
     ndslfv_monoadvh2
      |(Class and Type) : external subroutine name
      |(Attributes)     : 
      |(Declaration)    : 
      |(Definition)     : 
      |(Reference)      : 190
     ndslfv_monoadvv
      |(Class and Type) : external subroutine name
      |(Attributes)     : 
      |(Declaration)    : 
      |(Definition)     : 
      |(Reference)      : 268
     ndslfv_update
      |(Class and Type) : external subroutine name
      |(Attributes)     : 
      |(Declaration)    : 
      |(Definition)     : 
      |(Reference)      : 261
     nk
      |(Class and Type) : variable name, INTEGER(4)
      |(Attributes)     : 
      |(Declaration)    : 26
      |(Definition)     : 
      |(Reference)      : 
     nl
      |(Class and Type) : variable name, INTEGER(4)
      |(Attributes)     : 
      |(Declaration)    : 26
      |(Definition)     : 
      |(Reference)      : 
     nsizex
      |(Class and Type) : variable name, INTEGER(4)
      |(Attributes)     : common-block-object, use-associated
      |(Declaration)    : 
      |(Definition)     : 170  172  174  176  202  204  206  208  210  342
      |(Reference)      : 
     nsizey
      |(Class and Type) : variable name, INTEGER(4)
      |(Attributes)     : common-block-object, use-associated
      |(Declaration)    : 
      |(Definition)     : 239  242  288  297  301
      |(Reference)      : 
     nx
      |(Class and Type) : variable name, INTEGER(4)
      |(Attributes)     : common-block-object, use-associated
      |(Declaration)    : 
      |(Definition)     : 170  172  174  176  202  204  206  208  210  238  239  242  287  288  297  301
      |(Reference)      : 37  37  37  37  37  49  54
     nxdef
      |(Class and Type) : variable name, INTEGER(4)
      |(Attributes)     : ALLOCATABLE, DIMENSION, SAVE, use-associated
      |(Declaration)    : 
      |(Definition)     : 190
      |(Reference)      : 
     nxdef_2d
      |(Class and Type) : variable name, INTEGER(4)
      |(Attributes)     : ALLOCATABLE, DIMENSION, SAVE, use-associated
      |(Declaration)    : 
      |(Definition)     : 
      |(Reference)      : 145  249  275
     nxj
      |(Class and Type) : variable name, INTEGER(4)
      |(Attributes)     : 
      |(Declaration)    : 26
      |(Definition)     : 145  249  275
      |(Reference)      : 147  154  250  277
     nxjp
      |(Class and Type) : variable name, INTEGER(4)
      |(Attributes)     : ALLOCATABLE, DIMENSION, SAVE, use-associated
      |(Declaration)    : 
      |(Definition)     : 222  227  261  268
      |(Reference)      : 
     nxp
      |(Class and Type) : variable name, INTEGER(4)
      |(Attributes)     : common-block-object, use-associated
      |(Declaration)    : 
      |(Definition)     : 170  172  174  176  202  204  206  208  210  222  227
      |(Reference)      : 31  34  37  37  37  37  37  37  37  37  37
     onocos
      |(Class and Type) : variable name, REAL(4)
      |(Attributes)     : ALLOCATABLE, DIMENSION, SAVE, use-associated
      |(Declaration)    : 
      |(Definition)     : 227  301
      |(Reference)      : 252
     param
      |(Class and Type) : module name
      |(Attributes)     : 
      |(Declaration)    : 
      |(Definition)     : 
      |(Reference)      : 16
     pdot
      |(Class and Type) : variable name, REAL(4)
      |(Attributes)     : DIMENSION
      |(Declaration)    : 37
      |(Definition)     : 134  227  268
      |(Reference)      : 
     phi
      |(Class and Type) : variable name, REAL(4)
      |(Attributes)     : ALLOCATABLE, DIMENSION, SAVE, use-associated
      |(Declaration)    : 
      |(Definition)     : 227
      |(Reference)      : 
     phiten
      |(Class and Type) : variable name, REAL(4)
      |(Attributes)     : DIMENSION, dummy-argument
      |(Declaration)    : 1  29
      |(Definition)     : 123  124  362  363
      |(Reference)      : 
     phiten1
      |(Class and Type) : variable name, REAL(4)
      |(Attributes)     : DIMENSION
      |(Declaration)    : 58
      |(Definition)     : 61  348  349  351  352
      |(Reference)      : 351  352  362  363
     pk
      |(Class and Type) : variable name, REAL(4)
      |(Attributes)     : ALLOCATABLE, DIMENSION, SAVE, use-associated
      |(Declaration)    : 
      |(Definition)     : 222  227
      |(Reference)      : 
     pk2
      |(Class and Type) : variable name, REAL(4)
      |(Attributes)     : ALLOCATABLE, DIMENSION, SAVE, use-associated
      |(Declaration)    : 
      |(Definition)     : 222  227
      |(Reference)      : 
     plt
      |(Class and Type) : variable name, REAL(8)
      |(Attributes)     : ALLOCATABLE, DIMENSION, SAVE, use-associated
      |(Declaration)    : 
      |(Definition)     : 222
      |(Reference)      : 
     plten
      |(Class and Type) : variable name, REAL(4)
      |(Attributes)     : ALLOCATABLE, DIMENSION, SAVE, use-associated
      |(Declaration)    : 
      |(Definition)     : 106  107  297  324  325
      |(Reference)      : 348  349
     poly
      |(Class and Type) : variable name, REAL(4)
      |(Attributes)     : ALLOCATABLE, DIMENSION, SAVE, use-associated
      |(Declaration)    : 
      |(Definition)     : 239  242  288  297  301
      |(Reference)      : 
     prexp_hybrid_cwb
      |(Class and Type) : external subroutine name
      |(Attributes)     : 
      |(Declaration)    : 
      |(Definition)     : 
      |(Reference)      : 222
     pt
      |(Class and Type) : variable name, REAL(4)
      |(Attributes)     : ALLOCATABLE, DIMENSION, SAVE, use-associated
      |(Declaration)    : 
      |(Definition)     : 222  227  268
      |(Reference)      : 
     pten
      |(Class and Type) : variable name, REAL(4)
      |(Attributes)     : DIMENSION
      |(Declaration)    : 37
      |(Definition)     : 139  204  227
      |(Reference)      : 
     pten_sl
      |(Class and Type) : variable name, REAL(4)
      |(Attributes)     : DIMENSION
      |(Declaration)    : 37
      |(Definition)     : 190  204
      |(Reference)      : 
     ptop
      |(Class and Type) : variable name, REAL(8)
      |(Attributes)     : common-block-object, use-associated
      |(Declaration)    : 
      |(Definition)     : 222
      |(Reference)      : 
     qm
      |(Class and Type) : variable name, REAL(4)
      |(Attributes)     : ALLOCATABLE, DIMENSION, SAVE, use-associated
      |(Declaration)    : 
      |(Definition)     : 155  176
      |(Reference)      : 
     qm_sl
      |(Class and Type) : variable name, REAL(4)
      |(Attributes)     : DIMENSION
      |(Declaration)    : 37
      |(Definition)     : 176  190  210
      |(Reference)      : 
     qt
      |(Class and Type) : variable name, REAL(4)
      |(Attributes)     : ALLOCATABLE, DIMENSION, SAVE, use-associated
      |(Declaration)    : 
      |(Definition)     : 227
      |(Reference)      : 155
     qvadv
      |(Class and Type) : variable name, REAL(4)
      |(Attributes)     : DIMENSION
      |(Declaration)    : 37
      |(Definition)     : 137  210  268
      |(Reference)      : 
     RTYPE
      |(Class and Type) : named constant, INTEGER(4)
      |(Attributes)     : use-associated
      |(Declaration)    : 
      |(Definition)     : 
      |(Reference)      : 29  31  34  37  49  53  54  57  58
     radsq
      |(Class and Type) : variable name, REAL(8)
      |(Attributes)     : common-block-object, use-associated
      |(Declaration)    : 
      |(Definition)     : 227
      |(Reference)      : 252  256
     rank
      |(Class and Type) : module name
      |(Attributes)     : 
      |(Declaration)    : 
      |(Definition)     : 
      |(Reference)      : 18
     rdiv
      |(Class and Type) : variable name, REAL(4)
      |(Attributes)     : ALLOCATABLE, DIMENSION, SAVE, use-associated
      |(Declaration)    : 
      |(Definition)     : 227
      |(Reference)      : 
     row_comm
      |(Class and Type) : variable name, INTEGER(4)
      |(Attributes)     : common-block-object, use-associated
      |(Declaration)    : 
      |(Definition)     : 170  172  174  176  202  204  206  208  210  342
      |(Reference)      : 
     rstrandz
      |(Class and Type) : external subroutine name
      |(Attributes)     : 
      |(Declaration)    : 
      |(Definition)     : 
      |(Reference)      : 301
     sd
      |(Class and Type) : variable name, REAL(4)
      |(Attributes)     : ALLOCATABLE, DIMENSION, SAVE, use-associated
      |(Declaration)    : 
      |(Definition)     : 227
      |(Reference)      : 
     sdpbl
      |(Class and Type) : variable name, REAL(4)
      |(Attributes)     : DIMENSION
      |(Declaration)    : 31
      |(Definition)     : 227
      |(Reference)      : 
     sgeo
      |(Class and Type) : variable name, REAL(4)
      |(Attributes)     : ALLOCATABLE, DIMENSION, SAVE, use-associated
      |(Declaration)    : 
      |(Definition)     : 227
      |(Reference)      : 
     sigma
      |(Class and Type) : variable name, REAL(4)
      |(Attributes)     : ALLOCATABLE, DIMENSION, SAVE, use-associated
      |(Declaration)    : 
      |(Definition)     : 222  227
      |(Reference)      : 
     sinl
      |(Class and Type) : variable name, REAL(4)
      |(Attributes)     : ALLOCATABLE, DIMENSION, SAVE, use-associated
      |(Declaration)    : 
      |(Definition)     : 227
      |(Reference)      : 
     spalm
      |(Class and Type) : variable name, REAL(4)
      |(Attributes)     : ALLOCATABLE, DIMENSION, SAVE, use-associated
      |(Declaration)    : 
      |(Definition)     : 
      |(Reference)      : 348  349
     spec
      |(Class and Type) : module name
      |(Attributes)     : 
      |(Declaration)    : 
      |(Definition)     : 
      |(Reference)      : 21
     sqhaf
      |(Class and Type) : variable name, REAL(8)
      |(Attributes)     : 
      |(Declaration)    : 27
      |(Definition)     : 66
      |(Reference)      : 
     sqrt
      |(Class and Type) : intrinsic function name, REAL(8)
      |(Attributes)     : PURE, ELEMENTAL
      |(Declaration)    : 
      |(Definition)     : 
      |(Reference)      : 66
     temten
      |(Class and Type) : variable name, REAL(4)
      |(Attributes)     : ALLOCATABLE, DIMENSION, SAVE, use-associated
      |(Declaration)    : 
      |(Definition)     : 118  119  288  314  315  342
      |(Reference)      : 
     temten1
      |(Class and Type) : variable name, REAL(4)
      |(Attributes)     : DIMENSION
      |(Declaration)    : 57
      |(Definition)     : 342
      |(Reference)      : 351  352
     tendget
      |(Class and Type) : external subroutine name
      |(Attributes)     : 
      |(Declaration)    : 
      |(Definition)     : 1
      |(Reference)      : 
     tranrs
      |(Class and Type) : external subroutine name
      |(Attributes)     : 
      |(Declaration)    : 
      |(Definition)     : 
      |(Reference)      : 239  288
     tranrs1
      |(Class and Type) : external subroutine name
      |(Attributes)     : 
      |(Declaration)    : 
      |(Definition)     : 
      |(Reference)      : 297
     trngra3
      |(Class and Type) : external subroutine name
      |(Attributes)     : 
      |(Declaration)    : 
      |(Definition)     : 
      |(Reference)      : 242
     tt
      |(Class and Type) : variable name, REAL(4)
      |(Attributes)     : ALLOCATABLE, DIMENSION, SAVE, use-associated
      |(Declaration)    : 
      |(Definition)     : 227
      |(Reference)      : 150
     ttm_sl
      |(Class and Type) : variable name, REAL(4)
      |(Attributes)     : DIMENSION
      |(Declaration)    : 37
      |(Definition)     : 174  190  202
      |(Reference)      : 
     ttp
      |(Class and Type) : variable name, REAL(4)
      |(Attributes)     : ALLOCATABLE, DIMENSION, SAVE, use-associated
      |(Declaration)    : 
      |(Definition)     : 150  174
      |(Reference)      : 280
     up
      |(Class and Type) : variable name, REAL(4)
      |(Attributes)     : ALLOCATABLE, DIMENSION, SAVE, use-associated
      |(Declaration)    : 
      |(Definition)     : 148
      |(Reference)      : 278
     ut
      |(Class and Type) : variable name, REAL(4)
      |(Attributes)     : ALLOCATABLE, DIMENSION, SAVE, use-associated
      |(Declaration)    : 
      |(Definition)     : 170  227
      |(Reference)      : 148
     ut_sl
      |(Class and Type) : variable name, REAL(4)
      |(Attributes)     : ALLOCATABLE, DIMENSION, SAVE, use-associated
      |(Declaration)    : 
      |(Definition)     : 170
      |(Reference)      : 181
     uum_sl
      |(Class and Type) : variable name, REAL(4)
      |(Attributes)     : DIMENSION
      |(Declaration)    : 37
      |(Definition)     : 181  190  206
      |(Reference)      : 
     vdmerd
      |(Class and Type) : variable name, REAL(4)
      |(Attributes)     : DIMENSION
      |(Declaration)    : 37
      |(Definition)     : 135  208  261  268  279  301
      |(Reference)      : 279
     vdmerdr
      |(Class and Type) : variable name, REAL(4)
      |(Attributes)     : DIMENSION
      |(Declaration)    : 37
      |(Definition)     : 227  252  261
      |(Reference)      : 252
     vdzonl
      |(Class and Type) : variable name, REAL(4)
      |(Attributes)     : DIMENSION
      |(Declaration)    : 37
      |(Definition)     : 136  206  261  268  278  301
      |(Reference)      : 278
     vdzonlr
      |(Class and Type) : variable name, REAL(4)
      |(Attributes)     : DIMENSION
      |(Declaration)    : 37
      |(Definition)     : 227  256  261
      |(Reference)      : 256
     vorten
      |(Class and Type) : variable name, REAL(4)
      |(Attributes)     : ALLOCATABLE, DIMENSION, SAVE, use-associated
      |(Declaration)    : 
      |(Definition)     : 116  117  301  310  311
      |(Reference)      : 
     vp
      |(Class and Type) : variable name, REAL(4)
      |(Attributes)     : ALLOCATABLE, DIMENSION, SAVE, use-associated
      |(Declaration)    : 
      |(Definition)     : 149
      |(Reference)      : 279
     vt
      |(Class and Type) : variable name, REAL(4)
      |(Attributes)     : ALLOCATABLE, DIMENSION, SAVE, use-associated
      |(Declaration)    : 
      |(Definition)     : 172  227
      |(Reference)      : 149
     vt_sl
      |(Class and Type) : variable name, REAL(4)
      |(Attributes)     : ALLOCATABLE, DIMENSION, SAVE, use-associated
      |(Declaration)    : 
      |(Definition)     : 172
      |(Reference)      : 182
     vvel
      |(Class and Type) : variable name, REAL(4)
      |(Attributes)     : ALLOCATABLE, DIMENSION, SAVE, use-associated
      |(Declaration)    : 
      |(Definition)     : 227
      |(Reference)      : 
     vvm_sl
      |(Class and Type) : variable name, REAL(4)
      |(Attributes)     : DIMENSION
      |(Declaration)    : 37
      |(Definition)     : 182  190  208
      |(Reference)      : 
     weight
      |(Class and Type) : variable name, REAL(4)
      |(Attributes)     : ALLOCATABLE, DIMENSION, SAVE, use-associated
      |(Declaration)    : 
      |(Definition)     : 239  288  297  301
      |(Reference)      : 
     ww1
      |(Class and Type) : variable name, REAL(4)
      |(Attributes)     : DIMENSION
      |(Declaration)    : 54
      |(Definition)     : 296  297
      |(Reference)      : 
   Cross reference of label
     (Label) (label-kind)               (line-no.)
     ------- ------------- ------------ ----------
         96  execution     (Definition) 318  
                           (Reference)  306
         98  execution     (Definition) 353  
                           (Reference)  350
         99  execution     (Definition) 354  
                           (Reference)  347
        100  execution     (Definition) 355  
                           (Reference)  344  346
        170  execution     (Definition) 108  
                           (Reference)  103  105
        180  execution     (Definition) 125  
                           (Reference)  110  112  113

 Total information
   Procedures       : 1
   Total lines      : 370
   Total statements : 160
   Total stack(byte): 4944
   Total prefetch num: 0

