
 Fujitsu Fortran Version 4.6.1  Wed Jan 11 10:52:18 2023

 Compilation information
   Current directory : /IFS/nwpr/gfs/xb157/tco639l72/src
   Source file       : mod_albn.f90

 Option information
   Command line options : -Kident_mpi -f2004 -c -X9 -Free -CcdRR8 -Cpp -Kfast,parallel,openmp,ocl,autoobjstack -x- -fw -Knofp_relaxed -SSL2BLAMP -Kopenmp,parallel -DTIMING -DUSE_FFTW -DW3TAG -DRSM -Ec -Nlst=a,lst=d,lst=i,lst=p,lst=t,lst=x -Koptmsg=2 -I. -I/users/xa09/pkg/fx1000/fftw-3.3.10/include -I/package/fx1000/netcdf-3.6.3/include -I/opt/FJSVxtclanga/.common/MELI025/include/mpi/fujitsu -I/opt/FJSVxtclanga/.common/MELI025/lib64 -Knointentopt
   Cpp options          : -DTIMING -DUSE_FFTW -DW3TAG -DRSM -I. -I/users/xa09/pkg/fx1000/fftw-3.3.10/include -I/package/fx1000/netcdf-3.6.3/include -I/opt/FJSVxtclanga/.common/MELI025/include/mpi/fujitsu -I/opt/FJSVxtclanga/.common/MELI025/lib64 -Dunix -Dlinux -D__FUJITSU -D__FRT_major__=4 -D__FRT_minor__=6 -D__FRT_patchlevel__=1 -D__FRT_version__="4.6.1" -D__aarch64__ -D__unix -D_OPENMP=201511 -D__frt_version=800 -D__ARM_ARCH=8 -D__ARM_FEATURE_SVE -D__ELF__ -D__unix__ -D__linux__ -D__linux -Asystem(unix) -otmp
   Effective options    : -fw -g0 -AE -Ec -Free -O3 -X9
                          -CcdRR8 -x- -xaccept=nomodule_allocatable
                          -KA64FX -KARMV8_3_A -KSVE -Kalign_commons
                          -Kalign_loops -Knoarray_declaration_opt
                          -Kassume=noshortloop -Kassume=nomemory_bandwidth
                          -Kassume=notime_saving_compilation -Kauto
                          -Kautoobjstack -Knocalleralloc -Kcmodel=small
                          -Keval -Keval_noconcurrent -Knoextract_stride_store
                          -Knofenv_access -Kfp_contract -Knofp_relaxed
                          -Kfsimple -Kfz -Khpctag -Kilfunc=procedure
                          -Knointentopt -Klargepage -Kloop_blocking
                          -Kloop_fission -Kloop_nofission_stripmining
                          -Kloop_fission_threshold=50 -Kloop_fusion
                          -Kloop_interchange -Kloop_part_parallel
                          -Kloop_part_simd -Kloop_perfect_nest
                          -Kloop_noversioning -Knolto -Kmfunc=1 -Kocl
                          -Komitfp -Knooptlib_string -Koptmsg=2
                          -Knopc_relative_literal_loads -Kplt -Knopreex
                          -Kprefetch_noconditional -Kprefetch_noindirect
                          -Kprefetch_sequential=auto -Kprefetch_nostride
                          -Kprefetch_cache_level=all -Kprefetch_noinfer
                          -Kprefetch_strong -Kprefetch_strong_L2 -Knopreload
                          -Ksch_post_ra -Ksch_pre_ra -Ksibling_calls
                          -Ksimd=auto -Ksimd_packed_promotion
                          -Ksimd_reduction_product -Ksimd_reg_size=512
                          -Ksimd_nouncounted_loop
                          -Ksimd_use_multiple_structures -Knostriping
                          -Knosubscript_opt -Kswp -Kswp_freg_rate=100
                          -Kswp_ireg_rate=100 -Kswp_preg_rate=100
                          -Kswp_policy=auto -Ktemparraystack -Kunroll
                          -Knounroll_and_jam -Knozfill
                          -Kopenmp -Kopenmp_noassume_norecurrence
                          -Kopenmp_nocollapse_except_innermost
                          -Kopenmp_noordered_reduction -Knoopenmp_simd
                          -Kthreadsafe -Kparallel -Kparallel_nofp_precision
                          -Knoarray_private -Knodynamic_iteration -Kreduction
                          -Kregion_extension
                          -Nallextput -Nnoalloc_assign
                          -Ncancel_overtime_compilation -Nnocheck_global
                          -Nnocoarray -Nnocompdisp -Nnocopyarg -Nnocoverage
                          -Nfjprof -Nfreealloc -Nf90move -Nnohook_func
                          -Nnohook_time -Nlibomp -Nline -Nlst -Nlst=a -Nlst=d
                          -Nlst=i -Nlst=p -Nlst=t -Nlst=x -Nnomallocfree
                          -Nnoobsfun -Nnoprivatealloc -Nquickdbg=noargchk
                          -Nquickdbg=nosubchk -Nquickdbg=noundef -NRnotrap
                          -Nnorecursive -Nnoreordered_variable_stack
                          -Nrt_notune -Nnosave -Nsetvalue=noheap
                          -Nsetvalue=nostack -Nsetvalue=noscalar
                          -Nsetvalue=noarray -Nsetvalue=nostruct -Nuse_rodata

 Module "albn"
  (inc)(line-no.)(nest)(optimize)
               1                           module albn
               2                     !------------------------------------------------------------------------------
               3                     ! for radiation albedo
               4                     !------------------------------------------------------------------------------
               5                           use param
               6                           use index
               7                           implicit none
               8                           public
               9                     
              10                           real, dimension (:,:), allocatable, save ::                    &
              11                                 alvsf,alvwf,alnsf,alnwf,facsf,facwf
              12                     
              13                           contains
              14                     
              15                              subroutine allocate_alb_array
              16                     
              17                                integer  ierr
              18                     
              19                                allocate(alvsf(nxp,my_max),alvwf(nxp,my_max),alnsf(nxp,my_max), &
              20                                         alnwf(nxp,my_max),facsf(nxp,my_max),facwf(nxp,my_max), stat=ierr)
              21                     
              22     1                          if (ierr/= 0) then
              23     1                              write(6,*) 'mod_alb : allocate fail 1 '
              24     1                              stop
              25     1                          end if
              26                     
              27                                return
              28                     
              29                              end subroutine
              30                     
              31                              subroutine deallocate_alb_array
              32                     
              33                                deallocate (alvsf,alvwf,alnsf,alnwf,facsf,facwf)
              34                     
              35                                return
              36                     
              37                              end subroutine
              38                     
              39                           end module albn
              40                     

 Procedure information
   Lines      : 40
   Statements : 21
   Stack(byte): 1504
   Prefetch num: 0

 Scoping unit of module : albn
   Attribute and Cross reference of name
     albn
      |(Class and Type) : module name
      |(Attributes)     : 
      |(Declaration)    : 1
      |(Definition)     : 
      |(Reference)      : 39
     alnsf
      |(Class and Type) : variable name, REAL(8)
      |(Attributes)     : PUBLIC, ALLOCATABLE, DIMENSION, SAVE
      |(Declaration)    : 10
      |(Definition)     : 
      |(Reference)      : 
     alnwf
      |(Class and Type) : variable name, REAL(8)
      |(Attributes)     : PUBLIC, ALLOCATABLE, DIMENSION, SAVE
      |(Declaration)    : 10
      |(Definition)     : 
      |(Reference)      : 
     alvsf
      |(Class and Type) : variable name, REAL(8)
      |(Attributes)     : PUBLIC, ALLOCATABLE, DIMENSION, SAVE
      |(Declaration)    : 10
      |(Definition)     : 
      |(Reference)      : 
     alvwf
      |(Class and Type) : variable name, REAL(8)
      |(Attributes)     : PUBLIC, ALLOCATABLE, DIMENSION, SAVE
      |(Declaration)    : 10
      |(Definition)     : 
      |(Reference)      : 
     facsf
      |(Class and Type) : variable name, REAL(8)
      |(Attributes)     : PUBLIC, ALLOCATABLE, DIMENSION, SAVE
      |(Declaration)    : 10
      |(Definition)     : 
      |(Reference)      : 
     facwf
      |(Class and Type) : variable name, REAL(8)
      |(Attributes)     : PUBLIC, ALLOCATABLE, DIMENSION, SAVE
      |(Declaration)    : 10
      |(Definition)     : 
      |(Reference)      : 
     index
      |(Class and Type) : module name
      |(Attributes)     : PUBLIC
      |(Declaration)    : 
      |(Definition)     : 
      |(Reference)      : 6
     param
      |(Class and Type) : module name
      |(Attributes)     : PUBLIC
      |(Declaration)    : 
      |(Definition)     : 
      |(Reference)      : 5

 Scoping unit of module sub-program : allocate_alb_array
   Attribute and Cross reference of name
     allocate_alb_array
      |(Class and Type) : module subroutine name
      |(Attributes)     : 
      |(Declaration)    : 
      |(Definition)     : 15
      |(Reference)      : 
     alnsf
      |(Class and Type) : variable name, REAL(8)
      |(Attributes)     : ALLOCATABLE, DIMENSION, SAVE, host-associated
      |(Declaration)    : 
      |(Definition)     : 19
      |(Reference)      : 
     alnwf
      |(Class and Type) : variable name, REAL(8)
      |(Attributes)     : ALLOCATABLE, DIMENSION, SAVE, host-associated
      |(Declaration)    : 
      |(Definition)     : 19
      |(Reference)      : 
     alvsf
      |(Class and Type) : variable name, REAL(8)
      |(Attributes)     : ALLOCATABLE, DIMENSION, SAVE, host-associated
      |(Declaration)    : 
      |(Definition)     : 19
      |(Reference)      : 
     alvwf
      |(Class and Type) : variable name, REAL(8)
      |(Attributes)     : ALLOCATABLE, DIMENSION, SAVE, host-associated
      |(Declaration)    : 
      |(Definition)     : 19
      |(Reference)      : 
     facsf
      |(Class and Type) : variable name, REAL(8)
      |(Attributes)     : ALLOCATABLE, DIMENSION, SAVE, host-associated
      |(Declaration)    : 
      |(Definition)     : 19
      |(Reference)      : 
     facwf
      |(Class and Type) : variable name, REAL(8)
      |(Attributes)     : ALLOCATABLE, DIMENSION, SAVE, host-associated
      |(Declaration)    : 
      |(Definition)     : 19
      |(Reference)      : 
     ierr
      |(Class and Type) : variable name, INTEGER(4)
      |(Attributes)     : 
      |(Declaration)    : 17
      |(Definition)     : 19
      |(Reference)      : 22
     my_max
      |(Class and Type) : variable name, INTEGER(4)
      |(Attributes)     : common-block-object, host-associated
      |(Declaration)    : 
      |(Definition)     : 
      |(Reference)      : 19  19  19  19  19  19
     nxp
      |(Class and Type) : variable name, INTEGER(4)
      |(Attributes)     : common-block-object, host-associated
      |(Declaration)    : 
      |(Definition)     : 
      |(Reference)      : 19  19  19  19  19  19

 Scoping unit of module sub-program : deallocate_alb_array
   Attribute and Cross reference of name
     alnsf
      |(Class and Type) : variable name, REAL(8)
      |(Attributes)     : ALLOCATABLE, DIMENSION, SAVE, host-associated
      |(Declaration)    : 
      |(Definition)     : 33
      |(Reference)      : 
     alnwf
      |(Class and Type) : variable name, REAL(8)
      |(Attributes)     : ALLOCATABLE, DIMENSION, SAVE, host-associated
      |(Declaration)    : 
      |(Definition)     : 33
      |(Reference)      : 
     alvsf
      |(Class and Type) : variable name, REAL(8)
      |(Attributes)     : ALLOCATABLE, DIMENSION, SAVE, host-associated
      |(Declaration)    : 
      |(Definition)     : 33
      |(Reference)      : 
     alvwf
      |(Class and Type) : variable name, REAL(8)
      |(Attributes)     : ALLOCATABLE, DIMENSION, SAVE, host-associated
      |(Declaration)    : 
      |(Definition)     : 33
      |(Reference)      : 
     deallocate_alb_array
      |(Class and Type) : module subroutine name
      |(Attributes)     : 
      |(Declaration)    : 
      |(Definition)     : 31
      |(Reference)      : 
     facsf
      |(Class and Type) : variable name, REAL(8)
      |(Attributes)     : ALLOCATABLE, DIMENSION, SAVE, host-associated
      |(Declaration)    : 
      |(Definition)     : 33
      |(Reference)      : 
     facwf
      |(Class and Type) : variable name, REAL(8)
      |(Attributes)     : ALLOCATABLE, DIMENSION, SAVE, host-associated
      |(Declaration)    : 
      |(Definition)     : 33
      |(Reference)      : 

 Total information
   Procedures       : 1
   Total lines      : 40
   Total statements : 21
   Total stack(byte): 1504
   Total prefetch num: 0

