
 Fujitsu Fortran Version 4.6.1  Tue Dec 19 11:04:26 2023

 Compilation information
   Current directory : /IFS/nwpr/gfs/xb169/code_update/tco639l72_sp/src
   Source file       : coszenpm.f90

 Option information
   Command line options : -Kident_mpi -f2004 -c -X9 -Free -CcdRR8 -Cpp -Kfast,parallel,openmp,ocl,autoobjstack -x- -fw -Knofp_relaxed -SSL2BLAMP -Kopenmp,parallel -DTIMING -DUSE_FFTW -DW3TAG -DGFDLMP_v2 -DSP -Ec -Nlst=a,lst=d,lst=i,lst=p,lst=t,lst=x -Koptmsg=2 -I. -I/users/xa09/pkg/fx1000/fftw-3.3.10/include -I/package/fx1000/netcdf-4.7.4/include -I/package/fx1000/g2lib-1.4.0_cwb/include -I/nwpr/gfs/xb157/CWBSUMc2/4cpl/components/coupler -I/nwpr/gfs/xb124/package/fx1000/MCT/include -DTIMCOMCPL -L/package/fx1000/netcdf-4.7.4/lib -lnetcdff -lnetcdf -L/package/fx1000/hdf5-1.10.7/lib -lhdf5_hl -lhdf5 -L/package/fx1000/dms/lib -lrdms -lgdbm -L/package/fx1000/operlib/lib -lnwp -L/users/xa09/pkg/fx1000/fftw-3.3.10/lib -lfftw3f_threads -lfftw3f -lfftw3_threads -lfftw3 -SSL2BLAMP -L/nwpr/gfs/xb124/CWBSUMc2/components/rsm/lib/cwb_mpmd -lmpmd -L/package/fx1000/g2lib-1.4.0_cwb/lib -lg2 -L/package/fx1000/libpng-1.6.37/lib -lpng -L/package/fx1000/jasper-1.900.1/lib -ljasper -L/nwpr/gfs/xb157/CWBSUMc2/4cpl/components/coupler -lcpl -L/nwpr/gfs/xb124/package/fx1000/MCT/lib -lmct -lmpeu -I/opt/FJSVxtclanga/.common/MELI025/include/mpi/fujitsu -I/opt/FJSVxtclanga/.common/MELI025/lib64 -Knointentopt
   Cpp options          : -DTIMING -DUSE_FFTW -DW3TAG -DGFDLMP_v2 -DSP -I. -I/users/xa09/pkg/fx1000/fftw-3.3.10/include -I/package/fx1000/netcdf-4.7.4/include -I/package/fx1000/g2lib-1.4.0_cwb/include -I/nwpr/gfs/xb157/CWBSUMc2/4cpl/components/coupler -I/nwpr/gfs/xb124/package/fx1000/MCT/include -DTIMCOMCPL -I/opt/FJSVxtclanga/.common/MELI025/include/mpi/fujitsu -I/opt/FJSVxtclanga/.common/MELI025/lib64 -Dunix -Dlinux -D__FUJITSU -D__FRT_major__=4 -D__FRT_minor__=6 -D__FRT_patchlevel__=1 -D__FRT_version__="4.6.1" -D__aarch64__ -D__unix -D_OPENMP=201511 -D__frt_version=800 -D__ARM_ARCH=8 -D__ARM_FEATURE_SVE -D__ELF__ -D__unix__ -D__linux__ -D__linux -Asystem(unix) -otmp
   Effective options    : -fw -g0 -AE -Ec -Free -O3 -X9
                          -CcdRR8 -x- -xaccept=nomodule_allocatable
                          -KA64FX -KARMV8_3_A -KSVE -Kalign_commons
                          -Kalign_loops -Knoarray_declaration_opt
                          -Kassume=noshortloop -Kassume=nomemory_bandwidth
                          -Kassume=notime_saving_compilation -Kauto
                          -Kautoobjstack -Knocalleralloc -Kcmodel=small
                          -Keval -Keval_noconcurrent -Knoextract_stride_store
                          -Knofenv_access -Kfp_contract -Knofp_relaxed
                          -Kfsimple -Kfz -Khpctag -Kilfunc=procedure
                          -Knointentopt -Klargepage -Kloop_blocking
                          -Kloop_fission -Kloop_nofission_stripmining
                          -Kloop_fission_threshold=50 -Kloop_fusion
                          -Kloop_interchange -Kloop_part_parallel
                          -Kloop_part_simd -Kloop_perfect_nest
                          -Kloop_noversioning -Knolto -Kmfunc=1 -Kocl
                          -Komitfp -Knooptlib_string -Koptmsg=2
                          -Knopc_relative_literal_loads -Kplt -Knopreex
                          -Kprefetch_noconditional -Kprefetch_noindirect
                          -Kprefetch_sequential=auto -Kprefetch_nostride
                          -Kprefetch_cache_level=all -Kprefetch_noinfer
                          -Kprefetch_strong -Kprefetch_strong_L2 -Knopreload
                          -Ksch_post_ra -Ksch_pre_ra -Ksibling_calls
                          -Ksimd=auto -Ksimd_packed_promotion
                          -Ksimd_reduction_product -Ksimd_reg_size=512
                          -Ksimd_nouncounted_loop
                          -Ksimd_use_multiple_structures -Knostriping
                          -Knosubscript_opt -Kswp -Kswp_freg_rate=100
                          -Kswp_ireg_rate=100 -Kswp_preg_rate=100
                          -Kswp_policy=auto -Ktemparraystack -Kunroll
                          -Knounroll_and_jam -Knozfill
                          -Kopenmp -Kopenmp_noassume_norecurrence
                          -Kopenmp_nocollapse_except_innermost
                          -Kopenmp_noordered_reduction -Knoopenmp_simd
                          -Kthreadsafe -Kparallel -Kparallel_nofp_precision
                          -Knoarray_private -Knodynamic_iteration -Kreduction
                          -Kregion_extension
                          -Nallextput -Nnoalloc_assign
                          -Ncancel_overtime_compilation -Nnocheck_global
                          -Nnocoarray -Nnocompdisp -Nnocopyarg -Nnocoverage
                          -Nfjprof -Nfreealloc -Nf90move -Nnohook_func
                          -Nnohook_time -Nlibomp -Nline -Nlst -Nlst=a -Nlst=d
                          -Nlst=i -Nlst=p -Nlst=t -Nlst=x -Nnomallocfree
                          -Nnoobsfun -Nnoprivatealloc -Nquickdbg=noargchk
                          -Nquickdbg=nosubchk -Nquickdbg=noundef -NRnotrap
                          -Nnorecursive -Nnoreordered_variable_stack
                          -Nrt_notune -Nnosave -Nsetvalue=noheap
                          -Nsetvalue=nostack -Nsetvalue=noscalar
                          -Nsetvalue=noarray -Nsetvalue=nostruct -Nuse_rodata

 External subroutine subprogram "coszenpm"
  (inc)(line-no.)(nest)(optimize)
               1                           subroutine coszenpm ( nx,my,my_max,julian,solhr,sinl,cosl,xlonr,prad, &
               2                                                 slag,sdec,cdec,cosz)
               3                     !
               4                     !     compute cos(zenith angle) from day, zulu-time, alat and alon
               5                     !     for global model only ( alat(my),  alon(nx,my) )
               6                     !
               7                     !     process a mean cos within a period of time
               8                     !
               9                     !     prad : the time interval to call radiation ( unit: hr )
              10                     !
              11                     ! modify to f90 in 2015 by C-H Lee and sort by River Chen in 2015
              12                     !
              13                           use index
              14                     
              15                           implicit  none
              16                           integer   nx,my,julian,jj,i,j,nxj,it,my_max,ii
              17                           real      sinl(my),cosl(my),xlonr(nxp,my_max),cosz(nxp,my_max)
              18                           real      solhr,pi,d2r,prad,pid
              19                     !      real      timex,prad,dlon,sinz0,cosz0
              20                     !      real      timeg,plon,hourg
              21                           real      slag,sdec,cdec,ss,cc,cns,solang,rstp
              22                     !
              23                           real      coszen(nxp),coszdg(nxp),rst,coszn
              24                           integer   istsun(nxp),nst
              25                     
              26                     !
              27                           pi = 4.*atan(1.0)
              28                     !      d2r = pi/180.0
              29                     !      beta = 2.*pi*julian/365.
              30                           nst = 6
              31                           pid = pi / 12.
              32                           rst = prad / float(nst-1)
              33                     
              34                           solang = solhr - 12.         ! solar angle at present time
              35                     !      rstp = 1.0 / float(nst)
              36                     
              37                     
              38                     
                                   <<< Loop-information Start >>>
                                   <<<  [OPTIMIZATION]
                                   <<<    PREFETCH(HARD) Expected by compiler :
                                   <<<      istsun, coszen, cosz
                                   <<< Loop-information  End >>>
              39     1                     do jj = 1, jlistnum
              40     1                       j   = jlist1(jj)
              41     1                       nxj = nxdef_2d(j)
              42     1                       ii  = nxjstart(j)
              43     1                       ss  = sinl(j) * sdec
              44     1                       cc  = cosl(j) * cdec
                                   <<< Loop-information Start >>>
                                   <<<  [PARALLELIZATION]
                                   <<<    Standard iteration count: 1000
                                   <<<  [OPTIMIZATION]
                                   <<<    SIMD(VL: 8)
                                   <<<    PREFETCH(HARD) Expected by compiler :
                                   <<<      istsun, coszen, cosz
                                   <<< Loop-information  End >>>
              45     2  pp   2v              do i = 1, nxj
              46     2   p   2v                cosz(i,jj)= 0.0
              47     2   p   2v                coszen(i) = 0.0
              48     2   p   2v                istsun(i) = 0
              49     2   p   2v              enddo
              50     1               
                                   <<< Loop-information Start >>>
                                   <<<  [OPTIMIZATION]
                                   <<<    PREFETCH(HARD) Expected by compiler :
                                   <<<      xlonr, coszen, istsun
                                   <<< Loop-information  End >>>
              51     2                       do it = 1, nst
              52     2                         cns = pid * ( solang + float(it-1)*rst ) + slag
                                   <<< Loop-information Start >>>
                                   <<<  [PARALLELIZATION]
                                   <<<    Standard iteration count: 42
                                   <<<  [OPTIMIZATION]
                                   <<<    SIMD(VL: 8)
                                   <<<    SOFTWARE PIPELINING(IPC: 0.69, ITR: 48, MVE: 3, POL: S)
                                   <<<    PREFETCH(HARD) Expected by compiler :
                                   <<<      xlonr, coszen, istsun
                                   <<< Loop-information  End >>>
              53     3  pp    v                do i = 1, nxj
              54     3   p    v                  coszn = ss + cc * cos(cns + xlonr(i,jj))
              55     3   p    v                  coszen(i) = coszen(i) + max(0.0, coszn)
              56     3   p    v                  if (coszn > 0.0001) istsun(i) = istsun(i) + 1
              57     3   p    v                enddo
              58     2                       enddo
              59     1               
              60     1               !  --- ...  compute time averages
              61     1               
                                   <<< Loop-information Start >>>
                                   <<<  [PARALLELIZATION]
                                   <<<    Standard iteration count: 534
                                   <<<  [OPTIMIZATION]
                                   <<<    SIMD(VL: 8)
                                   <<<    SOFTWARE PIPELINING(IPC: 0.43, ITR: 48, MVE: 2, POL: S)
                                   <<<    PREFETCH(HARD) Expected by compiler :
                                   <<<      istsun, coszen, cosz
                                   <<< Loop-information  End >>>
              62     2  pp   2v              do i = 1, nxj
              63     2               !          coszdg(i) = coszen(i) * rstp
              64     2   p   2v                if (istsun(i) > 0) cosz(i,jj) = coszen(i) / istsun(i)
              65     2   p   2v              enddo
              66     1                     enddo
              67                     
              68                     !      xlat = 0.006918 - 0.399912*cos(beta) + 0.070257*sin(beta)         &
              69                     !           - 0.006758*cos(2.*beta) + 0.000907*sin(2.*beta)              &
              70                     !           - 0.002697*cos(3.*beta) + 0.001480*sin(3.*beta)
              71                     !      sinxl = sin(xlat)
              72                     !      cosxl = cos(xlat)
              73                     
              74                     !      hdif = 0.000075 + 0.001868*cos(beta) - 0.032077*sin(beta)         &
              75                     !           - 0.014615*cos(2.*beta) - 0.040849*sin(2.*beta)
              76                     !      sinxl = sdec
              77                     !      cosxl = cdec
              78                     !      hdif  = slag
              79                     !
              80                     !      do 200 jj = 1, jlistnum
              81                     
              82                     !       j=jlist1(jj)
              83                     !       nxj=nxdef_2d(j)
              84                     !       ii=nxjstart(j)
              85                     !      dlon = 360./float(nxj)
              86                     !       sinz0  = sinxl*sinl(j)
              87                     !       cosz0  = cosxl*cosl(j)
              88                     
              89                     !       do i=1,nxj
              90                     !          istsun(i)=0
              91                     !          coszen(i)=0.0
              92                     !       enddo
              93                     !
              94                     !       do 100 it=1,nst
              95                     !          timex = time+rst*float(it-1)
              96                     !          timex = mod ( timex, 24. )
              97                     !          dtzu = timex - 12.0
              98                     !          if(dtzu .lt. 0.) dtzu=dtzu+24.
              99                     !
             100                     !        do 100 i = 1, nxj
             101                     !           plon =  alon(ii,jj)
             102                     !           if (plon .lt. 0.)plon=plon+360.
             103                     !           timeg = (dtzu*15.0 + plon) * d2r
             104                     !           hourg = timeg + hdif
             105                     !           coszn = cosz0*cos(hourg) + sinz0
             106                     !           if (coszn > 0.0001) istsun(i)=istsun(i)+1
             107                     !           coszen(i) = coszen(i)+ max(0.0,coszn)
             108                     !           ii=ii+1
             109                     !  100   continue
             110                     
             111                     !        do 150 i = 1, nxj
             112                     !           coszdg(i)=coszen(i)/float(nst)
             113                     !           cosz(i,jj)=coszen(i)
             114                     !           if (istsun(i) > 0 ) cosz(i,jj)=coszen(i)/float(istsun(i))
             115                     !  150   continue
             116                     !  200 continue
             117                     !
             118                           return
             119                           end

 Procedure information
   Lines      : 119
   Statements : 39
   Stack(byte): 1632
   Prefetch num: 0

 Scoping unit of external sub-program : coszenpm
   Attribute and Cross reference of name
     atan
      |(Class and Type) : intrinsic function name, REAL(8)
      |(Attributes)     : PURE, ELEMENTAL
      |(Declaration)    : 
      |(Definition)     : 
      |(Reference)      : 27
     cc
      |(Class and Type) : variable name, REAL(8)
      |(Attributes)     : 
      |(Declaration)    : 21
      |(Definition)     : 44
      |(Reference)      : 54
     cdec
      |(Class and Type) : variable name, REAL(8)
      |(Attributes)     : dummy-argument
      |(Declaration)    : 1  21
      |(Definition)     : 
      |(Reference)      : 44
     cns
      |(Class and Type) : variable name, REAL(8)
      |(Attributes)     : 
      |(Declaration)    : 21
      |(Definition)     : 52
      |(Reference)      : 54
     cos
      |(Class and Type) : intrinsic function name, REAL(8)
      |(Attributes)     : PURE, ELEMENTAL
      |(Declaration)    : 
      |(Definition)     : 
      |(Reference)      : 54
     cosl
      |(Class and Type) : variable name, REAL(8)
      |(Attributes)     : DIMENSION, dummy-argument
      |(Declaration)    : 1  17
      |(Definition)     : 
      |(Reference)      : 44
     cosz
      |(Class and Type) : variable name, REAL(8)
      |(Attributes)     : DIMENSION, dummy-argument
      |(Declaration)    : 1  17
      |(Definition)     : 46  64
      |(Reference)      : 
     coszdg
      |(Class and Type) : variable name, REAL(8)
      |(Attributes)     : DIMENSION
      |(Declaration)    : 23
      |(Definition)     : 
      |(Reference)      : 
     coszen
      |(Class and Type) : variable name, REAL(8)
      |(Attributes)     : DIMENSION
      |(Declaration)    : 23
      |(Definition)     : 47  55
      |(Reference)      : 55  64
     coszenpm
      |(Class and Type) : external subroutine name
      |(Attributes)     : 
      |(Declaration)    : 
      |(Definition)     : 1
      |(Reference)      : 
     coszn
      |(Class and Type) : variable name, REAL(8)
      |(Attributes)     : 
      |(Declaration)    : 23
      |(Definition)     : 54
      |(Reference)      : 55  56
     d2r
      |(Class and Type) : variable name, REAL(8)
      |(Attributes)     : 
      |(Declaration)    : 18
      |(Definition)     : 
      |(Reference)      : 
     float
      |(Class and Type) : intrinsic function name, REAL(8)
      |(Attributes)     : PURE, ELEMENTAL
      |(Declaration)    : 
      |(Definition)     : 
      |(Reference)      : 32  52
     i
      |(Class and Type) : variable name, INTEGER(4)
      |(Attributes)     : 
      |(Declaration)    : 16
      |(Definition)     : 45  53  62
      |(Reference)      : 46  47  48  54  55  55  56  56  64  64  64  64
     ii
      |(Class and Type) : variable name, INTEGER(4)
      |(Attributes)     : 
      |(Declaration)    : 16
      |(Definition)     : 42
      |(Reference)      : 
     index
      |(Class and Type) : module name
      |(Attributes)     : 
      |(Declaration)    : 
      |(Definition)     : 
      |(Reference)      : 13
     istsun
      |(Class and Type) : variable name, INTEGER(4)
      |(Attributes)     : DIMENSION
      |(Declaration)    : 24
      |(Definition)     : 48  56
      |(Reference)      : 56  64  64
     it
      |(Class and Type) : variable name, INTEGER(4)
      |(Attributes)     : 
      |(Declaration)    : 16
      |(Definition)     : 51
      |(Reference)      : 52
     j
      |(Class and Type) : variable name, INTEGER(4)
      |(Attributes)     : 
      |(Declaration)    : 16
      |(Definition)     : 40
      |(Reference)      : 41  42  43  44
     jj
      |(Class and Type) : variable name, INTEGER(4)
      |(Attributes)     : 
      |(Declaration)    : 16
      |(Definition)     : 39
      |(Reference)      : 40  46  54  64
     jlist1
      |(Class and Type) : variable name, INTEGER(4)
      |(Attributes)     : ALLOCATABLE, DIMENSION, SAVE, use-associated
      |(Declaration)    : 
      |(Definition)     : 
      |(Reference)      : 40
     jlistnum
      |(Class and Type) : variable name, INTEGER(4)
      |(Attributes)     : common-block-object, use-associated
      |(Declaration)    : 
      |(Definition)     : 
      |(Reference)      : 39
     julian
      |(Class and Type) : variable name, INTEGER(4)
      |(Attributes)     : dummy-argument
      |(Declaration)    : 1  16
      |(Definition)     : 
      |(Reference)      : 
     max
      |(Class and Type) : intrinsic function name, REAL(8)
      |(Attributes)     : PURE, ELEMENTAL
      |(Declaration)    : 
      |(Definition)     : 
      |(Reference)      : 55
     my
      |(Class and Type) : variable name, INTEGER(4)
      |(Attributes)     : dummy-argument
      |(Declaration)    : 1  16
      |(Definition)     : 
      |(Reference)      : 17  17
     my_max
      |(Class and Type) : variable name, INTEGER(4)
      |(Attributes)     : dummy-argument
      |(Declaration)    : 1  16
      |(Definition)     : 
      |(Reference)      : 17  17
     nst
      |(Class and Type) : variable name, INTEGER(4)
      |(Attributes)     : 
      |(Declaration)    : 24
      |(Definition)     : 30
      |(Reference)      : 32  51
     nx
      |(Class and Type) : variable name, INTEGER(4)
      |(Attributes)     : dummy-argument
      |(Declaration)    : 1  16
      |(Definition)     : 
      |(Reference)      : 
     nxdef_2d
      |(Class and Type) : variable name, INTEGER(4)
      |(Attributes)     : ALLOCATABLE, DIMENSION, SAVE, use-associated
      |(Declaration)    : 
      |(Definition)     : 
      |(Reference)      : 41
     nxj
      |(Class and Type) : variable name, INTEGER(4)
      |(Attributes)     : 
      |(Declaration)    : 16
      |(Definition)     : 41
      |(Reference)      : 45  53  62
     nxjstart
      |(Class and Type) : variable name, INTEGER(4)
      |(Attributes)     : ALLOCATABLE, DIMENSION, SAVE, use-associated
      |(Declaration)    : 
      |(Definition)     : 
      |(Reference)      : 42
     nxp
      |(Class and Type) : variable name, INTEGER(4)
      |(Attributes)     : common-block-object, use-associated
      |(Declaration)    : 
      |(Definition)     : 
      |(Reference)      : 17  17  23  23  24
     pi
      |(Class and Type) : variable name, REAL(8)
      |(Attributes)     : 
      |(Declaration)    : 18
      |(Definition)     : 27
      |(Reference)      : 31
     pid
      |(Class and Type) : variable name, REAL(8)
      |(Attributes)     : 
      |(Declaration)    : 18
      |(Definition)     : 31
      |(Reference)      : 52
     prad
      |(Class and Type) : variable name, REAL(8)
      |(Attributes)     : dummy-argument
      |(Declaration)    : 1  18
      |(Definition)     : 
      |(Reference)      : 32
     rst
      |(Class and Type) : variable name, REAL(8)
      |(Attributes)     : 
      |(Declaration)    : 23
      |(Definition)     : 32
      |(Reference)      : 52
     rstp
      |(Class and Type) : variable name, REAL(8)
      |(Attributes)     : 
      |(Declaration)    : 21
      |(Definition)     : 
      |(Reference)      : 
     sdec
      |(Class and Type) : variable name, REAL(8)
      |(Attributes)     : dummy-argument
      |(Declaration)    : 1  21
      |(Definition)     : 
      |(Reference)      : 43
     sinl
      |(Class and Type) : variable name, REAL(8)
      |(Attributes)     : DIMENSION, dummy-argument
      |(Declaration)    : 1  17
      |(Definition)     : 
      |(Reference)      : 43
     slag
      |(Class and Type) : variable name, REAL(8)
      |(Attributes)     : dummy-argument
      |(Declaration)    : 1  21
      |(Definition)     : 
      |(Reference)      : 52
     solang
      |(Class and Type) : variable name, REAL(8)
      |(Attributes)     : 
      |(Declaration)    : 21
      |(Definition)     : 34
      |(Reference)      : 52
     solhr
      |(Class and Type) : variable name, REAL(8)
      |(Attributes)     : dummy-argument
      |(Declaration)    : 1  18
      |(Definition)     : 
      |(Reference)      : 34
     ss
      |(Class and Type) : variable name, REAL(8)
      |(Attributes)     : 
      |(Declaration)    : 21
      |(Definition)     : 43
      |(Reference)      : 54
     xlonr
      |(Class and Type) : variable name, REAL(8)
      |(Attributes)     : DIMENSION, dummy-argument
      |(Declaration)    : 1  17
      |(Definition)     : 
      |(Reference)      : 54

 Total information
   Procedures       : 1
   Total lines      : 119
   Total statements : 39
   Total stack(byte): 1632
   Total prefetch num: 0

