
 Fujitsu Fortran Version 4.6.1  Tue Dec 19 11:04:27 2023

 Compilation information
   Current directory : /IFS/nwpr/gfs/xb169/code_update/tco639l72_sp/src
   Source file       : cududv.f90

 Option information
   Command line options : -Kident_mpi -f2004 -c -X9 -Free -CcdRR8 -Cpp -Kfast,parallel,openmp,ocl,autoobjstack -x- -fw -Knofp_relaxed -SSL2BLAMP -Kopenmp,parallel -DTIMING -DUSE_FFTW -DW3TAG -DGFDLMP_v2 -DSP -Ec -Nlst=a,lst=d,lst=i,lst=p,lst=t,lst=x -Koptmsg=2 -I. -I/users/xa09/pkg/fx1000/fftw-3.3.10/include -I/package/fx1000/netcdf-4.7.4/include -I/package/fx1000/g2lib-1.4.0_cwb/include -I/nwpr/gfs/xb157/CWBSUMc2/4cpl/components/coupler -I/nwpr/gfs/xb124/package/fx1000/MCT/include -DTIMCOMCPL -L/package/fx1000/netcdf-4.7.4/lib -lnetcdff -lnetcdf -L/package/fx1000/hdf5-1.10.7/lib -lhdf5_hl -lhdf5 -L/package/fx1000/dms/lib -lrdms -lgdbm -L/package/fx1000/operlib/lib -lnwp -L/users/xa09/pkg/fx1000/fftw-3.3.10/lib -lfftw3f_threads -lfftw3f -lfftw3_threads -lfftw3 -SSL2BLAMP -L/nwpr/gfs/xb124/CWBSUMc2/components/rsm/lib/cwb_mpmd -lmpmd -L/package/fx1000/g2lib-1.4.0_cwb/lib -lg2 -L/package/fx1000/libpng-1.6.37/lib -lpng -L/package/fx1000/jasper-1.900.1/lib -ljasper -L/nwpr/gfs/xb157/CWBSUMc2/4cpl/components/coupler -lcpl -L/nwpr/gfs/xb124/package/fx1000/MCT/lib -lmct -lmpeu -I/opt/FJSVxtclanga/.common/MELI025/include/mpi/fujitsu -I/opt/FJSVxtclanga/.common/MELI025/lib64 -Knointentopt
   Cpp options          : -DTIMING -DUSE_FFTW -DW3TAG -DGFDLMP_v2 -DSP -I. -I/users/xa09/pkg/fx1000/fftw-3.3.10/include -I/package/fx1000/netcdf-4.7.4/include -I/package/fx1000/g2lib-1.4.0_cwb/include -I/nwpr/gfs/xb157/CWBSUMc2/4cpl/components/coupler -I/nwpr/gfs/xb124/package/fx1000/MCT/include -DTIMCOMCPL -I/opt/FJSVxtclanga/.common/MELI025/include/mpi/fujitsu -I/opt/FJSVxtclanga/.common/MELI025/lib64 -Dunix -Dlinux -D__FUJITSU -D__FRT_major__=4 -D__FRT_minor__=6 -D__FRT_patchlevel__=1 -D__FRT_version__="4.6.1" -D__aarch64__ -D__unix -D_OPENMP=201511 -D__frt_version=800 -D__ARM_ARCH=8 -D__ARM_FEATURE_SVE -D__ELF__ -D__unix__ -D__linux__ -D__linux -Asystem(unix) -otmp
   Effective options    : -fw -g0 -AE -Ec -Free -O3 -X9
                          -CcdRR8 -x- -xaccept=nomodule_allocatable
                          -KA64FX -KARMV8_3_A -KSVE -Kalign_commons
                          -Kalign_loops -Knoarray_declaration_opt
                          -Kassume=noshortloop -Kassume=nomemory_bandwidth
                          -Kassume=notime_saving_compilation -Kauto
                          -Kautoobjstack -Knocalleralloc -Kcmodel=small
                          -Keval -Keval_noconcurrent -Knoextract_stride_store
                          -Knofenv_access -Kfp_contract -Knofp_relaxed
                          -Kfsimple -Kfz -Khpctag -Kilfunc=procedure
                          -Knointentopt -Klargepage -Kloop_blocking
                          -Kloop_fission -Kloop_nofission_stripmining
                          -Kloop_fission_threshold=50 -Kloop_fusion
                          -Kloop_interchange -Kloop_part_parallel
                          -Kloop_part_simd -Kloop_perfect_nest
                          -Kloop_noversioning -Knolto -Kmfunc=1 -Kocl
                          -Komitfp -Knooptlib_string -Koptmsg=2
                          -Knopc_relative_literal_loads -Kplt -Knopreex
                          -Kprefetch_noconditional -Kprefetch_noindirect
                          -Kprefetch_sequential=auto -Kprefetch_nostride
                          -Kprefetch_cache_level=all -Kprefetch_noinfer
                          -Kprefetch_strong -Kprefetch_strong_L2 -Knopreload
                          -Ksch_post_ra -Ksch_pre_ra -Ksibling_calls
                          -Ksimd=auto -Ksimd_packed_promotion
                          -Ksimd_reduction_product -Ksimd_reg_size=512
                          -Ksimd_nouncounted_loop
                          -Ksimd_use_multiple_structures -Knostriping
                          -Knosubscript_opt -Kswp -Kswp_freg_rate=100
                          -Kswp_ireg_rate=100 -Kswp_preg_rate=100
                          -Kswp_policy=auto -Ktemparraystack -Kunroll
                          -Knounroll_and_jam -Knozfill
                          -Kopenmp -Kopenmp_noassume_norecurrence
                          -Kopenmp_nocollapse_except_innermost
                          -Kopenmp_noordered_reduction -Knoopenmp_simd
                          -Kthreadsafe -Kparallel -Kparallel_nofp_precision
                          -Knoarray_private -Knodynamic_iteration -Kreduction
                          -Kregion_extension
                          -Nallextput -Nnoalloc_assign
                          -Ncancel_overtime_compilation -Nnocheck_global
                          -Nnocoarray -Nnocompdisp -Nnocopyarg -Nnocoverage
                          -Nfjprof -Nfreealloc -Nf90move -Nnohook_func
                          -Nnohook_time -Nlibomp -Nline -Nlst -Nlst=a -Nlst=d
                          -Nlst=i -Nlst=p -Nlst=t -Nlst=x -Nnomallocfree
                          -Nnoobsfun -Nnoprivatealloc -Nquickdbg=noargchk
                          -Nquickdbg=nosubchk -Nquickdbg=noundef -NRnotrap
                          -Nnorecursive -Nnoreordered_variable_stack
                          -Nrt_notune -Nnosave -Nsetvalue=noheap
                          -Nsetvalue=nostack -Nsetvalue=noscalar
                          -Nsetvalue=noarray -Nsetvalue=nostruct -Nuse_rodata

 External subroutine subprogram "cududv"
  (inc)(line-no.)(nest)(optimize)
               1                     !+ updates u and v tendencies, does global diagnostic of dissipation
               2                     !+ $Id: cududv.f90,v 1.3 1998/10/28 12:28:40 m214003 Exp $
               3                     
               4                     !SUBROUTINE cududv(klon,klev,klevp1,ktopm2,ktype,kcbot,paphp1, &
               5                     SUBROUTINE cududv(nxj,klon,klev,klevp1,ktopm2,ktype,kcbot,paphp1, &
               6                     &      ldcum,puen,pven,pvom,pvol,puu,pud,pvu,pvd,pmfu,pmfd,jin)
               7                     
               8                       ! Description:
               9                       !
              10                       ! Updates u and v tendencies, does global diagnostic of dissipation
              11                       !
              12                       ! Method:
              13                       !
              14                       ! *cududv* is called from *cumastr*
              15                       !
              16                       ! Authors:
              17                       !
              18                       ! M. Tiedtke, ECMWF, in July 1986, and December 1989, original source
              19                       ! L. Kornblueh, MPI, May 1998, f90 rewrite
              20                       ! U. Schulzweida, MPI, May 1998, f90 rewrite
              21                       !
              22                       ! for more details see file AUTHORS
              23                       !
              24                     
              25                       USE shr_kind_mod, only: r8 => shr_kind_r8
              26                       USE mo_constants, ONLY: g ! gravity acceleration
              27                     
              28                       IMPLICIT NONE
              29                     
              30                       !  Scalar arguments with intent(In):
              31                     !  INTEGER, INTENT (IN) :: klon, klev, klevp1, ktopm2
              32                       INTEGER, INTENT (IN) :: klon, nxj, klev, klevp1, ktopm2
              33                     
              34                       !  Array arguments with intent(In):
              35                       REAL(r8), INTENT (IN) :: paphp1(klon,klevp1), pmfd(klon,klev), pmfu(klon,klev), &
              36                     &           pud(klon,klev), puen(klon,klev), puu(klon,klev), pvd(klon,klev), &
              37                     &           pven(klon,klev), pvu(klon,klev)
              38                       INTEGER, INTENT (IN) :: kcbot(klon), ktype(klon)
              39                     
              40                     !CWB2016 debug
              41                     ! LOGICAL(r8), INTENT (IN) :: ldcum(klon)
              42                       LOGICAL    , INTENT (IN) :: ldcum(klon)
              43                     
              44                       !  Scalar arguments with intent(InOut):
              45                     
              46                       !  Array arguments with intent(InOut):
              47                       REAL(r8), INTENT (INOUT) :: pvol(klon,klev), pvom(klon,klev)
              48                     
              49                       !  Local scalars:
              50                       REAL(r8) :: zdudt, zdvdt, zsum, zzp
              51                       INTEGER :: ik, ikb, jk, jl, jin
              52                     
              53                       !  Local arrays:
              54                       REAL(r8) :: zdiss(klon), zmfdu(klon,klev), zmfdv(klon,klev), zmfuu(klon,klev), &
              55                     &      zmfuv(klon,klev)
              56                     
              57                       !  Intrinsic functions
              58                       INTRINSIC MERGE, SUM
              59                     
              60                     
              61                       !  Executable statements
              62                     
              63                     !-- 1. Calculate fluxes and update u and v tendencies
              64                     
                                   <<< Loop-information Start >>>
                                   <<<  [PARALLELIZATION]
                                   <<<    Standard iteration count: 2
                                   <<<  [OPTIMIZATION]
                                   <<<    PREFETCH(HARD) Expected by compiler :
                                   <<<      ldcum, puu, puen, pvu, pud, pven, pvd
                                   <<<      pmfu, pmfd, zmfuu, zmfuv, zmfdu, zmfdv
                                   <<< Loop-information  End >>>
              65     1  pp             DO jk = ktopm2, klev
              66     1   p               ik = jk - 1
              67     1               !    DO jl = 1, klon
                                   <<< Loop-information Start >>>
                                   <<<  [OPTIMIZATION]
                                   <<<    SIMD(VL: 8)
                                   <<<    SOFTWARE PIPELINING(IPC: 3.80, ITR: 80, MVE: 5, POL: S)
                                   <<<    PREFETCH(HARD) Expected by compiler :
                                   <<<      pvd, puu, ldcum, puen, pmfu, pvu, pven
                                   <<<      zmfuu, zmfuv, pud, pmfd, zmfdu, zmfdv
                                   <<< Loop-information  End >>>
              68     2   p    v          DO jl = 1, nxj
              69     3   p    v            IF (ldcum(jl)) THEN
              70     3   p    v              zmfuu(jl,jk) = pmfu(jl,jk)*(puu(jl,jk)-puen(jl,ik))
              71     3   p    v              zmfuv(jl,jk) = pmfu(jl,jk)*(pvu(jl,jk)-pven(jl,ik))
              72     3   p    v              zmfdu(jl,jk) = pmfd(jl,jk)*(pud(jl,jk)-puen(jl,ik))
              73     3   p    v              zmfdv(jl,jk) = pmfd(jl,jk)*(pvd(jl,jk)-pven(jl,ik))
              74     3   p    v            END IF
              75     2   p    v          END DO
              76     1   p             END DO
              77     1                 DO jk = ktopm2, klev
              78     1               !DIR$ IVDEP
              79     1               !OCL NOVREC
              80     1               !    DO jl = 1, klon
                                   <<< Loop-information Start >>>
                                   <<<  [PARALLELIZATION]
                                   <<<    Standard iteration count: 206
                                   <<<  [OPTIMIZATION]
                                   <<<    PREFETCH(HARD) Expected by compiler :
                                   <<<      ldcum
                                   <<< Loop-information  End >>>
              81     2  pp    s          DO jl = 1, nxj
              82     3   p    m            IF (ldcum(jl) .AND. jk>kcbot(jl)) THEN
              83     3   p    s              ikb = kcbot(jl)
              84     3   p    s              zzp = ((paphp1(jl,klevp1)-paphp1(jl,jk))/(paphp1(jl, &
              85     3               &            klevp1)-paphp1(jl,ikb)))
              86     3   p    s              zzp = MERGE(zzp**2,zzp,ktype(jl)==3)
              87     3   p    s              zmfuu(jl,jk) = zmfuu(jl,ikb)*zzp
              88     3   p    s              zmfuv(jl,jk) = zmfuv(jl,ikb)*zzp
              89     3   p    s              zmfdu(jl,jk) = zmfdu(jl,ikb)*zzp
              90     3   p    s              zmfdv(jl,jk) = zmfdv(jl,ikb)*zzp
              91     3   p    v            END IF
              92     2   p    v          END DO
              93     1                 END DO
              94                     
              95                     !  DO jl = 1, klon
                                   <<< Loop-information Start >>>
                                   <<<  [PARALLELIZATION]
                                   <<<    Standard iteration count: 2000
                                   <<<  [OPTIMIZATION]
                                   <<<    SIMD(VL: 8)
                                   <<<    PREFETCH(HARD) Expected by compiler :
                                   <<<      zdiss
                                   <<< Loop-information  End >>>
              96     1  pp   4v        DO jl = 1, nxj
              97     1   p   4v          zdiss(jl) = 0.
              98     1   p   4v        END DO
              99                     
             100                     !jwhwu 201210
                                   <<< Loop-information Start >>>
                                   <<<  [PARALLELIZATION]
                                   <<<    Standard iteration count: 7
                                   <<<  [OPTIMIZATION]
                                   <<<    SIMD(VL: 8)
                                   <<<    PREFETCH(HARD) Expected by compiler :
                                   <<<      pvol, pvom
                                   <<< Loop-information  End >>>
             101        pp   2v        pvom=0.
             102         p   2v        pvol=0.
             103                     !
                                   <<< Loop-information Start >>>
                                   <<<  [OPTIMIZATION]
                                   <<<    PREFETCH(HARD) Expected by compiler :
                                   <<<      ldcum, paphp1, zmfdu, zmfuu, zmfdv
                                   <<<      zmfuv, zdiss, puen, pven, pvom, pvol
                                   <<< Loop-information  End >>>
             104     1                 DO jk = ktopm2, klev
             105     1               
             106     2                   IF (jk<klev) THEN
             107     2               !      DO jl = 1, klon
                                   <<< Loop-information Start >>>
                                   <<<  [PARALLELIZATION]
                                   <<<    Standard iteration count: 208
                                   <<<  [OPTIMIZATION]
                                   <<<    SIMD(VL: 8)
                                   <<<    SOFTWARE PIPELINING(IPC: 1.19, ITR: 32, MVE: 2, POL: S)
                                   <<<    PREFETCH(HARD) Expected by compiler :
                                   <<<      zdiss, puen, paphp1, pven, zmfdu, zmfuu
                                   <<<      ldcum, zmfdv, zmfuv, pvom, pvol
                                   <<< Loop-information  End >>>
             108     3  pp    v            DO jl = 1, nxj
             109     4   p    v              IF (ldcum(jl)) THEN
             110     4   p    v                zdudt = (g/(paphp1(jl,jk+1)-paphp1(jl,jk)))*(zmfuu(jl,jk+1)-zmfuu( &
             111     4               &              jl,jk)+zmfdu(jl,jk+1)-zmfdu(jl,jk))
             112     4   p    v                zdvdt = (g/(paphp1(jl,jk+1)-paphp1(jl,jk)))*(zmfuv(jl,jk+1)-zmfuv( &
             113     4               &              jl,jk)+zmfdv(jl,jk+1)-zmfdv(jl,jk))
             114     4   p    v                zdiss(jl) = zdiss(jl) + puen(jl,jk)*(zmfuu(jl,jk+1)-zmfuu(jl,jk)+ &
             115     4               &              zmfdu(jl,jk+1)-zmfdu(jl,jk)) + pven(jl,jk)*(zmfuv(jl,jk+1)- &
             116     4               &              zmfuv(jl,jk)+zmfdv(jl,jk+1)-zmfdv(jl,jk))
             117     4               ! jwhwu 201209 for CWB, output tendency is for cumulus only
             118     4               !         pvom(jl,jk) = pvom(jl,jk) + zdudt
             119     4               !         pvol(jl,jk) = pvol(jl,jk) + zdvdt
             120     4   p    v                pvom(jl,jk) = zdudt
             121     4   p    v                pvol(jl,jk) = zdvdt
             122     4   p    v              END IF
             123     3   p    v            END DO
             124     2               
             125     2                   ELSE
             126     2               !      DO jl = 1, klon
                                   <<< Loop-information Start >>>
                                   <<<  [PARALLELIZATION]
                                   <<<    Standard iteration count: 254
                                   <<<  [OPTIMIZATION]
                                   <<<    SIMD(VL: 8)
                                   <<<    SOFTWARE PIPELINING(IPC: 0.87, ITR: 40, MVE: 3, POL: S)
                                   <<<    PREFETCH(HARD) Expected by compiler :
                                   <<<      zmfuv, zmfdv, paphp1, pven, zmfdu, zmfuu
                                   <<<      zdiss, puen, ldcum, pvom, pvol
                                   <<< Loop-information  End >>>
             127     3  pp    v            DO jl = 1, nxj
             128     4   p    v              IF (ldcum(jl)) THEN
             129     4   p    v                zdudt = -(g/(paphp1(jl,jk+1)-paphp1(jl,jk)))*(zmfuu(jl,jk)+zmfdu(jl &
             130     4               &              ,jk))
             131     4   p    v                zdvdt = -(g/(paphp1(jl,jk+1)-paphp1(jl,jk)))*(zmfuv(jl,jk)+zmfdv(jl &
             132     4               &              ,jk))
             133     4   p    v                zdiss(jl) = zdiss(jl) - (puen(jl,jk)*(zmfuu(jl,jk)+zmfdu(jl, &
             134     4               &              jk))+pven(jl,jk)*(zmfuv(jl,jk)+zmfdv(jl,jk)))
             135     4               ! jwhwu 201209 for CWB, output tendency is for cumulus only
             136     4               !         pvom(jl,jk) = pvom(jl,jk) + zdudt
             137     4               !         pvol(jl,jk) = pvol(jl,jk) + zdvdt
             138     4   p    v                pvom(jl,jk) = zdudt
             139     4   p    v                pvol(jl,jk) = zdvdt
             140     4   p    v              END IF
             141     3   p    v            END DO
             142     2               
             143     2                   END IF
             144     1                 END DO
             145                     
             146                     !  zsum = SUM(zdiss(1:klon))
             147                       zsum = SUM(zdiss(1:nxj))
             148                     
             149                       RETURN
             150                     END SUBROUTINE cududv

 Procedure information
   Lines      : 150
   Statements : 68
   Stack(byte): 2528
   Prefetch num: 0

 Scoping unit of external sub-program : cududv
   Attribute and Cross reference of name
     cududv
      |(Class and Type) : external subroutine name
      |(Attributes)     : 
      |(Declaration)    : 
      |(Definition)     : 5
      |(Reference)      : 150
     g
      |(Class and Type) : variable name, REAL(8)
      |(Attributes)     : use-associated
      |(Declaration)    : 
      |(Definition)     : 
      |(Reference)      : 26  110  112  129  131
     ik
      |(Class and Type) : variable name, INTEGER(4)
      |(Attributes)     : 
      |(Declaration)    : 51
      |(Definition)     : 66
      |(Reference)      : 70  71  72  73
     ikb
      |(Class and Type) : variable name, INTEGER(4)
      |(Attributes)     : 
      |(Declaration)    : 51
      |(Definition)     : 83
      |(Reference)      : 84  87  88  89  90
     jin
      |(Class and Type) : variable name, INTEGER(4)
      |(Attributes)     : dummy-argument
      |(Declaration)    : 5  51
      |(Definition)     : 
      |(Reference)      : 
     jk
      |(Class and Type) : variable name, INTEGER(4)
      |(Attributes)     : 
      |(Declaration)    : 51
      |(Definition)     : 65  77  104
      |(Reference)      : 66  70  70  70  71  71  71  72  72  72  73  73  73  82  84  87  88  89  90  106  110  110  110  110  110  110  112  112  112  112  112  112  114  114  114  114  114  114  114  114  114  114  120  121  129  129  129  129  131  131  131  131  133  133  133  133  133  133  138  139
     jl
      |(Class and Type) : variable name, INTEGER(4)
      |(Attributes)     : 
      |(Declaration)    : 51
      |(Definition)     : 68  81  96  108  127
      |(Reference)      : 69  70  70  70  70  71  71  71  71  72  72  72  72  73  73  73  73  82  82  83  84  84  84  84  86  87  87  88  88  89  89  90  90  97  109  110  110  110  110  110  110  112  112  112  112  112  112  114  114  114  114  114  114  114  114  114  114  114  114  120  121  128  129  129  129  129  131  131  131  131  133  133  133  133  133  133  133  133  138  139
     kcbot
      |(Class and Type) : variable name, INTEGER(4)
      |(Attributes)     : DIMENSION, INTENT(IN), dummy-argument
      |(Declaration)    : 5  38
      |(Definition)     : 
      |(Reference)      : 82  83
     klev
      |(Class and Type) : variable name, INTEGER(4)
      |(Attributes)     : INTENT(IN), dummy-argument
      |(Declaration)    : 5  32
      |(Definition)     : 
      |(Reference)      : 35  35  35  35  35  35  35  35  47  47  54  54  54  54  65  77  104  106
     klevp1
      |(Class and Type) : variable name, INTEGER(4)
      |(Attributes)     : INTENT(IN), dummy-argument
      |(Declaration)    : 5  32
      |(Definition)     : 
      |(Reference)      : 35  84  84
     klon
      |(Class and Type) : variable name, INTEGER(4)
      |(Attributes)     : INTENT(IN), dummy-argument
      |(Declaration)    : 5  32
      |(Definition)     : 
      |(Reference)      : 35  35  35  35  35  35  35  35  35  38  38  42  47  47  54  54  54  54  54
     ktopm2
      |(Class and Type) : variable name, INTEGER(4)
      |(Attributes)     : INTENT(IN), dummy-argument
      |(Declaration)    : 5  32
      |(Definition)     : 
      |(Reference)      : 65  77  104
     ktype
      |(Class and Type) : variable name, INTEGER(4)
      |(Attributes)     : DIMENSION, INTENT(IN), dummy-argument
      |(Declaration)    : 5  38
      |(Definition)     : 
      |(Reference)      : 86
     ldcum
      |(Class and Type) : variable name, LOGICAL(4)
      |(Attributes)     : DIMENSION, INTENT(IN), dummy-argument
      |(Declaration)    : 5  42
      |(Definition)     : 
      |(Reference)      : 69  82  109  128
     MERGE
      |(Class and Type) : intrinsic function name, REAL(8)
      |(Attributes)     : INTRINSIC, PURE, ELEMENTAL
      |(Declaration)    : 58
      |(Definition)     : 
      |(Reference)      : 86
     mo_constants
      |(Class and Type) : module name
      |(Attributes)     : 
      |(Declaration)    : 
      |(Definition)     : 
      |(Reference)      : 26
     nxj
      |(Class and Type) : variable name, INTEGER(4)
      |(Attributes)     : INTENT(IN), dummy-argument
      |(Declaration)    : 5  32
      |(Definition)     : 
      |(Reference)      : 68  81  96  108  127  147
     paphp1
      |(Class and Type) : variable name, REAL(8)
      |(Attributes)     : DIMENSION, INTENT(IN), dummy-argument
      |(Declaration)    : 5  35
      |(Definition)     : 
      |(Reference)      : 84  84  84  84  110  110  112  112  129  129  131  131
     pmfd
      |(Class and Type) : variable name, REAL(8)
      |(Attributes)     : DIMENSION, INTENT(IN), dummy-argument
      |(Declaration)    : 5  35
      |(Definition)     : 
      |(Reference)      : 72  73
     pmfu
      |(Class and Type) : variable name, REAL(8)
      |(Attributes)     : DIMENSION, INTENT(IN), dummy-argument
      |(Declaration)    : 5  35
      |(Definition)     : 
      |(Reference)      : 70  71
     pud
      |(Class and Type) : variable name, REAL(8)
      |(Attributes)     : DIMENSION, INTENT(IN), dummy-argument
      |(Declaration)    : 5  35
      |(Definition)     : 
      |(Reference)      : 72
     puen
      |(Class and Type) : variable name, REAL(8)
      |(Attributes)     : DIMENSION, INTENT(IN), dummy-argument
      |(Declaration)    : 5  35
      |(Definition)     : 
      |(Reference)      : 70  72  114  133
     puu
      |(Class and Type) : variable name, REAL(8)
      |(Attributes)     : DIMENSION, INTENT(IN), dummy-argument
      |(Declaration)    : 5  35
      |(Definition)     : 
      |(Reference)      : 70
     pvd
      |(Class and Type) : variable name, REAL(8)
      |(Attributes)     : DIMENSION, INTENT(IN), dummy-argument
      |(Declaration)    : 5  35
      |(Definition)     : 
      |(Reference)      : 73
     pven
      |(Class and Type) : variable name, REAL(8)
      |(Attributes)     : DIMENSION, INTENT(IN), dummy-argument
      |(Declaration)    : 5  35
      |(Definition)     : 
      |(Reference)      : 71  73  114  133
     pvol
      |(Class and Type) : variable name, REAL(8)
      |(Attributes)     : DIMENSION, INTENT(INOUT), dummy-argument
      |(Declaration)    : 5  47
      |(Definition)     : 102  121  139
      |(Reference)      : 
     pvom
      |(Class and Type) : variable name, REAL(8)
      |(Attributes)     : DIMENSION, INTENT(INOUT), dummy-argument
      |(Declaration)    : 5  47
      |(Definition)     : 101  120  138
      |(Reference)      : 
     pvu
      |(Class and Type) : variable name, REAL(8)
      |(Attributes)     : DIMENSION, INTENT(IN), dummy-argument
      |(Declaration)    : 5  35
      |(Definition)     : 
      |(Reference)      : 71
     r8
      |(Class and Type) : named constant, INTEGER(4)
      |(Attributes)     : use-associated
      |(Declaration)    : 
      |(Definition)     : 
      |(Reference)      : 25  35  47  50  54
     SUM
      |(Class and Type) : intrinsic function name, REAL(8)
      |(Attributes)     : INTRINSIC, PURE
      |(Declaration)    : 58
      |(Definition)     : 
      |(Reference)      : 147
     shr_kind_mod
      |(Class and Type) : module name
      |(Attributes)     : 
      |(Declaration)    : 
      |(Definition)     : 
      |(Reference)      : 25
     shr_kind_r8
      |(Class and Type) : use name
      |(Attributes)     : 
      |(Declaration)    : 
      |(Definition)     : 
      |(Reference)      : 25
     zdiss
      |(Class and Type) : variable name, REAL(8)
      |(Attributes)     : DIMENSION
      |(Declaration)    : 54
      |(Definition)     : 97  114  133
      |(Reference)      : 114  133  147
     zdudt
      |(Class and Type) : variable name, REAL(8)
      |(Attributes)     : 
      |(Declaration)    : 50
      |(Definition)     : 110  129
      |(Reference)      : 120  138
     zdvdt
      |(Class and Type) : variable name, REAL(8)
      |(Attributes)     : 
      |(Declaration)    : 50
      |(Definition)     : 112  131
      |(Reference)      : 121  139
     zmfdu
      |(Class and Type) : variable name, REAL(8)
      |(Attributes)     : DIMENSION
      |(Declaration)    : 54
      |(Definition)     : 72  89
      |(Reference)      : 89  110  110  114  114  129  133
     zmfdv
      |(Class and Type) : variable name, REAL(8)
      |(Attributes)     : DIMENSION
      |(Declaration)    : 54
      |(Definition)     : 73  90
      |(Reference)      : 90  112  112  114  114  131  133
     zmfuu
      |(Class and Type) : variable name, REAL(8)
      |(Attributes)     : DIMENSION
      |(Declaration)    : 54
      |(Definition)     : 70  87
      |(Reference)      : 87  110  110  114  114  129  133
     zmfuv
      |(Class and Type) : variable name, REAL(8)
      |(Attributes)     : DIMENSION
      |(Declaration)    : 54
      |(Definition)     : 71  88
      |(Reference)      : 88  112  112  114  114  131  133
     zsum
      |(Class and Type) : variable name, REAL(8)
      |(Attributes)     : 
      |(Declaration)    : 50
      |(Definition)     : 147
      |(Reference)      : 
     zzp
      |(Class and Type) : variable name, REAL(8)
      |(Attributes)     : 
      |(Declaration)    : 50
      |(Definition)     : 84  86
      |(Reference)      : 86  86  87  88  89  90

 Total information
   Procedures       : 1
   Total lines      : 150
   Total statements : 68
   Total stack(byte): 2528
   Total prefetch num: 0

