
 Fujitsu Fortran Version 4.6.1  Wed Jan 17 08:41:46 2024

 Compilation information
   Current directory : /IFS/nwpr/gfs/xb169/code_update/tco639l72_sp/src
   Source file       : gscondp.f90

 Option information
   Command line options : -Kident_mpi -f2004 -c -X9 -Free -CcdRR8 -Cpp -Kfast,parallel,openmp,ocl,autoobjstack -x- -fw -Knofp_relaxed -SSL2BLAMP -Kopenmp,parallel -DTIMING -DUSE_FFTW -DW3TAG -DGFDLMP_v2 -DSP -Ec -Nlst=a,lst=d,lst=i,lst=p,lst=t,lst=x -Koptmsg=2 -I. -I/users/xa09/pkg/fx1000/fftw-3.3.10/include -I/package/fx1000/netcdf-4.7.4/include -I/package/fx1000/g2lib-1.4.0_cwb/include -I/nwpr/gfs/xb157/CWBSUMc2/4cpl/components/coupler -I/nwpr/gfs/xb124/package/fx1000/MCT/include -DTIMCOMCPL -Knosimd -I/opt/FJSVxtclanga/.common/MELI025/include/mpi/fujitsu -I/opt/FJSVxtclanga/.common/MELI025/lib64 -Knointentopt
   Cpp options          : -DTIMING -DUSE_FFTW -DW3TAG -DGFDLMP_v2 -DSP -I. -I/users/xa09/pkg/fx1000/fftw-3.3.10/include -I/package/fx1000/netcdf-4.7.4/include -I/package/fx1000/g2lib-1.4.0_cwb/include -I/nwpr/gfs/xb157/CWBSUMc2/4cpl/components/coupler -I/nwpr/gfs/xb124/package/fx1000/MCT/include -DTIMCOMCPL -I/opt/FJSVxtclanga/.common/MELI025/include/mpi/fujitsu -I/opt/FJSVxtclanga/.common/MELI025/lib64 -Dunix -Dlinux -D__FUJITSU -D__FRT_major__=4 -D__FRT_minor__=6 -D__FRT_patchlevel__=1 -D__FRT_version__="4.6.1" -D__aarch64__ -D__unix -D_OPENMP=201511 -D__frt_version=800 -D__ARM_ARCH=8 -D__ARM_FEATURE_SVE -D__ELF__ -D__unix__ -D__linux__ -D__linux -Asystem(unix) -otmp
   Effective options    : -fw -g0 -AE -Ec -Free -O3 -X9
                          -CcdRR8 -x- -xaccept=nomodule_allocatable
                          -KA64FX -KARMV8_3_A -KSVE -Kalign_commons
                          -Kalign_loops -Knoarray_declaration_opt
                          -Kassume=noshortloop -Kassume=nomemory_bandwidth
                          -Kassume=notime_saving_compilation -Kauto
                          -Kautoobjstack -Knocalleralloc -Kcmodel=small
                          -Keval -Keval_noconcurrent -Knoextract_stride_store
                          -Knofenv_access -Kfp_contract -Knofp_relaxed
                          -Kfsimple -Kfz -Khpctag -Kilfunc=procedure
                          -Knointentopt -Klargepage -Kloop_blocking
                          -Kloop_fission -Kloop_nofission_stripmining
                          -Kloop_fission_threshold=50 -Kloop_fusion
                          -Kloop_interchange -Kloop_part_parallel
                          -Kloop_nopart_simd -Kloop_perfect_nest
                          -Kloop_noversioning -Knolto -Kmfunc=1 -Kocl
                          -Komitfp -Knooptlib_string -Koptmsg=2
                          -Knopc_relative_literal_loads -Kplt -Knopreex
                          -Kprefetch_noconditional -Kprefetch_noindirect
                          -Kprefetch_sequential=auto -Kprefetch_nostride
                          -Kprefetch_cache_level=all -Kprefetch_noinfer
                          -Kprefetch_strong -Kprefetch_strong_L2 -Knopreload
                          -Ksch_post_ra -Ksch_pre_ra -Ksibling_calls -Knosimd
                          -Ksimd_nopacked_promotion
                          -Ksimd_noreduction_product -Ksimd_reg_size=512
                          -Ksimd_nouncounted_loop
                          -Ksimd_nouse_multiple_structures -Knostriping
                          -Knosubscript_opt -Kswp -Kswp_freg_rate=100
                          -Kswp_ireg_rate=100 -Kswp_preg_rate=100
                          -Kswp_policy=auto -Ktemparraystack -Kunroll
                          -Knounroll_and_jam -Knozfill
                          -Kopenmp -Kopenmp_noassume_norecurrence
                          -Kopenmp_nocollapse_except_innermost
                          -Kopenmp_noordered_reduction -Knoopenmp_simd
                          -Kthreadsafe -Kparallel -Kparallel_nofp_precision
                          -Knoarray_private -Knodynamic_iteration -Kreduction
                          -Kregion_extension
                          -Nallextput -Nnoalloc_assign
                          -Ncancel_overtime_compilation -Nnocheck_global
                          -Nnocoarray -Nnocompdisp -Nnocopyarg -Nnocoverage
                          -Nfjprof -Nfreealloc -Nf90move -Nnohook_func
                          -Nnohook_time -Nlibomp -Nline -Nlst -Nlst=a -Nlst=d
                          -Nlst=i -Nlst=p -Nlst=t -Nlst=x -Nnomallocfree
                          -Nnoobsfun -Nnoprivatealloc -Nquickdbg=noargchk
                          -Nquickdbg=nosubchk -Nquickdbg=noundef -NRnotrap
                          -Nnorecursive -Nnoreordered_variable_stack
                          -Nrt_notune -Nnosave -Nsetvalue=noheap
                          -Nsetvalue=nostack -Nsetvalue=noscalar
                          -Nsetvalue=noarray -Nsetvalue=nostruct -Nuse_rodata

 External subroutine subprogram "gscondp"
  (inc)(line-no.)(nest)(optimize)
               1                           subroutine gscondp (im,ix,km,dt,prsl,ps,q,cwm,t &
               2                           ,                  tp, qp, psp, tp1, qp1, psp1 &
               3                           ,                  u,deltaq, sup, lprnt, kdt)
               4                     !
               5                     !     ******************************************************************
               6                     !     *                                                                *
               7                     !     *  subroutine for grid-scale condensation & evaporation          *
               8                     !     *  for the mrf model at ncep.                                    *
               9                     !     *                                                                *
              10                     !     ******************************************************************
              11                     !     *                                                                *
              12                     !     *  created by:   q.  zhao         jan. 1995                      *
              13                     !     *  modified by:  h.-l. pan        sep. 1998                      *
              14                     !     *  modified by:  s. moorthi       aug. 1999, 2000                *
              15                     !     *                                                                *
              16                     !     *  references:                                                   *
              17                     !     *                                                                *
              18                     !     ******************************************************************
              19                     !----------------------------------------------------------------------
              20                     !----------------------------------------------------------------------
              21                     !
              22                     !      use namelist_def, only: nsdfi,fhdfi
              23                     
              24                           implicit none
              25                           real  psat, hvap, grav, hfus, ttp, rd, rv, cp, eps, epsm1, thgni
              26                           parameter(  psat = 6.1078e+2 )
              27                           parameter(  hvap = 2.5000e+6 )
              28                           parameter(  grav = 9.80665e+0 )
              29                           parameter(  hfus = 3.3358e+5 )
              30                           parameter(   ttp = 2.7316e+2 )
              31                           parameter(    rd = 2.8705e+2 )
              32                           parameter(    rv = 4.6150e+2 )
              33                           parameter(    cp = 1.0046e+3 )
              34                           parameter(   eps = rd/rv )
              35                           parameter( epsm1 = eps-1 )
              36                           parameter( thgni = -38.15 )
              37                           real fpvs
              38                     !
              39                           real                    g,    h1,   h2, h1000                  &
              40                           ,                     d00,  d125,  d5,   elwv, eliv            &
              41                           ,                     epsq, tm10,  eliw, arcp                  &
              42                           ,                     a1,   r,     cpr,  rcpr, rcp
              43                           parameter (h1=1.e0,       h2=2.e0,               h1000=1000.0  &
              44                           ,          d00=0.e0,      d125=.125e0,           d5=0.5e0      &
              45                           ,          a1=psat                                             &
              46                           ,          elwv=hvap,     eliv=hvap+hfus, g=grav               &
              47                           ,          epsq=2.e-12,   tm10=ttp-10.,   r=rd &
              48                           ,          cpr=cp*r,      rcpr=h1/cpr,    rcp=h1/cp)
              49                     !
              50                           real, parameter :: cons_0=0.0, cons_m15=-15.0
              51                     !
              52                           integer im, ix, km
              53                           real                  q(ix,km),    t(ix,km),    cwm(ix,km)     &
              54                     !      ,                     prsl(ix,km), ps(im), dt,  dtf &
              55                           ,                     prsl(ix,km), ps(im), dt                  &
              56                           ,                     tp(ix,km),   qp(ix,km),   psp(im)        &
              57                           ,                     tp1(ix,km),  qp1(ix,km),  psp1(im)       &
              58                           ,                     deltaq(ix,km),deltaqik
              59                            real                 qtmp,qwtmp,qtpd,qsc,usc
              60                            real, intent(in) ::  sup
              61                            logical iice
              62                     
              63                     !
              64                           real                   qi(im), qint(im), u(ix,km), ccrik, e0   &
              65                           ,                      cond,   rdt, us, cclimit, climit        &
              66                           ,                      u00b,   u00t, tmt0, tmt15, qik, cwmik   &
              67                           ,                 ai, bi, qw(im,km), u00ik, tik, pres, pp0, fi &
              68                           ,                      at, aq, ap, fiw, elv, qc, rqik          &
              69                           ,                      rqikk, tx1, tx2, tx3, es, qs            &
              70                           ,                      tsq, delq, condi, cone0, us00, ccrik1   &
              71                           ,                      aa, ab, ac, ad, ae, af, ag              &
              72                           ,                      el2orc, albycp, vprs(im)
              73                           integer iw(im,km), i, k, iwik, kdt
              74                           logical lprnt
              75                     !
              76                     !-----------------prepare constants for later uses-----------------
              77                     !
              78                     
              79                           el2orc = hvap*hvap / (rv*cp)
              80                           albycp = hvap / cp
              81                     !
              82                           rdt     = h1/dt
              83                           us      = h1
              84                           cclimit = 1.0e-3
              85                           climit  = 1.0e-20
              86                     !
                                   <<< Loop-information Start >>>
                                   <<<  [PARALLELIZATION]
                                   <<<    Standard iteration count: 1600
                                   <<<  [OPTIMIZATION]
                                   <<<    PREFETCH(HARD) Expected by compiler :
                                   <<<      iw
                                   <<< Loop-information  End >>>
              87     1  pp   4             do  i = 1, im
              88     1   p   4               iw(i,km) = d00
              89     1   p   4             enddo
              90                     !  the global qsat computation is done in Pa
                                   <<< Loop-information Start >>>
                                   <<<  [OPTIMIZATION]
                                   <<<    PREFETCH(HARD) Expected by compiler :
                                   <<<      (unknown)
                                   <<< Loop-information  End >>>
              91     1                     do i = 1, im
                                   <<< Loop-information Start >>>
                                   <<<  [PARALLELIZATION]
                                   <<<    Standard iteration count: 400
                                   <<<  [OPTIMIZATION]
                                   <<<    SOFTWARE PIPELINING(IPC: 0.30, ITR: 3, MVE: 2, POL: S)
                                   <<<    PREFETCH(HARD) Expected by compiler :
                                   <<<      (unknown)
                                   <<< Loop-information  End >>>
              92     2   m                 do k = 1, km
              93     2   p                     pres  = prsl(i,k)*h1000
              94     2   m                     qwtmp = min(pres, fpvs(t(i,k)))
              95     2   p                     qw(i,k) = eps * qwtmp / (pres + epsm1 * qwtmp)
              96     2   p                     qw(i,k) = max(qw(i,k),epsq)
              97     2   p                 enddo
              98     1                     enddo
              99                     !      if (tp(1,1) .lt. 1.) then
             100                     !        do k = 1, km
             101                     !          do i = 1, im
             102                     !            tp(i,k) = t(i,k)
             103                     !            qp(i,k) = max(q(i,k),epsq)
             104                     !            tp1(i,k) = t(i,k)
             105                     !            qp1(i,k) = max(q(i,k),epsq)
             106                     !          enddo
             107                     !        enddo
             108                     !        do i = 1, im
             109                     !          psp(i)  = ps(i)
             110                     !          psp1(i) = ps(i)
             111                     !        enddo
             112                     !        do k = 1, km
             113                     !          do i = 1, im
             114                     !            deltaq(i,k) = (1-u(i,k))*qw(i,k)
             115                     !          enddo
             116                     !        enddo
             117                     !      endif
             118     1                     if(kdt == 1) then
                                   <<< Loop-information Start >>>
                                   <<<  [PARALLELIZATION]
                                   <<<    Standard iteration count: 2
                                   <<<  [OPTIMIZATION]
                                   <<<    PREFETCH(HARD) Expected by compiler :
                                   <<<      t, q, tp, tp1, qp1, qp
                                   <<< Loop-information  End >>>
             119     2  pp                   do k = 1, km
                                   <<< Loop-information Start >>>
                                   <<<  [OPTIMIZATION]
                                   <<<    SOFTWARE PIPELINING(IPC: 2.00, ITR: 8, MVE: 2, POL: S)
                                   <<<    PREFETCH(HARD) Expected by compiler :
                                   <<<      t, q, tp, qp, tp1, qp1
                                   <<< Loop-information  End >>>
             120     3   p   2                 do i = 1, im
             121     3   p   2                   tp(i,k) = t(i,k)
             122     3   p   2                   qp(i,k) = max(q(i,k),epsq)
             123     3   p   2                   tp1(i,k) = t(i,k)
             124     3   p   2                   qp1(i,k) = max(q(i,k),epsq)
             125     3   p   2                 enddo
             126     2   p                   enddo
                                   <<< Loop-information Start >>>
                                   <<<  [PARALLELIZATION]
                                   <<<    Standard iteration count: 1143
                                   <<<  [OPTIMIZATION]
                                   <<<    SOFTWARE PIPELINING(IPC: 2.16, ITR: 10, MVE: 2, POL: S)
                                   <<<    PREFETCH(HARD) Expected by compiler :
                                   <<<      ps, psp, psp1
                                   <<< Loop-information  End >>>
             127     2  pp   2               do i = 1, im
             128     2   p   2                 psp(i)  = ps(i)
             129     2   p   2                 psp1(i) = ps(i)
             130     2   p   2               enddo
                                   <<< Loop-information Start >>>
                                   <<<  [PARALLELIZATION]
                                   <<<    Standard iteration count: 3
                                   <<<  [OPTIMIZATION]
                                   <<<    PREFETCH(HARD) Expected by compiler :
                                   <<<      u, qw, deltaq
                                   <<< Loop-information  End >>>
             131     2  pp                   do k = 1, km
                                   <<< Loop-information Start >>>
                                   <<<  [OPTIMIZATION]
                                   <<<    SOFTWARE PIPELINING(IPC: 4.00, ITR: 20, MVE: 3, POL: S)
                                   <<<    PREFETCH(HARD) Expected by compiler :
                                   <<<      u, deltaq, qw
                                   <<< Loop-information  End >>>
             132     3   p   2                 do i = 1, im
             133     3   p   2                   deltaq(i,k) = (1-u(i,k))*qw(i,k)
             134     3   p   2                 enddo
             135     2   p                   enddo
             136     1                     endif
             137                     !
             138                     !c*************************************************************
             139                     !c*******begining of  grid-scale condensation/evap. loop*******
             140                     !c*************************************************************
             141                     !
             142                     !     do k = km-1,2,-1
             143     1                     do k = km,1,-1
             144     1               !       vprs(:) = fpvs(t(:,k))       ! fpvs in pa
             145     1               !c-----------------------------------------------------------------------
             146     1               !c------------------qw, qi and qint--------------------------------------
                                   <<< Loop-information Start >>>
                                   <<<  [PARALLELIZATION]
                                   <<<    Standard iteration count: 220
                                   <<<  [OPTIMIZATION]
                                   <<<    UNSWITCHING
                                   <<<    PREFETCH(HARD) Expected by compiler :
                                   <<<      t, qw, q, cwm, deltaq, qi, qint
                                   <<< Loop-information  End >>>
             147     2  pp                   do i = 1, im
             148     2   p                     tmt0  = t(i,k)-273.16
             149     2   p                     tmt15 = min(tmt0,cons_m15)
             150     2   p                     qik   = max(q(i,k),epsq)
             151     2   p                     cwmik = max(cwm(i,k),climit)
             152     2   p                     deltaqik = deltaq(i,k)
             153     2   p                     qi(i)   = qw(i,k)
             154     2   p                     qint(i) = qw(i,k)
             155     2               !         if (tmt0 .le. -40.) qint(i) = qi(i)
             156     2               !c-------------------ice-water id number iw------------------------------
             157     3   p                     if(tmt0 < -15.0) then
             158     3   p                       u00ik = u(i,k)
             159     3   p                       fi = qik + deltaqik -qi(i)
             160     4   p                       if(fi > d00.or.cwmik > climit) then
             161     4   p                          iw(i,k) = 1
             162     4   p                       else
             163     4   p                         iw(i,k) = 0
             164     4   p                       end if
             165     3   p                     end if
             166     2               !
             167     3   p                     if(tmt0 >= 0.0) then
             168     3   p                       iw(i,k) = 0
             169     3   p                     end if
             170     2               !
             171     3   p                     if (tmt0 < 0.0 .and. tmt0 >= -15.0) then
             172     3   p                       iw(i,k) = 0
             173     4   p                       if (k < km) then
             174     4   p                       if (iw(i,k+1) == 1 .and. cwmik > climit) iw(i,k) = 1
             175     4   p                       endif
             176     3   p                     end if
             177     2   p                   enddo
             178     1               !c--------------condensation and evaporation of cloud--------------------
                                   <<< Loop-information Start >>>
                                   <<<  [OPTIMIZATION]
                                   <<<    PREFETCH(HARD) Expected by compiler :
                                   <<<      q, t, cwm, prsl, u, deltaq, psp1, ps
                                   <<<      tp1, qp1, iw, qint, qi
                                   <<<    SPILLS :
                                   <<<      GENERAL   : SPILL 7  FILL 14
                                   <<<      SIMD&FP   : SPILL 19  FILL 34
                                   <<<      SCALABLE  : SPILL 0  FILL 0
                                   <<<      PREDICATE : SPILL 0  FILL 0
                                   <<< Loop-information  End >>>
             179     2   s                   do i = 1, im
             180     2               !c------------------------at, aq and dp/dt-------------------------------
             181     2   p                     qik   = max(q(i,k),epsq)
             182     2   p                     cwmik = max(cwm(i,k),climit)
             183     2   p                     iwik  = iw(i,k)
             184     2   p                     u00ik = u(i,k)
             185     2   p                     iice = .false.
             186     2   p                     deltaqik = deltaq(i,k)
             187     2   p                     tik   = t(i,k)
             188     2   p                     pres  = prsl(i,k) * h1000
             189     2   p                     pp0   = (pres / ps(i)) * psp1(i)
             190     2   p                     at    = (tik-tp1(i,k)) * rdt
             191     2   p                     aq    = (qik-qp1(i,k)) * rdt
             192     2   p                     ap    = (pres-pp0)    * rdt
             193     3   p                     if(tik - 273.16 < thgni) then  ! has to be consistent with radiation
             194     3   p                       iice = .true.
             195     3   p                     endif
             196     2               !c----------------the satuation specific humidity------------------------
             197     2   p                     fiw   = float(iwik)
             198     2   p                     elv   = (h1-fiw)*elwv    + fiw*eliv
             199     2   p                     qc    = (h1-fiw)*qint(i) + fiw*qi(i)
             200     2               !     if (lprnt) print *,' qc=',qc,' qint=',qint(i),' qi=',qi(i)
             201     2               !c----------------the relative humidity----------------------------------
             202     3   p                     if(qc <= 1.0e-10) then
             203     3   p                       rqik=d00
             204     3   p                     else
             205     3   p                       rqik = qik/qc
             206     3   p                     endif
             207     3   p                     if(iice) then
             208     3   p                       qsc = qc * sup
             209     3   p                       usc = sup
             210     3   p                     else
             211     3   p                       qsc = qc
             212     3   p                       usc = us
             213     3   p                     endif
             214     2               !c----------------cloud cover ratio ccrik--------------------------------
             215     3   p                      if(rqik >= usc) then
             216     3   p                         ccrik = us
             217     3   p                      else
             218     3   p                         qtmp = qik + cwmik -qsc
             219     4   p                         if(deltaqik > epsq) then
             220     5   p                           if(qtmp <= -deltaqik) then
             221     5   p                             ccrik = d00
             222     5   p                           elseif(qtmp >= deltaqik) then
             223     5   p                             ccrik = us
             224     5   p                           else
             225     5   p                             ccrik = 0.5 * qtmp / deltaqik + 0.5
             226     5   p                             ccrik = max(ccrik, 0.)
             227     5   p                             ccrik = min(ccrik, 1.)
             228     5   p                           endif
             229     4   p                         else
             230     5   p                           if(qtmp > 0.) then
             231     5   p                             ccrik = us
             232     5   p                           else
             233     5   p                             ccrik = d00
             234     5   p                           endif
             235     4   p                         endif
             236     3   p                      endif
             237     2               !c-----------correct ccr if it is too small in large cwm regions--------
             238     2               !         if(ccrik.ge.0.01.and.ccrik.le.0.2.and
             239     2               !    &          .cwmik.ge.0.2e-3) then
             240     2               !          ccrik=min(1.0,cwmik*1.0e3)
             241     2               !         end if
             242     2               !c----------------------------------------------------------------------
             243     2               !   if no cloud exists then evaporate any existing cloud condensate
             244     2               !c----------------evaporation of cloud water-----------------------------
             245     2   p                     e0 = d00
             246     3   p                     if (ccrik <= cclimit.and.cwmik > climit) then
             247     3               !
             248     3               !   first iteration - increment halved
             249     3               !
             250     3   s                       tx1 = tik
             251     3   p                       tx3 = qik
             252     3               
             253     3   s                       es   = min(pres, fpvs(tx1))
             254     3   s                       qs   = eps * es / (pres + epsm1*es)
             255     4   s                       if(qs < cons_0) then
             256     4   s                         print*, 'warning : qs - deltaqik < 0.0'
             257     4   s                         print*, 'qs, deltaqik:',qs,deltaqik
             258     4   p                       endif
             259     3   s                       tsq  = tx1 * tx1
             260     3   s                       delq = 0.5*(qs-deltaqik-tx3)*tsq / (tsq + el2orc*qs)
             261     3               !
             262     3   p                       tx2   = delq
             263     3   s                       tx1   = tx1 - delq * albycp
             264     3   s                       tx3   = tx3 + delq
             265     3               !
             266     3               !   second iteration
             267     3               !
             268     3   s                       es   = min(pres, fpvs(tx1))
             269     3   s                       qs   = eps * es / (pres + epsm1*es)
             270     4   s                       if(qs < cons_0) then
             271     4   s                         print*, 'warning : qs - deltaqik < 0.0'
             272     4   s                         print*, 'qs, deltaqik:',qs,deltaqik
             273     4   p                       endif
             274     3   s                       tsq  = tx1 * tx1
             275     3   s                       delq = (qs-deltaqik-tx3)*tsq / (tsq + el2orc * qs)
             276     3               !
             277     3   p                       tx2  = tx2 + delq
             278     3   s                       tx1  = tx1 - delq * albycp
             279     3   p                       tx3  = tx3 + delq
             280     3               !
             281     3               !   third iteration
             282     3               !
             283     3   s                       es   = min(pres, fpvs(tx1))
             284     3   s                       qs   = eps * es / (pres + epsm1*es)
             285     4   s                       if(qs < cons_0) then
             286     4   s                         print*, 'warning : qs - deltaqik < 0.0'
             287     4   s                         print*, 'qs, deltaqik:',qs,deltaqik
             288     4   p                       endif
             289     3   s                       tsq  = tx1 * tx1
             290     3   p                       delq = (qs-deltaqik-tx3)*tsq / (tsq + el2orc * qs)
             291     3               
             292     3   p                       tx2 = tx2 + delq
             293     3               
             294     3   p                       e0 = max(tx2*rdt, cons_0)
             295     3   p                       e0 = min(cwmik*rdt,   e0)
             296     3   p                       e0 = max(cons_0,e0)
             297     3   p                     end if
             298     2               !   if cloud cover > 0.2 condense water vapor in to cloud condensate
             299     2               !c-----------the eqs. for cond. has been reorganized to reduce cpu------
             300     2   p                     cond = d00
             301     2               !         if (ccrik .gt. 0.20 .and. qc .gt. epsq) then
             302     3   p                     if (ccrik > cclimit .and. qc > epsq) then
             303     3   p                        us00   = deltaqik / qc
             304     3   p                        ccrik1 = 1.0 - ccrik
             305     3   p                        aa     = eps*elv*pres*qik
             306     3   p                        ab     = ccrik*ccrik1*deltaqik
             307     3   p                        ac     = ab + 0.5*cwmik+ 0.5 * ccrik * (qc-qsc)
             308     3   p                        ad     = ab * ccrik1 + 0.5*ccrik*ccrik1*qc*(us-usc)
             309     3   p                        ae     = cpr*tik*tik
             310     3   p                        af     = ae * pres
             311     3   p                        ag     = aa * elv
             312     3   p                        ai     = cp * aa
             313     3   p                        cond   = (ac-ad)*(af*aq-ai*at+ae*qik*ap)/(ac*(af+ag))
             314     3               !c-----------check & correct if over condensation occurs-----------------
             315     3   p                        condi  = (qik   -u00ik   *qc*1.0)*rdt
             316     3   p                        cond   = min(cond, condi)
             317     3               !c----------check & correct if supersatuation is too high----------------
             318     3               !             qtemp=qik-max(0.,(cond-e0))*dt
             319     3               !             if(qc.le.1.0e-10) then
             320     3               !               rqtmp=0.0
             321     3               !             else
             322     3               !               rqtmp=qtemp/qc
             323     3               !             end if
             324     3               !             if(rqtmp.ge.1.10) then
             325     3               !               cond=(qik-1.10*qc)*rdt
             326     3               !             end if
             327     3               !c-----------------------------------------------------------------------
             328     3   p                        cond = max(cond, d00)
             329     3               !c-------------------update of t, q and cwm------------------------------
             330     3   p                     end if
             331     2   p                     cone0    = (cond-e0) * dt
             332     2   p                     cwm(i,k) = cwm(i,k) + cone0
             333     2               !     if (lprnt .and. i .eq. ipr) print *,' t=',t(i,k),' cone0',cone0
             334     2               !    &,' cond=',cond,' e0=',e0,' elv=',elv,' rcp=',rcp,' k=',k
             335     2               !    &,' cwm=',cwm(i,k)
             336     2   p                     t(i,k)   = t(i,k)   + elv*rcp*cone0
             337     2   p                     q(i,k)   = q(i,k)   - cone0
             338     2   p                   enddo                                  ! end of i-loop!
             339     1                     enddo                                    ! end of k-loop!
             340                     !
             341                     !*********************************************************************
             342                     !****************end of the condensation/evaporation loop*************
             343                     !*********************************************************************
             344                     !
             345                     !----------------store t, q, ps for next time step
             346                     
             347                     !      if (dt > dtf+0.001) then     ! three time level
                                   <<< Loop-information Start >>>
                                   <<<  [PARALLELIZATION]
                                   <<<    Standard iteration count: 2
                                   <<<  [OPTIMIZATION]
                                   <<<    PREFETCH(HARD) Expected by compiler :
                                   <<<      q, tp1, qp1, t, qp, tp
                                   <<< Loop-information  End >>>
             348     1  pp                   do k = 1, km
                                   <<< Loop-information Start >>>
                                   <<<  [OPTIMIZATION]
                                   <<<    SOFTWARE PIPELINING(IPC: 2.16, ITR: 6, MVE: 2, POL: S)
                                   <<<    PREFETCH(HARD) Expected by compiler :
                                   <<<      tp1, qp1, t, qp, q, tp
                                   <<< Loop-information  End >>>
             349     2   p   2                 do i = 1, im
             350     2   p   2                   tp(i,k)  = tp1(i,k)
             351     2   p   2                   qp(i,k)  = qp1(i,k)
             352     2               !
             353     2   p   2                   tp1(i,k) = t(i,k)
             354     2   p   2                   qp1(i,k) = max(q(i,k),epsq)
             355     2   p   2                 enddo
             356     1   p                   enddo
                                   <<< Loop-information Start >>>
                                   <<<  [PARALLELIZATION]
                                   <<<    Standard iteration count: 942
                                   <<<  [OPTIMIZATION]
                                   <<<    SOFTWARE PIPELINING(IPC: 2.16, ITR: 10, MVE: 3, POL: S)
                                   <<<    PREFETCH(HARD) Expected by compiler :
                                   <<<      psp, psp1, ps
                                   <<< Loop-information  End >>>
             357     1  pp   2               do i = 1, im
             358     1   p   2                 psp(i)  = psp1(i)
             359     1   p   2                 psp1(i) = ps(i)
             360     1   p   2               enddo
             361                     !      else                   ! two time level scheme - tp1, qp1, psp1 not used
             362                     !        do k = 1, km
             363                     !          do i = 1, im
             364                     !            tp(i,k)  = t(i,k)
             365                     !            qp(i,k)  = max(q(i,k),epsq)
             366                     !            qp(i,k)  = q(i,k)
             367                     !            tp1(i,k) = tp(i,k)
             368                     !            qp1(i,k) = qp(i,k)
             369                     !          enddo
             370                     !        enddo
             371                     !        do i = 1, im
             372                     !          psp(i)  = ps(i)
             373                     !          psp1(i) = ps(i)
             374                     !        enddo
             375                     !      endif
             376                     !-----------------------------------------------------------------------
             377                           return
             378                           end

 Procedure information
   Lines      : 378
   Statements : 219
   Stack(byte): 4976
   Prefetch num: 0

 Scoping unit of external sub-program : gscondp
   Attribute and Cross reference of name
     a1
      |(Class and Type) : named constant, REAL(8)
      |(Attributes)     : 
      |(Declaration)    : 39  43
      |(Definition)     : 
      |(Reference)      : 
     aa
      |(Class and Type) : variable name, REAL(8)
      |(Attributes)     : 
      |(Declaration)    : 64
      |(Definition)     : 305
      |(Reference)      : 311  312
     ab
      |(Class and Type) : variable name, REAL(8)
      |(Attributes)     : 
      |(Declaration)    : 64
      |(Definition)     : 306
      |(Reference)      : 307  308
     ac
      |(Class and Type) : variable name, REAL(8)
      |(Attributes)     : 
      |(Declaration)    : 64
      |(Definition)     : 307
      |(Reference)      : 313  313
     ad
      |(Class and Type) : variable name, REAL(8)
      |(Attributes)     : 
      |(Declaration)    : 64
      |(Definition)     : 308
      |(Reference)      : 313
     ae
      |(Class and Type) : variable name, REAL(8)
      |(Attributes)     : 
      |(Declaration)    : 64
      |(Definition)     : 309
      |(Reference)      : 310  313
     af
      |(Class and Type) : variable name, REAL(8)
      |(Attributes)     : 
      |(Declaration)    : 64
      |(Definition)     : 310
      |(Reference)      : 313  313
     ag
      |(Class and Type) : variable name, REAL(8)
      |(Attributes)     : 
      |(Declaration)    : 64
      |(Definition)     : 311
      |(Reference)      : 313
     ai
      |(Class and Type) : variable name, REAL(8)
      |(Attributes)     : 
      |(Declaration)    : 64
      |(Definition)     : 312
      |(Reference)      : 313
     albycp
      |(Class and Type) : variable name, REAL(8)
      |(Attributes)     : 
      |(Declaration)    : 64
      |(Definition)     : 80
      |(Reference)      : 263  278
     ap
      |(Class and Type) : variable name, REAL(8)
      |(Attributes)     : 
      |(Declaration)    : 64
      |(Definition)     : 192
      |(Reference)      : 313
     aq
      |(Class and Type) : variable name, REAL(8)
      |(Attributes)     : 
      |(Declaration)    : 64
      |(Definition)     : 191
      |(Reference)      : 313
     arcp
      |(Class and Type) : variable name, REAL(8)
      |(Attributes)     : 
      |(Declaration)    : 39
      |(Definition)     : 
      |(Reference)      : 
     at
      |(Class and Type) : variable name, REAL(8)
      |(Attributes)     : 
      |(Declaration)    : 64
      |(Definition)     : 190
      |(Reference)      : 313
     bi
      |(Class and Type) : variable name, REAL(8)
      |(Attributes)     : 
      |(Declaration)    : 64
      |(Definition)     : 
      |(Reference)      : 
     cclimit
      |(Class and Type) : variable name, REAL(8)
      |(Attributes)     : 
      |(Declaration)    : 64
      |(Definition)     : 84
      |(Reference)      : 246  302
     ccrik
      |(Class and Type) : variable name, REAL(8)
      |(Attributes)     : 
      |(Declaration)    : 64
      |(Definition)     : 216  221  223  225  226  227  231  233
      |(Reference)      : 226  227  246  302  304  306  307  308
     ccrik1
      |(Class and Type) : variable name, REAL(8)
      |(Attributes)     : 
      |(Declaration)    : 64
      |(Definition)     : 304
      |(Reference)      : 306  308  308
     climit
      |(Class and Type) : variable name, REAL(8)
      |(Attributes)     : 
      |(Declaration)    : 64
      |(Definition)     : 85
      |(Reference)      : 151  160  174  182  246
     cond
      |(Class and Type) : variable name, REAL(8)
      |(Attributes)     : 
      |(Declaration)    : 64
      |(Definition)     : 300  313  316  328
      |(Reference)      : 316  328  331
     condi
      |(Class and Type) : variable name, REAL(8)
      |(Attributes)     : 
      |(Declaration)    : 64
      |(Definition)     : 315
      |(Reference)      : 316
     cone0
      |(Class and Type) : variable name, REAL(8)
      |(Attributes)     : 
      |(Declaration)    : 64
      |(Definition)     : 331
      |(Reference)      : 332  336  337
     cons_0
      |(Class and Type) : named constant, REAL(8)
      |(Attributes)     : 
      |(Declaration)    : 50
      |(Definition)     : 
      |(Reference)      : 255  270  285  294  296
     cons_m15
      |(Class and Type) : named constant, REAL(8)
      |(Attributes)     : 
      |(Declaration)    : 50
      |(Definition)     : 
      |(Reference)      : 149
     cp
      |(Class and Type) : named constant, REAL(8)
      |(Attributes)     : 
      |(Declaration)    : 25  33
      |(Definition)     : 
      |(Reference)      : 43  43  312
     cpr
      |(Class and Type) : named constant, REAL(8)
      |(Attributes)     : 
      |(Declaration)    : 39  43
      |(Definition)     : 
      |(Reference)      : 43  309
     cwm
      |(Class and Type) : variable name, REAL(8)
      |(Attributes)     : DIMENSION, dummy-argument
      |(Declaration)    : 1  53
      |(Definition)     : 332
      |(Reference)      : 151  182  332
     cwmik
      |(Class and Type) : variable name, REAL(8)
      |(Attributes)     : 
      |(Declaration)    : 64
      |(Definition)     : 151  182
      |(Reference)      : 160  174  218  246  295  307
     d00
      |(Class and Type) : named constant, REAL(8)
      |(Attributes)     : 
      |(Declaration)    : 39  43
      |(Definition)     : 
      |(Reference)      : 88  160  203  221  233  245  300  328
     d125
      |(Class and Type) : named constant, REAL(8)
      |(Attributes)     : 
      |(Declaration)    : 39  43
      |(Definition)     : 
      |(Reference)      : 
     d5
      |(Class and Type) : named constant, REAL(8)
      |(Attributes)     : 
      |(Declaration)    : 39  43
      |(Definition)     : 
      |(Reference)      : 
     delq
      |(Class and Type) : variable name, REAL(8)
      |(Attributes)     : 
      |(Declaration)    : 64
      |(Definition)     : 260  275  290
      |(Reference)      : 262  263  264  277  278  279  292
     deltaq
      |(Class and Type) : variable name, REAL(8)
      |(Attributes)     : DIMENSION, dummy-argument
      |(Declaration)    : 1  53
      |(Definition)     : 133
      |(Reference)      : 152  186
     deltaqik
      |(Class and Type) : variable name, REAL(8)
      |(Attributes)     : 
      |(Declaration)    : 53
      |(Definition)     : 152  186
      |(Reference)      : 159  219  220  222  225  257  260  272  275  287  290  303  306
     dt
      |(Class and Type) : variable name, REAL(8)
      |(Attributes)     : dummy-argument
      |(Declaration)    : 1  53
      |(Definition)     : 
      |(Reference)      : 82  331
     e0
      |(Class and Type) : variable name, REAL(8)
      |(Attributes)     : 
      |(Declaration)    : 64
      |(Definition)     : 245  294  295  296
      |(Reference)      : 295  296  331
     el2orc
      |(Class and Type) : variable name, REAL(8)
      |(Attributes)     : 
      |(Declaration)    : 64
      |(Definition)     : 79
      |(Reference)      : 260  275  290
     eliv
      |(Class and Type) : named constant, REAL(8)
      |(Attributes)     : 
      |(Declaration)    : 39  43
      |(Definition)     : 
      |(Reference)      : 198
     eliw
      |(Class and Type) : variable name, REAL(8)
      |(Attributes)     : 
      |(Declaration)    : 39
      |(Definition)     : 
      |(Reference)      : 
     elv
      |(Class and Type) : variable name, REAL(8)
      |(Attributes)     : 
      |(Declaration)    : 64
      |(Definition)     : 198
      |(Reference)      : 305  311  336
     elwv
      |(Class and Type) : named constant, REAL(8)
      |(Attributes)     : 
      |(Declaration)    : 39  43
      |(Definition)     : 
      |(Reference)      : 198
     eps
      |(Class and Type) : named constant, REAL(8)
      |(Attributes)     : 
      |(Declaration)    : 25  34
      |(Definition)     : 
      |(Reference)      : 35  95  254  269  284  305
     epsm1
      |(Class and Type) : named constant, REAL(8)
      |(Attributes)     : 
      |(Declaration)    : 25  35
      |(Definition)     : 
      |(Reference)      : 95  254  269  284
     epsq
      |(Class and Type) : named constant, REAL(8)
      |(Attributes)     : 
      |(Declaration)    : 39  43
      |(Definition)     : 
      |(Reference)      : 96  122  124  150  181  219  302  354
     es
      |(Class and Type) : variable name, REAL(8)
      |(Attributes)     : 
      |(Declaration)    : 64
      |(Definition)     : 253  268  283
      |(Reference)      : 254  254  269  269  284  284
     fi
      |(Class and Type) : variable name, REAL(8)
      |(Attributes)     : 
      |(Declaration)    : 64
      |(Definition)     : 159
      |(Reference)      : 160
     fiw
      |(Class and Type) : variable name, REAL(8)
      |(Attributes)     : 
      |(Declaration)    : 64
      |(Definition)     : 197
      |(Reference)      : 198  198  199  199
     float
      |(Class and Type) : intrinsic function name, REAL(8)
      |(Attributes)     : PURE, ELEMENTAL
      |(Declaration)    : 
      |(Definition)     : 
      |(Reference)      : 197
     fpvs
      |(Class and Type) : external function name, REAL(8)
      |(Attributes)     : 
      |(Declaration)    : 
      |(Definition)     : 
      |(Reference)      : 94  253  268  283
     fpvs
      |(Class and Type) : variable name, REAL(8)
      |(Attributes)     : 
      |(Declaration)    : 37
      |(Definition)     : 
      |(Reference)      : 
     g
      |(Class and Type) : named constant, REAL(8)
      |(Attributes)     : 
      |(Declaration)    : 39  43
      |(Definition)     : 
      |(Reference)      : 
     grav
      |(Class and Type) : named constant, REAL(8)
      |(Attributes)     : 
      |(Declaration)    : 25  28
      |(Definition)     : 
      |(Reference)      : 43
     gscondp
      |(Class and Type) : external subroutine name
      |(Attributes)     : 
      |(Declaration)    : 
      |(Definition)     : 1
      |(Reference)      : 
     h1
      |(Class and Type) : named constant, REAL(8)
      |(Attributes)     : 
      |(Declaration)    : 39  43
      |(Definition)     : 
      |(Reference)      : 43  43  82  83  198  199
     h1000
      |(Class and Type) : named constant, REAL(8)
      |(Attributes)     : 
      |(Declaration)    : 39  43
      |(Definition)     : 
      |(Reference)      : 93  188
     h2
      |(Class and Type) : named constant, REAL(8)
      |(Attributes)     : 
      |(Declaration)    : 39  43
      |(Definition)     : 
      |(Reference)      : 
     hfus
      |(Class and Type) : named constant, REAL(8)
      |(Attributes)     : 
      |(Declaration)    : 25  29
      |(Definition)     : 
      |(Reference)      : 43
     hvap
      |(Class and Type) : named constant, REAL(8)
      |(Attributes)     : 
      |(Declaration)    : 25  27
      |(Definition)     : 
      |(Reference)      : 43  43  79  79  80  80
     i
      |(Class and Type) : variable name, INTEGER(4)
      |(Attributes)     : 
      |(Declaration)    : 73
      |(Definition)     : 87  91  120  127  132  147  179  349  357
      |(Reference)      : 88  93  94  95  96  96  121  121  122  122  123  123  124  124  128  128  129  129  133  133  133  148  150  151  152  153  153  154  154  158  159  161  163  168  172  174  174  181  182  183  184  186  187  188  189  189  190  191  199  199  332  332  336  336  337  337  350  350  351  351  353  353  354  354  358  358  359  359
     iice
      |(Class and Type) : variable name, LOGICAL(4)
      |(Attributes)     : 
      |(Declaration)    : 61
      |(Definition)     : 185  194
      |(Reference)      : 207
     im
      |(Class and Type) : variable name, INTEGER(4)
      |(Attributes)     : dummy-argument
      |(Declaration)    : 1  52
      |(Definition)     : 
      |(Reference)      : 53  53  53  64  64  64  64  73  87  91  120  127  132  147  179  349  357
     iw
      |(Class and Type) : variable name, INTEGER(4)
      |(Attributes)     : DIMENSION
      |(Declaration)    : 73
      |(Definition)     : 88  161  163  168  172  174
      |(Reference)      : 174  183
     iwik
      |(Class and Type) : variable name, INTEGER(4)
      |(Attributes)     : 
      |(Declaration)    : 73
      |(Definition)     : 183
      |(Reference)      : 197
     ix
      |(Class and Type) : variable name, INTEGER(4)
      |(Attributes)     : dummy-argument
      |(Declaration)    : 1  52
      |(Definition)     : 
      |(Reference)      : 53  53  53  53  53  53  53  53  53  64
     k
      |(Class and Type) : variable name, INTEGER(4)
      |(Attributes)     : 
      |(Declaration)    : 73
      |(Definition)     : 92  119  131  143  348
      |(Reference)      : 93  94  95  96  96  121  121  122  122  123  123  124  124  133  133  133  148  150  151  152  153  154  158  161  163  168  172  173  174  174  181  182  183  184  186  187  188  190  191  332  332  336  336  337  337  350  350  351  351  353  353  354  354
     kdt
      |(Class and Type) : variable name, INTEGER(4)
      |(Attributes)     : dummy-argument
      |(Declaration)    : 1  73
      |(Definition)     : 
      |(Reference)      : 118
     km
      |(Class and Type) : variable name, INTEGER(4)
      |(Attributes)     : dummy-argument
      |(Declaration)    : 1  52
      |(Definition)     : 
      |(Reference)      : 53  53  53  53  53  53  53  53  53  64  64  73  88  92  119  131  143  173  348
     lprnt
      |(Class and Type) : variable name, LOGICAL(4)
      |(Attributes)     : dummy-argument
      |(Declaration)    : 1  74
      |(Definition)     : 
      |(Reference)      : 
     max
      |(Class and Type) : intrinsic function name, REAL(8)
      |(Attributes)     : PURE, ELEMENTAL
      |(Declaration)    : 
      |(Definition)     : 
      |(Reference)      : 96  122  124  150  151  181  182  226  294  296  328  354
     min
      |(Class and Type) : intrinsic function name, REAL(8)
      |(Attributes)     : PURE, ELEMENTAL
      |(Declaration)    : 
      |(Definition)     : 
      |(Reference)      : 94  149  227  253  268  283  295  316
     pp0
      |(Class and Type) : variable name, REAL(8)
      |(Attributes)     : 
      |(Declaration)    : 64
      |(Definition)     : 189
      |(Reference)      : 192
     pres
      |(Class and Type) : variable name, REAL(8)
      |(Attributes)     : 
      |(Declaration)    : 64
      |(Definition)     : 93  188
      |(Reference)      : 94  95  189  192  253  254  268  269  283  284  305  310
     prsl
      |(Class and Type) : variable name, REAL(8)
      |(Attributes)     : DIMENSION, dummy-argument
      |(Declaration)    : 1  53
      |(Definition)     : 
      |(Reference)      : 93  188
     ps
      |(Class and Type) : variable name, REAL(8)
      |(Attributes)     : DIMENSION, dummy-argument
      |(Declaration)    : 1  53
      |(Definition)     : 
      |(Reference)      : 128  129  189  359
     psat
      |(Class and Type) : named constant, REAL(8)
      |(Attributes)     : 
      |(Declaration)    : 25  26
      |(Definition)     : 
      |(Reference)      : 43
     psp
      |(Class and Type) : variable name, REAL(8)
      |(Attributes)     : DIMENSION, dummy-argument
      |(Declaration)    : 1  53
      |(Definition)     : 128  358
      |(Reference)      : 
     psp1
      |(Class and Type) : variable name, REAL(8)
      |(Attributes)     : DIMENSION, dummy-argument
      |(Declaration)    : 1  53
      |(Definition)     : 129  359
      |(Reference)      : 189  358
     q
      |(Class and Type) : variable name, REAL(8)
      |(Attributes)     : DIMENSION, dummy-argument
      |(Declaration)    : 1  53
      |(Definition)     : 337
      |(Reference)      : 122  124  150  181  337  354
     qc
      |(Class and Type) : variable name, REAL(8)
      |(Attributes)     : 
      |(Declaration)    : 64
      |(Definition)     : 199
      |(Reference)      : 202  205  208  211  302  303  307  308  315
     qi
      |(Class and Type) : variable name, REAL(8)
      |(Attributes)     : DIMENSION
      |(Declaration)    : 64
      |(Definition)     : 153
      |(Reference)      : 159  199
     qik
      |(Class and Type) : variable name, REAL(8)
      |(Attributes)     : 
      |(Declaration)    : 64
      |(Definition)     : 150  181
      |(Reference)      : 159  191  205  218  251  305  313  315
     qint
      |(Class and Type) : variable name, REAL(8)
      |(Attributes)     : DIMENSION
      |(Declaration)    : 64
      |(Definition)     : 154
      |(Reference)      : 199
     qp
      |(Class and Type) : variable name, REAL(8)
      |(Attributes)     : DIMENSION, dummy-argument
      |(Declaration)    : 1  53
      |(Definition)     : 122  351
      |(Reference)      : 
     qp1
      |(Class and Type) : variable name, REAL(8)
      |(Attributes)     : DIMENSION, dummy-argument
      |(Declaration)    : 1  53
      |(Definition)     : 124  354
      |(Reference)      : 191  351
     qs
      |(Class and Type) : variable name, REAL(8)
      |(Attributes)     : 
      |(Declaration)    : 64
      |(Definition)     : 254  269  284
      |(Reference)      : 255  257  260  260  270  272  275  275  285  287  290  290
     qsc
      |(Class and Type) : variable name, REAL(8)
      |(Attributes)     : 
      |(Declaration)    : 59
      |(Definition)     : 208  211
      |(Reference)      : 218  307
     qtmp
      |(Class and Type) : variable name, REAL(8)
      |(Attributes)     : 
      |(Declaration)    : 59
      |(Definition)     : 218
      |(Reference)      : 220  222  225  230
     qtpd
      |(Class and Type) : variable name, REAL(8)
      |(Attributes)     : 
      |(Declaration)    : 59
      |(Definition)     : 
      |(Reference)      : 
     qw
      |(Class and Type) : variable name, REAL(8)
      |(Attributes)     : DIMENSION
      |(Declaration)    : 64
      |(Definition)     : 95  96
      |(Reference)      : 96  133  153  154
     qwtmp
      |(Class and Type) : variable name, REAL(8)
      |(Attributes)     : 
      |(Declaration)    : 59
      |(Definition)     : 94
      |(Reference)      : 95  95
     r
      |(Class and Type) : named constant, REAL(8)
      |(Attributes)     : 
      |(Declaration)    : 39  43
      |(Definition)     : 
      |(Reference)      : 43
     rcp
      |(Class and Type) : named constant, REAL(8)
      |(Attributes)     : 
      |(Declaration)    : 39  43
      |(Definition)     : 
      |(Reference)      : 336
     rcpr
      |(Class and Type) : named constant, REAL(8)
      |(Attributes)     : 
      |(Declaration)    : 39  43
      |(Definition)     : 
      |(Reference)      : 
     rd
      |(Class and Type) : named constant, REAL(8)
      |(Attributes)     : 
      |(Declaration)    : 25  31
      |(Definition)     : 
      |(Reference)      : 34  43
     rdt
      |(Class and Type) : variable name, REAL(8)
      |(Attributes)     : 
      |(Declaration)    : 64
      |(Definition)     : 82
      |(Reference)      : 190  191  192  294  295  315
     rqik
      |(Class and Type) : variable name, REAL(8)
      |(Attributes)     : 
      |(Declaration)    : 64
      |(Definition)     : 203  205
      |(Reference)      : 215
     rqikk
      |(Class and Type) : variable name, REAL(8)
      |(Attributes)     : 
      |(Declaration)    : 64
      |(Definition)     : 
      |(Reference)      : 
     rv
      |(Class and Type) : named constant, REAL(8)
      |(Attributes)     : 
      |(Declaration)    : 25  32
      |(Definition)     : 
      |(Reference)      : 34  79  79
     sup
      |(Class and Type) : variable name, REAL(8)
      |(Attributes)     : INTENT(IN), dummy-argument
      |(Declaration)    : 1  60
      |(Definition)     : 
      |(Reference)      : 208  209
     t
      |(Class and Type) : variable name, REAL(8)
      |(Attributes)     : DIMENSION, dummy-argument
      |(Declaration)    : 1  53
      |(Definition)     : 94  336
      |(Reference)      : 121  123  148  187  336  353
     thgni
      |(Class and Type) : named constant, REAL(8)
      |(Attributes)     : 
      |(Declaration)    : 25  36
      |(Definition)     : 
      |(Reference)      : 193
     tik
      |(Class and Type) : variable name, REAL(8)
      |(Attributes)     : 
      |(Declaration)    : 64
      |(Definition)     : 187
      |(Reference)      : 190  193  250  309  309
     tm10
      |(Class and Type) : named constant, REAL(8)
      |(Attributes)     : 
      |(Declaration)    : 39  43
      |(Definition)     : 
      |(Reference)      : 
     tmt0
      |(Class and Type) : variable name, REAL(8)
      |(Attributes)     : 
      |(Declaration)    : 64
      |(Definition)     : 148
      |(Reference)      : 149  157  167  171  171
     tmt15
      |(Class and Type) : variable name, REAL(8)
      |(Attributes)     : 
      |(Declaration)    : 64
      |(Definition)     : 149
      |(Reference)      : 
     tp
      |(Class and Type) : variable name, REAL(8)
      |(Attributes)     : DIMENSION, dummy-argument
      |(Declaration)    : 1  53
      |(Definition)     : 121  350
      |(Reference)      : 
     tp1
      |(Class and Type) : variable name, REAL(8)
      |(Attributes)     : DIMENSION, dummy-argument
      |(Declaration)    : 1  53
      |(Definition)     : 123  353
      |(Reference)      : 190  350
     tsq
      |(Class and Type) : variable name, REAL(8)
      |(Attributes)     : 
      |(Declaration)    : 64
      |(Definition)     : 259  274  289
      |(Reference)      : 260  260  275  275  290  290
     ttp
      |(Class and Type) : named constant, REAL(8)
      |(Attributes)     : 
      |(Declaration)    : 25  30
      |(Definition)     : 
      |(Reference)      : 43
     tx1
      |(Class and Type) : variable name, REAL(8)
      |(Attributes)     : 
      |(Declaration)    : 64
      |(Definition)     : 250  253  263  268  278  283
      |(Reference)      : 259  259  263  274  274  278  289  289
     tx2
      |(Class and Type) : variable name, REAL(8)
      |(Attributes)     : 
      |(Declaration)    : 64
      |(Definition)     : 262  277  292
      |(Reference)      : 277  292  294
     tx3
      |(Class and Type) : variable name, REAL(8)
      |(Attributes)     : 
      |(Declaration)    : 64
      |(Definition)     : 251  264  279
      |(Reference)      : 260  264  275  279  290
     u
      |(Class and Type) : variable name, REAL(8)
      |(Attributes)     : DIMENSION, dummy-argument
      |(Declaration)    : 1  64
      |(Definition)     : 
      |(Reference)      : 133  158  184
     u00b
      |(Class and Type) : variable name, REAL(8)
      |(Attributes)     : 
      |(Declaration)    : 64
      |(Definition)     : 
      |(Reference)      : 
     u00ik
      |(Class and Type) : variable name, REAL(8)
      |(Attributes)     : 
      |(Declaration)    : 64
      |(Definition)     : 158  184
      |(Reference)      : 315
     u00t
      |(Class and Type) : variable name, REAL(8)
      |(Attributes)     : 
      |(Declaration)    : 64
      |(Definition)     : 
      |(Reference)      : 
     us
      |(Class and Type) : variable name, REAL(8)
      |(Attributes)     : 
      |(Declaration)    : 64
      |(Definition)     : 83
      |(Reference)      : 212  216  223  231  308
     us00
      |(Class and Type) : variable name, REAL(8)
      |(Attributes)     : 
      |(Declaration)    : 64
      |(Definition)     : 303
      |(Reference)      : 
     usc
      |(Class and Type) : variable name, REAL(8)
      |(Attributes)     : 
      |(Declaration)    : 59
      |(Definition)     : 209  212
      |(Reference)      : 215  308
     vprs
      |(Class and Type) : variable name, REAL(8)
      |(Attributes)     : DIMENSION
      |(Declaration)    : 64
      |(Definition)     : 
      |(Reference)      : 

 Total information
   Procedures       : 1
   Total lines      : 378
   Total statements : 219
   Total stack(byte): 4976
   Total prefetch num: 0

