
 Fujitsu Fortran Version 4.6.1  Tue Dec 19 11:04:14 2023

 Compilation information
   Current directory : /IFS/nwpr/gfs/xb169/code_update/tco639l72_sp/src
   Source file       : mfpbl.f90

 Option information
   Command line options : -Kident_mpi -f2004 -c -X9 -Free -CcdRR8 -Cpp -Kfast,parallel,openmp,ocl,autoobjstack -x- -fw -Knofp_relaxed -SSL2BLAMP -Kopenmp,parallel -DTIMING -DUSE_FFTW -DW3TAG -DGFDLMP_v2 -DSP -Ec -Nlst=a,lst=d,lst=i,lst=p,lst=t,lst=x -Koptmsg=2 -I. -I/users/xa09/pkg/fx1000/fftw-3.3.10/include -I/package/fx1000/netcdf-4.7.4/include -I/package/fx1000/g2lib-1.4.0_cwb/include -I/nwpr/gfs/xb157/CWBSUMc2/4cpl/components/coupler -I/nwpr/gfs/xb124/package/fx1000/MCT/include -DTIMCOMCPL -L/package/fx1000/netcdf-4.7.4/lib -lnetcdff -lnetcdf -L/package/fx1000/hdf5-1.10.7/lib -lhdf5_hl -lhdf5 -L/package/fx1000/dms/lib -lrdms -lgdbm -L/package/fx1000/operlib/lib -lnwp -L/users/xa09/pkg/fx1000/fftw-3.3.10/lib -lfftw3f_threads -lfftw3f -lfftw3_threads -lfftw3 -SSL2BLAMP -L/nwpr/gfs/xb124/CWBSUMc2/components/rsm/lib/cwb_mpmd -lmpmd -L/package/fx1000/g2lib-1.4.0_cwb/lib -lg2 -L/package/fx1000/libpng-1.6.37/lib -lpng -L/package/fx1000/jasper-1.900.1/lib -ljasper -L/nwpr/gfs/xb157/CWBSUMc2/4cpl/components/coupler -lcpl -L/nwpr/gfs/xb124/package/fx1000/MCT/lib -lmct -lmpeu -I/opt/FJSVxtclanga/.common/MELI025/include/mpi/fujitsu -I/opt/FJSVxtclanga/.common/MELI025/lib64 -Knointentopt
   Cpp options          : -DTIMING -DUSE_FFTW -DW3TAG -DGFDLMP_v2 -DSP -I. -I/users/xa09/pkg/fx1000/fftw-3.3.10/include -I/package/fx1000/netcdf-4.7.4/include -I/package/fx1000/g2lib-1.4.0_cwb/include -I/nwpr/gfs/xb157/CWBSUMc2/4cpl/components/coupler -I/nwpr/gfs/xb124/package/fx1000/MCT/include -DTIMCOMCPL -I/opt/FJSVxtclanga/.common/MELI025/include/mpi/fujitsu -I/opt/FJSVxtclanga/.common/MELI025/lib64 -Dunix -Dlinux -D__FUJITSU -D__FRT_major__=4 -D__FRT_minor__=6 -D__FRT_patchlevel__=1 -D__FRT_version__="4.6.1" -D__aarch64__ -D__unix -D_OPENMP=201511 -D__frt_version=800 -D__ARM_ARCH=8 -D__ARM_FEATURE_SVE -D__ELF__ -D__unix__ -D__linux__ -D__linux -Asystem(unix) -otmp
   Effective options    : -fw -g0 -AE -Ec -Free -O3 -X9
                          -CcdRR8 -x- -xaccept=nomodule_allocatable
                          -KA64FX -KARMV8_3_A -KSVE -Kalign_commons
                          -Kalign_loops -Knoarray_declaration_opt
                          -Kassume=noshortloop -Kassume=nomemory_bandwidth
                          -Kassume=notime_saving_compilation -Kauto
                          -Kautoobjstack -Knocalleralloc -Kcmodel=small
                          -Keval -Keval_noconcurrent -Knoextract_stride_store
                          -Knofenv_access -Kfp_contract -Knofp_relaxed
                          -Kfsimple -Kfz -Khpctag -Kilfunc=procedure
                          -Knointentopt -Klargepage -Kloop_blocking
                          -Kloop_fission -Kloop_nofission_stripmining
                          -Kloop_fission_threshold=50 -Kloop_fusion
                          -Kloop_interchange -Kloop_part_parallel
                          -Kloop_part_simd -Kloop_perfect_nest
                          -Kloop_noversioning -Knolto -Kmfunc=1 -Kocl
                          -Komitfp -Knooptlib_string -Koptmsg=2
                          -Knopc_relative_literal_loads -Kplt -Knopreex
                          -Kprefetch_noconditional -Kprefetch_noindirect
                          -Kprefetch_sequential=auto -Kprefetch_nostride
                          -Kprefetch_cache_level=all -Kprefetch_noinfer
                          -Kprefetch_strong -Kprefetch_strong_L2 -Knopreload
                          -Ksch_post_ra -Ksch_pre_ra -Ksibling_calls
                          -Ksimd=auto -Ksimd_packed_promotion
                          -Ksimd_reduction_product -Ksimd_reg_size=512
                          -Ksimd_nouncounted_loop
                          -Ksimd_use_multiple_structures -Knostriping
                          -Knosubscript_opt -Kswp -Kswp_freg_rate=100
                          -Kswp_ireg_rate=100 -Kswp_preg_rate=100
                          -Kswp_policy=auto -Ktemparraystack -Kunroll
                          -Knounroll_and_jam -Knozfill
                          -Kopenmp -Kopenmp_noassume_norecurrence
                          -Kopenmp_nocollapse_except_innermost
                          -Kopenmp_noordered_reduction -Knoopenmp_simd
                          -Kthreadsafe -Kparallel -Kparallel_nofp_precision
                          -Knoarray_private -Knodynamic_iteration -Kreduction
                          -Kregion_extension
                          -Nallextput -Nnoalloc_assign
                          -Ncancel_overtime_compilation -Nnocheck_global
                          -Nnocoarray -Nnocompdisp -Nnocopyarg -Nnocoverage
                          -Nfjprof -Nfreealloc -Nf90move -Nnohook_func
                          -Nnohook_time -Nlibomp -Nline -Nlst -Nlst=a -Nlst=d
                          -Nlst=i -Nlst=p -Nlst=t -Nlst=x -Nnomallocfree
                          -Nnoobsfun -Nnoprivatealloc -Nquickdbg=noargchk
                          -Nquickdbg=nosubchk -Nquickdbg=noundef -NRnotrap
                          -Nnorecursive -Nnoreordered_variable_stack
                          -Nrt_notune -Nnosave -Nsetvalue=noheap
                          -Nsetvalue=nostack -Nsetvalue=noscalar
                          -Nsetvalue=noarray -Nsetvalue=nostruct -Nuse_rodata

 External subroutine subprogram "mfpbl"
  (inc)(line-no.)(nest)(optimize)
               1                     !>  \file mfpbl.f
               2                     !!  This file contains the subroutine that calculates the updraft properties and mass flux for use in the Hybrid EDMF PBL scheme.
               3                     
               4                     !>  \ingroup PBL
               5                     !!  \brief This subroutine is used for calculating the mass flux and updraft properties.
               6                     !!
               7                     !!  The mfpbl routines works as follows: if the PBL is convective, first, the ascending parcel entrainment rate is calculated as a function of height. Next, a surface parcel is initiated according to surface layer properties and the updraft buoyancy is ca
               8                     !!  \param[in] im number of used points
               9                     !!  \param[in] ix horizontal dimension
              10                     !!  \param[in] km vertical layer dimension
              11                     !!  \param[in] ntrac number of tracers
              12                     !!  \param[in] delt physics time step
              13                     !!  \param[in] cnvflg flag to denote a strongly unstable (convective) PBL
              14                     !!  \param[in] zl height of grid centers
              15                     !!  \param[in] zm height of grid interfaces
              16                     !!  \param[in] thvx virtual potential temperature at grid centers (\f$ K \f$)
              17                     !!  \param[in] q1 layer mean tracer concentration (units?)
              18                     !!  \param[in] t1 layer mean temperature (\f$ K \f$)
              19                     !!  \param[in] u1 u component of layer wind (\f$ m s^{-1} \f$)
              20                     !!  \param[in] v1 v component of layer wind (\f$ m s^{-1} \f$)
              21                     !!  \param[in,out] hpbl PBL top height (m)
              22                     !!  \param[in,out] kpbl PBL top index
              23                     !!  \param[in] sflx total surface heat flux (units?)
              24                     !!  \param[in] ustar surface friction velocity
              25                     !!  \param[in] wstar convective velocity scale
              26                     !!  \param[out] xmf updraft mass flux
              27                     !!  \param[in,out] tcko updraft temperature (\f$ K \f$)
              28                     !!  \param[in,out] qcko updraft tracer concentration (units?)
              29                     !!  \param[in,out] ucko updraft u component of horizontal momentum (\f$ m s^{-1} \f$)
              30                     !!  \param[in,out] vcko updraft v component of horizontal momentum (\f$ m s^{-1} \f$)
              31                     !!
              32                     !!  \section general General Algorithm
              33                     !!  -# Determine an updraft parcel's entrainment rate, buoyancy, and vertical velocity.
              34                     !!  -# Recalculate the PBL height (previously calculated in moninedmf) and the parcel's entrainment rate.
              35                     !!  -# Calculate the mass flux profile and updraft properties.
              36                     !!  \section detailed Detailed Algorithm
              37                     !!  @{
              38                           subroutine mfpbl(im,ix,km,ntrac,delt,cnvflg,                      &
              39                              zl,zm,thvx,q1,t1,u1,v1,hpbl,kpbl,                              &
              40                              sflx,ustar,wstar,xmf,tcko,qcko,ucko,vcko)
              41                     !
              42                           use machine , only : kind_phys
              43                           use physcons, grav => con_g, cp => con_cp
              44                     !
              45                           implicit none
              46                     !
              47                           integer              im, ix, km, ntrac
              48                     !    &,                    me
              49                           integer              kpbl(im)
              50                           logical              cnvflg(im)
              51                           real(kind=kind_phys) delt
              52                           real(kind=kind_phys) q1(ix,km,ntrac), t1(ix,km),                  &
              53                                                u1(ix,km),  v1(ix,km),                       &
              54                                                thvx(im,km),                                 &
              55                                                zl(im,km),  zm(im,km+1),                     &
              56                                                hpbl(im),   sflx(im),    ustar(im),          &
              57                                                wstar(im),  xmf(im,km),                      &
              58                                                tcko(im,km),qcko(im,km,ntrac),               &
              59                                                ucko(im,km),vcko(im,km)
              60                     !
              61                     !  local variables and arrays
              62                     !
              63                           integer   i, j, k, n, kmpbl
              64                     !
              65                           real(kind=kind_phys) dt2,     dz,      ce0, &
              66                                                h1,      factor,  gocp, &
              67                                                g,       c1,      d1, &
              68                                                b1,      f1,      bb1,     bb2,   &
              69                                                alp,     a1,      qmin,    zfmin, &
              70                                                xmmx,    rbint,   tau,            &
              71                     !    &                     rbint,   tau, &
              72                                                tem,     tem1,    tem2, &
              73                                                ptem,    ptem1,   ptem2, &
              74                                                pgcon
              75                     !
              76                           real(kind=kind_phys) sigw1(im),   usws3(im),  xlamax(im), &
              77                                                rbdn(im),    rbup(im),   delz(im)
              78                     !
              79                           real(kind=kind_phys) wu2(im,km),     xlamue(im,km), &
              80                                                thvu(im,km),    zi(im,km), &
              81                                                buo(im,km)
              82                     !
              83                           logical totflg, flg(im)
              84                     !
              85                     !  physical parameters
              86                           parameter(g=grav)
              87                           parameter(gocp=g/cp)
              88                     !     parameter(ce0=0.37,qmin=1.e-8,alp=1.0,pgcon=0.55)
              89                           parameter(ce0=0.38,qmin=1.e-8,alp=1.0,pgcon=0.55)
              90                           parameter(a1=0.08,b1=0.5,f1=0.15,c1=0.3,d1=2.58,tau=500.)
              91                           parameter(zfmin=1.e-8,h1=0.33333333)
              92                     !
              93                     !c-----------------------------------------------------------------------
              94                     !
              95                     !************************************************************************
              96                     !
              97                           kmpbl = km/2 + 1
              98                           dt2 = delt
              99                     !> Since the mfpbl subroutine is called regardless of whether the PBL is convective, a check of the convective PBL flag is performed and the subroutine returns back to moninedmf (with the output variables set to the initialized values) if the PBL is not c
             100                           totflg = .true.
                                   <<< Loop-information Start >>>
                                   <<<  [PARALLELIZATION]
                                   <<<    Standard iteration count: 1600
                                   <<<  [OPTIMIZATION]
                                   <<<    SIMD(VL: 16)
                                   <<< Loop-information  End >>>
             101     1  pp    v            do i=1,im
             102     1   p    v              totflg = totflg .and. (.not. cnvflg(i))
             103     1   p    v            enddo
             104                           if(totflg) return
             105                     !!
                                   <<< Loop-information Start >>>
                                   <<<  [PARALLELIZATION]
                                   <<<    Standard iteration count: 4
                                   <<<  [OPTIMIZATION]
                                   <<<    PREFETCH(HARD) Expected by compiler :
                                   <<<      cnvflg, zm, zi
                                   <<< Loop-information  End >>>
             106     1  pp                 do k = 1, km
                                   <<< Loop-information Start >>>
                                   <<<  [OPTIMIZATION]
                                   <<<    SIMD(VL: 8)
                                   <<<    SOFTWARE PIPELINING(IPC: 2.00, ITR: 112, MVE: 3, POL: S)
                                   <<<    PREFETCH(HARD) Expected by compiler :
                                   <<<      zm, cnvflg, zi
                                   <<< Loop-information  End >>>
             107     2   p   2v              do i=1,im
             108     3   p   2v                if (cnvflg(i)) then
             109     3   p   2v                  zi(i,k) = zm(i,k+1)
             110     3   p   2v                endif
             111     2   p   2v              enddo
             112     1   p                 enddo
             113                     !>  ## Determine an updraft parcel's entrainment rate, buoyancy, and vertical velocity.
             114                     !!  Calculate the entrainment rate according to equation 16 in Siebesma et al. (2007) \cite siebesma_et_al_2007 for all levels (xlamue) and a default entrainment rate (xlamax) for use above the PBL top.
                                   <<< Loop-information Start >>>
                                   <<<  [PARALLELIZATION]
                                   <<<    Standard iteration count: 341
                                   <<<  [OPTIMIZATION]
                                   <<<    PREFETCH(HARD) Expected by compiler :
                                   <<<      cnvflg
                                   <<< Loop-information  End >>>
             115     1  pp    s            do i=1,im
             116     2   p    m              if(cnvflg(i)) then
             117     2   p    s                k = kpbl(i) / 2
             118     2   p    s                k = max(k, 1)
             119     2   p    s                delz(i) = zl(i,k+1) - zl(i,k)
             120     2   p    s                xlamax(i) = ce0 / delz(i)
             121     2   p    v              endif
             122     1   p    v            enddo
                                   <<< Loop-information Start >>>
                                   <<<  [PARALLELIZATION]
                                   <<<    Standard iteration count: 2
                                   <<<  [OPTIMIZATION]
                                   <<<    PREFETCH(HARD) Expected by compiler :
                                   <<<      cnvflg, kpbl, delz, hpbl, zi, xlamax
                                   <<<      xlamue
                                   <<< Loop-information  End >>>
             123     1  pp                 do k = 1, kmpbl
                                   <<< Loop-information Start >>>
                                   <<<  [OPTIMIZATION]
                                   <<<    SIMD(VL: 8)
                                   <<<    SOFTWARE PIPELINING(IPC: 0.65, ITR: 48, MVE: 3, POL: L)
                                   <<<    PREFETCH(HARD) Expected by compiler :
                                   <<<      xlamue, kpbl, delz, hpbl, zi, xlamax
                                   <<<      cnvflg
                                   <<< Loop-information  End >>>
             124     2   p    v              do i=1,im
             125     3   p    v                if(cnvflg(i)) then
             126     4   p    v                  if(k < kpbl(i)) then
             127     4   p    v                    ptem = 1./(zi(i,k)+delz(i))
             128     4   p    v                    tem = max((hpbl(i)-zi(i,k)+delz(i)) ,delz(i))
             129     4   p    v                    ptem1 = 1./tem
             130     4   p    v                    xlamue(i,k) = ce0 * (ptem+ptem1)
             131     4   p    v                  else
             132     4   p    v                    xlamue(i,k) = xlamax(i)
             133     4   p    v                  endif
             134     3   p    v                endif
             135     2   p    v              enddo
             136     1   p                 enddo
             137                     !
             138                     !  compute thermal excess
             139                     !
             140                     !>  Using equations 17 and 7 from Siebesma et al (2007) \cite siebesma_et_al_2007 along with \f$u_*\f$, \f$w_*\f$, and the previously diagnosed PBL height, the initial \f$\theta_v\f$ of the updraft (and its surface buoyancy) is calculated.
                                   <<< Loop-information Start >>>
                                   <<<  [PARALLELIZATION]
                                   <<<    Standard iteration count: 38
                                   <<<  [OPTIMIZATION]
                                   <<<    SIMD(VL: 8)
                                   <<<    PREFETCH(HARD) Expected by compiler :
                                   <<<      cnvflg, ustar, wstar, hpbl, zl, usws3
                                   <<<      sflx, thvx, sigw1, thvu, buo
                                   <<< Loop-information  End >>>
             141     1  pp    v            do i=1,im
             142     2   p    v              if(cnvflg(i)) then
             143     2   p    v                tem = zl(i,1)/hpbl(i)
             144     2   p    v                usws3(i) = (ustar(i)/wstar(i))**3.
             145     2   p    v                tem1 = usws3(i) + 0.6*tem
             146     2   p    v                tem2 = max((1.-tem), zfmin)
             147     2   p    v                ptem = (tem1**h1) * sqrt(tem2)
             148     2   p    v                sigw1(i) = 1.3 * ptem * wstar(i)
             149     2   p    v                ptem1 = alp * sflx(i) / sigw1(i)
             150     2   p    v                thvu(i,1) = thvx(i,1) + ptem1
             151     2   p    v                buo(i,1) = g * (thvu(i,1)/thvx(i,1)-1.)
             152     2   p    v              endif
             153     1   p    v            enddo
             154                     !
             155                     !  compute potential temperature and buoyancy for updraft air parcel
             156                     !
             157                     !>  From the second level to the middle of the vertical domain, the updraft virtual potential temperature is calculated using the entraining updraft equation as in equation 10 of Siebesma et al (2007) \cite siebesma_et_al_2007, discretized as
             158                     !!  \f[
             159                     !!  \frac{\theta_{v,u}^k - \theta_{v,u}^{k-1}}{\Delta z}=-\epsilon^{k-1}\left[\frac{1}{2}\left(\theta_{v,u}^k + \theta_{v,u}^{k-1}\right)-\frac{1}{2}\left(\overline{\theta_{v}}^k + \overline{\theta_v}^{k-1}\right)\right]
             160                     !!  \f]
             161                     !!  where the superscript \f$k\f$ denotes model level, and subscript \f$u\f$ denotes an updraft property, and the overbar denotes the grid-scale mean value.
                                   <<< Loop-information Start >>>
                                   <<<  [OPTIMIZATION]
                                   <<<    PREFETCH(HARD) Expected by compiler :
                                   <<<      cnvflg, zl, thvx, xlamue, thvu, buo
                                   <<< Loop-information  End >>>
             162     1                     do k = 2, kmpbl
                                   <<< Loop-information Start >>>
                                   <<<  [PARALLELIZATION]
                                   <<<    Standard iteration count: 276
                                   <<<  [OPTIMIZATION]
                                   <<<    SIMD(VL: 8)
                                   <<<    SOFTWARE PIPELINING(IPC: 0.39, ITR: 48, MVE: 3, POL: S)
                                   <<<    PREFETCH(HARD) Expected by compiler :
                                   <<<      zl, thvx, xlamue, thvu, cnvflg, buo
                                   <<< Loop-information  End >>>
             163     2  pp    v              do i=1,im
             164     3   p    v                if(cnvflg(i)) then
             165     3   p    v                  dz = zl(i,k) - zl(i,k-1)
             166     3   p    v                  tem = xlamue(i,k-1) * dz
             167     3   p    v                  ptem = 2. + tem
             168     3   p    v                  ptem1 = (2. - tem) / ptem
             169     3   p    v                  tem1 = tem  * (thvx(i,k)+thvx(i,k-1)) / ptem
             170     3   p    v                  thvu(i,k) = ptem1 * thvu(i,k-1) + tem1
             171     3   p    v                  buo(i,k) = g * (thvu(i,k)/thvx(i,k)-1.)
             172     3   p    v                endif
             173     2   p    v              enddo
             174     1                     enddo
             175                     !
             176                     !  compute updraft velocity square(wu2)
             177                     !
             178                     !>  Rather than use the vertical velocity equation given as equation 15 in Siebesma et al (2007) \cite siebesma_et_al_2007 (which parameterizes the pressure term in terms of the updraft vertical velocity itself), this scheme uses the more widely used form
             179                     !!  \f[
             180                     !!  \frac{w_{u,k}^2 - w_{u,k-1}^2}{\Delta z} = -2b_1\frac{1}{2}\left(\epsilon_k + \epsilon_{k-1}\right)\frac{1}{2}\left(w_{u,k}^2 + w_{u,k-1}^2\right) + 2b_2B
             181                     !!  \f]
             182                     !! The constants used in the scheme are labeled \f$bb1 = 2b_1\f$ and \f$bb2 = 2b_2\f$ and are tuned to be equal to 1.8 and 3.5, respectively, close to the values proposed by Soares et al. (2004) \cite soares_et_al_2004 .
             183                     !     tem = 1.-2.*f1
             184                     !     bb1 = 2. * b1 / tem
             185                     !     bb2 = 2. / tem
             186                     !  from soares et al. (2004,qjrms)
             187                     !     bb1 = 2.
             188                     !     bb2 = 4.
             189                     !
             190                     !  from bretherton et al. (2004, mwr)
             191                     !     bb1 = 4.
             192                     !     bb2 = 2.
             193                     !
             194                     !  from our tuning
             195                     !      bb1 = 1.8    !(org)
             196                           bb1 = 2.8     !(lin)
             197                     
             198                           bb2 = 3.5
             199                     !
                                   <<< Loop-information Start >>>
                                   <<<  [PARALLELIZATION]
                                   <<<    Standard iteration count: 517
                                   <<<  [OPTIMIZATION]
                                   <<<    SIMD(VL: 8)
                                   <<<    SOFTWARE PIPELINING(IPC: 0.70, ITR: 80, MVE: 3, POL: S)
                                   <<<    PREFETCH(HARD) Expected by compiler :
                                   <<<      zi, xlamue, buo, cnvflg, wu2
                                   <<< Loop-information  End >>>
             200     1  pp   2v            do i = 1, im
             201     2   p   2v              if(cnvflg(i)) then
             202     2               !
             203     2               !         tem = zi(i,1)/hpbl(i)
             204     2               !         tem1 = usws3(i) + 0.6*tem
             205     2               !         tem2 = max((1.-tem), zfmin)
             206     2               !         ptem = (tem1**h1) * sqrt(tem2)
             207     2               !         ptem1 = 1.3 * ptem * wstar(i)
             208     2               !         wu2(i,1) = d1*d1*ptem1*ptem1
             209     2               !
             210     2   p   2v                dz   = zi(i,1)
             211     2   p   2v                tem  = 0.5*bb1*xlamue(i,1)*dz
             212     2   p   2v                tem1 = bb2 * buo(i,1) * dz
             213     2   p   2v                ptem1 = 1. + tem
             214     2   p   2v                wu2(i,1) = tem1 / ptem1
             215     2               !
             216     2   p   2v              endif
             217     1   p   2v            enddo
                                   <<< Loop-information Start >>>
                                   <<<  [OPTIMIZATION]
                                   <<<    PREFETCH(HARD) Expected by compiler :
                                   <<<      cnvflg, xlamue, zi, buo, wu2
                                   <<< Loop-information  End >>>
             218     1                     do k = 2, kmpbl
                                   <<< Loop-information Start >>>
                                   <<<  [PARALLELIZATION]
                                   <<<    Standard iteration count: 341
                                   <<<  [OPTIMIZATION]
                                   <<<    SIMD(VL: 8)
                                   <<<    SOFTWARE PIPELINING(IPC: 0.68, ITR: 40, MVE: 3, POL: S)
                                   <<<    PREFETCH(HARD) Expected by compiler :
                                   <<<      buo, cnvflg, wu2, xlamue, zi
                                   <<< Loop-information  End >>>
             219     2  pp    v              do i = 1, im
             220     3   p    v                if(cnvflg(i)) then
             221     3   p    v                  dz    = zi(i,k) - zi(i,k-1)
             222     3   p    v                  tem  = 0.25*bb1*(xlamue(i,k)+xlamue(i,k-1))*dz
             223     3   p    v                  tem1 = bb2 * buo(i,k) * dz
             224     3   p    v                  ptem = (1. - tem) * wu2(i,k-1)
             225     3   p    v                  ptem1 = 1. + tem
             226     3   p    v                  wu2(i,k) = (ptem + tem1) / ptem1
             227     3   p    v                endif
             228     2   p    v              enddo
             229     1                     enddo
             230                     !
             231                     !  update pbl height as the height where updraft velocity vanishes
             232                     !
             233                     !>  ## Recalculate the PBL height and the parcel's entrainment rate.
             234                     !!  Find the level where the updraft vertical velocity is less than zero and linearly interpolate to find the height where it would be exactly zero. Set the PBL height to this determined height.
                                   <<< Loop-information Start >>>
                                   <<<  [PARALLELIZATION]
                                   <<<    Standard iteration count: 728
                                   <<<  [OPTIMIZATION]
                                   <<<    SIMD(VL: 8)
                                   <<<    SOFTWARE PIPELINING(IPC: 2.25, ITR: 112, MVE: 3, POL: S)
                                   <<<    PREFETCH(HARD) Expected by compiler :
                                   <<<      flg, wu2, cnvflg, rbup
                                   <<< Loop-information  End >>>
             235     1  pp   2v            do i=1,im
             236     1   p   2v               flg(i)  = .true.
             237     2   p   2v               if(cnvflg(i)) then
             238     2   p   2v                 flg(i)  = .false.
             239     2   p   2v                 rbup(i) = wu2(i,1)
             240     2   p   2v               endif
             241     1   p   2v            enddo
                                   <<< Loop-information Start >>>
                                   <<<  [OPTIMIZATION]
                                   <<<    PREFETCH(HARD) Expected by compiler :
                                   <<<      flg, wu2, rbup, rbdn, kpbl
                                   <<< Loop-information  End >>>
             242     1                     do k = 2, kmpbl
                                   <<< Loop-information Start >>>
                                   <<<  [PARALLELIZATION]
                                   <<<    Standard iteration count: 471
                                   <<<  [OPTIMIZATION]
                                   <<<    SIMD(VL: 8)
                                   <<<    SOFTWARE PIPELINING(IPC: 2.28, ITR: 88, MVE: 6, POL: S)
                                   <<<    PREFETCH(HARD) Expected by compiler :
                                   <<<      rbdn, wu2, flg, rbup, kpbl
                                   <<< Loop-information  End >>>
             243     2  pp    v            do i = 1, im
             244     3   p    v              if(.not.flg(i)) then
             245     3   p    v                rbdn(i) = rbup(i)
             246     3   p    v                rbup(i) = wu2(i,k)
             247     3   p    v                kpbl(i) = k
             248     3   p    v                flg(i)  = rbup(i).le.0.
             249     3   p    v              endif
             250     2   p    v            enddo
             251     1                     enddo
                                   <<< Loop-information Start >>>
                                   <<<  [PARALLELIZATION]
                                   <<<    Standard iteration count: 327
                                   <<<  [OPTIMIZATION]
                                   <<<    PREFETCH(HARD) Expected by compiler :
                                   <<<      cnvflg
                                   <<< Loop-information  End >>>
             252     1  pp    s            do i = 1,im
             253     2   p    m              if(cnvflg(i)) then
             254     2   p    s                 k = kpbl(i)
             255     3   p    s                 if(rbdn(i) <= 0.) then
             256     3   p    s                    rbint = 0.
             257     3   p    s                 elseif(rbup(i) >= 0.) then
             258     3   p    s                    rbint = 1.
             259     3   p    s                 else
             260     3   p    s                    rbint = rbdn(i)/(rbdn(i)-rbup(i))
             261     3   p    s                 endif
             262     2   p    s                 hpbl(i) = zi(i,k-1) + rbint*(zi(i,k)-zi(i,k-1))
             263     2   p    v              endif
             264     1   p    v            enddo
             265                     !
             266                     !>  Recalculate the entrainment rate as before except use the updated value of the PBL height.
                                   <<< Loop-information Start >>>
                                   <<<  [PARALLELIZATION]
                                   <<<    Standard iteration count: 341
                                   <<<  [OPTIMIZATION]
                                   <<<    PREFETCH(HARD) Expected by compiler :
                                   <<<      cnvflg
                                   <<< Loop-information  End >>>
             267     1  pp    s            do i=1,im
             268     2   p    m              if(cnvflg(i)) then
             269     2   p    s                k = kpbl(i) / 2
             270     2   p    s                k = max(k, 1)
             271     2   p    s                delz(i) = zl(i,k+1) - zl(i,k)
             272     2   p    s                xlamax(i) = ce0 / delz(i)
             273     2   p    v              endif
             274     1   p    v            enddo
             275                     !
             276                     !  update entrainment rate
             277                     !
             278                     !     do k = 1, kmpbl
             279                     !       do i=1,im
             280                     !         if(cnvflg(i)) then
             281                     !           if(k < kpbl(i)) then
             282                     !             tem = tau * sqrt(wu2(i,k))
             283                     !             tem1 = 1. / tem
             284                     !             ptem = ce0 / zi(i,k)
             285                     !             xlamue(i,k) = max(tem1, ptem)
             286                     !           else
             287                     !             xlamue(i,k) = xlamax(i)
             288                     !           endif
             289                     !         endif
             290                     !       enddo
             291                     !     enddo
             292                     !
                                   <<< Loop-information Start >>>
                                   <<<  [PARALLELIZATION]
                                   <<<    Standard iteration count: 2
                                   <<<  [OPTIMIZATION]
                                   <<<    FUSED(lines: 293,332)
                                   <<<    PREFETCH(HARD) Expected by compiler :
                                   <<<      cnvflg, kpbl, delz, hpbl, zi, zl, wu2
                                   <<<      xlamax, xlamue, xmf
                                   <<< Loop-information  End >>>
             293     1  pp                 do k = 1, kmpbl
                                   <<< Loop-information Start >>>
                                   <<<  [OPTIMIZATION]
                                   <<<    FUSED(lines: 294,333)
                                   <<<    SIMD(VL: 8)
                                   <<<    SOFTWARE PIPELINING(IPC: 0.45, ITR: 40, MVE: 2, POL: L)
                                   <<<    PREFETCH(HARD) Expected by compiler :
                                   <<<      kpbl, xlamue, delz, hpbl, zi, zl, wu2
                                   <<<      xlamax, xmf, cnvflg
                                   <<< Loop-information  End >>>
             294     2   p    v              do i=1,im
             295     3   p    v                if(cnvflg(i)) then
             296     4   p    v                  if(k < kpbl(i)) then
             297     4   p    v                    ptem = 1./(zi(i,k)+delz(i))
             298     4   p    v                    tem = max((hpbl(i)-zi(i,k)+delz(i)) ,delz(i))
             299     4   p    v                    ptem1 = 1./tem
             300     4   p    v                    xlamue(i,k) = ce0 * (ptem+ptem1)
             301     4   p    v                  else
             302     4   p    v                    xlamue(i,k) = xlamax(i)
             303     4   p    v                  endif
             304     3   p    v                endif
             305     2   p    v              enddo
             306     1   p                 enddo
             307                     !
             308                     !  updraft mass flux as a function of sigmaw
             309                     !   (0.3*sigmaw[square root of vertical turbulence variance])
             310                     !
             311                     !>  ## Calculate the mass flux profile and updraft properties.
             312                     !     do k = 1, kmpbl
             313                     !       do i=1,im
             314                     !         if(cnvflg(i) .and. k < kpbl(i)) then
             315                     !           tem = zi(i,k)/hpbl(i)
             316                     !           tem1 = usws3(i) + 0.6*tem
             317                     !           tem2 = max((1.-tem), zfmin)
             318                     !           ptem = (tem1**h1) * sqrt(tem2)
             319                     !           ptem1 = 1.3 * ptem * wstar(i)
             320                     !           xmf(i,k) = c1 * ptem1
             321                     !         endif
             322                     !       enddo
             323                     !     enddo
             324                     !
             325                     !  updraft mass flux as a function of updraft velocity profile
             326                     !
             327                     !>  Calculate the mass flux:
             328                     !!  \f[
             329                     !!  M = a_uw_u
             330                     !!  \f]
             331                     !!  where \f$a_u\f$ is the tunable parameter that represents the fractional area of updrafts (currently set to 0.08). Limit the computed mass flux to be less than \f$\frac{\Delta z}{\Delta t}\f$. This is different than what is done in Siebesma et al. (200
                                   <<< Loop-information Start >>>
                                   <<<  [OPTIMIZATION]
                                   <<<    FUSED
                                   <<< Loop-information  End >>>
             332     1                     do k = 1, kmpbl
                                   <<< Loop-information Start >>>
                                   <<<  [OPTIMIZATION]
                                   <<<    FUSED
                                   <<< Loop-information  End >>>
             333     2                       do i = 1, im
             334     3   p                     if (cnvflg(i) .and. k < kpbl(i)) then
             335     3   p                        xmf(i,k) = a1 * sqrt(wu2(i,k))
             336     3   p                        dz   = zl(i,k+1) - zl(i,k)
             337     3   p                        xmmx = dz / dt2
             338     3   p                        xmf(i,k) = min(xmf(i,k),xmmx)
             339     3   p                     endif
             340     2                       enddo
             341     1                     enddo
             342                     !
             343                     !c!!!!!!!!!!!!!!!!!!!!!!!!!!!!!!!!!!!!!!!!!!!!!!!!!!!!!!!!!
             344                     !  compute updraft property
             345                     !
             346                     !>  The updraft properties are calculated according to the entraining updraft equation
             347                     !!  \f[
             348                     !!  \frac{\partial \phi}{\partial z}=-\epsilon\left(\phi_u - \overline{\phi}\right)
             349                     !!  \f]
             350                     !!  where \f$\phi\f$ is \f$T\f$ or \f$q\f$. The equation is discretized according to
             351                     !!  \f[
             352                     !!  \frac{\phi_{u,k} - \phi_{u,k-1}}{\Delta z}=-\epsilon_{k-1}\left[\frac{1}{2}\left(\phi_{u,k} + \phi_{u,k-1}\right)-\frac{1}{2}\left(\overline{\phi}_k + \overline{\phi}_{k-1}\right)\right]
             353                     !!  \f]
             354                     !!  The exception is for the horizontal momentum components, which have been modified to account for the updraft-induced pressure gradient force, and use the following equation, following Han and Pan (2006) \cite han_and_pan_2006
             355                     !!  \f[
             356                     !!  \frac{\partial v}{\partial z} = -\epsilon\left(v_u - \overline{v}\right)+d_1\frac{\partial \overline{v}}{\partial z}
             357                     !!  \f]
             358                     !!  where \f$d_1=0.55\f$ is a tunable constant.
                                   <<< Loop-information Start >>>
                                   <<<  [OPTIMIZATION]
                                   <<<    PREFETCH(HARD) Expected by compiler :
                                   <<<      cnvflg, kpbl, xlamue, zl, v1, vcko, t1
                                   <<<      u1, tcko, ucko
                                   <<<    PREFETCH(SOFT) : 4
                                   <<<     SEQUENTIAL : 4
                                   <<<      vcko: 4
                                   <<< Loop-information  End >>>
             359     1                     do k = 2, kmpbl
                                   <<< Loop-information Start >>>
                                   <<<  [PARALLELIZATION]
                                   <<<    Standard iteration count: 164
                                   <<<  [OPTIMIZATION]
                                   <<<    SIMD(VL: 8)
                                   <<<    SOFTWARE PIPELINING(IPC: 0.76, ITR: 32, MVE: 2, POL: S)
                                   <<<    PREFETCH(HARD) Expected by compiler :
                                   <<<      u1, xlamue, zl, tcko, ucko, v1, vcko
                                   <<<      cnvflg, t1, kpbl
                                   <<<    PREFETCH(SOFT) : 4
                                   <<<     SEQUENTIAL : 4
                                   <<<      vcko: 4
                                   <<< Loop-information  End >>>
             360     2  pp    v              do i = 1, im
             361     3   p    v                if (cnvflg(i) .and. k <= kpbl(i)) then
             362     3   p    v                   dz   = zl(i,k) - zl(i,k-1)
             363     3   p    v                   tem  = 0.5 * xlamue(i,k-1) * dz
             364     3   p    v                   factor = 1. + tem
             365     3   p    v                   ptem = tem + pgcon
             366     3   p    v                   ptem1= tem - pgcon
             367     3               !
             368     3   p    v                   tcko(i,k) = ((1.-tem)*tcko(i,k-1)+tem* &
             369     3                                         (t1(i,k)+t1(i,k-1))-gocp*dz)/factor
             370     3   p    v                   ucko(i,k) = ((1.-tem)*ucko(i,k-1)+ptem*u1(i,k) &
             371     3                                         +ptem1*u1(i,k-1))/factor
             372     3   p    v                   vcko(i,k) = ((1.-tem)*vcko(i,k-1)+ptem*v1(i,k) &
             373     3                                         +ptem1*v1(i,k-1))/factor
             374     3   p    v                endif
             375     2   p    v              enddo
             376     1                     enddo
                                   <<< Loop-information Start >>>
                                   <<<  [PARALLELIZATION]
                                   <<<    Standard iteration count: 2
                                   <<< Loop-information  End >>>
             377     1  pp                 do n = 1, ntrac
                                   <<< Loop-information Start >>>
                                   <<<  [OPTIMIZATION]
                                   <<<    PREFETCH(HARD) Expected by compiler :
                                   <<<      cnvflg, kpbl, zl, xlamue, q1, qcko
                                   <<< Loop-information  End >>>
             378     2   p                 do k = 2, kmpbl
                                   <<< Loop-information Start >>>
                                   <<<  [OPTIMIZATION]
                                   <<<    SIMD(VL: 8)
                                   <<<    SOFTWARE PIPELINING(IPC: 0.71, ITR: 48, MVE: 3, POL: S)
                                   <<<    PREFETCH(HARD) Expected by compiler :
                                   <<<      kpbl, q1, qcko, zl, xlamue, cnvflg
                                   <<< Loop-information  End >>>
             379     3   p    v              do i = 1, im
             380     4   p    v                if (cnvflg(i) .and. k <= kpbl(i)) then
             381     4   p    v                   dz   = zl(i,k) - zl(i,k-1)
             382     4   p    v                   tem  = 0.5 * xlamue(i,k-1) * dz
             383     4   p    v                   factor = 1. + tem
             384     4               
             385     4   p    v                   qcko(i,k,n) = ((1.-tem)*qcko(i,k-1,n)+tem* &
             386     4                                         (q1(i,k,n)+q1(i,k-1,n)))/factor
             387     4   p    v                endif
             388     3   p    v              enddo
             389     2   p                 enddo
             390     1   p                 enddo
             391                     !
             392                           return
             393                           end
             394                     !> @}

 Procedure information
   Lines      : 394
   Statements : 194
   Stack(byte): 18240
   Prefetch num: 12

 Scoping unit of external sub-program : mfpbl
   Attribute and Cross reference of name
     a1
      |(Class and Type) : named constant, REAL(8)
      |(Attributes)     : 
      |(Declaration)    : 65  90
      |(Definition)     : 
      |(Reference)      : 335
     alp
      |(Class and Type) : named constant, REAL(8)
      |(Attributes)     : 
      |(Declaration)    : 65  89
      |(Definition)     : 
      |(Reference)      : 149
     b1
      |(Class and Type) : named constant, REAL(8)
      |(Attributes)     : 
      |(Declaration)    : 65  90
      |(Definition)     : 
      |(Reference)      : 
     bb1
      |(Class and Type) : variable name, REAL(8)
      |(Attributes)     : 
      |(Declaration)    : 65
      |(Definition)     : 196
      |(Reference)      : 211  222
     bb2
      |(Class and Type) : variable name, REAL(8)
      |(Attributes)     : 
      |(Declaration)    : 65
      |(Definition)     : 198
      |(Reference)      : 212  223
     buo
      |(Class and Type) : variable name, REAL(8)
      |(Attributes)     : DIMENSION
      |(Declaration)    : 79
      |(Definition)     : 151  171
      |(Reference)      : 212  223
     c1
      |(Class and Type) : named constant, REAL(8)
      |(Attributes)     : 
      |(Declaration)    : 65  90
      |(Definition)     : 
      |(Reference)      : 
     ce0
      |(Class and Type) : named constant, REAL(8)
      |(Attributes)     : 
      |(Declaration)    : 65  89
      |(Definition)     : 
      |(Reference)      : 120  130  272  300
     cnvflg
      |(Class and Type) : variable name, LOGICAL(4)
      |(Attributes)     : DIMENSION, dummy-argument
      |(Declaration)    : 38  50
      |(Definition)     : 
      |(Reference)      : 102  108  116  125  142  164  201  220  237  253  268  295  334  361  380
     con_cp
      |(Class and Type) : use name
      |(Attributes)     : 
      |(Declaration)    : 
      |(Definition)     : 
      |(Reference)      : 43
     con_g
      |(Class and Type) : use name
      |(Attributes)     : 
      |(Declaration)    : 
      |(Definition)     : 
      |(Reference)      : 43
     cp
      |(Class and Type) : named constant, REAL(8)
      |(Attributes)     : use-associated
      |(Declaration)    : 
      |(Definition)     : 
      |(Reference)      : 43  87
     d1
      |(Class and Type) : named constant, REAL(8)
      |(Attributes)     : 
      |(Declaration)    : 65  90
      |(Definition)     : 
      |(Reference)      : 
     delt
      |(Class and Type) : variable name, REAL(8)
      |(Attributes)     : dummy-argument
      |(Declaration)    : 38  51
      |(Definition)     : 
      |(Reference)      : 98
     delz
      |(Class and Type) : variable name, REAL(8)
      |(Attributes)     : DIMENSION
      |(Declaration)    : 76
      |(Definition)     : 119  271
      |(Reference)      : 120  127  128  128  272  297  298  298
     dt2
      |(Class and Type) : variable name, REAL(8)
      |(Attributes)     : 
      |(Declaration)    : 65
      |(Definition)     : 98
      |(Reference)      : 337
     dz
      |(Class and Type) : variable name, REAL(8)
      |(Attributes)     : 
      |(Declaration)    : 65
      |(Definition)     : 165  210  221  336  362  381
      |(Reference)      : 166  211  212  222  223  337  363  368  382
     f1
      |(Class and Type) : named constant, REAL(8)
      |(Attributes)     : 
      |(Declaration)    : 65  90
      |(Definition)     : 
      |(Reference)      : 
     factor
      |(Class and Type) : variable name, REAL(8)
      |(Attributes)     : 
      |(Declaration)    : 65
      |(Definition)     : 364  383
      |(Reference)      : 368  370  372  385
     flg
      |(Class and Type) : variable name, LOGICAL(4)
      |(Attributes)     : DIMENSION
      |(Declaration)    : 83
      |(Definition)     : 236  238  248
      |(Reference)      : 244
     g
      |(Class and Type) : named constant, REAL(8)
      |(Attributes)     : 
      |(Declaration)    : 65  86
      |(Definition)     : 
      |(Reference)      : 87  151  171
     gocp
      |(Class and Type) : named constant, REAL(8)
      |(Attributes)     : 
      |(Declaration)    : 65  87
      |(Definition)     : 
      |(Reference)      : 368
     grav
      |(Class and Type) : named constant, REAL(8)
      |(Attributes)     : use-associated
      |(Declaration)    : 
      |(Definition)     : 
      |(Reference)      : 43  86
     h1
      |(Class and Type) : named constant, REAL(8)
      |(Attributes)     : 
      |(Declaration)    : 65  91
      |(Definition)     : 
      |(Reference)      : 147
     hpbl
      |(Class and Type) : variable name, REAL(8)
      |(Attributes)     : DIMENSION, dummy-argument
      |(Declaration)    : 38  52
      |(Definition)     : 262
      |(Reference)      : 128  143  298
     i
      |(Class and Type) : variable name, INTEGER(4)
      |(Attributes)     : 
      |(Declaration)    : 63
      |(Definition)     : 101  107  115  124  141  163  200  219  235  243  252  267  294  333  360  379
      |(Reference)      : 102  108  109  109  116  117  119  119  119  120  120  125  126  127  127  128  128  128  128  130  132  132  142  143  143  144  144  144  145  148  148  149  149  150  150  151  151  151  164  165  165  166  169  169  170  170  171  171  171  201  210  211  212  214  220  221  221  222  222  223  224  226  236  237  238  239  239  244  245  245  246  246  247  248  248  253  254  255  257  260  260  260  262  262  262  262  268  269  271  271  271  272  272  295  296  297  297  298  298  298  298  300  302  302  334  334  335  335  336  336  338  338  361  361  362  362  363  368  368  368  368  370  370  370  370  372  372  372  372  380  380  381  381  382  385  385  385  385
     im
      |(Class and Type) : variable name, INTEGER(4)
      |(Attributes)     : dummy-argument
      |(Declaration)    : 38  47
      |(Definition)     : 
      |(Reference)      : 49  50  52  52  52  52  52  52  52  52  52  52  52  52  76  76  76  76  76  76  79  79  79  79  79  83  101  107  115  124  141  163  200  219  235  243  252  267  294  333  360  379
     ix
      |(Class and Type) : variable name, INTEGER(4)
      |(Attributes)     : dummy-argument
      |(Declaration)    : 38  47
      |(Definition)     : 
      |(Reference)      : 52  52  52  52
     j
      |(Class and Type) : variable name, INTEGER(4)
      |(Attributes)     : 
      |(Declaration)    : 63
      |(Definition)     : 
      |(Reference)      : 
     k
      |(Class and Type) : variable name, INTEGER(4)
      |(Attributes)     : 
      |(Declaration)    : 63
      |(Definition)     : 106  117  118  123  162  218  242  254  269  270  293  332  359  378
      |(Reference)      : 109  109  118  119  119  126  127  128  130  132  165  165  166  169  169  170  170  171  171  171  221  221  222  222  223  224  226  246  247  262  262  262  270  271  271  296  297  298  300  302  334  335  335  336  336  338  338  361  362  362  363  368  368  368  368  370  370  370  370  372  372  372  372  380  381  381  382  385  385  385  385
     kind_phys
      |(Class and Type) : named constant, INTEGER(4)
      |(Attributes)     : use-associated
      |(Declaration)    : 
      |(Definition)     : 
      |(Reference)      : 42  51  52  65  76  79
     km
      |(Class and Type) : variable name, INTEGER(4)
      |(Attributes)     : dummy-argument
      |(Declaration)    : 38  47
      |(Definition)     : 
      |(Reference)      : 52  52  52  52  52  52  52  52  52  52  52  52  79  79  79  79  79  97  106
     kmpbl
      |(Class and Type) : variable name, INTEGER(4)
      |(Attributes)     : 
      |(Declaration)    : 63
      |(Definition)     : 97
      |(Reference)      : 123  162  218  242  293  332  359  378
     kpbl
      |(Class and Type) : variable name, INTEGER(4)
      |(Attributes)     : DIMENSION, dummy-argument
      |(Declaration)    : 38  49
      |(Definition)     : 247
      |(Reference)      : 117  126  254  269  296  334  361  380
     machine
      |(Class and Type) : module name
      |(Attributes)     : 
      |(Declaration)    : 
      |(Definition)     : 
      |(Reference)      : 42
     max
      |(Class and Type) : intrinsic function name, REAL(8)
      |(Attributes)     : PURE, ELEMENTAL
      |(Declaration)    : 
      |(Definition)     : 
      |(Reference)      : 118  128  146  270  298
     mfpbl
      |(Class and Type) : external subroutine name
      |(Attributes)     : 
      |(Declaration)    : 
      |(Definition)     : 38
      |(Reference)      : 
     min
      |(Class and Type) : intrinsic function name, REAL(8)
      |(Attributes)     : PURE, ELEMENTAL
      |(Declaration)    : 
      |(Definition)     : 
      |(Reference)      : 338
     n
      |(Class and Type) : variable name, INTEGER(4)
      |(Attributes)     : 
      |(Declaration)    : 63
      |(Definition)     : 377
      |(Reference)      : 385  385  385  385
     ntrac
      |(Class and Type) : variable name, INTEGER(4)
      |(Attributes)     : dummy-argument
      |(Declaration)    : 38  47
      |(Definition)     : 
      |(Reference)      : 52  52  377
     pgcon
      |(Class and Type) : named constant, REAL(8)
      |(Attributes)     : 
      |(Declaration)    : 65  89
      |(Definition)     : 
      |(Reference)      : 365  366
     physcons
      |(Class and Type) : module name
      |(Attributes)     : 
      |(Declaration)    : 
      |(Definition)     : 
      |(Reference)      : 43
     ptem
      |(Class and Type) : variable name, REAL(8)
      |(Attributes)     : 
      |(Declaration)    : 65
      |(Definition)     : 127  147  167  224  297  365
      |(Reference)      : 130  148  168  169  226  300  370  372
     ptem1
      |(Class and Type) : variable name, REAL(8)
      |(Attributes)     : 
      |(Declaration)    : 65
      |(Definition)     : 129  149  168  213  225  299  366
      |(Reference)      : 130  150  170  214  226  300  370  372
     ptem2
      |(Class and Type) : variable name, REAL(8)
      |(Attributes)     : 
      |(Declaration)    : 65
      |(Definition)     : 
      |(Reference)      : 
     q1
      |(Class and Type) : variable name, REAL(8)
      |(Attributes)     : DIMENSION, dummy-argument
      |(Declaration)    : 38  52
      |(Definition)     : 
      |(Reference)      : 385  385
     qcko
      |(Class and Type) : variable name, REAL(8)
      |(Attributes)     : DIMENSION, dummy-argument
      |(Declaration)    : 38  52
      |(Definition)     : 385
      |(Reference)      : 385
     qmin
      |(Class and Type) : named constant, REAL(8)
      |(Attributes)     : 
      |(Declaration)    : 65  89
      |(Definition)     : 
      |(Reference)      : 
     rbdn
      |(Class and Type) : variable name, REAL(8)
      |(Attributes)     : DIMENSION
      |(Declaration)    : 76
      |(Definition)     : 245
      |(Reference)      : 255  260  260
     rbint
      |(Class and Type) : variable name, REAL(8)
      |(Attributes)     : 
      |(Declaration)    : 65
      |(Definition)     : 256  258  260
      |(Reference)      : 262
     rbup
      |(Class and Type) : variable name, REAL(8)
      |(Attributes)     : DIMENSION
      |(Declaration)    : 76
      |(Definition)     : 239  246
      |(Reference)      : 245  248  257  260
     sflx
      |(Class and Type) : variable name, REAL(8)
      |(Attributes)     : DIMENSION, dummy-argument
      |(Declaration)    : 38  52
      |(Definition)     : 
      |(Reference)      : 149
     sigw1
      |(Class and Type) : variable name, REAL(8)
      |(Attributes)     : DIMENSION
      |(Declaration)    : 76
      |(Definition)     : 148
      |(Reference)      : 149
     sqrt
      |(Class and Type) : intrinsic function name, REAL(8)
      |(Attributes)     : PURE, ELEMENTAL
      |(Declaration)    : 
      |(Definition)     : 
      |(Reference)      : 147  335
     t1
      |(Class and Type) : variable name, REAL(8)
      |(Attributes)     : DIMENSION, dummy-argument
      |(Declaration)    : 38  52
      |(Definition)     : 
      |(Reference)      : 368  368
     tau
      |(Class and Type) : named constant, REAL(8)
      |(Attributes)     : 
      |(Declaration)    : 65  90
      |(Definition)     : 
      |(Reference)      : 
     tcko
      |(Class and Type) : variable name, REAL(8)
      |(Attributes)     : DIMENSION, dummy-argument
      |(Declaration)    : 38  52
      |(Definition)     : 368
      |(Reference)      : 368
     tem
      |(Class and Type) : variable name, REAL(8)
      |(Attributes)     : 
      |(Declaration)    : 65
      |(Definition)     : 128  143  166  211  222  298  363  382
      |(Reference)      : 129  145  146  167  168  169  213  224  225  299  364  365  366  368  368  370  372  383  385  385
     tem1
      |(Class and Type) : variable name, REAL(8)
      |(Attributes)     : 
      |(Declaration)    : 65
      |(Definition)     : 145  169  212  223
      |(Reference)      : 147  170  214  226
     tem2
      |(Class and Type) : variable name, REAL(8)
      |(Attributes)     : 
      |(Declaration)    : 65
      |(Definition)     : 146
      |(Reference)      : 147
     thvu
      |(Class and Type) : variable name, REAL(8)
      |(Attributes)     : DIMENSION
      |(Declaration)    : 79
      |(Definition)     : 150  170
      |(Reference)      : 151  170  171
     thvx
      |(Class and Type) : variable name, REAL(8)
      |(Attributes)     : DIMENSION, dummy-argument
      |(Declaration)    : 38  52
      |(Definition)     : 
      |(Reference)      : 150  151  169  169  171
     totflg
      |(Class and Type) : variable name, LOGICAL(4)
      |(Attributes)     : 
      |(Declaration)    : 83
      |(Definition)     : 100  102
      |(Reference)      : 102  104
     u1
      |(Class and Type) : variable name, REAL(8)
      |(Attributes)     : DIMENSION, dummy-argument
      |(Declaration)    : 38  52
      |(Definition)     : 
      |(Reference)      : 370  370
     ucko
      |(Class and Type) : variable name, REAL(8)
      |(Attributes)     : DIMENSION, dummy-argument
      |(Declaration)    : 38  52
      |(Definition)     : 370
      |(Reference)      : 370
     ustar
      |(Class and Type) : variable name, REAL(8)
      |(Attributes)     : DIMENSION, dummy-argument
      |(Declaration)    : 38  52
      |(Definition)     : 
      |(Reference)      : 144
     usws3
      |(Class and Type) : variable name, REAL(8)
      |(Attributes)     : DIMENSION
      |(Declaration)    : 76
      |(Definition)     : 144
      |(Reference)      : 145
     v1
      |(Class and Type) : variable name, REAL(8)
      |(Attributes)     : DIMENSION, dummy-argument
      |(Declaration)    : 38  52
      |(Definition)     : 
      |(Reference)      : 372  372
     vcko
      |(Class and Type) : variable name, REAL(8)
      |(Attributes)     : DIMENSION, dummy-argument
      |(Declaration)    : 38  52
      |(Definition)     : 372
      |(Reference)      : 372
     wstar
      |(Class and Type) : variable name, REAL(8)
      |(Attributes)     : DIMENSION, dummy-argument
      |(Declaration)    : 38  52
      |(Definition)     : 
      |(Reference)      : 144  148
     wu2
      |(Class and Type) : variable name, REAL(8)
      |(Attributes)     : DIMENSION
      |(Declaration)    : 79
      |(Definition)     : 214  226
      |(Reference)      : 224  239  246  335
     xlamax
      |(Class and Type) : variable name, REAL(8)
      |(Attributes)     : DIMENSION
      |(Declaration)    : 76
      |(Definition)     : 120  272
      |(Reference)      : 132  302
     xlamue
      |(Class and Type) : variable name, REAL(8)
      |(Attributes)     : DIMENSION
      |(Declaration)    : 79
      |(Definition)     : 130  132  300  302
      |(Reference)      : 166  211  222  222  363  382
     xmf
      |(Class and Type) : variable name, REAL(8)
      |(Attributes)     : DIMENSION, dummy-argument
      |(Declaration)    : 38  52
      |(Definition)     : 335  338
      |(Reference)      : 338
     xmmx
      |(Class and Type) : variable name, REAL(8)
      |(Attributes)     : 
      |(Declaration)    : 65
      |(Definition)     : 337
      |(Reference)      : 338
     zfmin
      |(Class and Type) : named constant, REAL(8)
      |(Attributes)     : 
      |(Declaration)    : 65  91
      |(Definition)     : 
      |(Reference)      : 146
     zi
      |(Class and Type) : variable name, REAL(8)
      |(Attributes)     : DIMENSION
      |(Declaration)    : 79
      |(Definition)     : 109
      |(Reference)      : 127  128  210  221  221  262  262  262  297  298
     zl
      |(Class and Type) : variable name, REAL(8)
      |(Attributes)     : DIMENSION, dummy-argument
      |(Declaration)    : 38  52
      |(Definition)     : 
      |(Reference)      : 119  119  143  165  165  271  271  336  336  362  362  381  381
     zm
      |(Class and Type) : variable name, REAL(8)
      |(Attributes)     : DIMENSION, dummy-argument
      |(Declaration)    : 38  52
      |(Definition)     : 
      |(Reference)      : 109

 Total information
   Procedures       : 1
   Total lines      : 394
   Total statements : 194
   Total stack(byte): 18240
   Total prefetch num: 12

