
 Fujitsu Fortran Version 4.6.1  Tue Dec 19 11:04:22 2023

 Compilation information
   Current directory : /IFS/nwpr/gfs/xb169/code_update/tco639l72_sp/src
   Source file       : tranrs1.f90

 Option information
   Command line options : -Kident_mpi -f2004 -c -X9 -Free -CcdRR8 -Cpp -Kfast,parallel,openmp,ocl,autoobjstack -x- -fw -Knofp_relaxed -SSL2BLAMP -Kopenmp,parallel -DTIMING -DUSE_FFTW -DW3TAG -DGFDLMP_v2 -DSP -Ec -Nlst=a,lst=d,lst=i,lst=p,lst=t,lst=x -Koptmsg=2 -I. -I/users/xa09/pkg/fx1000/fftw-3.3.10/include -I/package/fx1000/netcdf-4.7.4/include -I/package/fx1000/g2lib-1.4.0_cwb/include -I/nwpr/gfs/xb157/CWBSUMc2/4cpl/components/coupler -I/nwpr/gfs/xb124/package/fx1000/MCT/include -DTIMCOMCPL -L/package/fx1000/netcdf-4.7.4/lib -lnetcdff -lnetcdf -L/package/fx1000/hdf5-1.10.7/lib -lhdf5_hl -lhdf5 -L/package/fx1000/dms/lib -lrdms -lgdbm -L/package/fx1000/operlib/lib -lnwp -L/users/xa09/pkg/fx1000/fftw-3.3.10/lib -lfftw3f_threads -lfftw3f -lfftw3_threads -lfftw3 -SSL2BLAMP -L/nwpr/gfs/xb124/CWBSUMc2/components/rsm/lib/cwb_mpmd -lmpmd -L/package/fx1000/g2lib-1.4.0_cwb/lib -lg2 -L/package/fx1000/libpng-1.6.37/lib -lpng -L/package/fx1000/jasper-1.900.1/lib -ljasper -L/nwpr/gfs/xb157/CWBSUMc2/4cpl/components/coupler -lcpl -L/nwpr/gfs/xb124/package/fx1000/MCT/lib -lmct -lmpeu -I/opt/FJSVxtclanga/.common/MELI025/include/mpi/fujitsu -I/opt/FJSVxtclanga/.common/MELI025/lib64 -Knointentopt
   Cpp options          : -DTIMING -DUSE_FFTW -DW3TAG -DGFDLMP_v2 -DSP -I. -I/users/xa09/pkg/fx1000/fftw-3.3.10/include -I/package/fx1000/netcdf-4.7.4/include -I/package/fx1000/g2lib-1.4.0_cwb/include -I/nwpr/gfs/xb157/CWBSUMc2/4cpl/components/coupler -I/nwpr/gfs/xb124/package/fx1000/MCT/include -DTIMCOMCPL -I/opt/FJSVxtclanga/.common/MELI025/include/mpi/fujitsu -I/opt/FJSVxtclanga/.common/MELI025/lib64 -Dunix -Dlinux -D__FUJITSU -D__FRT_major__=4 -D__FRT_minor__=6 -D__FRT_patchlevel__=1 -D__FRT_version__="4.6.1" -D__aarch64__ -D__unix -D_OPENMP=201511 -D__frt_version=800 -D__ARM_ARCH=8 -D__ARM_FEATURE_SVE -D__ELF__ -D__unix__ -D__linux__ -D__linux -Asystem(unix) -otmp
   Effective options    : -fw -g0 -AE -Ec -Free -O3 -X9
                          -CcdRR8 -x- -xaccept=nomodule_allocatable
                          -KA64FX -KARMV8_3_A -KSVE -Kalign_commons
                          -Kalign_loops -Knoarray_declaration_opt
                          -Kassume=noshortloop -Kassume=nomemory_bandwidth
                          -Kassume=notime_saving_compilation -Kauto
                          -Kautoobjstack -Knocalleralloc -Kcmodel=small
                          -Keval -Keval_noconcurrent -Knoextract_stride_store
                          -Knofenv_access -Kfp_contract -Knofp_relaxed
                          -Kfsimple -Kfz -Khpctag -Kilfunc=procedure
                          -Knointentopt -Klargepage -Kloop_blocking
                          -Kloop_fission -Kloop_nofission_stripmining
                          -Kloop_fission_threshold=50 -Kloop_fusion
                          -Kloop_interchange -Kloop_part_parallel
                          -Kloop_part_simd -Kloop_perfect_nest
                          -Kloop_noversioning -Knolto -Kmfunc=1 -Kocl
                          -Komitfp -Knooptlib_string -Koptmsg=2
                          -Knopc_relative_literal_loads -Kplt -Knopreex
                          -Kprefetch_noconditional -Kprefetch_noindirect
                          -Kprefetch_sequential=auto -Kprefetch_nostride
                          -Kprefetch_cache_level=all -Kprefetch_noinfer
                          -Kprefetch_strong -Kprefetch_strong_L2 -Knopreload
                          -Ksch_post_ra -Ksch_pre_ra -Ksibling_calls
                          -Ksimd=auto -Ksimd_packed_promotion
                          -Ksimd_reduction_product -Ksimd_reg_size=512
                          -Ksimd_nouncounted_loop
                          -Ksimd_use_multiple_structures -Knostriping
                          -Knosubscript_opt -Kswp -Kswp_freg_rate=100
                          -Kswp_ireg_rate=100 -Kswp_preg_rate=100
                          -Kswp_policy=auto -Ktemparraystack -Kunroll
                          -Knounroll_and_jam -Knozfill
                          -Kopenmp -Kopenmp_noassume_norecurrence
                          -Kopenmp_nocollapse_except_innermost
                          -Kopenmp_noordered_reduction -Knoopenmp_simd
                          -Kthreadsafe -Kparallel -Kparallel_nofp_precision
                          -Knoarray_private -Knodynamic_iteration -Kreduction
                          -Kregion_extension
                          -Nallextput -Nnoalloc_assign
                          -Ncancel_overtime_compilation -Nnocheck_global
                          -Nnocoarray -Nnocompdisp -Nnocopyarg -Nnocoverage
                          -Nfjprof -Nfreealloc -Nf90move -Nnohook_func
                          -Nnohook_time -Nlibomp -Nline -Nlst -Nlst=a -Nlst=d
                          -Nlst=i -Nlst=p -Nlst=t -Nlst=x -Nnomallocfree
                          -Nnoobsfun -Nnoprivatealloc -Nquickdbg=noargchk
                          -Nquickdbg=nosubchk -Nquickdbg=noundef -NRnotrap
                          -Nnorecursive -Nnoreordered_variable_stack
                          -Nrt_notune -Nnosave -Nsetvalue=noheap
                          -Nsetvalue=nostack -Nsetvalue=noscalar
                          -Nsetvalue=noarray -Nsetvalue=nostruct -Nuse_rodata

 External subroutine subprogram "tranrs1"
  (inc)(line-no.)(nest)(optimize)
               1                           subroutine tranrs1(jtrun,jtmax,nx,my,my_max,poly,w,r,s,nsize)
               2                     !
               3                     !  subroutine to transform a scalar grid point field to spectral
               4                     !  coefficients
               5                     !
               6                     ! *** input ***
               7                     !
               8                     !  jtrun: zonal wavenumber truncation limit
               9                     !  jtmax: maximum amount of zonal waves located in each pe
              10                     !  nx: e-w dimension no.
              11                     !  my: n-s dimension no.
              12                     !  my_max: maximum amount of n-s grids located in each pe
              13                     !  poly: legendre polynomials
              14                     !  w: gaussian quadrature weights
              15                     !  r: 3-dim input grid pt. field to be transformed
              16                     !
              17                     ! *** output ***
              18                     !
              19                     !  s: spectral coefficient fields
              20                     !
              21                     !  **********************************
              22                     !
              23                           use const, only : RTYPE
              24                           use index
              25                           use paramt
              26                           use fftcom
              27                     !
              28                           implicit none
              29                     
              30                           integer jtrun,jtmax,nx,my,my_max,nsize
              31                           integer mlx,myhalf,jj,j,nxj,i,jtrunj,m,mm,mp,mlst,mf
              32                           integer l,i1,i2,i3,j1,j2
              33                     
              34                           real(kind=RTYPE)    poly(jtrun,my/2,jtmax),w(my)
              35                           real(kind=RTYPE)    r(nx,my_max)
              36                           real(kind=RTYPE)    s(jtrun,jtmax,2)
              37                     !
              38                     !      real(kind=RTYPE)    gwk1(nx+2,1,6,my_max)
              39                           real(kind=RTYPE)    gwk1(nx+2,my_max)
              40                     !
              41                           real(kind=RTYPE)    wcc_fk(jtmax,my_max*nsize,2)
              42                           real(kind=RTYPE)    twcc_fk(jtmax*nsize,my_max,2)
              43                           real(kind=RTYPE)    wss(jtrun,2)
              44                           real(kind=RTYPE)    cc(nx+2,my_max)
              45                     !
              46                           real(kind=RTYPE)    wccSUM(my,2)
              47                           real(kind=RTYPE)    wccDIF(my,2)
              48                           real(kind=RTYPE)    fj_polyw(my/2,jtrun)
              49                           logical wfirst
              50                           data wfirst/.true./
              51                           save wfirst
              52                     
              53                     !CWBinit
                                   <<< Loop-information Start >>>
                                   <<<  [PARALLELIZATION]
                                   <<<    Standard iteration count: 1778
                                   <<<  [OPTIMIZATION]
                                   <<<    COLLAPSED
                                   <<<    SIMD(VL: 16)
                                   <<<    PREFETCH(HARD) Expected by compiler :
                                   <<<      twcc_fk
                                   <<< Loop-information  End >>>
              54        pp   4v            twcc_fk=0.
              55                     
              56                     !CWB2014
                                   <<< Loop-information Start >>>
                                   <<<  [PARALLELIZATION]
                                   <<<    Standard iteration count: 1778
                                   <<<  [OPTIMIZATION]
                                   <<<    COLLAPSED
                                   <<<    SIMD(VL: 16)
                                   <<<    PREFETCH(HARD) Expected by compiler :
                                   <<<      gwk1
                                   <<< Loop-information  End >>>
              57        pp   4v            gwk1=0.
              58                     
              59                     
              60                     !     mlx= (jtrun/2)*((jtrun+1)/2)
              61                           myhalf=my/2
              62                     !
              63                     !  put grid point fields into two dimensional horizontal array
              64                     !
              65                     !*** r1 start ***
                                   <<< Loop-information Start >>>
                                   <<<  [PARALLELIZATION]
                                   <<<    Standard iteration count: 4
                                   <<<  [OPTIMIZATION]
                                   <<<    PREFETCH(HARD) Expected by compiler :
                                   <<<      r, cc
                                   <<< Loop-information  End >>>
              66     1  pp                 do 23 jj =1, jlistnum
              67     1   p                 j=jlist1(jj)
              68     1   p                 nxj=nxdef(j)
              69     1               !ocl repeat(im)
                                   <<< Loop-information Start >>>
                                   <<<  [OPTIMIZATION]
                                   <<<    SIMD(VL: 16)
                                   <<<    SOFTWARE PIPELINING(IPC: 3.00, ITR: 288, MVE: 5, POL: S)
                                   <<<    PREFETCH(HARD) Expected by compiler :
                                   <<<      r, cc
                                   <<< Loop-information  End >>>
              70     2   p   2v            do 23 i=1,nxj
              71     2   p   2v            cc(i,jj)= r(i,jj)
              72     1   p   2v         23 continue
              73                     !
              74                     !  fft for each guassian latitude of 2-d field
              75                     !
              76     1                     if( lreduce.eq.0 ) then
              77     1               #ifdef SP
              78     1                     call rfftmlt_sp(cc,gwk1,trigs,ifax,1,nx+2,nx,jlistnum,-1)
              79     1               #else
              80     1                     call rfftmlt(cc,gwk1,trigs,ifax,1,nx+2,nx,jlistnum,-1)
              81     1               #endif
              82     1                     else
              83     1               !$omp  parallel do default(none)                         &
              84     1               !$omp  private(jj,j,nxj,gwk1)                            &
              85     1               !$omp  shared(jlistnum,jlist1,nxdef,cc,trigsj,ifaxj,nx)  &
              86     1               !$omp  schedule(dynamic)
                                   <<< Loop-information Start >>>
                                   <<<  [OPTIMIZATION]
                                   <<<    SPILLS :
                                   <<<      GENERAL   : SPILL 0  FILL 1
                                   <<<      SIMD&FP   : SPILL 0  FILL 0
                                   <<<      SCALABLE  : SPILL 0  FILL 0
                                   <<<      PREDICATE : SPILL 0  FILL 0
                                   <<< Loop-information  End >>>
              87     2   p                 do jj=1,jlistnum
              88     2   p                   j= jlist1(jj)
              89     2   p                   nxj=nxdef(j)
              90     2               #ifdef SP
              91     2   p                   call rfftmlt_sp(cc(1,jj),gwk1(1,jj),trigsj(1,j),ifaxj(1,j), &
              92     2               #else
              93     2                       call rfftmlt(cc(1,jj),gwk1(1,jj),trigsj(1,j),ifaxj(1,j), &
              94     2               #endif
              95     2                                    1,nx+2,nxj,1,-1)
              96     2   p                 enddo
              97     1               !$omp end parallel do
              98     1                     endif
              99                     !
                                   <<< Loop-information Start >>>
                                   <<<  [PARALLELIZATION]
                                   <<<    Standard iteration count: 2
                                   <<<  [OPTIMIZATION]
                                   <<<    PREFETCH(HARD) Expected by compiler :
                                   <<<      nlist, cc
                                   <<< Loop-information  End >>>
             100     1  pp                 do j =1, jlistnum
             101     1   p                    jj = jlist1(j)
             102     1   p                    jtrunj = mtrundef(jj)
             103     1               !ocl repeat(jtr)
                                   <<< Loop-information Start >>>
                                   <<<  [OPTIMIZATION]
                                   <<<    SIMD(VL: 16)
                                   <<<    SOFTWARE PIPELINING(IPC: 2.08, ITR: 160, MVE: 3, POL: S)
                                   <<<    PREFETCH(HARD) Expected by compiler :
                                   <<<      cc, nlist
                                   <<< Loop-information  End >>>
             104     2   p   2v            do m=1,jtrunj
             105     2   p   2v               mm= 2*m-1
             106     2   p   2v               mp= mm+1
             107     2   p   2v               mlst=nlist(m)
             108     2   p   2v               twcc_fk(mlst,j,1)=cc(mm,j)
             109     2   p   2v               twcc_fk(mlst,j,2)=cc(mp,j)
             110     2   p   2v            enddo
             111     1   p                 enddo
             112                     
             113                     !ch    call mpe_transpose_rs1(twcc_fk,wcc_fk,jtmax,my_max,2,nsize,col_comm)
             114                            call mpe_transpose_rs1_sp(twcc_fk,wcc_fk,jtmax,my_max,2,nsize,col_comm)
             115                     
             116                     
             117                     !*** r1  end  ***
             118                     !ibm---beg
             119                     
                                   <<< Loop-information Start >>>
                                   <<<  [OPTIMIZATION]
                                   <<<    PREFETCH(HARD) Expected by compiler :
                                   <<<      wss, s
                                   <<< Loop-information  End >>>
             120     1                     do m=1,mlistnum
             121     1                        mf=mlist(m)
             122     1               
                                   <<< Loop-information Start >>>
                                   <<<  [PARALLELIZATION]
                                   <<<    Standard iteration count: 1455
                                   <<<  [OPTIMIZATION]
                                   <<<    SIMD(VL: 16)
                                   <<<    PREFETCH(HARD) Expected by compiler :
                                   <<<      wss
                                   <<< Loop-information  End >>>
             123     2  pp   2v            do L=mf,jtrun
             124     2   p   2v              wss(L,1) = 0.
             125     2   p   2v              wss(L,2) = 0.
             126     2   p   2v            enddo
             127     1               
                                   <<< Loop-information Start >>>
                                   <<<  [PARALLELIZATION]
                                   <<<    Standard iteration count: 3
                                   <<<  [OPTIMIZATION]
                                   <<<    PREFETCH(HARD) Expected by compiler :
                                   <<<      poly
                                   <<< Loop-information  End >>>
             128     2  pp                 do j = 1, myhalf
                                   <<< Loop-information Start >>>
                                   <<<  [OPTIMIZATION]
                                   <<<    SIMD(VL: 16)
                                   <<<    SOFTWARE PIPELINING(IPC: 3.00, ITR: 224, MVE: 3, POL: S)
                                   <<<    PREFETCH(HARD) Expected by compiler :
                                   <<<      poly
                                   <<< Loop-information  End >>>
             129     3   p   2v               do L = mf, jtrun
             130     3   p   2v                  fj_polyw(j,L) = poly(L,j,m)*w(j)
             131     3   p   2v               end do
             132     2   p                 end do
             133     1               
             134     1                     i1=(jtrun-mf+1)/4
             135     1                     i2=(jtrun-mf+1-i1*4)/2
             136     1                     i3= jtrun-mf+1-i1*4-i2*2
             137     1               
                                   <<< Loop-information Start >>>
                                   <<<  [PARALLELIZATION]
                                   <<<    Standard iteration count: 272
                                   <<<  [OPTIMIZATION]
                                   <<<    PREFETCH(HARD) Expected by compiler :
                                   <<<      jlist2, mtrundef
                                   <<< Loop-information  End >>>
             138     2  pp    s            do j=1,myhalf
             139     2   p    v            j1=jlist2(j)
             140     2   p    v            j2=jlist2(my-j+1)
             141     3   p    m            if( mf.le.mtrundef(j) ) then
             142     3   p    s             wccSUM(j,1)=wcc_fk(m,j1,1)+wcc_fk(m,j2,1)
             143     3   p    s             wccDIF(j,1)=wcc_fk(m,j1,1)-wcc_fk(m,j2,1)
             144     3   p    s             wccSUM(j,2)=wcc_fk(m,j1,2)+wcc_fk(m,j2,2)
             145     3   p    s             wccDIF(j,2)=wcc_fk(m,j1,2)-wcc_fk(m,j2,2)
             146     3   p    v            endif
             147     2   p    v            enddo
             148     1               
                                   <<< Loop-information Start >>>
                                   <<<  [PARALLELIZATION]
                                   <<<    Standard iteration count: 2
                                   <<< Loop-information  End >>>
             149     2  pp                 do i=1,i1
             150     2   p                 L=mf+(i-1)*4
                                   <<< Loop-information Start >>>
                                   <<<  [OPTIMIZATION]
                                   <<<    PREFETCH(HARD) Expected by compiler :
                                   <<<      mtrundef
                                   <<<    SPILLS :
                                   <<<      GENERAL   : SPILL 1  FILL 2
                                   <<<      SIMD&FP   : SPILL 0  FILL 0
                                   <<<      SCALABLE  : SPILL 0  FILL 0
                                   <<<      PREDICATE : SPILL 0  FILL 0
                                   <<< Loop-information  End >>>
             151     3   p    s            do j=1,myhalf
             152     3   p    v            jj=my-j+1
             153     4   p    m             if( mf.le.mtrundef(j) ) then
             154     4               
             155     4   p    s              wss(L  ,1)=wss(L  ,1)+fj_polyw(j,L)*wccSUM(j,1)
             156     4   p    s              wss(L+1,1)=wss(L+1,1)+fj_polyw(j,L+1)*wccDIF(j,1)
             157     4   p    s              wss(L+2,1)=wss(L+2,1)+fj_polyw(j,L+2)*wccSUM(j,1)
             158     4   p    s              wss(L+3,1)=wss(L+3,1)+fj_polyw(j,L+3)*wccDIF(j,1)
             159     4   p    s              wss(L  ,2)=wss(L  ,2)+fj_polyw(j,L)*wccSUM(j,2)
             160     4   p    s              wss(L+1,2)=wss(L+1,2)+fj_polyw(j,L+1)*wccDIF(j,2)
             161     4   p    s              wss(L+2,2)=wss(L+2,2)+fj_polyw(j,L+2)*wccSUM(j,2)
             162     4   p    s              wss(L+3,2)=wss(L+3,2)+fj_polyw(j,L+3)*wccDIF(j,2)
             163     4   p    v              endif
             164     3   p    v            enddo
             165     2   p                 enddo
             166     1               
                                   <<< Loop-information Start >>>
                                   <<<  [PARALLELIZATION]
                                   <<<    Standard iteration count: 2
                                   <<< Loop-information  End >>>
             167     2  pp                 do i=1,i2
             168     2   p                 L=mf+i1*4+(i-1)*2
                                   <<< Loop-information Start >>>
                                   <<<  [OPTIMIZATION]
                                   <<<    PREFETCH(HARD) Expected by compiler :
                                   <<<      mtrundef
                                   <<< Loop-information  End >>>
             169     3   p    s            do j=1,myhalf
             170     3   p    v            jj=my-j+1
             171     4   p    m             if( mf.le.mtrundef(j) ) then
             172     4   p    s              wss(L  ,1)=wss(L  ,1)+fj_polyw(j,L)*wccSUM(j,1)
             173     4   p    s              wss(L+1,1)=wss(L+1,1)+fj_polyw(j,L+1)*wccDIF(j,1)
             174     4   p    s              wss(L  ,2)=wss(L  ,2)+fj_polyw(j,L)*wccSUM(j,2)
             175     4   p    s              wss(L+1,2)=wss(L+1,2)+fj_polyw(j,L+1)*wccDIF(j,2)
             176     4   p    v              endif
             177     3   p    v            enddo
             178     2   p                 enddo
             179     1               
             180     2                     do i=1,i3
             181     2                     L=jtrun
                                   <<< Loop-information Start >>>
                                   <<<  [PARALLELIZATION]
                                   <<<    Standard iteration count: 391
                                   <<<  [OPTIMIZATION]
                                   <<<    SIMD(VL: 16)
                                   <<< Loop-information  End >>>
             182     3  pp    v            do j=1,myhalf
             183     3   p    v            jj=my-j+1
             184     4   p    v             if( mf.le.mtrundef(j) ) then
             185     4   p    v              wss(L  ,1)=wss(L  ,1)+fj_polyw(j,L)*wccSUM(j,1)
             186     4   p    v              wss(L  ,2)=wss(L  ,2)+fj_polyw(j,L)*wccSUM(j,2)
             187     4   p    v              endif
             188     3   p    v            enddo
             189     2                     enddo
             190     1               
                                   <<< Loop-information Start >>>
                                   <<<  [PARALLELIZATION]
                                   <<<    Standard iteration count: 843
                                   <<<  [OPTIMIZATION]
                                   <<<    SIMD(VL: 16)
                                   <<<    SOFTWARE PIPELINING(IPC: 2.50, ITR: 160, MVE: 3, POL: S)
                                   <<<    PREFETCH(HARD) Expected by compiler :
                                   <<<      wss, s
                                   <<< Loop-information  End >>>
             191     2  pp   2v            do L=mf,jtrun
             192     2   p   2v              s(L,m,1)=wss(L,1)
             193     2   p   2v              s(L,m,2)=wss(L,2)
             194     2   p   2v            enddo
             195     1               
             196     1                     enddo
             197                     
             198                           return
             199                           end

 Procedure information
   Lines      : 199
   Statements : 124
   Stack(byte): 30400
   Prefetch num: 0

 Scoping unit of external sub-program : tranrs1
   Attribute and Cross reference of name
     cc
      |(Class and Type) : variable name, REAL(4)
      |(Attributes)     : DIMENSION
      |(Declaration)    : 44
      |(Definition)     : 71  78  91
      |(Reference)      : 83  108  109
     col_comm
      |(Class and Type) : variable name, INTEGER(4)
      |(Attributes)     : common-block-object, use-associated
      |(Declaration)    : 
      |(Definition)     : 114
      |(Reference)      : 
     const
      |(Class and Type) : module name
      |(Attributes)     : 
      |(Declaration)    : 
      |(Definition)     : 
      |(Reference)      : 23
     fftcom
      |(Class and Type) : module name
      |(Attributes)     : 
      |(Declaration)    : 
      |(Definition)     : 
      |(Reference)      : 26
     fj_polyw
      |(Class and Type) : variable name, REAL(4)
      |(Attributes)     : DIMENSION
      |(Declaration)    : 48
      |(Definition)     : 130
      |(Reference)      : 155  156  157  158  159  160  161  162  172  173  174  175  185  186
     gwk1
      |(Class and Type) : variable name, REAL(4)
      |(Attributes)     : DIMENSION
      |(Declaration)    : 39
      |(Definition)     : 57  78  91
      |(Reference)      : 83
     i
      |(Class and Type) : variable name, INTEGER(4)
      |(Attributes)     : 
      |(Declaration)    : 31
      |(Definition)     : 70  149  167  180
      |(Reference)      : 71  71  150  168
     i1
      |(Class and Type) : variable name, INTEGER(4)
      |(Attributes)     : 
      |(Declaration)    : 32
      |(Definition)     : 134
      |(Reference)      : 135  136  149  168
     i2
      |(Class and Type) : variable name, INTEGER(4)
      |(Attributes)     : 
      |(Declaration)    : 32
      |(Definition)     : 135
      |(Reference)      : 136  167
     i3
      |(Class and Type) : variable name, INTEGER(4)
      |(Attributes)     : 
      |(Declaration)    : 32
      |(Definition)     : 136
      |(Reference)      : 180
     ifax
      |(Class and Type) : variable name, INTEGER(4)
      |(Attributes)     : DIMENSION, common-block-object, use-associated
      |(Declaration)    : 
      |(Definition)     : 78
      |(Reference)      : 
     ifaxj
      |(Class and Type) : variable name, INTEGER(4)
      |(Attributes)     : DIMENSION, common-block-object, use-associated
      |(Declaration)    : 
      |(Definition)     : 91
      |(Reference)      : 83
     index
      |(Class and Type) : module name
      |(Attributes)     : 
      |(Declaration)    : 
      |(Definition)     : 
      |(Reference)      : 24
     j
      |(Class and Type) : variable name, INTEGER(4)
      |(Attributes)     : 
      |(Declaration)    : 31
      |(Definition)     : 67  88  100  128  138  151  169  182
      |(Reference)      : 68  83  89  91  91  101  108  108  109  109  130  130  130  139  140  141  142  143  144  145  152  153  155  155  156  156  157  157  158  158  159  159  160  160  161  161  162  162  170  171  172  172  173  173  174  174  175  175  183  184  185  185  186  186
     j1
      |(Class and Type) : variable name, INTEGER(4)
      |(Attributes)     : 
      |(Declaration)    : 32
      |(Definition)     : 139
      |(Reference)      : 142  143  144  145
     j2
      |(Class and Type) : variable name, INTEGER(4)
      |(Attributes)     : 
      |(Declaration)    : 32
      |(Definition)     : 140
      |(Reference)      : 142  143  144  145
     jj
      |(Class and Type) : variable name, INTEGER(4)
      |(Attributes)     : 
      |(Declaration)    : 31
      |(Definition)     : 66  87  101  152  170  183
      |(Reference)      : 67  71  71  83  88  91  91  102
     jlist1
      |(Class and Type) : variable name, INTEGER(4)
      |(Attributes)     : ALLOCATABLE, DIMENSION, SAVE, use-associated
      |(Declaration)    : 
      |(Definition)     : 
      |(Reference)      : 67  83  88  101
     jlist2
      |(Class and Type) : variable name, INTEGER(4)
      |(Attributes)     : ALLOCATABLE, DIMENSION, SAVE, use-associated
      |(Declaration)    : 
      |(Definition)     : 
      |(Reference)      : 139  140
     jlistnum
      |(Class and Type) : variable name, INTEGER(4)
      |(Attributes)     : common-block-object, use-associated
      |(Declaration)    : 
      |(Definition)     : 78
      |(Reference)      : 66  83  87  100
     jtmax
      |(Class and Type) : variable name, INTEGER(4)
      |(Attributes)     : dummy-argument
      |(Declaration)    : 1  30
      |(Definition)     : 114
      |(Reference)      : 34  36  41  42
     jtrun
      |(Class and Type) : variable name, INTEGER(4)
      |(Attributes)     : dummy-argument
      |(Declaration)    : 1  30
      |(Definition)     : 
      |(Reference)      : 34  36  43  48  123  129  134  135  136  181  191
     jtrunj
      |(Class and Type) : variable name, INTEGER(4)
      |(Attributes)     : 
      |(Declaration)    : 31
      |(Definition)     : 102
      |(Reference)      : 104
     l
      |(Class and Type) : variable name, INTEGER(4)
      |(Attributes)     : 
      |(Declaration)    : 32
      |(Definition)     : 123  129  150  168  181  191
      |(Reference)      : 124  125  130  130  155  155  155  156  156  156  157  157  157  158  158  158  159  159  159  160  160  160  161  161  161  162  162  162  172  172  172  173  173  173  174  174  174  175  175  175  185  185  185  186  186  186  192  192  193  193
     lreduce
      |(Class and Type) : variable name, INTEGER(4)
      |(Attributes)     : common-block-object, use-associated
      |(Declaration)    : 
      |(Definition)     : 
      |(Reference)      : 76
     m
      |(Class and Type) : variable name, INTEGER(4)
      |(Attributes)     : 
      |(Declaration)    : 31
      |(Definition)     : 104  120
      |(Reference)      : 105  107  121  130  142  142  143  143  144  144  145  145  192  193
     mf
      |(Class and Type) : variable name, INTEGER(4)
      |(Attributes)     : 
      |(Declaration)    : 31
      |(Definition)     : 121
      |(Reference)      : 123  129  134  135  136  141  150  153  168  171  184  191
     mlist
      |(Class and Type) : variable name, INTEGER(4)
      |(Attributes)     : ALLOCATABLE, DIMENSION, SAVE, use-associated
      |(Declaration)    : 
      |(Definition)     : 
      |(Reference)      : 121
     mlistnum
      |(Class and Type) : variable name, INTEGER(4)
      |(Attributes)     : common-block-object, use-associated
      |(Declaration)    : 
      |(Definition)     : 
      |(Reference)      : 120
     mlst
      |(Class and Type) : variable name, INTEGER(4)
      |(Attributes)     : 
      |(Declaration)    : 31
      |(Definition)     : 107
      |(Reference)      : 108  109
     mlx
      |(Class and Type) : variable name, INTEGER(4)
      |(Attributes)     : 
      |(Declaration)    : 31
      |(Definition)     : 
      |(Reference)      : 
     mm
      |(Class and Type) : variable name, INTEGER(4)
      |(Attributes)     : 
      |(Declaration)    : 31
      |(Definition)     : 105
      |(Reference)      : 106  108
     mp
      |(Class and Type) : variable name, INTEGER(4)
      |(Attributes)     : 
      |(Declaration)    : 31
      |(Definition)     : 106
      |(Reference)      : 109
     mpe_transpose_rs1_sp
      |(Class and Type) : external subroutine name
      |(Attributes)     : 
      |(Declaration)    : 
      |(Definition)     : 
      |(Reference)      : 114
     mtrundef
      |(Class and Type) : variable name, INTEGER(4)
      |(Attributes)     : ALLOCATABLE, DIMENSION, SAVE, use-associated
      |(Declaration)    : 
      |(Definition)     : 
      |(Reference)      : 102  141  153  171  184
     my
      |(Class and Type) : variable name, INTEGER(4)
      |(Attributes)     : dummy-argument
      |(Declaration)    : 1  30
      |(Definition)     : 
      |(Reference)      : 34  34  46  47  48  61  140  152  170  183
     my_max
      |(Class and Type) : variable name, INTEGER(4)
      |(Attributes)     : dummy-argument
      |(Declaration)    : 1  30
      |(Definition)     : 114
      |(Reference)      : 35  39  41  42  44
     myhalf
      |(Class and Type) : variable name, INTEGER(4)
      |(Attributes)     : 
      |(Declaration)    : 31
      |(Definition)     : 61
      |(Reference)      : 128  138  151  169  182
     nlist
      |(Class and Type) : variable name, INTEGER(4)
      |(Attributes)     : ALLOCATABLE, DIMENSION, SAVE, use-associated
      |(Declaration)    : 
      |(Definition)     : 
      |(Reference)      : 107
     nsize
      |(Class and Type) : variable name, INTEGER(4)
      |(Attributes)     : dummy-argument
      |(Declaration)    : 1  30
      |(Definition)     : 114
      |(Reference)      : 41  42
     nx
      |(Class and Type) : variable name, INTEGER(4)
      |(Attributes)     : dummy-argument
      |(Declaration)    : 1  30
      |(Definition)     : 78
      |(Reference)      : 35  39  44  78  83  91
     nxdef
      |(Class and Type) : variable name, INTEGER(4)
      |(Attributes)     : ALLOCATABLE, DIMENSION, SAVE, use-associated
      |(Declaration)    : 
      |(Definition)     : 
      |(Reference)      : 68  83  89
     nxj
      |(Class and Type) : variable name, INTEGER(4)
      |(Attributes)     : 
      |(Declaration)    : 31
      |(Definition)     : 68  89  91
      |(Reference)      : 70  83
     paramt
      |(Class and Type) : module name
      |(Attributes)     : 
      |(Declaration)    : 
      |(Definition)     : 
      |(Reference)      : 25
     poly
      |(Class and Type) : variable name, REAL(4)
      |(Attributes)     : DIMENSION, dummy-argument
      |(Declaration)    : 1  34
      |(Definition)     : 
      |(Reference)      : 130
     RTYPE
      |(Class and Type) : named constant, INTEGER(4)
      |(Attributes)     : use-associated
      |(Declaration)    : 
      |(Definition)     : 
      |(Reference)      : 23  34  35  36  39  41  42  43  44  46  47  48
     r
      |(Class and Type) : variable name, REAL(4)
      |(Attributes)     : DIMENSION, dummy-argument
      |(Declaration)    : 1  35
      |(Definition)     : 
      |(Reference)      : 71
     rfftmlt_sp
      |(Class and Type) : external subroutine name
      |(Attributes)     : 
      |(Declaration)    : 
      |(Definition)     : 
      |(Reference)      : 78  91
     s
      |(Class and Type) : variable name, REAL(4)
      |(Attributes)     : DIMENSION, dummy-argument
      |(Declaration)    : 1  36
      |(Definition)     : 192  193
      |(Reference)      : 
     tranrs1
      |(Class and Type) : external subroutine name
      |(Attributes)     : 
      |(Declaration)    : 
      |(Definition)     : 1
      |(Reference)      : 
     trigs
      |(Class and Type) : variable name, REAL(8)
      |(Attributes)     : DIMENSION, common-block-object, use-associated
      |(Declaration)    : 
      |(Definition)     : 78
      |(Reference)      : 
     trigsj
      |(Class and Type) : variable name, REAL(8)
      |(Attributes)     : DIMENSION, common-block-object, use-associated
      |(Declaration)    : 
      |(Definition)     : 91
      |(Reference)      : 83
     twcc_fk
      |(Class and Type) : variable name, REAL(4)
      |(Attributes)     : DIMENSION
      |(Declaration)    : 42
      |(Definition)     : 54  108  109  114
      |(Reference)      : 
     w
      |(Class and Type) : variable name, REAL(4)
      |(Attributes)     : DIMENSION, dummy-argument
      |(Declaration)    : 1  34
      |(Definition)     : 
      |(Reference)      : 130
     wccDIF
      |(Class and Type) : variable name, REAL(4)
      |(Attributes)     : DIMENSION
      |(Declaration)    : 47
      |(Definition)     : 143  145
      |(Reference)      : 156  158  160  162  173  175
     wccSUM
      |(Class and Type) : variable name, REAL(4)
      |(Attributes)     : DIMENSION
      |(Declaration)    : 46
      |(Definition)     : 142  144
      |(Reference)      : 155  157  159  161  172  174  185  186
     wcc_fk
      |(Class and Type) : variable name, REAL(4)
      |(Attributes)     : DIMENSION
      |(Declaration)    : 41
      |(Definition)     : 114
      |(Reference)      : 142  142  143  143  144  144  145  145
     wfirst
      |(Class and Type) : variable name, LOGICAL(4)
      |(Attributes)     : SAVE, initialized
      |(Declaration)    : 49  50  51
      |(Definition)     : 
      |(Reference)      : 
     wss
      |(Class and Type) : variable name, REAL(4)
      |(Attributes)     : DIMENSION
      |(Declaration)    : 43
      |(Definition)     : 124  125  155  156  157  158  159  160  161  162  172  173  174  175  185  186
      |(Reference)      : 155  156  157  158  159  160  161  162  172  173  174  175  185  186  192  193
   Cross reference of label
     (Label) (label-kind)               (line-no.)
     ------- ------------- ------------ ----------
         23  execution     (Definition) 72  
                           (Reference)  66  70

 Total information
   Procedures       : 1
   Total lines      : 199
   Total statements : 124
   Total stack(byte): 30400
   Total prefetch num: 0

